4.9182	59.3	103.2
4.98973	59.14	103.2
5.06231	58.95	103.2
5.13594	58.73	103.2
5.21065	58.5	103.2
5.28644	58.26	103.3
5.36333	58.03	103.3
5.44134	57.81	103.4
5.52049	57.61	103.5
5.60078	57.45	103.7
5.68225	57.31	104
5.7649	57.22	104.4
5.84875	57.18	104.9
5.93382	57.18	105.7
6.02013	57.23	106.8
6.1077	57.32	108.1
6.19654	57.44	109.8
6.28667	57.59	111.6
6.37811	57.76	113.7
6.47088	57.95	115.9
6.565	58.16	118.1
6.66049	58.37	120.2
6.75737	58.58	122.3
6.85566	58.8	124.1
6.95538	59.01	125.6
7.05655	59.22	126.7
7.15919	59.43	127.4
7.26332	59.64	127.5
7.36897	59.85	126.9
7.47615	60.07	125.6
7.58489	60.28	123.7
7.69522	60.49	121
7.80715	60.7	117.6
7.92071	60.9	113.7
8.03592	61.07	109.2
8.1528	61.23	104.3
8.27139	61.36	99
8.3917	61.45	93.4
8.51376	61.5	87.6
8.63759	61.51	81.6
8.76323	61.46	75.5
8.89069	61.33	69.1
9.02001	61.13	62.5
9.15121	60.83	55.5
9.28432	60.44	48.3
9.41936	59.95	40.6
9.55637	59.37	32.6
9.69537	58.69	24.2
9.83639	57.93	15.3
9.97946	57.1	6
10.12462	56.23	-3.9
10.27188	55.36	-14.4
10.42129	54.49	-25.6
10.57287	53.65	-37.4
10.72666	52.82	-49.7
10.88268	52.02	-62.1
11.04098	51.3	-74.3
11.20157	50.7	-85.7
11.3645	50.32	-96.1
11.5298	50.24	-105.1
11.69751	50.5	-112.7
11.86765	51.09	-119
12.04027	51.92	-124.2
12.2154	52.85	-128.6
12.39308	53.81	-132.5
12.57334	54.73	-136.1
12.75622	55.59	-139.7
12.94176	56.38	-143.4
13.13001	57.11	-147.5
13.32099	57.79	-152
13.51474	58.43	-157
13.71132	59	-162.5
13.91076	59.5	-168.4
14.11309	59.92	-174.7
14.31837	60.24	179
14.52664	60.47	172.6
14.73793	60.61	166.2
14.9523	60.7	159.9
15.16979	60.72	153.6
15.39044	60.7	147.4
15.6143	60.63	141.1
15.84141	60.5	134.7
16.07183	60.29	128.3
16.3056	59.98	121.9
16.54277	59.53	115.8
16.78339	58.95	110.6
17.02751	58.23	107.1
17.27518	57.43	105.9
17.52646	56.6	108.1
17.78138	55.81	114.1
18.04002	55.06	123.7
18.30242	54.38	135.4
18.56863	53.75	147.3
18.83872	53.2	157
19.11274	52.72	163.4
19.39074	52.33	166.3
19.67278	52.05	166.9
19.95893	51.92	166.5
20.24924	51.97	166.8
20.54377	52.22	169
20.84259	52.67	173.9
21.14575	53.27	-178.7
21.45332	53.95	-169.3
21.76537	54.64	-158.9
22.08195	55.32	-148.5
22.40314	55.96	-139.4
22.729	56.59	-132.3
23.0596	57.22	-128.3
23.39501	57.86	-128.6
23.7353	58.54	-132.4
24.08054	59.25	-135.6
24.4308	59.93	-136.9
24.78615	60.57	-137.5
25.14667	61.21	-137.9
25.51244	61.87	-138.2
25.88353	62.48	-138.5
26.26001	63.05	-138.9
26.64197	63.59	-139.4
27.02949	64.08	-139.9
27.42264	64.55	-140.3
27.82151	65.03	-140.7
28.22619	65.49	-141.5
28.63675	65.93	-142.5
29.05328	66.37	-143.8
29.47587	66.8	-145.4
29.9046	67.21	-146.9
30.33958	67.61	-148.4
30.78088	67.99	-149.8
31.22859	68.35	-151.1
31.68282	68.68	-152.3
32.14366	69.02	-153.7
32.6112	69.35	-154.9
33.08554	69.68	-156.1
33.56678	70.02	-157.2
34.05502	70.36	-158.1
34.55036	70.71	-159.1
35.05291	71.07	-160
35.56277	71.43	-160.9
36.08004	71.79	-161.8
36.60484	72.15	-162.5
37.13727	72.52	-163.3
37.67744	72.9	-164
38.22547	73.29	-164.7
38.78147	73.69	-165.4
39.34556	74.08	-166.2
39.91786	74.47	-166.9
40.49848	74.86	-167.6
41.08754	75.25	-168.3
41.68517	75.66	-169.2
42.2915	76.08	-170.2
42.90664	76.5	-171.2
43.53073	76.92	-172.3
44.1639	77.34	-173.5
44.80628	77.76	-174.8
45.458	78.17	-176.2
46.1192	78.58	-177.6
46.79002	79	-179
47.4706	79.43	179.4
48.16108	79.86	177.6
48.86159	80.28	175.6
49.5723	80.68	173.4
50.29335	81.05	170.9
51.02488	81.38	168.3
51.76706	81.66	165.4
52.52003	81.89	162.4
53.28395	82.07	159.4
54.05898	82.2	156.5
54.84529	82.3	153.8
55.64303	82.37	151.1
56.45238	82.42	148.4
57.27349	82.45	145.9
58.10656	82.47	143.4
58.95174	82.46	141.1
59.80921	82.44	138.9
60.67915	82.4	137.1
61.56175	82.34	135.6
62.45719	82.28	134.3
63.36565	82.22	133.3
64.28732	82.17	132.6
65.2224	82.15	132.1
66.17109	82.15	131.8
67.13357	82.2	131.8
68.11005	82.29	131.9
69.10073	82.44	132.1
70.10582	82.65	132.3
71.12554	82.91	132.5
72.16008	83.21	132.5
73.20967	83.53	132.3
74.27453	83.83	131.8
75.35488	84.12	131.1
76.45094	84.39	130.1
77.56295	84.61	129
78.69113	84.79	127.9
79.83571	84.94	126.8
80.99695	85.09	125.8
82.17508	85.22	124.7
83.37034	85.36	123.6
84.58299	85.49	122.4
85.81328	85.61	121.2
87.06146	85.72	120
88.3278	85.82	118.8
89.61256	85.91	117.6
90.916	85.99	116.5
92.23841	86.07	115.6
93.58005	86.15	114.9
94.9412	86.23	114.3
96.32215	86.32	113.8
97.72319	86.43	113.5
99.14461	86.56	113.3
100.5867	86.72	113.2
102.04976	86.92	113.1
103.53411	87.16	113
105.04005	87.42	112.9
106.56789	87.71	112.7
108.11796	88	112.5
109.69057	88.31	112.2
111.28606	88.64	111.8
112.90475	89	111.3
114.54699	89.38	110.6
116.21311	89.76	109.8
117.90347	90.1	108.7
119.61842	90.39	107.3
121.35831	90.63	105.7
123.1235	90.85	104
124.91438	91.07	102.3
126.7313	91.3	100.5
128.57465	91.5	98.5
130.44481	91.69	96.3
132.34217	91.83	94
134.26713	91.95	91.8
136.22009	92.04	89.6
138.20146	92.11	87.6
140.21165	92.16	85.7
142.25107	92.21	84
144.32016	92.29	82.4
146.41935	92.39	80.7
148.54906	92.5	78.9
150.70976	92.59	76.9
152.90188	92.65	74.7
155.12589	92.68	72.4
157.38225	92.69	70.2
159.67143	92.68	68.1
161.9939	92.65	66.1
164.35016	92.62	64.1
166.74069	92.58	62.1
169.16599	92.52	60
171.62656	92.43	57.9
174.12293	92.3	56
176.6556	92.14	54.4
179.22512	91.94	53.4
181.83201	91.73	52.8
184.47682	91.55	52.5
187.16009	91.38	52.5
189.8824	91.24	52.6
192.6443	91.13	53
195.44638	91.09	53.4
198.28921	91.1	53.7
201.1734	91.12	53.8
204.09953	91.14	53.7
207.06823	91.14	53.6
210.0801	91.13	53.5
213.13579	91.14	53.6
216.23592	91.16	53.9
219.38114	91.2	54.5
222.57212	91.3	55.4
225.8095	91.45	56.6
229.09398	91.67	57.9
232.42622	91.94	58.8
235.80694	92.23	59.4
239.23683	92.5	59.8
242.71661	92.74	59.9
246.24701	92.94	60
249.82875	93.12	60
253.4626	93.28	59.9
257.14929	93.42	59.7
260.88962	93.55	59.2
264.68434	93.67	58.5
268.53427	93.79	57.4
272.44019	93.89	55.7
276.40292	93.98	53.7
280.42329	94.05	51.6
284.50214	94.09	49.3
288.64032	94.08	47.2
292.83869	94.04	45.2
297.09813	93.99	43.3
301.41952	93.94	41.6
305.80377	93.88	39.9
310.25179	93.8	38.3
314.7645	93.7	36.9
319.34286	93.58	35.8
323.98781	93.45	35
328.70032	93.3	34.6
333.48138	93.14	34.5
338.33197	92.98	34.8
343.25313	92.81	35.3
348.24586	92.66	36
353.31121	92.56	36.9
358.45024	92.49	37.9
363.66402	92.47	38.8
368.95363	92.48	39.9
374.32019	92.54	40.9
379.7648	92.67	41.9
385.28861	92.83	42.5
390.89276	93	42.8
396.57842	93.16	42.7
402.34679	93.33	42.3
408.19906	93.48	41.6
414.13645	93.62	40.7
420.1602	93.74	39.7
426.27158	93.87	38.7
432.47184	93.98	37.5
438.76229	94.08	36.2
445.14423	94.15	34.8
451.619	94.19	33.3
458.18795	94.19	32
464.85245	94.15	31
471.61388	94.09	30.5
478.47367	94.03	30.5
485.43323	94	30.8
492.49401	94	31.2
499.6575	94.04	31.7
506.92519	94.11	32.1
514.29859	94.19	32.3
521.77923	94.24	32.4
529.36869	94.27	32.6
537.06853	94.3	33
544.88037	94.35	33.5
552.80584	94.44	34
560.84659	94.56	34.3
569.00429	94.68	34.1
577.28065	94.77	33.5
585.67739	94.84	32.7
594.19626	94.88	32.1
602.83904	94.9	31.5
611.60754	94.92	31.1
620.50358	94.92	30.7
629.52901	94.93	30.6
638.68572	94.98	30.6
647.97562	95.06	30.4
657.40064	95.14	30.1
666.96275	95.21	29.7
676.66395	95.28	29.3
686.50625	95.35	29
696.49171	95.42	28.6
706.62242	95.5	28
716.90048	95.59	27.3
727.32804	95.66	26.4
737.90727	95.71	25.3
748.64037	95.74	24.4
759.5296	95.76	23.5
770.57721	95.78	22.8
781.78552	95.79	22.2
793.15685	95.8	21.5
804.69358	95.82	20.9
816.39812	95.84	20.3
828.2729	95.85	19.8
840.32041	95.86	19.3
852.54315	95.86	18.9
864.94368	95.87	18.6
877.52457	95.88	18.2
890.28846	95.89	17.9
903.238	95.9	17.7
916.3759	95.92	17.4
929.7049	95.94	16.9
943.22777	95.95	16.4
956.94733	95.95	15.8
970.86645	95.95	15.3
984.98803	95.93	14.7
999.31501	95.91	14.1
1013.8504	95.89	13.6
1028.5972	95.85	13.2
1043.5585	95.82	13
1058.7374	95.81	12.8
1074.1371	95.81	12.6
1089.7607	95.83	12.4
1105.6117	95.84	12
1121.6932	95.83	11.5
1138.0086	95.83	11
1154.5613	95.81	10.6
1171.3548	95.81	10.4
1188.3925	95.82	10.2
1205.6781	95.86	10.1
1223.2151	95.91	9.9
1241.0072	95.97	9.5
1259.058	96.02	9
1277.3714	96.06	8.3
1295.9512	96.07	7.5
1314.8013	96.08	6.8
1333.9255	96.09	6.1
1353.3279	96.11	5.4
1373.0125	96.12	4.6
1392.9834	96.13	3.7
1413.2448	96.13	2.8
1433.801	96.11	1.9
1454.6561	96.07	1
1475.8145	96.02	0.1
1497.2807	95.97	-0.6
1519.0592	95.91	-1.3
1541.1544	95.86	-1.9
1563.571	95.82	-2.5
1586.3137	95.79	-3.2
1609.3872	95.76	-3.9
1632.7962	95.73	-4.6
1656.5458	95.69	-5.3
1680.6408	95.64	-6.1
1705.0863	95.58	-6.9
1729.8874	95.51	-7.7
1755.0491	95.43	-8.4
1780.5769	95.34	-9.1
1806.476	95.24	-9.7
1832.7518	95.12	-10.3
1859.4098	94.99	-10.8
1886.4555	94.87	-11.1
1913.8947	94.74	-11.4
1941.7329	94.6	-11.6
1969.9761	94.46	-11.7
1998.63	94.31	-11.7
2027.7008	94.18	-11.7
2057.1943	94.06	-11.6
2087.1169	93.96	-11.6
2117.4747	93.87	-11.5
2148.2741	93.8	-11.5
2179.5215	93.73	-11.5
2211.2234	93.67	-11.6
2243.3863	93.62	-11.8
2276.0171	93.56	-12
2309.1226	93.49	-12.4
2342.7095	93.42	-12.7
2376.785	93.34	-13.1
2411.3562	93.25	-13.6
2446.4302	93.14	-14
2482.0143	93.02	-14.3
2518.116	92.89	-14.6
2554.7429	92.75	-14.8
2591.9025	92.6	-15
2629.6026	92.44	-15.1
2667.851	92.26	-15.1
2706.6558	92.09	-15.1
2746.025	91.91	-15
2785.9669	91.72	-14.8
2826.4897	91.53	-14.5
2867.6019	91.34	-14.2
2909.3121	91.15	-13.8
2951.6291	90.96	-13.3
2994.5615	90.77	-12.7
3038.1184	90.58	-12.1
3082.3088	90.4	-11.4
3127.1421	90.24	-10.7
3172.6274	90.09	-10
3218.7743	89.94	-9.4
3265.5925	89.81	-8.7
3313.0916	89.69	-8
3361.2816	89.59	-7.3
3410.1726	89.49	-6.7
3459.7747	89.41	-6
3510.0983	89.33	-5.3
3561.1538	89.26	-4.6
3612.952	89.2	-4
3665.5036	89.15	-3.5
3718.8196	89.09	-3
3772.9111	89.03	-2.5
3827.7893	88.96	-2.1
3883.4658	88.87	-1.7
3939.9521	88.77	-1.2
3997.26	88.66	-0.6
4055.4015	88.55	0.1
4114.3887	88.43	0.9
4174.2339	88.32	1.7
4234.9495	88.21	2.6
4296.5482	88.1	3.6
4359.043	88	4.5
4422.4467	87.9	5.4
4486.7727	87.8	6.4
4552.0343	87.71	7.3
4618.2452	87.63	8.2
4685.4191	87.56	9.1
4753.5701	87.5	10
4822.7123	87.45	10.8
4892.8603	87.4	11.5
4964.0286	87.35	12.1
5036.2321	87.28	12.5
5109.4857	87.19	12.9
5183.8049	87.07	13.4
5259.2051	86.93	13.9
5335.702	86.76	14.6
5413.3116	86.56	15.5
5492.05	86.35	16.8
5571.9337	86.13	18.4
5652.9794	85.9	20.3
5735.2038	85.68	22.7
5818.6243	85.48	25.5
5903.2581	85.32	28.6
5989.123	85.22	32
6076.2368	85.19	35.7
6164.6177	85.26	39.5
6254.2841	85.44	43.4
6345.2548	85.72	47.3
6437.5486	86.09	51
6531.1849	86.53	54.5
6626.1832	87.01	57.7
6722.5633	87.52	60.5
6820.3452	88.04	62.8
6919.5494	88.55	64.7
7020.1966	89.05	65.9
7122.3077	89.51	66.7
7225.904	89.93	67
7331.0072	90.32	66.8
7437.6392	90.66	66.4
7545.8221	90.97	65.6
7655.5786	91.24	64.7
7766.9316	91.48	63.6
7879.9042	91.7	62.4
7994.5201	91.89	61.1
8110.803	92.05	59.8
8228.7774	92.19	58.5
8348.4677	92.3	57.3
8469.899	92.38	56.2
8593.0965	92.46	55.2
8718.086	92.52	54.4
8844.8934	92.58	53.7
8973.5454	92.65	53.2
9104.0686	92.73	52.7
9236.4903	92.82	52.4
9370.8382	92.93	52.1
9507.1402	93.04	51.8
9645.4247	93.18	51.5
9785.7206	93.33	51.3
9928.0572	93.51	51
10072.464	93.71	50.6
10218.971	93.92	50.1
10367.61	94.14	49.4
10518.41	94.35	48.5
10671.404	94.57	47.4
10826.623	94.77	46.1
10984.1	94.96	44.6
11143.867	95.13	42.9
11305.959	95.29	41
11470.408	95.43	38.9
11637.249	95.56	36.7
11806.516	95.67	34.2
11978.246	95.77	31.6
12152.474	95.84	28.7
12329.235	95.88	25.7
12508.568	95.89	22.5
12690.51	95.87	19.1
12875.097	95.8	15.6
13062.37	95.69	12.1
13252.366	95.55	8.6
13445.127	95.36	5.2
13640.69	95.15	1.9
13839.099	94.9	-1.3
14040.393	94.61	-4.4
14244.615	94.28	-7.5
14451.808	93.9	-10.3
14662.014	93.47	-12.9
14875.278	92.99	-15.1
15091.644	92.46	-17.1
15311.157	91.91	-18.6
15533.863	91.32	-19.8
15759.808	90.73	-20.6
15989.04	90.13	-21
16221.606	89.53	-21
16457.555	88.94	-20.7
16696.935	88.36	-20
16939.798	87.79	-19.2
17186.193	87.27	-18.2
17436.172	86.8	-17.2
17689.787	86.42	-16.5
17947.091	86.1	-16.1
18208.137	85.84	-16.1
18472.981	85.64	-16.5
18741.676	85.47	-17.2
19014.28	85.33	-18.4
19290.849	85.21	-20
19571.441	85.11	-22
19856.114	85	-24.5
20144.928	84.89	-27.7
20437.943	84.75	-31.4
20735.22	84.57	-35.7
21036.82	84.34	-40.7
21342.808	84.05	-46.2
21653.246	83.71	-52.4
21968.2	83.34	-59.6
22287.735	82.96	-68.4
22611.917	82.59	-79.7
22940.815	82.24	-94.5
23274.497	81.9	-114.4
23613.033	81.57	-141.6
23956.492	81.21	-178.6
24304.947	80.83	130.6
24658.471	80.44	60.3
25017.137	80.04	-37.6
25381.019	79.64	-174.6
25750.195	79.25	-7.1
26124.74	78.87	81.8
26504.733	78.48	59.2
26890.253	78.06	-121.3
27281.381	77.6	-165.3
27678.198	77.09	-165.6
28080.786	76.54	112.8
28489.231	75.98	143.1
28903.616	75.49	50.6
29324.029	75.11	-142.1
29750.557	74.87	161.7
30183.289	74.78	-86
30622.315	74.78	-62.6
31067.726	74.81	-175.5
31519.617	74.8	-97.1
31978.08	74.74	111.6
32443.212	74.64	177.9
32915.11	74.51	121.4
33393.871	74.36	168.1
33879.596	74.19	-30.5
34372.386	73.98	-0.1
34872.344	73.73	85.9
35379.574	73.41	105.5
35894.182	72.99	-27.6
36416.274	72.44	-13.8
36945.961	71.75	104.4
37483.353	70.95	-62.7
38028.561	70.16	-175.5
38581.699	69.5	112.3
39142.882	69.06	71.8
39712.229	68.91	58.2
