4.9182	61.37	-50.7
4.98973	61.03	-49.6
5.06231	60.59	-48.3
5.13594	60.06	-46.8
5.21065	59.44	-45.3
5.28644	58.74	-43.8
5.36333	57.96	-42.4
5.44134	57.09	-41
5.52049	56.15	-39.9
5.60078	55.16	-39
5.68225	54.15	-38.3
5.7649	53.18	-37.9
5.84875	52.35	-37.8
5.93382	51.73	-38.1
6.02013	51.37	-38.7
6.1077	51.25	-39.5
6.19654	51.35	-40.7
6.28667	51.6	-42.1
6.37811	51.93	-43.7
6.47088	52.31	-45.3
6.565	52.69	-47
6.66049	53.06	-48.6
6.75737	53.39	-50.1
6.85566	53.68	-51.4
6.95538	53.92	-52.3
7.05655	54.11	-52.8
7.15919	54.25	-52.8
7.26332	54.34	-52
7.36897	54.37	-50.5
7.47615	54.37	-47.9
7.58489	54.32	-44.4
7.69522	54.24	-39.9
7.80715	54.13	-34.7
7.92071	54.01	-29
8.03592	53.89	-23
8.1528	53.78	-17.2
8.27139	53.69	-11.7
8.3917	53.66	-6.9
8.51376	53.69	-3.1
8.63759	53.82	-0.4
8.76323	54.07	1
8.89069	54.44	1
9.02001	54.91	-0.2
9.15121	55.46	-2.6
9.28432	56.03	-6
9.41936	56.59	-10.1
9.55637	57.09	-14.7
9.69537	57.52	-19.6
9.83639	57.88	-24.5
9.97946	58.15	-29.3
10.12462	58.34	-33.9
10.27188	58.45	-38.1
10.42129	58.49	-41.9
10.57287	58.48	-45.5
10.72666	58.41	-48.8
10.88268	58.32	-52
11.04098	58.21	-55.1
11.20157	58.09	-58.2
11.3645	57.99	-61.3
11.5298	57.92	-64.6
11.69751	57.88	-68.1
11.86765	57.88	-71.8
12.04027	57.92	-75.8
12.2154	57.98	-80
12.39308	58.05	-84.4
12.57334	58.11	-89
12.75622	58.14	-93.8
12.94176	58.12	-98.8
13.13001	58.03	-104
13.32099	57.84	-109.4
13.51474	57.54	-114.9
13.71132	57.13	-120.4
13.91076	56.62	-125.6
14.11309	56.05	-130.2
14.31837	55.48	-134
14.52664	55.01	-136.8
14.73793	54.71	-138.6
14.9523	54.61	-139.5
15.16979	54.7	-139.9
15.39044	54.94	-140.1
15.6143	55.27	-140.6
15.84141	55.67	-141.9
16.07183	56.11	-144.5
16.3056	56.56	-148.8
16.54277	57.01	-154.9
16.78339	57.42	-162.7
17.02751	57.77	-171.8
17.27518	58.05	178.3
17.52646	58.23	168.2
17.78138	58.33	158.1
18.04002	58.37	148
18.30242	58.35	138.1
18.56863	58.3	128.4
18.83872	58.23	118.8
19.11274	58.14	109.3
19.39074	58.04	100.1
19.67278	57.92	91.1
19.95893	57.77	82.2
20.24924	57.57	73.6
20.54377	57.32	65.1
20.84259	56.97	57
21.14575	56.52	49.1
21.45332	55.95	41.7
21.76537	55.25	34.7
22.08195	54.45	28.3
22.40314	53.58	22.9
22.729	52.73	18.6
23.0596	52.08	16.1
23.39501	51.91	16.1
23.7353	52.15	18
24.08054	52.31	19.9
24.4308	52.25	20.6
24.78615	52.16	20.8
25.14667	52.09	20.8
25.51244	52.03	20.5
25.88353	51.98	20
26.26001	51.97	19.2
26.64197	51.99	18.2
27.02949	52.03	16.9
27.42264	52.06	15.4
27.82151	52.1	13.4
28.22619	52.14	11.2
28.63675	52.17	8.9
29.05328	52.18	6.7
29.47587	52.16	4.3
29.9046	52.14	1.6
30.33958	52.11	-1.3
30.78088	52.06	-4.6
31.22859	51.97	-7.5
31.68282	51.84	-10.1
32.14366	51.65	-12.4
32.6112	51.43	-14.6
33.08554	51.19	-16.2
33.56678	50.93	-17.5
34.05502	50.67	-18.5
34.55036	50.44	-19.1
35.05291	50.25	-19.4
35.56277	50.12	-19.7
36.08004	50.08	-20.4
36.60484	50.11	-21.4
37.13727	50.17	-22.9
37.67744	50.26	-25
38.22547	50.36	-27.8
38.78147	50.46	-31.4
39.34556	50.54	-36
39.91786	50.59	-41.5
40.49848	50.63	-48
41.08754	50.62	-55.8
41.68517	50.57	-65.5
42.2915	50.48	-77.6
42.90664	50.36	-92
43.53073	50.22	-109.2
44.1639	50.06	-129
44.80628	49.89	-150.9
45.458	49.72	-174.2
46.1192	49.59	161.6
46.79002	49.48	136.2
47.4706	49.38	109.3
48.16108	49.26	81.3
48.86159	49.13	52.6
49.5723	49.01	23.3
50.29335	48.92	-6.1
51.02488	48.85	-35.4
51.76706	48.8	-64.2
52.52003	48.77	-91.8
53.28395	48.75	-117.6
54.05898	48.75	-141.1
54.84529	48.73	-163.2
55.64303	48.69	175.1
56.45238	48.6	153.3
57.27349	48.44	131.3
58.10656	48.21	109.1
58.95174	47.91	86.1
59.80921	47.58	62
60.67915	47.25	36.9
61.56175	46.96	11
62.45719	46.72	-15.2
63.36565	46.51	-42.1
64.28732	46.34	-69.5
65.2224	46.2	-96.5
66.17109	46.06	-122.9
67.13357	45.9	-149.5
68.11005	45.75	-175.8
69.10073	45.61	158.8
70.10582	45.49	133.4
71.12554	45.37	108.6
72.16008	45.27	85
73.20967	45.18	62.7
74.27453	45.07	41.8
75.35488	44.92	22.3
76.45094	44.72	3.5
77.56295	44.5	-15
78.69113	44.27	-33.4
79.83571	44.06	-51.8
80.99695	43.84	-70.2
82.17508	43.62	-89.1
83.37034	43.35	-108.8
84.58299	43.06	-128.7
85.81328	42.79	-148
87.06146	42.59	-166.7
88.3278	42.45	174.7
89.61256	42.36	156.4
90.916	42.31	138.7
92.23841	42.29	121.8
93.58005	42.28	105.5
94.9412	42.29	89.4
96.32215	42.34	73.6
97.72319	42.4	57.9
99.14461	42.47	41.9
100.5867	42.55	25.3
102.04976	42.63	8
103.53411	42.72	-10.4
105.04005	42.82	-29.7
106.56789	42.94	-49.8
108.11796	43.08	-71
109.69057	43.25	-94.2
111.28606	43.47	-120.2
112.90475	43.8	-149.3
114.54699	44.21	179
116.21311	44.65	145.9
117.90347	45.08	112.5
119.61842	45.52	79.8
121.35831	45.98	48.6
123.1235	46.48	19.8
124.91438	47.07	-6.6
126.7313	47.72	-31.1
128.57465	48.38	-54.1
130.44481	49.01	-75.4
132.34217	49.6	-95
134.26713	50.15	-112.3
136.22009	50.64	-126.3
138.20146	51.1	-137.1
140.21165	51.53	-145
142.25107	51.98	-150.7
144.32016	52.44	-155
146.41935	52.89	-158.5
148.54906	53.3	-161.5
150.70976	53.65	-164.4
152.90188	53.95	-167.3
155.12589	54.22	-170.1
157.38225	54.45	-172.6
159.67143	54.66	-174.8
161.9939	54.85	-176.6
164.35016	55.04	-178.1
166.74069	55.23	-179.5
169.16599	55.41	179.2
171.62656	55.56	178
174.12293	55.67	176.9
176.6556	55.76	176.1
179.22512	55.85	175.7
181.83201	55.98	175.7
184.47682	56.15	176
187.16009	56.36	176.3
189.8824	56.59	176.7
192.6443	56.88	177.2
195.44638	57.22	177.6
198.28921	57.61	177.6
201.1734	58	177
204.09953	58.36	175.6
207.06823	58.68	173.3
210.0801	58.96	169.9
213.13579	59.22	165
216.23592	59.47	158
219.38114	59.74	148.4
222.57212	60.07	135.7
225.8095	60.49	120
229.09398	60.98	101.7
232.42622	61.54	81.6
235.80694	62.12	60.1
239.23683	62.67	37.7
242.71661	63.17	15.1
246.24701	63.62	-7.4
249.82875	64.02	-29.5
253.4626	64.38	-50.8
257.14929	64.72	-70.9
260.88962	65.06	-89.4
264.68434	65.4	-106.1
268.53427	65.75	-120.5
272.44019	66.11	-131.9
276.40292	66.48	-140.7
280.42329	66.86	-147.5
284.50214	67.21	-152.8
288.64032	67.52	-157
292.83869	67.8	-160.2
297.09813	68.06	-162.7
301.41952	68.32	-164.8
305.80377	68.55	-166.5
310.25179	68.73	-168.1
314.7645	68.87	-169.3
319.34286	68.99	-170.1
323.98781	69.1	-170.6
328.70032	69.21	-170.8
333.48138	69.35	-170.5
338.33197	69.51	-170
343.25313	69.71	-169.1
348.24586	69.96	-168
353.31121	70.27	-166.7
358.45024	70.63	-165.4
363.66402	71.02	-164.1
368.95363	71.43	-162.7
374.32019	71.87	-161.2
379.7648	72.34	-159.9
385.28861	72.82	-158.8
390.89276	73.28	-158.2
396.57842	73.73	-157.8
402.34679	74.17	-157.8
408.19906	74.6	-158
414.13645	75.03	-158.6
420.1602	75.45	-159.2
426.27158	75.88	-159.9
432.47184	76.3	-160.7
438.76229	76.71	-161.7
445.14423	77.09	-162.8
451.619	77.43	-163.9
458.18795	77.73	-165
464.85245	78	-165.7
471.61388	78.27	-165.9
478.47367	78.58	-165.8
485.43323	78.94	-165.3
492.49401	79.36	-164.8
499.6575	79.84	-164.3
506.92519	80.36	-163.9
514.29859	80.88	-163.7
521.77923	81.36	-163.7
529.36869	81.79	-163.7
537.06853	82.23	-163.6
544.88037	82.68	-163.4
552.80584	83.15	-163.2
560.84659	83.62	-163.4
569.00429	84.06	-164.2
577.28065	84.46	-165.3
585.67739	84.81	-166.6
594.19626	85.15	-168
602.83904	85.5	-169.2
611.60754	85.86	-170.4
620.50358	86.23	-171.5
629.52901	86.62	-172.4
638.68572	87.06	-173.2
647.97562	87.53	-174.2
657.40064	87.98	-175.3
666.96275	88.43	-176.5
676.66395	88.88	-177.7
686.50625	89.33	-178.9
696.49171	89.78	179.8
706.62242	90.22	178.4
716.90048	90.65	176.8
727.32804	91.08	174.9
737.90727	91.49	172.8
748.64037	91.9	170.7
759.5296	92.32	168.7
770.57721	92.75	166.6
781.78552	93.21	164.4
793.15685	93.66	162.1
804.69358	94.12	159.6
816.39812	94.55	157
828.2729	94.96	154.3
840.32041	95.34	151.5
852.54315	95.69	148.6
864.94368	96.01	145.6
877.52457	96.31	142.5
890.28846	96.59	139.4
903.238	96.85	136.2
916.3759	97.09	132.9
929.7049	97.32	129.5
943.22777	97.52	125.8
956.94733	97.7	122.1
970.86645	97.86	118.4
984.98803	97.98	114.7
999.31501	98.08	111.1
1013.8504	98.15	107.5
1028.5972	98.2	104.2
1043.5585	98.24	101
1058.7374	98.28	97.9
1074.1371	98.33	94.9
1089.7607	98.36	91.8
1105.6117	98.38	88.7
1121.6932	98.36	85.5
1138.0086	98.32	82.3
1154.5613	98.25	79.4
1171.3548	98.17	76.7
1188.3925	98.08	74.3
1205.6781	98.01	72.1
1223.2151	97.94	70
1241.0072	97.87	67.8
1259.058	97.8	65.7
1277.3714	97.71	63.5
1295.9512	97.6	61.5
1314.8013	97.48	59.6
1333.9255	97.36	57.9
1353.3279	97.26	56.3
1373.0125	97.17	54.7
1392.9834	97.09	53.2
1413.2448	97.02	51.7
1433.801	96.95	50.2
1454.6561	96.87	48.6
1475.8145	96.79	47.2
1497.2807	96.7	45.7
1519.0592	96.61	44.3
1541.1544	96.52	43
1563.571	96.42	41.7
1586.3137	96.33	40.4
1609.3872	96.24	39.2
1632.7962	96.13	38.1
1656.5458	96.02	37
1680.6408	95.9	36
1705.0863	95.77	35.1
1729.8874	95.64	34.2
1755.0491	95.51	33.5
1780.5769	95.37	32.8
1806.476	95.23	32.2
1832.7518	95.08	31.7
1859.4098	94.94	31.4
1886.4555	94.83	31.1
1913.8947	94.72	30.8
1941.7329	94.62	30.5
1969.9761	94.52	30.2
1998.63	94.43	29.9
2027.7008	94.35	29.6
2057.1943	94.3	29.3
2087.1169	94.26	28.8
2117.4747	94.24	28.2
2148.2741	94.22	27.5
2179.5215	94.22	26.6
2211.2234	94.22	25.3
2243.3863	94.23	23.5
2276.0171	94.22	21.1
2309.1226	94.22	17.8
2342.7095	94.21	13.4
2376.785	94.2	7.3
2411.3562	94.19	-1.1
2446.4302	94.17	-12.9
2482.0143	94.13	-28.5
2518.116	94.08	-47.6
2554.7429	94.02	-69.2
2591.9025	93.95	-92.2
2629.6026	93.87	-116.1
2667.851	93.78	-140.4
2706.6558	93.7	-164.7
2746.025	93.61	171.3
2785.9669	93.51	147.9
2826.4897	93.42	125.6
2867.6019	93.31	104.6
2909.3121	93.21	85.6
2951.6291	93.11	69.3
2994.5615	93.02	56.5
3038.1184	92.94	47.2
3082.3088	92.88	40.9
3127.1421	92.84	36.5
3172.6274	92.81	33.5
3218.7743	92.78	31.4
3265.5925	92.76	30
3313.0916	92.75	29
3361.2816	92.75	28.4
3410.1726	92.75	28
3459.7747	92.75	27.9
3510.0983	92.76	27.8
3561.1538	92.78	27.8
3612.952	92.79	27.8
3665.5036	92.8	27.9
3718.8196	92.81	28
3772.9111	92.8	28.1
3827.7893	92.79	28.3
3883.4658	92.78	28.7
3939.9521	92.78	29.2
3997.26	92.79	29.8
4055.4015	92.83	30.5
4114.3887	92.89	31.3
4174.2339	92.98	32.1
4234.9495	93.11	32.9
4296.5482	93.26	33.7
4359.043	93.45	34.3
4422.4467	93.66	34.9
4486.7727	93.89	35.3
4552.0343	94.15	35.6
4618.2452	94.42	35.7
4685.4191	94.69	35.5
4753.5701	94.96	35.1
4822.7123	95.21	34.5
4892.8603	95.45	33.7
4964.0286	95.68	32.7
5036.2321	95.89	31.5
5109.4857	96.08	30.1
5183.8049	96.25	28.6
5259.2051	96.42	27
5335.702	96.57	25.3
5413.3116	96.7	23.5
5492.05	96.82	21.6
5571.9337	96.93	19.6
5652.9794	97.02	17.6
5735.2038	97.1	15.6
5818.6243	97.15	13.5
5903.2581	97.2	11.3
5989.123	97.24	9.1
6076.2368	97.25	6.8
6164.6177	97.25	4.4
6254.2841	97.23	2
6345.2548	97.18	-0.4
6437.5486	97.1	-2.9
6531.1849	97	-5.3
6626.1832	96.87	-7.7
6722.5633	96.72	-10
6820.3452	96.55	-12.3
6919.5494	96.35	-14.4
7020.1966	96.13	-16.4
7122.3077	95.88	-18.3
7225.904	95.61	-20
7331.0072	95.31	-21.5
7437.6392	95	-22.7
7545.8221	94.67	-23.7
7655.5786	94.34	-24.4
7766.9316	94	-24.9
7879.9042	93.66	-25.2
7994.5201	93.34	-25.5
8110.803	93.03	-25.6
8228.7774	92.73	-25.7
8348.4677	92.47	-25.8
8469.899	92.23	-26
8593.0965	92.05	-26.4
8718.086	91.91	-27
8844.8934	91.81	-28.1
8973.5454	91.74	-29.9
9104.0686	91.69	-32.4
9236.4903	91.65	-35.8
9370.8382	91.6	-40.3
9507.1402	91.53	-46.1
9645.4247	91.43	-53.5
9785.7206	91.3	-62.9
9928.0572	91.13	-74.9
10072.464	90.93	-90
10218.971	90.69	-109.3
10367.61	90.42	-133.8
10518.41	90.12	-163
10671.404	89.78	163.9
10826.623	89.41	128.2
10984.1	89.04	90.7
11143.867	88.68	52.3
11305.959	88.34	13.7
11470.408	88.05	-24.7
11637.249	87.83	-62.3
11806.516	87.7	-98.6
11978.246	87.64	-133
12152.474	87.67	-164.9
12329.235	87.76	166.7
12508.568	87.92	142.8
12690.51	88.14	123.7
12875.097	88.4	108.9
13062.37	88.7	97.5
13252.366	89.02	88.6
13445.127	89.37	81.6
13640.69	89.71	75.9
13839.099	90.03	71.1
14040.393	90.31	67.1
14244.615	90.55	63.5
14451.808	90.76	60.4
14662.014	90.94	57.5
14875.278	91.09	54.8
15091.644	91.21	52.2
15311.157	91.3	49.6
15533.863	91.36	47.1
15759.808	91.38	44.6
15989.04	91.36	42.2
16221.606	91.31	39.9
16457.555	91.22	37.7
16696.935	91.09	35.7
16939.798	90.95	33.9
17186.193	90.8	32.1
17436.172	90.65	30.3
17689.787	90.51	28.3
17947.091	90.37	25.8
18208.137	90.23	22.8
18472.981	90.11	18.7
18741.676	89.99	13
19014.28	89.89	5.3
19290.849	89.79	-5.6
19571.441	89.72	-18.4
19856.114	89.67	-29.5
20144.928	89.64	-37.6
20437.943	89.63	-43.5
20735.22	89.66	-48
21036.82	89.7	-51.3
21342.808	89.76	-54
21653.246	89.84	-56.1
21968.2	89.93	-57.9
22287.735	90.03	-59.4
22611.917	90.14	-60.8
22940.815	90.26	-62
23274.497	90.37	-63.2
23613.033	90.47	-64.3
23956.492	90.55	-65.4
24304.947	90.62	-66.4
24658.471	90.66	-67.5
25017.137	90.69	-68.5
25381.019	90.7	-69.6
25750.195	90.69	-70.7
26124.74	90.67	-71.7
26504.733	90.64	-72.8
26890.253	90.6	-73.9
27281.381	90.55	-75
27678.198	90.49	-76.1
28080.786	90.42	-77.2
28489.231	90.33	-78.4
28903.616	90.24	-79.6
29324.029	90.14	-80.7
29750.557	90.05	-81.9
30183.289	89.96	-83.2
30622.315	89.9	-84.4
31067.726	89.84	-85.7
31519.617	89.81	-86.9
31978.08	89.8	-88.2
32443.212	89.8	-89.5
32915.11	89.82	-90.8
33393.871	89.86	-92.2
33879.596	89.89	-93.6
34372.386	89.92	-94.9
34872.344	89.94	-96.4
35379.574	89.94	-97.8
35894.182	89.92	-99.2
36416.274	89.88	-100.7
36945.961	89.81	-102.2
37483.353	89.72	-103.7
38028.561	89.62	-105.2
38581.699	89.51	-106.8
39142.882	89.43	-108.4
39712.229	89.4	-110
