4.9182	58.38	77.9
4.98973	58.45	76.7
5.06231	58.53	75.1
5.13594	58.62	73.3
5.21065	58.72	71.3
5.28644	58.8	69.1
5.36333	58.88	66.6
5.44134	58.95	64
5.52049	59	61.2
5.60078	59.03	58.1
5.68225	59.04	54.8
5.7649	59.03	51.1
5.84875	58.98	46.9
5.93382	58.88	42.2
6.02013	58.73	36.9
6.1077	58.53	30.9
6.19654	58.26	24.3
6.28667	57.92	17.3
6.37811	57.52	9.9
6.47088	57.04	2.4
6.565	56.49	-5
6.66049	55.86	-12.2
6.75737	55.17	-18.8
6.85566	54.41	-24.8
6.95538	53.61	-29.9
7.05655	52.82	-34
7.15919	52.11	-36.8
7.26332	51.58	-38.2
7.36897	51.33	-38.2
7.47615	51.39	-36.7
7.58489	51.73	-33.8
7.69522	52.26	-29.8
7.80715	52.92	-24.9
7.92071	53.64	-19.4
8.03592	54.37	-13.6
8.1528	55.08	-7.8
8.27139	55.78	-2.5
8.3917	56.46	2
8.51376	57.11	5.5
8.63759	57.74	7.7
8.76323	58.36	8.2
8.89069	58.99	7
9.02001	59.61	4.1
9.15121	60.22	-0.4
9.28432	60.81	-6.2
9.41936	61.37	-13
9.55637	61.88	-20.5
9.69537	62.35	-28.2
9.83639	62.76	-35.8
9.97946	63.13	-43
10.12462	63.46	-49.5
10.27188	63.75	-55.3
10.42129	64.01	-60.3
10.57287	64.25	-64.7
10.72666	64.49	-68.6
10.88268	64.73	-72.2
11.04098	65	-75.4
11.20157	65.29	-78.5
11.3645	65.64	-81.6
11.5298	66.04	-84.6
11.69751	66.52	-87.6
11.86765	67.06	-90.8
12.04027	67.67	-93.9
12.2154	68.29	-97.2
12.39308	68.9	-100.6
12.57334	69.47	-104.2
12.75622	69.97	-108
12.94176	70.41	-112
13.13001	70.79	-116.4
13.32099	71.1	-121.1
13.51474	71.37	-126.1
13.71132	71.59	-131.3
13.91076	71.77	-136.7
14.11309	71.9	-142
14.31837	71.98	-147.2
14.52664	72.02	-152
14.73793	72	-156.4
14.9523	71.93	-160.5
15.16979	71.8	-164.2
15.39044	71.64	-167.5
15.6143	71.45	-170.7
15.84141	71.26	-173.5
16.07183	71.06	-176.1
16.3056	70.89	-178.6
16.54277	70.73	179.3
16.78339	70.57	177.3
17.02751	70.42	175.7
17.27518	70.27	174.4
17.52646	70.11	173.5
17.78138	69.93	173
18.04002	69.75	172.8
18.30242	69.58	172.8
18.56863	69.44	172.9
18.83872	69.37	173.2
19.11274	69.39	173.4
19.39074	69.51	173.5
19.67278	69.68	173.6
19.95893	69.88	173.5
20.24924	70.07	173.1
20.54377	70.2	172.4
20.84259	70.3	171.3
21.14575	70.36	169.7
21.45332	70.4	167.8
21.76537	70.42	165.9
22.08195	70.42	164.1
22.40314	70.42	162.8
22.729	70.4	162.2
23.0596	70.36	162.7
23.39501	70.31	164.6
23.7353	70.26	167.7
24.08054	70.24	170.9
24.4308	70.28	173.4
24.78615	70.36	175.6
25.14667	70.5	177.7
25.51244	70.69	179.8
25.88353	70.92	-178.1
26.26001	71.2	-176.3
26.64197	71.53	-174.6
27.02949	71.88	-173
27.42264	72.26	-171.5
27.82151	72.69	-170
28.22619	73.14	-168.7
28.63675	73.6	-167.7
29.05328	74.06	-167
29.47587	74.55	-166.4
29.9046	75.01	-165.9
30.33958	75.47	-165.5
30.78088	75.94	-165.1
31.22859	76.4	-164.9
31.68282	76.85	-164.7
32.14366	77.32	-164.7
32.6112	77.8	-164.7
33.08554	78.28	-164.8
33.56678	78.77	-165.1
34.05502	79.26	-165.4
34.55036	79.75	-165.8
35.05291	80.26	-166.3
35.56277	80.77	-166.9
36.08004	81.26	-167.5
36.60484	81.75	-168.2
37.13727	82.24	-169
37.67744	82.73	-169.9
38.22547	83.23	-170.9
38.78147	83.72	-171.9
39.34556	84.2	-173.1
39.91786	84.67	-174.3
40.49848	85.12	-175.5
41.08754	85.57	-176.8
41.68517	86.03	-178.3
42.2915	86.5	-179.8
42.90664	86.97	178.5
43.53073	87.44	176.7
44.1639	87.91	174.8
44.80628	88.37	172.8
45.458	88.83	170.7
46.1192	89.27	168.5
46.79002	89.71	166.2
47.4706	90.15	163.7
48.16108	90.57	160.9
48.86159	90.98	158.1
49.5723	91.36	154.9
50.29335	91.72	151.6
51.02488	92.04	148.1
51.76706	92.31	144.4
52.52003	92.55	140.5
53.28395	92.73	136.5
54.05898	92.86	132.7
54.84529	92.95	128.9
55.64303	93	125.1
56.45238	93.02	121.3
57.27349	93.02	117.6
58.10656	92.98	114
58.95174	92.92	110.6
59.80921	92.83	107.4
60.67915	92.7	104.6
61.56175	92.55	102.1
62.45719	92.38	99.9
63.36565	92.2	98.1
64.28732	92.01	96.6
65.2224	91.83	95.4
66.17109	91.68	94.5
67.13357	91.55	93.8
68.11005	91.46	93.3
69.10073	91.42	92.9
70.10582	91.44	92.5
71.12554	91.5	92.1
72.16008	91.6	91.6
73.20967	91.73	91
74.27453	91.86	90.2
75.35488	92	89.3
76.45094	92.13	88.1
77.56295	92.24	86.8
78.69113	92.33	85.4
79.83571	92.41	84
80.99695	92.47	82.6
82.17508	92.52	81.2
83.37034	92.55	79.7
84.58299	92.57	78.2
85.81328	92.57	76.7
87.06146	92.56	75.3
88.3278	92.54	73.9
89.61256	92.5	72.6
90.916	92.45	71.4
92.23841	92.39	70.4
93.58005	92.34	69.5
94.9412	92.29	68.8
96.32215	92.25	68.1
97.72319	92.22	67.6
99.14461	92.2	67.2
100.5867	92.19	66.9
102.04976	92.21	66.6
103.53411	92.24	66.5
105.04005	92.3	66.3
106.56789	92.38	66.2
108.11796	92.48	66
109.69057	92.59	65.7
111.28606	92.72	65.4
112.90475	92.86	65
114.54699	93.01	64.5
116.21311	93.16	63.9
117.90347	93.32	63.2
119.61842	93.45	62.3
121.35831	93.58	61.3
123.1235	93.68	60.2
124.91438	93.78	59.1
126.7313	93.86	57.9
128.57465	93.93	56.7
130.44481	93.99	55.4
132.34217	94.04	54.1
134.26713	94.08	52.9
136.22009	94.11	51.8
138.20146	94.13	50.7
140.21165	94.15	49.7
142.25107	94.19	48.8
144.32016	94.24	48
146.41935	94.3	47.1
148.54906	94.37	46.2
150.70976	94.45	45.1
152.90188	94.53	43.9
155.12589	94.59	42.6
157.38225	94.64	41.2
159.67143	94.67	39.8
161.9939	94.69	38.3
164.35016	94.69	36.8
166.74069	94.67	35.2
169.16599	94.63	33.6
171.62656	94.56	32
174.12293	94.46	30.6
176.6556	94.34	29.4
179.22512	94.19	28.4
181.83201	94.03	27.7
184.47682	93.86	27.2
187.16009	93.7	27.1
189.8824	93.55	27.1
192.6443	93.42	27.3
195.44638	93.33	27.6
198.28921	93.27	27.9
201.1734	93.24	28.2
204.09953	93.22	28.4
207.06823	93.23	28.5
210.0801	93.24	28.6
213.13579	93.26	28.6
216.23592	93.29	28.5
219.38114	93.32	28.3
222.57212	93.34	28
225.8095	93.35	27.7
229.09398	93.36	27.4
232.42622	93.37	27.1
235.80694	93.38	26.8
239.23683	93.38	26.6
242.71661	93.39	26.4
246.24701	93.41	26.3
249.82875	93.43	26.2
253.4626	93.47	26.1
257.14929	93.5	25.9
260.88962	93.53	25.7
264.68434	93.57	25.6
268.53427	93.62	25.5
272.44019	93.67	25.3
276.40292	93.74	25.1
280.42329	93.82	24.8
284.50214	93.89	24.3
288.64032	93.96	23.8
292.83869	94.01	23.2
297.09813	94.06	22.5
301.41952	94.1	21.9
305.80377	94.13	21.2
310.25179	94.15	20.6
314.7645	94.17	20
319.34286	94.18	19.4
323.98781	94.18	18.9
328.70032	94.19	18.4
333.48138	94.21	17.9
338.33197	94.23	17.5
343.25313	94.25	16.9
348.24586	94.27	16.3
353.31121	94.28	15.7
358.45024	94.29	15.1
363.66402	94.28	14.5
368.95363	94.27	13.9
374.32019	94.25	13.3
379.7648	94.24	12.8
385.28861	94.22	12.2
390.89276	94.21	11.6
396.57842	94.18	10.9
402.34679	94.15	10.2
408.19906	94.09	9.6
414.13645	94.02	9
420.1602	93.93	8.6
426.27158	93.84	8.3
432.47184	93.75	8.2
438.76229	93.68	8.3
445.14423	93.63	8.5
451.619	93.6	8.7
458.18795	93.6	8.9
464.85245	93.62	9.1
471.61388	93.65	9.2
478.47367	93.69	9.1
485.43323	93.72	9
492.49401	93.75	8.8
499.6575	93.77	8.6
506.92519	93.8	8.4
514.29859	93.82	8.1
521.77923	93.85	7.8
529.36869	93.87	7.4
537.06853	93.88	6.9
544.88037	93.87	6.4
552.80584	93.85	5.9
560.84659	93.82	5.6
569.00429	93.77	5.3
577.28065	93.73	5.2
585.67739	93.71	5.2
594.19626	93.72	5.3
602.83904	93.76	5.4
611.60754	93.81	5.3
620.50358	93.89	5.2
629.52901	93.96	4.9
638.68572	94.04	4.5
647.97562	94.12	4
657.40064	94.2	3.5
666.96275	94.27	2.8
676.66395	94.33	2
686.50625	94.4	1.1
696.49171	94.45	0
706.62242	94.49	-1.2
716.90048	94.51	-2.5
727.32804	94.51	-3.9
737.90727	94.48	-5.4
748.64037	94.43	-6.8
759.5296	94.36	-8.2
770.57721	94.26	-9.6
781.78552	94.16	-10.9
793.15685	94.03	-12.2
804.69358	93.9	-13.4
816.39812	93.75	-14.6
828.2729	93.58	-15.7
840.32041	93.41	-16.7
852.54315	93.21	-17.7
864.94368	93.01	-18.6
877.52457	92.8	-19.4
890.28846	92.58	-20.1
903.238	92.35	-20.8
916.3759	92.11	-21.4
929.7049	91.86	-22
943.22777	91.61	-22.5
956.94733	91.35	-22.9
970.86645	91.07	-23.2
984.98803	90.79	-23.4
999.31501	90.5	-23.5
1013.8504	90.2	-23.6
1028.5972	89.9	-23.5
1043.5585	89.59	-23.3
1058.7374	89.27	-23.1
1074.1371	88.95	-22.9
1089.7607	88.6	-22.6
1105.6117	88.23	-22.1
1121.6932	87.84	-21.2
1138.0086	87.43	-19.8
1154.5613	87.02	-17.8
1171.3548	86.6	-15.3
1188.3925	86.19	-12.3
1205.6781	85.79	-9
1223.2151	85.41	-5
1241.0072	85.07	-0.3
1259.058	84.79	5
1277.3714	84.61	10.9
1295.9512	84.57	16.9
1314.8013	84.69	23.1
1333.9255	84.98	29.3
1353.3279	85.42	35.1
1373.0125	85.95	40.6
1392.9834	86.54	45.4
1413.2448	87.16	49.6
1433.801	87.79	53.3
1454.6561	88.4	56.4
1475.8145	89	58.8
1497.2807	89.56	60.4
1519.0592	90.09	61.2
1541.1544	90.57	61.2
1563.571	91.01	60.7
1586.3137	91.42	59.9
1609.3872	91.79	58.9
1632.7962	92.13	57.7
1656.5458	92.45	56.4
1680.6408	92.74	54.9
1705.0863	93	53.5
1729.8874	93.24	51.9
1755.0491	93.45	50.4
1780.5769	93.65	48.9
1806.476	93.83	47.4
1832.7518	94	45.9
1859.4098	94.15	44.5
1886.4555	94.29	43.1
1913.8947	94.42	41.7
1941.7329	94.54	40.3
1969.9761	94.64	39
1998.63	94.74	37.6
2027.7008	94.82	36.3
2057.1943	94.9	35
2087.1169	94.97	33.7
2117.4747	95.03	32.4
2148.2741	95.09	31.1
2179.5215	95.13	29.8
2211.2234	95.17	28.5
2243.3863	95.21	27.2
2276.0171	95.24	25.8
2309.1226	95.27	24.5
2342.7095	95.29	23.1
2376.785	95.3	21.6
2411.3562	95.3	20.1
2446.4302	95.28	18.5
2482.0143	95.25	16.8
2518.116	95.2	15.1
2554.7429	95.14	13.4
2591.9025	95.05	11.7
2629.6026	94.94	10
2667.851	94.8	8.3
2706.6558	94.65	6.7
2746.025	94.48	5.1
2785.9669	94.28	3.5
2826.4897	94.05	2
2867.6019	93.81	0.7
2909.3121	93.53	-0.6
2951.6291	93.23	-1.8
2994.5615	92.9	-2.7
3038.1184	92.56	-3.5
3082.3088	92.19	-4
3127.1421	91.8	-4.3
3172.6274	91.39	-4.3
3218.7743	90.96	-3.9
3265.5925	90.51	-3.2
3313.0916	90.04	-2.1
3361.2816	89.56	-0.6
3410.1726	89.06	1.4
3459.7747	88.57	3.9
3510.0983	88.09	6.7
3561.1538	87.64	9.9
3612.952	87.24	13.4
3665.5036	86.91	17.1
3718.8196	86.67	20.9
3772.9111	86.53	24.8
3827.7893	86.5	28.7
3883.4658	86.59	32.4
3939.9521	86.77	35.9
3997.26	87.04	39.1
4055.4015	87.36	41.9
4114.3887	87.71	44.1
4174.2339	88.07	45.8
4234.9495	88.4	47
4296.5482	88.7	47.6
4359.043	88.96	47.8
4422.4467	89.17	47.6
4486.7727	89.33	47.1
4552.0343	89.45	46.3
4618.2452	89.52	45.5
4685.4191	89.56	44.5
4753.5701	89.55	43.5
4822.7123	89.49	42.6
4892.8603	89.4	42
4964.0286	89.27	41.7
5036.2321	89.13	41.7
5109.4857	88.99	42
5183.8049	88.87	42.5
5259.2051	88.77	43.1
5335.702	88.7	43.8
5413.3116	88.65	44.5
5492.05	88.63	45.2
5571.9337	88.64	46
5652.9794	88.7	46.8
5735.2038	88.8	47.7
5818.6243	88.97	48.6
5903.2581	89.23	49.5
5989.123	89.58	50.4
6076.2368	90.03	51.1
6164.6177	90.59	51.6
6254.2841	91.26	51.8
6345.2548	92	51.5
6437.5486	92.79	50.7
6531.1849	93.61	49
6626.1832	94.4	46.5
6722.5633	95.14	43
6820.3452	95.8	38.2
6919.5494	96.35	32.3
7020.1966	96.8	25.2
7122.3077	97.16	17
7225.904	97.43	7.6
7331.0072	97.63	-2.7
7437.6392	97.76	-14
7545.8221	97.82	-25.9
7655.5786	97.81	-38.3
7766.9316	97.74	-51
7879.9042	97.58	-63.8
7994.5201	97.34	-76.5
8110.803	97.02	-88.9
8228.7774	96.6	-100.7
8348.4677	96.11	-111.4
8469.899	95.55	-120.4
8593.0965	94.95	-127.7
8718.086	94.31	-133.4
8844.8934	93.65	-137.7
8973.5454	92.99	-141
9104.0686	92.33	-143.5
9236.4903	91.69	-145.3
9370.8382	91.08	-146.7
9507.1402	90.51	-147.6
9645.4247	90	-148.1
9785.7206	89.59	-148.2
9928.0572	89.28	-148.1
10072.464	89.08	-147.8
10218.971	89.01	-147.6
10367.61	89.04	-147.5
10518.41	89.18	-147.4
10671.404	89.44	-146.9
10826.623	89.82	-146.2
10984.1	90.31	-145.7
11143.867	90.88	-145.5
11305.959	91.48	-145.7
11470.408	92.03	-146.4
11637.249	92.49	-147.6
11806.516	92.83	-149.1
11978.246	93.07	-150.8
12152.474	93.24	-152.4
12329.235	93.39	-154.2
12508.568	93.51	-156.3
12690.51	93.61	-159.1
12875.097	93.68	-162.8
13062.37	93.72	-167.2
13252.366	93.71	-172.2
13445.127	93.63	-177.4
13640.69	93.47	177.3
13839.099	93.24	172.1
14040.393	92.95	167.3
14244.615	92.65	162.8
14451.808	92.38	158.5
14662.014	92.16	154.3
14875.278	91.97	149.8
15091.644	91.8	144.8
15311.157	91.65	139.4
15533.863	91.48	133.4
15759.808	91.29	126.8
15989.04	91.05	119.6
16221.606	90.77	111.8
16457.555	90.45	103.4
16696.935	90.1	94.5
16939.798	89.75	84.8
17186.193	89.4	74.1
17436.172	89.04	62.1
17689.787	88.66	48.3
17947.091	88.22	32.3
18208.137	87.71	13.4
18472.981	87.11	-9.4
18741.676	86.41	-36.2
19014.28	85.59	-66.8
19290.849	84.68	-100.9
19571.441	83.67	-138.6
19856.114	82.59	179.4
20144.928	81.47	133.3
20437.943	80.31	83.3
20735.22	79.17	29.6
21036.82	78.03	-27.9
21342.808	76.93	-89.6
21653.246	75.91	-156.1
21968.2	74.98	132.8
22287.735	74.15	57.6
22611.917	73.42	-21.2
22940.815	72.79	-104.2
23274.497	72.25	168.1
23613.033	71.79	75.5
23956.492	71.4	-22.6
24304.947	71.06	-127.1
24658.471	70.76	120.4
25017.137	70.47	-2
25381.019	70.17	-136.1
25750.195	69.86	75.3
26124.74	69.53	-91.8
26504.733	69.2	75.6
26890.253	68.96	-153.3
27281.381	68.88	-73.5
27678.198	68.91	-16.2
28080.786	68.98	91.2
28489.231	69.05	-88.6
28903.616	69.11	142.8
29324.029	69.17	50.4
29750.557	69.25	-16.5
30183.289	69.36	-65.4
30622.315	69.48	-101.7
31067.726	69.58	-129.2
31519.617	69.62	-150.4
31978.08	69.6	-167.2
32443.212	69.5	179.1
32915.11	69.32	167.4
33393.871	69.06	157.3
33879.596	68.81	148.1
34372.386	68.59	139.7
34872.344	68.41	131.7
35379.574	68.22	124
35894.182	67.96	116.5
36416.274	67.63	109
36945.961	67.2	101.6
37483.353	66.73	94.2
38028.561	66.29	86.8
38581.699	65.93	79.3
39142.882	65.7	71.8
39712.229	65.62	64.2
