4.9182	61.77	-170.3
4.98973	61.44	-175.7
5.06231	61.01	178
5.13594	60.49	171.1
5.21065	59.88	164
5.28644	59.2	157
5.36333	58.43	150.5
5.44134	57.59	144.6
5.52049	56.69	139.5
5.60078	55.76	135.4
5.68225	54.87	132.4
5.7649	54.12	130.8
5.84875	53.61	130.6
5.93382	53.46	131.8
6.02013	53.66	134.6
6.1077	54.14	138.9
6.19654	54.77	144.4
6.28667	55.45	151
6.37811	56.14	158.4
6.47088	56.78	166.3
6.565	57.36	174.4
6.66049	57.87	-177.6
6.75737	58.32	-170
6.85566	58.69	-163.2
6.95538	58.99	-157.4
7.05655	59.22	-153.1
7.15919	59.38	-150.4
7.26332	59.48	-149.8
7.36897	59.5	-151.3
7.47615	59.47	-155.3
7.58489	59.38	-161.5
7.69522	59.24	-169.7
7.80715	59.05	-179.6
7.92071	58.83	169.5
8.03592	58.58	158.2
8.1528	58.31	147.2
8.27139	58.06	137
8.3917	57.83	128.4
8.51376	57.65	122
8.63759	57.55	118.4
8.76323	57.55	118
8.89069	57.66	121.4
9.02001	57.87	128.3
9.15121	58.16	138.6
9.28432	58.5	151.4
9.41936	58.85	165.9
9.55637	59.19	-179
9.69537	59.49	-164.4
9.83639	59.74	-151.4
9.97946	59.94	-140.9
10.12462	60.07	-133.7
10.27188	60.13	-130.1
10.42129	60.13	-130.2
10.57287	60.08	-133.5
10.72666	59.97	-139.2
10.88268	59.81	-146.6
11.04098	59.6	-154.5
11.20157	59.34	-162.2
11.3645	59.04	-168.5
11.5298	58.68	-172.7
11.69751	58.27	-174.1
11.86765	57.78	-172.6
12.04027	57.2	-168.1
12.2154	56.52	-161.1
12.39308	55.72	-152.4
12.57334	54.84	-142.7
12.75622	53.9	-132.8
12.94176	53.01	-123.4
13.13001	52.31	-115
13.32099	51.95	-107.7
13.51474	52	-101.6
13.71132	52.43	-96.4
13.91076	53.17	-92.2
14.11309	54.11	-89.1
14.31837	55.18	-87.1
14.52664	56.33	-86.3
14.73793	57.53	-86.7
14.9523	58.72	-88.3
15.16979	59.82	-91.1
15.39044	60.76	-94.9
15.6143	61.52	-99.4
15.84141	62.09	-104.3
16.07183	62.49	-109.3
16.3056	62.77	-114.5
16.54277	62.95	-119.5
16.78339	63.1	-124.3
17.02751	63.23	-128.7
17.27518	63.38	-132.3
17.52646	63.58	-135.1
17.78138	63.84	-137.2
18.04002	64.16	-138.8
18.30242	64.5	-140.1
18.56863	64.82	-141.2
18.83872	65.1	-142.4
19.11274	65.33	-143.7
19.39074	65.51	-145.4
19.67278	65.69	-147.2
19.95893	65.89	-149.1
20.24924	66.12	-150.7
20.54377	66.43	-151.9
20.84259	66.8	-152.5
21.14575	67.25	-152.8
21.45332	67.72	-152.8
21.76537	68.17	-152.8
22.08195	68.58	-152.9
22.40314	68.93	-153.2
22.729	69.19	-154
23.0596	69.37	-155.6
23.39501	69.45	-158.1
23.7353	69.45	-161.6
24.08054	69.49	-165
24.4308	69.58	-168.1
24.78615	69.69	-170.7
25.14667	69.8	-173.1
25.51244	69.94	-175.6
25.88353	70.07	-178.1
26.26001	70.19	179.6
26.64197	70.29	177.6
27.02949	70.38	175.8
27.42264	70.45	174.2
27.82151	70.51	172.5
28.22619	70.56	170.9
28.63675	70.59	169.4
29.05328	70.62	167.8
29.47587	70.64	166.4
29.9046	70.64	165.1
30.33958	70.63	164.1
30.78088	70.61	163.3
31.22859	70.59	162.8
31.68282	70.58	162.6
32.14366	70.57	162.5
32.6112	70.57	162.7
33.08554	70.6	163.2
33.56678	70.66	164.1
34.05502	70.78	165.2
34.55036	70.97	166.5
35.05291	71.24	168
35.56277	71.59	169.7
36.08004	72	171.3
36.60484	72.46	172.9
37.13727	72.95	174.4
37.67744	73.49	175.7
38.22547	74.04	176.7
38.78147	74.61	177.6
39.34556	75.17	178.3
39.91786	75.71	178.7
40.49848	76.24	179
41.08754	76.77	179
41.68517	77.32	178.7
42.2915	77.87	178.2
42.90664	78.41	177.4
43.53073	78.95	176.3
44.1639	79.48	175
44.80628	80.01	173.5
45.458	80.52	171.9
46.1192	81.01	170.1
46.79002	81.49	168.2
47.4706	81.96	166.1
48.16108	82.42	163.8
48.86159	82.86	161.3
49.5723	83.28	158.7
50.29335	83.68	155.8
51.02488	84.04	152.8
51.76706	84.36	149.6
52.52003	84.64	146.2
53.28395	84.89	142.8
54.05898	85.08	139.6
54.84529	85.24	136.4
55.64303	85.38	133.1
56.45238	85.5	129.8
57.27349	85.61	126.6
58.10656	85.7	123.5
58.95174	85.77	120.4
59.80921	85.83	117.4
60.67915	85.88	114.6
61.56175	85.91	112
62.45719	85.94	109.6
63.36565	85.96	107.3
64.28732	85.97	105.2
65.2224	86	103.2
66.17109	86.03	101.5
67.13357	86.09	99.8
68.11005	86.17	98.2
69.10073	86.28	96.7
70.10582	86.42	95.2
71.12554	86.6	93.5
72.16008	86.8	91.7
73.20967	87.01	89.7
74.27453	87.21	87.5
75.35488	87.4	85
76.45094	87.56	82.2
77.56295	87.67	79.1
78.69113	87.74	76
79.83571	87.76	72.9
80.99695	87.74	70
82.17508	87.68	67.1
83.37034	87.57	64.4
84.58299	87.42	62
85.81328	87.23	60
87.06146	87	58.6
88.3278	86.74	57.5
89.61256	86.44	56.9
90.916	86.11	56.7
92.23841	85.78	56.9
93.58005	85.47	57.4
94.9412	85.18	58.3
96.32215	84.92	59.4
97.72319	84.74	60.7
99.14461	84.65	62.2
100.5867	84.64	63.6
102.04976	84.73	65
103.53411	84.88	66.2
105.04005	85.09	67.1
106.56789	85.33	67.8
108.11796	85.59	68.1
109.69057	85.87	68.2
111.28606	86.17	68.1
112.90475	86.49	67.8
114.54699	86.83	67.4
116.21311	87.17	66.8
117.90347	87.5	66.1
119.61842	87.83	65.2
121.35831	88.15	64
123.1235	88.45	62.7
124.91438	88.74	61.2
126.7313	89.02	59.5
128.57465	89.3	57.6
130.44481	89.56	55.4
132.34217	89.8	53
134.26713	90.01	50.4
136.22009	90.18	47.7
138.20146	90.32	44.8
140.21165	90.41	41.9
142.25107	90.47	38.9
144.32016	90.51	36
146.41935	90.52	33.3
148.54906	90.51	30.5
150.70976	90.49	27.9
152.90188	90.44	25.3
155.12589	90.37	22.7
157.38225	90.28	20.3
159.67143	90.16	18
161.9939	90.02	15.9
164.35016	89.87	13.9
166.74069	89.72	12.1
169.16599	89.56	10.3
171.62656	89.41	8.7
174.12293	89.25	7.1
176.6556	89.09	5.6
179.22512	88.91	4.3
181.83201	88.72	3.3
184.47682	88.54	2.4
187.16009	88.35	1.7
189.8824	88.18	1.2
192.6443	88.03	0.8
195.44638	87.9	0.4
198.28921	87.79	0.1
201.1734	87.7	-0.4
204.09953	87.62	-0.9
207.06823	87.54	-1.4
210.0801	87.46	-2
213.13579	87.38	-2.6
216.23592	87.3	-3.2
219.38114	87.21	-3.7
222.57212	87.12	-4.1
225.8095	87.03	-4.4
229.09398	86.94	-4.5
232.42622	86.86	-4.4
235.80694	86.79	-4.1
239.23683	86.75	-3.6
242.71661	86.73	-3.1
246.24701	86.74	-2.5
249.82875	86.79	-1.9
253.4626	86.88	-1.2
257.14929	87.03	-0.6
260.88962	87.22	-0.1
264.68434	87.45	0.2
268.53427	87.71	0.2
272.44019	87.97	-0.1
276.40292	88.23	-0.9
280.42329	88.47	-2.1
284.50214	88.68	-3.7
288.64032	88.86	-5.7
292.83869	89	-7.9
297.09813	89.1	-10.3
301.41952	89.16	-12.7
305.80377	89.19	-15.1
310.25179	89.18	-17.5
314.7645	89.14	-19.8
319.34286	89.07	-21.9
323.98781	88.98	-23.9
328.70032	88.87	-25.8
333.48138	88.75	-27.5
338.33197	88.61	-29
343.25313	88.48	-30.4
348.24586	88.34	-31.7
353.31121	88.2	-32.8
358.45024	88.07	-33.9
363.66402	87.94	-34.9
368.95363	87.83	-35.8
374.32019	87.73	-36.7
379.7648	87.65	-37.6
385.28861	87.56	-38.6
390.89276	87.48	-39.5
396.57842	87.4	-40.4
402.34679	87.32	-41.3
408.19906	87.23	-42.1
414.13645	87.16	-42.9
420.1602	87.09	-43.6
426.27158	87.02	-44.4
432.47184	86.97	-45.2
438.76229	86.91	-46
445.14423	86.85	-46.8
451.619	86.8	-47.6
458.18795	86.75	-48.3
464.85245	86.7	-49.1
471.61388	86.66	-49.7
478.47367	86.64	-50.4
485.43323	86.65	-51.1
492.49401	86.66	-52
499.6575	86.68	-53.1
506.92519	86.68	-54.2
514.29859	86.66	-55.5
521.77923	86.63	-56.8
529.36869	86.59	-58
537.06853	86.54	-59.2
544.88037	86.48	-60.4
552.80584	86.42	-61.6
560.84659	86.36	-62.8
569.00429	86.28	-64.1
577.28065	86.18	-65.3
585.67739	86.06	-66.3
594.19626	85.92	-67
602.83904	85.78	-67.3
611.60754	85.67	-67.4
620.50358	85.61	-67.2
629.52901	85.62	-66.9
638.68572	85.7	-66.7
647.97562	85.82	-66.6
657.40064	85.99	-66.8
666.96275	86.17	-67.2
676.66395	86.35	-67.9
686.50625	86.53	-68.9
696.49171	86.69	-70.1
706.62242	86.84	-71.5
716.90048	86.96	-73.2
727.32804	87.06	-75.1
737.90727	87.13	-77.3
748.64037	87.18	-79.5
759.5296	87.21	-81.7
770.57721	87.22	-84
781.78552	87.22	-86.2
793.15685	87.23	-88.3
804.69358	87.24	-90.4
816.39812	87.25	-92.5
828.2729	87.27	-94.7
840.32041	87.29	-96.9
852.54315	87.3	-99.3
864.94368	87.29	-101.7
877.52457	87.27	-104.2
890.28846	87.23	-106.6
903.238	87.18	-109
916.3759	87.13	-111.3
929.7049	87.06	-113.6
943.22777	87	-115.9
956.94733	86.91	-118.3
970.86645	86.81	-120.8
984.98803	86.68	-123.2
999.31501	86.52	-125.5
1013.8504	86.34	-127.8
1028.5972	86.15	-129.8
1043.5585	85.96	-131.6
1058.7374	85.79	-133.1
1074.1371	85.65	-134.5
1089.7607	85.54	-135.8
1105.6117	85.44	-137.1
1121.6932	85.36	-138.6
1138.0086	85.28	-140
1154.5613	85.21	-141.4
1171.3548	85.13	-142.8
1188.3925	85.07	-144
1205.6781	85.03	-145.1
1223.2151	85.02	-146.2
1241.0072	85.06	-147.2
1259.058	85.15	-148.3
1277.3714	85.29	-149.5
1295.9512	85.46	-151
1314.8013	85.64	-152.8
1333.9255	85.83	-154.8
1353.3279	86.01	-157.1
1373.0125	86.17	-159.5
1392.9834	86.31	-162.1
1413.2448	86.43	-164.7
1433.801	86.56	-167.4
1454.6561	86.69	-170.2
1475.8145	86.8	-173.2
1497.2807	86.89	-176.3
1519.0592	86.95	-179.6
1541.1544	86.97	177.2
1563.571	86.97	174.1
1586.3137	86.95	171.2
1609.3872	86.92	168.5
1632.7962	86.89	165.8
1656.5458	86.86	163.3
1680.6408	86.84	160.9
1705.0863	86.83	158.5
1729.8874	86.84	156.2
1755.0491	86.84	153.9
1780.5769	86.86	151.6
1806.476	86.87	149.3
1832.7518	86.89	147
1859.4098	86.92	144.8
1886.4555	86.96	142.5
1913.8947	86.99	140.2
1941.7329	87.02	137.8
1969.9761	87.05	135.4
1998.63	87.08	133.1
2027.7008	87.11	130.9
2057.1943	87.15	128.5
2087.1169	87.19	126.2
2117.4747	87.21	123.8
2148.2741	87.23	121.5
2179.5215	87.24	119.2
2211.2234	87.26	117
2243.3863	87.29	114.9
2276.0171	87.32	112.7
2309.1226	87.36	110.5
2342.7095	87.4	108.3
2376.785	87.44	106.1
2411.3562	87.48	103.9
2446.4302	87.52	101.6
2482.0143	87.55	99.2
2518.116	87.57	96.9
2554.7429	87.58	94.6
2591.9025	87.59	92.3
2629.6026	87.59	89.9
2667.851	87.58	87.6
2706.6558	87.57	85.4
2746.025	87.55	83.1
2785.9669	87.52	80.9
2826.4897	87.49	78.6
2867.6019	87.45	76.4
2909.3121	87.39	74.2
2951.6291	87.33	72.1
2994.5615	87.26	69.9
3038.1184	87.17	67.9
3082.3088	87.08	65.9
3127.1421	86.98	64
3172.6274	86.88	62.2
3218.7743	86.77	60.4
3265.5925	86.66	58.7
3313.0916	86.54	57.1
3361.2816	86.42	55.5
3410.1726	86.29	54.1
3459.7747	86.15	52.7
3510.0983	86.01	51.5
3561.1538	85.87	50.3
3612.952	85.74	49.3
3665.5036	85.61	48.4
3718.8196	85.49	47.5
3772.9111	85.37	46.7
3827.7893	85.26	45.9
3883.4658	85.16	45.2
3939.9521	85.07	44.5
3997.26	84.99	43.8
4055.4015	84.92	43.2
4114.3887	84.85	42.5
4174.2339	84.8	41.9
4234.9495	84.74	41.2
4296.5482	84.69	40.5
4359.043	84.64	39.9
4422.4467	84.6	39.3
4486.7727	84.55	38.6
4552.0343	84.51	38
4618.2452	84.47	37.4
4685.4191	84.43	36.7
4753.5701	84.39	36.1
4822.7123	84.35	35.5
4892.8603	84.31	35
4964.0286	84.28	34.4
5036.2321	84.25	33.9
5109.4857	84.22	33.3
5183.8049	84.2	32.8
5259.2051	84.17	32.2
5335.702	84.15	31.6
5413.3116	84.13	30.9
5492.05	84.1	30.2
5571.9337	84.06	29.6
5652.9794	84.03	28.9
5735.2038	83.99	28.3
5818.6243	83.95	27.7
5903.2581	83.91	27.1
5989.123	83.86	26.5
6076.2368	83.81	25.9
6164.6177	83.76	25.3
6254.2841	83.7	24.7
6345.2548	83.65	24.1
6437.5486	83.59	23.6
6531.1849	83.53	23.1
6626.1832	83.46	22.7
6722.5633	83.41	22.3
6820.3452	83.36	21.9
6919.5494	83.31	21.5
7020.1966	83.26	21.1
7122.3077	83.2	20.7
7225.904	83.15	20.3
7331.0072	83.09	19.9
7437.6392	83.03	19.6
7545.8221	82.98	19.3
7655.5786	82.93	19
7766.9316	82.89	18.7
7879.9042	82.85	18.4
7994.5201	82.81	18
8110.803	82.76	17.6
8228.7774	82.71	17.2
8348.4677	82.66	16.8
8469.899	82.61	16.4
8593.0965	82.56	16
8718.086	82.51	15.6
8844.8934	82.45	15.1
8973.5454	82.38	14.7
9104.0686	82.3	14.2
9236.4903	82.21	13.9
9370.8382	82.12	13.6
9507.1402	82.02	13.3
9645.4247	81.91	13.2
9785.7206	81.81	13.2
9928.0572	81.72	13.2
10072.464	81.63	13.3
10218.971	81.56	13.4
10367.61	81.49	13.5
10518.41	81.44	13.7
10671.404	81.39	13.7
10826.623	81.36	13.8
10984.1	81.33	13.8
11143.867	81.3	13.7
11305.959	81.28	13.6
11470.408	81.25	13.3
11637.249	81.21	13.1
11806.516	81.17	12.7
11978.246	81.12	12.4
12152.474	81.06	11.9
12329.235	80.98	11.5
12508.568	80.89	11.1
12690.51	80.77	10.7
12875.097	80.65	10.4
13062.37	80.52	10.2
13252.366	80.38	10.1
13445.127	80.24	10
13640.69	80.11	10.1
13839.099	79.98	10.1
14040.393	79.86	10.2
14244.615	79.74	10.2
14451.808	79.64	10.3
14662.014	79.55	10.3
14875.278	79.48	10.1
15091.644	79.42	9.9
15311.157	79.36	9.4
15533.863	79.3	8.7
15759.808	79.22	7.9
15989.04	79.13	6.8
16221.606	79	5.7
16457.555	78.84	4.5
16696.935	78.65	3.4
16939.798	78.42	2.5
17186.193	78.15	1.8
17436.172	77.85	1.5
17689.787	77.52	1.5
17947.091	77.15	1.9
18208.137	76.74	2.7
18472.981	76.31	4
18741.676	75.86	5.6
19014.28	75.42	7.6
19290.849	75.01	9.8
19571.441	74.66	12.3
19856.114	74.38	14.8
20144.928	74.19	17.3
20437.943	74.08	19.7
20735.22	74.03	21.9
21036.82	74.05	24
21342.808	74.11	25.8
21653.246	74.21	27.4
21968.2	74.35	28.9
22287.735	74.52	30.2
22611.917	74.75	31.4
22940.815	75.04	32.4
23274.497	75.37	33
23613.033	75.72	33.2
23956.492	76.08	33
24304.947	76.42	32.5
24658.471	76.75	31.5
25017.137	77.06	30.1
25381.019	77.36	28.4
25750.195	77.63	26.1
26124.74	77.89	23.4
26504.733	78.13	20.1
26890.253	78.34	16.2
27281.381	78.52	11.7
27678.198	78.67	6.6
28080.786	78.79	0.9
28489.231	78.86	-5.3
28903.616	78.89	-11.9
29324.029	78.89	-19
29750.557	78.85	-26.6
30183.289	78.78	-34.7
30622.315	78.66	-43.2
31067.726	78.49	-52.2
31519.617	78.27	-61.4
31978.08	78.02	-70.9
32443.212	77.74	-80.7
32915.11	77.42	-90.8
33393.871	77.06	-101.4
33879.596	76.67	-112.5
34372.386	76.26	-124.1
34872.344	75.81	-136.4
35379.574	75.33	-149.2
35894.182	74.83	-162.3
36416.274	74.3	-175.5
36945.961	73.79	171.5
37483.353	73.32	159.2
38028.561	72.92	147.8
38581.699	72.61	138.1
39142.882	72.41	131.1
39712.229	72.34	128.5
