4.9182	55.83	-15.5
4.98973	56.05	-17.1
5.06231	56.31	-19.1
5.13594	56.58	-21.5
5.21065	56.84	-24.1
5.28644	57.09	-27
5.36333	57.31	-30
5.44134	57.51	-33.3
5.52049	57.68	-36.7
5.60078	57.82	-40.2
5.68225	57.94	-43.9
5.7649	58.02	-47.9
5.84875	58.08	-52
5.93382	58.12	-56.4
6.02013	58.13	-61.1
6.1077	58.14	-66.2
6.19654	58.13	-71.6
6.28667	58.12	-77.4
6.37811	58.09	-83.5
6.47088	58.06	-90
6.565	58.02	-96.7
6.66049	57.97	-103.8
6.75737	57.91	-111.2
6.85566	57.85	-118.8
6.95538	57.77	-126.6
7.05655	57.69	-134.7
7.15919	57.59	-143.1
7.26332	57.47	-151.7
7.36897	57.33	-160.6
7.47615	57.16	-169.9
7.58489	56.95	-179.5
7.69522	56.7	170.4
7.80715	56.4	159.9
7.92071	56.06	149.1
8.03592	55.68	137.8
8.1528	55.26	126
8.27139	54.8	113.9
8.3917	54.33	101.2
8.51376	53.84	88.1
8.63759	53.35	74.5
8.76323	52.87	60.2
8.89069	52.41	45.1
9.02001	51.97	29.3
9.15121	51.54	12.9
9.28432	51.13	-3.6
9.41936	50.73	-19.8
9.55637	50.36	-34.8
9.69537	50.03	-48.2
9.83639	49.74	-59.1
9.97946	49.52	-67
10.12462	49.37	-71.2
10.27188	49.3	-71.3
10.42129	49.32	-67.1
10.57287	49.41	-59
10.72666	49.58	-47.6
10.88268	49.81	-34.2
11.04098	50.09	-20
11.20157	50.41	-6.5
11.3645	50.77	4.9
11.5298	51.16	13.2
11.69751	51.58	17.6
11.86765	52.04	17.8
12.04027	52.52	14.1
12.2154	52.99	7.2
12.39308	53.42	-1.9
12.57334	53.79	-12.4
12.75622	54.07	-23.1
12.94176	54.25	-33.3
13.13001	54.31	-42.4
13.32099	54.24	-50.2
13.51474	54.06	-56.7
13.71132	53.77	-62.2
13.91076	53.43	-66.7
14.11309	53.11	-70.1
14.31837	52.92	-72.5
14.52664	52.97	-73.8
14.73793	53.32	-74.1
14.9523	53.95	-73.3
15.16979	54.76	-71.7
15.39044	55.65	-69.8
15.6143	56.55	-68
15.84141	57.44	-66.7
16.07183	58.28	-66.2
16.3056	59.1	-66.8
16.54277	59.88	-68.6
16.78339	60.61	-71.2
17.02751	61.31	-74.6
17.27518	61.95	-78.5
17.52646	62.55	-82.8
17.78138	63.11	-87.2
18.04002	63.62	-91.8
18.30242	64.09	-96.4
18.56863	64.5	-100.9
18.83872	64.85	-105.3
19.11274	65.16	-109.5
19.39074	65.42	-113.4
19.67278	65.66	-117.1
19.95893	65.9	-120.6
20.24924	66.14	-124
20.54377	66.4	-127.3
20.84259	66.68	-130.4
21.14575	66.99	-133.4
21.45332	67.29	-136.3
21.76537	67.58	-139.1
22.08195	67.83	-141.8
22.40314	68.04	-144.4
22.729	68.19	-146.8
23.0596	68.27	-149
23.39501	68.25	-150.9
23.7353	68.15	-152.5
24.08054	68.06	-154.3
24.4308	68.04	-156.2
24.78615	68.06	-157.9
25.14667	68.1	-159.4
25.51244	68.18	-161
25.88353	68.27	-162.6
26.26001	68.39	-164
26.64197	68.52	-165.2
27.02949	68.65	-166.3
27.42264	68.79	-167.3
27.82151	68.93	-168.4
28.22619	69.09	-169.5
28.63675	69.23	-170.5
29.05328	69.38	-171.5
29.47587	69.54	-172.5
29.9046	69.69	-173.4
30.33958	69.84	-174.2
30.78088	70	-175
31.22859	70.16	-175.6
31.68282	70.32	-176.1
32.14366	70.49	-176.6
32.6112	70.68	-176.9
33.08554	70.89	-177.1
33.56678	71.13	-177.2
34.05502	71.4	-177
34.55036	71.71	-176.8
35.05291	72.09	-176.3
35.56277	72.51	-175.9
36.08004	72.96	-175.4
36.60484	73.42	-175
37.13727	73.91	-174.7
37.67744	74.42	-174.5
38.22547	74.95	-174.5
38.78147	75.47	-174.6
39.34556	75.98	-174.9
39.91786	76.48	-175.3
40.49848	76.97	-175.9
41.08754	77.45	-176.6
41.68517	77.95	-177.5
42.2915	78.45	-178.7
42.90664	78.94	180
43.53073	79.43	178.4
44.1639	79.92	176.7
44.80628	80.4	174.8
45.458	80.87	172.7
46.1192	81.32	170.7
46.79002	81.76	168.5
47.4706	82.2	166.1
48.16108	82.63	163.6
48.86159	83.04	160.9
49.5723	83.43	158
50.29335	83.79	155
51.02488	84.13	151.8
51.76706	84.42	148.4
52.52003	84.68	144.9
53.28395	84.9	141.4
54.05898	85.08	138.1
54.84529	85.22	134.8
55.64303	85.34	131.4
56.45238	85.44	128.1
57.27349	85.52	124.8
58.10656	85.59	121.6
58.95174	85.65	118.5
59.80921	85.69	115.5
60.67915	85.72	112.7
61.56175	85.74	110.1
62.45719	85.75	107.6
63.36565	85.75	105.4
64.28732	85.76	103.2
65.2224	85.77	101.3
66.17109	85.8	99.5
67.13357	85.85	97.9
68.11005	85.93	96.3
69.10073	86.04	94.7
70.10582	86.18	93.2
71.12554	86.36	91.5
72.16008	86.57	89.6
73.20967	86.78	87.6
74.27453	86.99	85.3
75.35488	87.18	82.7
76.45094	87.35	79.8
77.56295	87.48	76.6
78.69113	87.55	73.4
79.83571	87.58	70.1
80.99695	87.57	67
82.17508	87.51	64
83.37034	87.4	61
84.58299	87.25	58.3
85.81328	87.06	56.1
87.06146	86.82	54.5
88.3278	86.55	53.2
89.61256	86.23	52.4
90.916	85.88	52
92.23841	85.52	52.1
93.58005	85.17	52.5
94.9412	84.84	53.3
96.32215	84.53	54.4
97.72319	84.29	55.7
99.14461	84.15	57.2
100.5867	84.1	58.8
102.04976	84.15	60.2
103.53411	84.28	61.5
105.04005	84.48	62.5
106.56789	84.71	63.2
108.11796	84.96	63.6
109.69057	85.24	63.8
111.28606	85.53	63.7
112.90475	85.85	63.4
114.54699	86.18	63
116.21311	86.51	62.4
117.90347	86.84	61.6
119.61842	87.16	60.6
121.35831	87.46	59.4
123.1235	87.75	58.1
124.91438	88.03	56.6
126.7313	88.31	54.9
128.57465	88.58	53
130.44481	88.85	50.9
132.34217	89.09	48.5
134.26713	89.3	45.9
136.22009	89.48	43.2
138.20146	89.61	40.3
140.21165	89.71	37.4
142.25107	89.77	34.4
144.32016	89.81	31.5
146.41935	89.82	28.7
148.54906	89.82	26
150.70976	89.8	23.3
152.90188	89.76	20.6
155.12589	89.69	18
157.38225	89.6	15.5
159.67143	89.48	13.2
161.9939	89.35	11
164.35016	89.2	8.9
166.74069	89.05	7
169.16599	88.9	5.2
171.62656	88.75	3.4
174.12293	88.6	1.7
176.6556	88.43	0.1
179.22512	88.26	-1.4
181.83201	88.08	-2.7
184.47682	87.89	-3.7
187.16009	87.71	-4.6
189.8824	87.53	-5.3
192.6443	87.36	-5.9
195.44638	87.21	-6.4
198.28921	87.08	-6.9
201.1734	86.97	-7.5
204.09953	86.87	-8.1
207.06823	86.78	-8.8
210.0801	86.68	-9.5
213.13579	86.59	-10.2
216.23592	86.49	-10.9
219.38114	86.39	-11.6
222.57212	86.28	-12.2
225.8095	86.17	-12.6
229.09398	86.05	-12.7
232.42622	85.95	-12.6
235.80694	85.85	-12.2
239.23683	85.78	-11.6
242.71661	85.75	-10.9
246.24701	85.75	-10.2
249.82875	85.79	-9.4
253.4626	85.87	-8.6
257.14929	86.01	-7.8
260.88962	86.2	-7.2
264.68434	86.43	-6.7
268.53427	86.69	-6.5
272.44019	86.96	-6.7
276.40292	87.23	-7.4
280.42329	87.48	-8.6
284.50214	87.71	-10.3
288.64032	87.9	-12.5
292.83869	88.04	-14.9
297.09813	88.13	-17.6
301.41952	88.18	-20.2
305.80377	88.18	-22.8
310.25179	88.16	-25.3
314.7645	88.1	-27.6
319.34286	88.02	-29.8
323.98781	87.92	-31.8
328.70032	87.81	-33.6
333.48138	87.69	-35.2
338.33197	87.56	-36.8
343.25313	87.44	-38.2
348.24586	87.33	-39.5
353.31121	87.22	-40.8
358.45024	87.12	-42.1
363.66402	87.04	-43.4
368.95363	86.96	-44.7
374.32019	86.89	-46.1
379.7648	86.82	-47.5
385.28861	86.73	-49
390.89276	86.63	-50.4
396.57842	86.52	-51.8
402.34679	86.4	-53
408.19906	86.28	-54.1
414.13645	86.15	-55.1
420.1602	86.03	-56.1
426.27158	85.91	-57
432.47184	85.78	-57.9
438.76229	85.66	-58.8
445.14423	85.54	-59.7
451.619	85.42	-60.5
458.18795	85.31	-61.2
464.85245	85.21	-61.8
471.61388	85.14	-62.4
478.47367	85.09	-63
485.43323	85.06	-63.8
492.49401	85.04	-64.6
499.6575	85.02	-65.7
506.92519	84.98	-66.8
514.29859	84.93	-68
521.77923	84.87	-69.3
529.36869	84.79	-70.4
537.06853	84.7	-71.5
544.88037	84.62	-72.5
552.80584	84.54	-73.4
560.84659	84.47	-74.4
569.00429	84.4	-75.5
577.28065	84.32	-76.5
585.67739	84.22	-77.4
594.19626	84.12	-78.2
602.83904	84.01	-78.8
611.60754	83.93	-79.2
620.50358	83.88	-79.6
629.52901	83.86	-79.9
638.68572	83.89	-80.3
647.97562	83.94	-80.8
657.40064	84.01	-81.4
666.96275	84.09	-82.2
676.66395	84.18	-83.2
686.50625	84.27	-84.3
696.49171	84.36	-85.5
706.62242	84.45	-86.9
716.90048	84.54	-88.5
727.32804	84.61	-90.2
737.90727	84.67	-92
748.64037	84.72	-93.9
759.5296	84.76	-95.8
770.57721	84.8	-97.8
781.78552	84.84	-99.8
793.15685	84.87	-101.9
804.69358	84.91	-104
816.39812	84.95	-106.1
828.2729	84.98	-108.4
840.32041	85.01	-110.8
852.54315	85.02	-113.3
864.94368	85.02	-115.9
877.52457	85.01	-118.5
890.28846	84.98	-121.2
903.238	84.93	-124
916.3759	84.87	-126.7
929.7049	84.79	-129.5
943.22777	84.69	-132.2
956.94733	84.58	-135
970.86645	84.44	-137.7
984.98803	84.28	-140.4
999.31501	84.1	-143
1013.8504	83.91	-145.5
1028.5972	83.7	-147.8
1043.5585	83.48	-149.9
1058.7374	83.27	-151.8
1074.1371	83.06	-153.6
1089.7607	82.87	-155.2
1105.6117	82.68	-156.7
1121.6932	82.51	-158.2
1138.0086	82.34	-159.5
1154.5613	82.18	-160.8
1171.3548	82.04	-161.9
1188.3925	81.93	-163
1205.6781	81.85	-164
1223.2151	81.8	-164.9
1241.0072	81.8	-165.9
1259.058	81.84	-166.9
1277.3714	81.93	-168.1
1295.9512	82.04	-169.4
1314.8013	82.18	-171
1333.9255	82.32	-172.8
1353.3279	82.46	-174.8
1373.0125	82.6	-176.9
1392.9834	82.74	-179.2
1413.2448	82.86	178.3
1433.801	82.98	175.6
1454.6561	83.08	172.9
1475.8145	83.17	170
1497.2807	83.23	167
1519.0592	83.27	164
1541.1544	83.3	161
1563.571	83.3	158.1
1586.3137	83.3	155.2
1609.3872	83.28	152.4
1632.7962	83.26	149.7
1656.5458	83.24	147.1
1680.6408	83.23	144.5
1705.0863	83.21	142.1
1729.8874	83.21	139.6
1755.0491	83.2	137.2
1780.5769	83.2	134.8
1806.476	83.21	132.5
1832.7518	83.22	130.2
1859.4098	83.24	127.9
1886.4555	83.26	125.6
1913.8947	83.29	123.3
1941.7329	83.32	121
1969.9761	83.35	118.8
1998.63	83.4	116.5
2027.7008	83.45	114.2
2057.1943	83.51	111.8
2087.1169	83.56	109.5
2117.4747	83.62	107.1
2148.2741	83.67	104.6
2179.5215	83.72	102.2
2211.2234	83.77	99.7
2243.3863	83.82	97.2
2276.0171	83.87	94.7
2309.1226	83.92	92.1
2342.7095	83.96	89.4
2376.785	83.99	86.6
2411.3562	84	83.8
2446.4302	84	80.9
2482.0143	83.97	78.1
2518.116	83.92	75.3
2554.7429	83.85	72.5
2591.9025	83.77	69.9
2629.6026	83.67	67.4
2667.851	83.57	64.9
2706.6558	83.46	62.6
2746.025	83.34	60.3
2785.9669	83.21	58.1
2826.4897	83.07	56
2867.6019	82.92	54
2909.3121	82.77	52.1
2951.6291	82.61	50.3
2994.5615	82.45	48.6
3038.1184	82.29	47.1
3082.3088	82.14	45.6
3127.1421	82	44.2
3172.6274	81.86	42.9
3218.7743	81.73	41.7
3265.5925	81.61	40.5
3313.0916	81.48	39.3
3361.2816	81.36	38.2
3410.1726	81.25	37.1
3459.7747	81.14	36.1
3510.0983	81.04	35.1
3561.1538	80.94	34.2
3612.952	80.87	33.3
3665.5036	80.81	32.3
3718.8196	80.75	31.3
3772.9111	80.7	30.2
3827.7893	80.65	29.1
3883.4658	80.59	27.9
3939.9521	80.52	26.7
3997.26	80.44	25.5
4055.4015	80.36	24.4
4114.3887	80.28	23.3
4174.2339	80.19	22.2
4234.9495	80.1	21.1
4296.5482	80.01	20
4359.043	79.91	18.9
4422.4467	79.79	17.8
4486.7727	79.66	16.8
4552.0343	79.53	15.9
4618.2452	79.39	15.1
4685.4191	79.26	14.3
4753.5701	79.13	13.6
4822.7123	79	12.9
4892.8603	78.87	12.3
4964.0286	78.74	11.7
5036.2321	78.61	11.2
5109.4857	78.48	10.7
5183.8049	78.35	10.3
5259.2051	78.22	9.9
5335.702	78.1	9.6
5413.3116	77.99	9.3
5492.05	77.88	9
5571.9337	77.77	8.7
5652.9794	77.67	8.4
5735.2038	77.57	8.2
5818.6243	77.48	8.1
5903.2581	77.41	7.9
5989.123	77.33	7.6
6076.2368	77.26	7.3
6164.6177	77.19	7
6254.2841	77.12	6.7
6345.2548	77.05	6.3
6437.5486	76.98	6
6531.1849	76.9	5.6
6626.1832	76.82	5.3
6722.5633	76.75	5
6820.3452	76.68	4.6
6919.5494	76.6	4.2
7020.1966	76.52	3.8
7122.3077	76.42	3.4
7225.904	76.32	3.1
7331.0072	76.21	2.8
7437.6392	76.1	2.6
7545.8221	75.99	2.4
7655.5786	75.88	2.3
7766.9316	75.77	2.2
7879.9042	75.67	2.1
7994.5201	75.57	2.1
8110.803	75.46	2
8228.7774	75.35	1.9
8348.4677	75.24	1.9
8469.899	75.12	2
8593.0965	75.02	2.1
8718.086	74.91	2.2
8844.8934	74.82	2.4
8973.5454	74.72	2.6
9104.0686	74.64	2.8
9236.4903	74.57	3
9370.8382	74.5	3.1
9507.1402	74.44	3.3
9645.4247	74.39	3.3
9785.7206	74.35	3.4
9928.0572	74.31	3.4
10072.464	74.29	3.3
10218.971	74.27	3
10367.61	74.25	2.7
10518.41	74.22	2.1
10671.404	74.17	1.5
10826.623	74.11	0.8
10984.1	74.03	0
11143.867	73.92	-0.8
11305.959	73.79	-1.5
11470.408	73.64	-2.1
11637.249	73.46	-2.7
11806.516	73.27	-3.3
11978.246	73.06	-3.8
12152.474	72.82	-4.2
12329.235	72.55	-4.6
12508.568	72.25	-4.8
12690.51	71.92	-4.8
12875.097	71.57	-4.5
13062.37	71.21	-3.9
13252.366	70.84	-2.9
13445.127	70.47	-1.6
13640.69	70.09	-0.1
13839.099	69.73	1.7
14040.393	69.36	3.8
14244.615	69	6.3
14451.808	68.65	9.1
14662.014	68.35	12.4
14875.278	68.12	15.9
15091.644	68	19.8
15311.157	68.03	23.6
15533.863	68.19	27.3
15759.808	68.46	30.7
15989.04	68.82	33.7
16221.606	69.23	36.1
16457.555	69.65	37.9
16696.935	70.06	39.2
16939.798	70.46	40
17186.193	70.82	40.1
17436.172	71.15	39.6
17689.787	71.43	38.5
17947.091	71.67	36.9
18208.137	71.87	34.8
18472.981	72.02	32.2
18741.676	72.13	29.4
19014.28	72.2	26.3
19290.849	72.22	23.2
19571.441	72.2	20
19856.114	72.15	16.8
20144.928	72.08	13.5
20437.943	71.99	10.3
20735.22	71.88	6.8
21036.82	71.78	3.2
21342.808	71.66	-0.7
21653.246	71.54	-5
21968.2	71.41	-9.8
22287.735	71.26	-15.1
22611.917	71.09	-21.1
22940.815	70.88	-27.8
23274.497	70.65	-35.2
23613.033	70.38	-43.4
23956.492	70.08	-52.7
24304.947	69.76	-63.3
24658.471	69.39	-75.6
25017.137	68.97	-90
25381.019	68.51	-107.1
25750.195	67.98	-127.3
26124.74	67.4	-151.4
26504.733	66.78	-179.6
26890.253	66.12	148.4
27281.381	65.45	113.4
27678.198	64.84	76.5
28080.786	64.33	38.2
28489.231	64	-0.8
28903.616	63.87	-40.2
29324.029	63.98	-79.6
29750.557	64.3	-118.6
30183.289	64.79	-156.8
30622.315	65.38	166.1
31067.726	66	130.8
31519.617	66.62	97.9
31978.08	67.21	67.8
32443.212	67.75	40.5
32915.11	68.22	15.8
33393.871	68.64	-7.2
33879.596	69.02	-29.1
34372.386	69.35	-50.5
34872.344	69.61	-72
35379.574	69.81	-93.7
35894.182	69.93	-115.9
36416.274	69.99	-138.7
36945.961	69.99	-162.5
37483.353	69.95	172.4
38028.561	69.86	148.6
38581.699	69.76	131
39142.882	69.66	121.3
39712.229	69.62	118.2
