4.9182	57.95	20.6
4.98973	57.82	18.3
5.06231	57.67	15.5
5.13594	57.49	12.5
5.21065	57.29	9.5
5.28644	57.07	6.5
5.36333	56.84	3.6
5.44134	56.59	1
5.52049	56.33	-1.4
5.60078	56.06	-3.4
5.68225	55.79	-5
5.7649	55.51	-6.3
5.84875	55.23	-7.2
5.93382	54.93	-7.9
6.02013	54.63	-8.3
6.1077	54.31	-8.5
6.19654	53.98	-8.7
6.28667	53.63	-8.7
6.37811	53.27	-8.7
6.47088	52.89	-8.7
6.565	52.51	-8.6
6.66049	52.13	-8.6
6.75737	51.76	-8.5
6.85566	51.42	-8.5
6.95538	51.14	-8.6
7.05655	50.93	-8.8
7.15919	50.82	-9.1
7.26332	50.85	-9.5
7.36897	51.01	-10.3
7.47615	51.31	-11.3
7.58489	51.73	-12.6
7.69522	52.21	-14.3
7.80715	52.72	-16.4
7.92071	53.22	-18.8
8.03592	53.69	-21.5
8.1528	54.12	-24.4
8.27139	54.48	-27.6
8.3917	54.79	-30.9
8.51376	55.03	-34.4
8.63759	55.21	-37.9
8.76323	55.33	-41.6
8.89069	55.39	-45.5
9.02001	55.42	-49.5
9.15121	55.41	-53.7
9.28432	55.38	-58.1
9.41936	55.33	-62.5
9.55637	55.28	-66.9
9.69537	55.23	-71.2
9.83639	55.2	-75.3
9.97946	55.19	-79.2
10.12462	55.22	-82.8
10.27188	55.29	-86.1
10.42129	55.41	-89.1
10.57287	55.58	-91.8
10.72666	55.8	-94.4
10.88268	56.05	-97
11.04098	56.32	-99.6
11.20157	56.6	-102.3
11.3645	56.89	-105.4
11.5298	57.18	-108.9
11.69751	57.45	-113
11.86765	57.72	-117.8
12.04027	57.98	-123.4
12.2154	58.22	-129.8
12.39308	58.43	-136.8
12.57334	58.59	-144.3
12.75622	58.7	-152.3
12.94176	58.74	-160.4
13.13001	58.69	-168.6
13.32099	58.53	-177
13.51474	58.25	174.7
13.71132	57.84	166.6
13.91076	57.33	159
14.11309	56.73	152.2
14.31837	56.11	146.5
14.52664	55.54	142.1
14.73793	55.07	138.9
14.9523	54.72	136.7
15.16979	54.49	135.1
15.39044	54.36	133.5
15.6143	54.31	131.6
15.84141	54.34	128.7
16.07183	54.43	124.4
16.3056	54.58	117.9
16.54277	54.78	108.9
16.78339	54.98	97.5
17.02751	55.16	83.9
17.27518	55.26	68.6
17.52646	55.28	52
17.78138	55.18	34.4
18.04002	54.95	15.7
18.30242	54.61	-3.7
18.56863	54.15	-23.6
18.83872	53.6	-43.6
19.11274	52.98	-63.4
19.39074	52.27	-82.6
19.67278	51.49	-100.4
19.95893	50.64	-115.5
20.24924	49.76	-126.8
20.54377	48.88	-133.7
20.84259	48.06	-136
21.14575	47.33	-134.5
21.45332	46.74	-130.4
21.76537	46.36	-124.8
22.08195	46.25	-119.2
22.40314	46.49	-114.9
22.729	47.11	-113
23.0596	48.07	-114.8
23.39501	49.3	-122
23.7353	50.57	-134.1
24.08054	51.61	-146.7
24.4308	52.34	-157.6
24.78615	52.83	-167.9
25.14667	53.17	-178.8
25.51244	53.44	169
25.88353	53.63	156.4
26.26001	53.73	143.7
26.64197	53.74	130.9
27.02949	53.71	118
27.42264	53.68	104.4
27.82151	53.61	89
28.22619	53.47	72.6
28.63675	53.26	55.9
29.05328	52.98	38.1
29.47587	52.63	19.1
29.9046	52.21	0.6
30.33958	51.69	-17.3
30.78088	51.08	-35.1
31.22859	50.48	-51.5
31.68282	49.95	-66.7
32.14366	49.47	-82
32.6112	49.05	-97.1
33.08554	48.78	-111.3
33.56678	48.67	-125.3
34.05502	48.69	-138.9
34.55036	48.82	-151.8
35.05291	49.02	-164.3
35.56277	49.2	-176.5
36.08004	49.33	171.9
36.60484	49.41	161.1
37.13727	49.44	150.6
37.67744	49.39	140.1
38.22547	49.28	129.5
38.78147	49.14	119
39.34556	48.96	108.9
39.91786	48.74	99.1
40.49848	48.5	88.6
41.08754	48.22	76.9
41.68517	47.88	63.6
42.2915	47.49	49.1
42.90664	47.06	34.1
43.53073	46.59	18.8
44.1639	46.1	3.3
44.80628	45.72	-11.8
45.458	45.57	-26.1
46.1192	45.74	-39.1
46.79002	46.24	-51.1
47.4706	46.98	-62.9
48.16108	47.85	-74.5
48.86159	48.73	-86.1
49.5723	49.55	-97.8
50.29335	50.24	-109.2
51.02488	50.8	-119.5
51.76706	51.2	-128.2
52.52003	51.48	-135.4
53.28395	51.67	-140.9
54.05898	51.82	-144.9
54.84529	51.96	-147.9
55.64303	52.1	-150.4
56.45238	52.22	-152.6
57.27349	52.31	-154.7
58.10656	52.36	-156.9
58.95174	52.36	-159.2
59.80921	52.32	-160.8
60.67915	52.25	-161.3
61.56175	52.21	-161.1
62.45719	52.24	-160.2
63.36565	52.37	-158.8
64.28732	52.62	-157.1
65.2224	52.99	-155.3
66.17109	53.45	-153.7
67.13357	54.02	-152.2
68.11005	54.68	-150.8
69.10073	55.41	-149.3
70.10582	56.24	-147.7
71.12554	57.14	-146.1
72.16008	58.08	-144.8
73.20967	59.02	-144.1
74.27453	59.91	-144.3
75.35488	60.75	-145.4
76.45094	61.5	-147.5
77.56295	62.09	-150.3
78.69113	62.53	-153.6
79.83571	62.84	-157
80.99695	63.04	-160.4
82.17508	63.15	-163.9
83.37034	63.21	-167.3
84.58299	63.22	-170.4
85.81328	63.19	-173
87.06146	63.13	-175.3
88.3278	63.04	-177.2
89.61256	62.92	-178.9
90.916	62.75	179.8
92.23841	62.54	179
93.58005	62.31	178.8
94.9412	62.04	179
96.32215	61.78	179.8
97.72319	61.58	-178.8
99.14461	61.49	-177
100.5867	61.51	-175.1
102.04976	61.65	-173.2
103.53411	61.88	-171.5
105.04005	62.19	-170
106.56789	62.53	-168.8
108.11796	62.9	-167.9
109.69057	63.28	-167.2
111.28606	63.71	-166.4
112.90475	64.17	-165.7
114.54699	64.67	-164.8
116.21311	65.2	-164
117.90347	65.73	-163.4
119.61842	66.24	-163
121.35831	66.71	-162.9
123.1235	67.16	-163
124.91438	67.62	-163.3
126.7313	68.1	-163.7
128.57465	68.58	-164.4
130.44481	69.05	-165.4
132.34217	69.48	-166.7
134.26713	69.87	-168.3
136.22009	70.19	-169.9
138.20146	70.46	-171.8
140.21165	70.68	-173.6
142.25107	70.88	-175.3
144.32016	71.07	-176.8
146.41935	71.27	-178
148.54906	71.49	-179.2
150.70976	71.71	179.4
152.90188	71.9	178
155.12589	72.08	176.6
157.38225	72.24	175.3
159.67143	72.4	174.3
161.9939	72.57	173.4
164.35016	72.77	172.7
166.74069	73	172
169.16599	73.26	171.2
171.62656	73.48	170.2
174.12293	73.65	169.2
176.6556	73.77	168.2
179.22512	73.86	167.4
181.83201	73.93	167
184.47682	74	166.9
187.16009	74.1	167.1
189.8824	74.22	167.4
192.6443	74.38	167.9
195.44638	74.57	168.4
198.28921	74.78	168.9
201.1734	75.01	169.3
204.09953	75.25	169.7
207.06823	75.47	170.2
210.0801	75.69	170.8
213.13579	75.91	171.5
216.23592	76.16	172.4
219.38114	76.45	173.2
222.57212	76.77	173.9
225.8095	77.11	174.6
229.09398	77.48	175.3
232.42622	77.9	176.1
235.80694	78.38	177
239.23683	78.91	177.9
242.71661	79.47	178.6
246.24701	80.04	179.3
249.82875	80.61	180
253.4626	81.21	-179.4
257.14929	81.83	-178.9
260.88962	82.45	-178.8
264.68434	83.02	-179.2
268.53427	83.53	179.9
272.44019	83.99	178.7
276.40292	84.41	177.3
280.42329	84.82	175.4
284.50214	85.22	173.1
288.64032	85.59	170.5
292.83869	85.92	167.5
297.09813	86.19	164.3
301.41952	86.41	161
305.80377	86.59	157.6
310.25179	86.74	154.2
314.7645	86.88	150.6
319.34286	87.05	146.9
323.98781	87.26	142.6
328.70032	87.53	137.4
333.48138	87.85	130.4
338.33197	88.17	120.9
343.25313	88.44	108.2
348.24586	88.65	92.1
353.31121	88.84	73.2
358.45024	89.04	52.3
363.66402	89.29	30.1
368.95363	89.59	7
374.32019	89.92	-16.8
379.7648	90.24	-41
385.28861	90.57	-65.3
390.89276	90.9	-89.3
396.57842	91.23	-112.6
402.34679	91.54	-134.8
408.19906	91.81	-155.3
414.13645	92.05	-173.3
420.1602	92.28	171.6
426.27158	92.52	159.8
432.47184	92.75	150.6
438.76229	92.96	143.2
445.14423	93.15	137.1
451.619	93.32	132.2
458.18795	93.48	128
464.85245	93.61	124.4
471.61388	93.72	121.3
478.47367	93.81	118.7
485.43323	93.88	116.4
492.49401	93.95	114.4
499.6575	94.03	112.7
506.92519	94.12	111.2
514.29859	94.23	110
521.77923	94.38	108.9
529.36869	94.56	107.9
537.06853	94.78	106.8
544.88037	95.01	105.5
552.80584	95.23	104
560.84659	95.44	102.4
569.00429	95.63	100.6
577.28065	95.8	98.7
585.67739	95.96	96.6
594.19626	96.09	94.6
602.83904	96.2	92.6
611.60754	96.31	90.6
620.50358	96.42	88.5
629.52901	96.51	86.2
638.68572	96.57	83.9
647.97562	96.59	81.7
657.40064	96.58	79.8
666.96275	96.57	78.1
676.66395	96.57	76.6
686.50625	96.57	75.2
696.49171	96.59	73.8
706.62242	96.62	72.4
716.90048	96.66	71
727.32804	96.69	69.4
737.90727	96.69	67.8
748.64037	96.68	66.3
759.5296	96.66	65
770.57721	96.63	63.7
781.78552	96.61	62.5
793.15685	96.58	61.2
804.69358	96.55	59.9
816.39812	96.52	58.6
828.2729	96.49	57.4
840.32041	96.44	56.2
852.54315	96.39	55.1
864.94368	96.31	54
877.52457	96.23	53
890.28846	96.16	52.1
903.238	96.12	51.2
916.3759	96.09	50.3
929.7049	96.06	49.3
943.22777	96.03	48.3
956.94733	96	47.4
970.86645	95.99	46.4
984.98803	95.97	45.4
999.31501	95.95	44.4
1013.8504	95.95	43.4
1028.5972	95.95	42.4
1043.5585	95.95	41.3
1058.7374	95.94	40.2
1074.1371	95.92	39
1089.7607	95.88	37.5
1105.6117	95.83	35.8
1121.6932	95.76	34
1138.0086	95.7	31.7
1154.5613	95.65	28.7
1171.3548	95.58	24.7
1188.3925	95.53	19.4
1205.6781	95.49	11.9
1223.2151	95.44	1.4
1241.0072	95.38	-12.9
1259.058	95.32	-31
1277.3714	95.27	-52.1
1295.9512	95.24	-75.4
1314.8013	95.22	-100.3
1333.9255	95.23	-126.6
1353.3279	95.27	-154.4
1373.0125	95.31	176.2
1392.9834	95.36	144.9
1413.2448	95.42	111.1
1433.801	95.5	74
1454.6561	95.59	33.9
1475.8145	95.69	-8.3
1497.2807	95.78	-51.1
1519.0592	95.87	-94.1
1541.1544	95.96	-138.3
1563.571	96.06	175.3
1586.3137	96.16	127.2
1609.3872	96.26	78
1632.7962	96.34	28.5
1656.5458	96.39	-20.7
1680.6408	96.42	-68.8
1705.0863	96.45	-115.3
1729.8874	96.48	-159.7
1755.0491	96.5	157.9
1780.5769	96.5	116.8
1806.476	96.49	75.7
1832.7518	96.48	34.8
1859.4098	96.47	-4.9
1886.4555	96.46	-42.2
1913.8947	96.43	-76.6
1941.7329	96.39	-108.4
1969.9761	96.36	-138
1998.63	96.37	-165.8
2027.7008	96.41	168
2057.1943	96.47	143.1
2087.1169	96.5	119.9
2117.4747	96.51	98.8
2148.2741	96.52	80.3
2179.5215	96.52	65.2
2211.2234	96.52	53.8
2243.3863	96.51	45.5
2276.0171	96.49	39.4
2309.1226	96.46	35
2342.7095	96.43	31.6
2376.785	96.38	29
2411.3562	96.32	26.9
2446.4302	96.22	25.3
2482.0143	96.1	24.2
2518.116	95.98	23.4
2554.7429	95.86	22.8
2591.9025	95.74	22.4
2629.6026	95.62	22.2
2667.851	95.51	22.3
2706.6558	95.41	22.7
2746.025	95.32	23.1
2785.9669	95.23	23.7
2826.4897	95.15	24.5
2867.6019	95.1	25.3
2909.3121	95.08	26.2
2951.6291	95.07	27.1
2994.5615	95.09	27.9
3038.1184	95.14	28.6
3082.3088	95.22	29.3
3127.1421	95.31	29.7
3172.6274	95.41	30.1
3218.7743	95.53	30.3
3265.5925	95.65	30.3
3313.0916	95.77	30.1
3361.2816	95.89	29.7
3410.1726	96	29.2
3459.7747	96.1	28.6
3510.0983	96.18	27.8
3561.1538	96.26	27
3612.952	96.32	26.1
3665.5036	96.37	25.2
3718.8196	96.39	24.2
3772.9111	96.39	23.3
3827.7893	96.38	22.3
3883.4658	96.35	21.5
3939.9521	96.29	20.7
3997.26	96.23	20.1
4055.4015	96.14	19.7
4114.3887	96.03	19.5
4174.2339	95.91	19.5
4234.9495	95.77	19.7
4296.5482	95.63	20.1
4359.043	95.48	20.7
4422.4467	95.34	21.5
4486.7727	95.2	22.4
4552.0343	95.08	23.4
4618.2452	94.98	24.4
4685.4191	94.91	25.4
4753.5701	94.85	26.4
4822.7123	94.82	27.4
4892.8603	94.81	28.4
4964.0286	94.82	29.3
5036.2321	94.85	30.1
5109.4857	94.9	30.8
5183.8049	94.95	31.4
5259.2051	95.02	31.9
5335.702	95.1	32.3
5413.3116	95.17	32.5
5492.05	95.24	32.7
5571.9337	95.3	32.8
5652.9794	95.36	33
5735.2038	95.41	33.1
5818.6243	95.47	33.4
5903.2581	95.52	33.6
5989.123	95.58	33.9
6076.2368	95.64	34.2
6164.6177	95.71	34.5
6254.2841	95.78	34.8
6345.2548	95.86	35
6437.5486	95.94	35.3
6531.1849	96.03	35.6
6626.1832	96.14	35.8
6722.5633	96.27	36
6820.3452	96.41	36.1
6919.5494	96.57	36.1
7020.1966	96.73	35.9
7122.3077	96.88	35.5
7225.904	97.02	34.9
7331.0072	97.14	34.2
7437.6392	97.25	33.4
7545.8221	97.34	32.5
7655.5786	97.41	31.5
7766.9316	97.46	30.5
7879.9042	97.49	29.5
7994.5201	97.51	28.4
8110.803	97.51	27.3
8228.7774	97.49	26.3
8348.4677	97.44	25.3
8469.899	97.37	24.4
8593.0965	97.29	23.7
8718.086	97.21	23.2
8844.8934	97.12	22.8
8973.5454	97.04	22.5
9104.0686	96.97	22.3
9236.4903	96.91	22.2
9370.8382	96.85	22.1
9507.1402	96.81	22
9645.4247	96.77	21.8
9785.7206	96.73	21.7
9928.0572	96.7	21.6
10072.464	96.68	21.5
10218.971	96.66	21.3
10367.61	96.65	21.1
10518.41	96.64	20.8
10671.404	96.61	20.4
10826.623	96.58	20.1
10984.1	96.53	19.8
11143.867	96.48	19.5
11305.959	96.43	19.3
11470.408	96.37	19.1
11637.249	96.33	19
11806.516	96.28	18.8
11978.246	96.24	18.7
12152.474	96.2	18.5
12329.235	96.16	18.2
12508.568	96.12	18
12690.51	96.07	17.7
12875.097	96.02	17.4
13062.37	95.97	17
13252.366	95.91	16.6
13445.127	95.85	16.2
13640.69	95.77	15.8
13839.099	95.68	15.3
14040.393	95.58	14.9
14244.615	95.46	14.6
14451.808	95.32	14.3
14662.014	95.18	14.1
14875.278	95.03	14
15091.644	94.88	14.1
15311.157	94.74	14.2
15533.863	94.6	14.2
15759.808	94.47	14.3
15989.04	94.33	14.4
16221.606	94.2	14.6
16457.555	94.07	14.7
16696.935	93.94	14.9
16939.798	93.82	15.2
17186.193	93.72	15.4
17436.172	93.62	15.5
17689.787	93.52	15.6
17947.091	93.43	15.5
18208.137	93.34	15.2
18472.981	93.24	14.6
18741.676	93.14	13.8
19014.28	93.06	12.4
19290.849	92.98	10.3
19571.441	92.91	7
19856.114	92.85	2.2
20144.928	92.8	-4.9
20437.943	92.75	-15.2
20735.22	92.7	-30.1
21036.82	92.66	-47.8
21342.808	92.63	-62.8
21653.246	92.61	-73.5
21968.2	92.59	-81
22287.735	92.57	-86.3
22611.917	92.55	-90
22940.815	92.52	-92.6
23274.497	92.5	-94.5
23613.033	92.48	-95.8
23956.492	92.46	-96.7
24304.947	92.45	-97.4
24658.471	92.44	-97.8
25017.137	92.44	-98.1
25381.019	92.43	-98.4
25750.195	92.41	-98.5
26124.74	92.41	-98.7
26504.733	92.41	-98.7
26890.253	92.43	-98.8
27281.381	92.47	-98.8
27678.198	92.55	-98.9
28080.786	92.65	-98.9
28489.231	92.78	-98.9
28903.616	92.94	-98.9
29324.029	93.12	-98.9
29750.557	93.3	-98.9
30183.289	93.5	-98.9
30622.315	93.7	-98.9
31067.726	93.9	-98.9
31519.617	94.09	-98.9
31978.08	94.27	-98.9
32443.212	94.42	-98.9
32915.11	94.55	-98.9
33393.871	94.66	-98.9
33879.596	94.75	-98.9
34372.386	94.81	-98.9
34872.344	94.84	-98.9
35379.574	94.83	-98.9
35894.182	94.79	-98.9
36416.274	94.72	-98.9
36945.961	94.61	-98.9
37483.353	94.47	-98.9
38028.561	94.32	-98.9
38581.699	94.18	-98.9
39142.882	94.07	-98.9
39712.229	94.03	-98.9
