4.9182	71.32	153.9
4.98973	71.33	151
5.06231	71.34	147.4
5.13594	71.35	143.3
5.21065	71.37	138.8
5.28644	71.38	134.1
5.36333	71.39	129.1
5.44134	71.39	124
5.52049	71.4	118.8
5.60078	71.4	113.5
5.68225	71.39	108.1
5.7649	71.38	102.6
5.84875	71.35	97
5.93382	71.32	91.4
6.02013	71.27	85.7
6.1077	71.21	79.9
6.19654	71.13	74.1
6.28667	71.03	68.1
6.37811	70.91	62.1
6.47088	70.78	56
6.565	70.62	49.8
6.66049	70.46	43.4
6.75737	70.27	37
6.85566	70.07	30.4
6.95538	69.86	23.8
7.05655	69.63	17
7.15919	69.38	10.1
7.26332	69.12	3.1
7.36897	68.82	-4
7.47615	68.5	-11.2
7.58489	68.14	-18.6
7.69522	67.73	-26.2
7.80715	67.27	-33.9
7.92071	66.75	-41.9
8.03592	66.19	-50.3
8.1528	65.58	-59
8.27139	64.92	-68.1
8.3917	64.23	-77.8
8.51376	63.53	-88.2
8.63759	62.85	-99.3
8.76323	62.22	-111.2
8.89069	61.65	-124.2
9.02001	61.14	-138.2
9.15121	60.7	-153.3
9.28432	60.32	-169.2
9.41936	59.99	174.5
9.55637	59.72	158.1
9.69537	59.52	141.9
9.83639	59.4	126.4
9.97946	59.35	111.8
10.12462	59.4	98.4
10.27188	59.55	86.3
10.42129	59.81	75.3
10.57287	60.17	65.4
10.72666	60.6	56.4
10.88268	61.08	48.1
11.04098	61.58	40.3
11.20157	62.07	32.9
11.3645	62.56	25.8
11.5298	63.02	18.9
11.69751	63.45	12.1
11.86765	63.87	5.4
12.04027	64.27	-1.3
12.2154	64.64	-7.9
12.39308	64.97	-14.5
12.57334	65.26	-21.3
12.75622	65.48	-28.1
12.94176	65.64	-35.2
13.13001	65.73	-42.5
13.32099	65.75	-50.2
13.51474	65.72	-58.1
13.71132	65.62	-66.1
13.91076	65.47	-73.9
14.11309	65.27	-81.4
14.31837	65.01	-88.2
14.52664	64.68	-94.2
14.73793	64.28	-99.4
14.9523	63.78	-103.8
15.16979	63.19	-107.6
15.39044	62.51	-110.9
15.6143	61.81	-113.8
15.84141	61.19	-116.5
16.07183	60.77	-119
16.3056	60.64	-121.5
16.54277	60.79	-124.1
16.78339	61.13	-127.1
17.02751	61.51	-130.6
17.27518	61.84	-134.9
17.52646	62.08	-140.6
17.78138	62.22	-148
18.04002	62.27	-157.3
18.30242	62.25	-168.5
18.56863	62.15	178.8
18.83872	61.97	165
19.11274	61.66	150.6
19.39074	61.19	135.7
19.67278	60.54	120.6
19.95893	59.69	105.6
20.24924	58.69	91
20.54377	57.56	77
20.84259	56.34	63.7
21.14575	55.01	51.1
21.45332	53.51	39.2
21.76537	51.71	27.7
22.08195	49.35	16.6
22.40314	45.66	6
22.729	32.39	-4.2
23.0596	41.85	-13.8
23.39501	39.27	-22.5
23.7353	42.17	-31.1
24.08054	45.95	-40.7
24.4308	47.2	-51.1
24.78615	47.82	-60.8
25.14667	48.2	-70.3
25.51244	48.44	-80.1
25.88353	48.6	-89.4
26.26001	48.65	-96.9
26.64197	48.61	-102.9
27.02949	48.52	-108.1
27.42264	48.41	-113.1
27.82151	48.27	-118
28.22619	48.09	-122.1
28.63675	47.86	-125.2
29.05328	47.55	-127.9
29.47587	47.18	-130.1
29.9046	46.81	-131.8
30.33958	46.48	-132.8
30.78088	46.19	-133.5
31.22859	45.96	-133.8
31.68282	45.8	-134
32.14366	45.7	-133.9
32.6112	45.67	-133.7
33.08554	45.72	-133.9
33.56678	45.84	-134.6
34.05502	45.99	-135.7
34.55036	46.12	-136.9
35.05291	46.22	-138.2
35.56277	46.31	-139.4
36.08004	46.41	-140.4
36.60484	46.52	-141.4
37.13727	46.65	-142.2
37.67744	46.79	-143
38.22547	46.94	-143.8
38.78147	47.1	-144.7
39.34556	47.24	-145.6
39.91786	47.38	-146.6
40.49848	47.51	-147.5
41.08754	47.61	-148.2
41.68517	47.69	-148.9
42.2915	47.77	-149.3
42.90664	47.88	-149.5
43.53073	48.04	-149.4
44.1639	48.25	-149.2
44.80628	48.51	-149
45.458	48.81	-148.8
46.1192	49.16	-148.7
46.79002	49.56	-148.6
47.4706	50	-148.7
48.16108	50.47	-148.9
48.86159	50.94	-149.5
49.5723	51.39	-150.3
50.29335	51.81	-151.3
51.02488	52.19	-152.8
51.76706	52.53	-154.6
52.52003	52.81	-157
53.28395	53.02	-159.7
54.05898	53.15	-162.1
54.84529	53.21	-164.1
55.64303	53.24	-165.7
56.45238	53.26	-166.7
57.27349	53.26	-167.4
58.10656	53.25	-168
58.95174	53.24	-168.3
59.80921	53.21	-168.4
60.67915	53.19	-167.8
61.56175	53.2	-166.8
62.45719	53.26	-165.5
63.36565	53.4	-163.8
64.28732	53.6	-161.9
65.2224	53.86	-159.8
66.17109	54.19	-157.5
67.13357	54.6	-155.2
68.11005	55.09	-153
69.10073	55.63	-151.4
70.10582	56.25	-150.3
71.12554	56.91	-149.7
72.16008	57.6	-149.4
73.20967	58.27	-149.5
74.27453	58.92	-150.2
75.35488	59.53	-151.4
76.45094	60.09	-153.2
77.56295	60.57	-155.4
78.69113	60.95	-157.9
79.83571	61.26	-160.6
80.99695	61.5	-163.3
82.17508	61.68	-166.3
83.37034	61.82	-169.3
84.58299	61.91	-172.5
85.81328	61.95	-175.5
87.06146	61.96	-178.4
88.3278	61.92	178.8
89.61256	61.84	176.2
90.916	61.72	174.1
92.23841	61.56	172.4
93.58005	61.37	171.4
94.9412	61.17	170.8
96.32215	60.96	170.8
97.72319	60.78	171.4
99.14461	60.66	172.5
100.5867	60.63	174
102.04976	60.71	175.8
103.53411	60.89	177.8
105.04005	61.17	179.7
106.56789	61.51	-178.4
108.11796	61.9	-176.7
109.69057	62.33	-175.2
111.28606	62.78	-173.8
112.90475	63.25	-172.5
114.54699	63.73	-171.5
116.21311	64.21	-170.6
117.90347	64.67	-170
119.61842	65.12	-169.8
121.35831	65.54	-169.9
123.1235	65.94	-170.2
124.91438	66.34	-170.8
126.7313	66.73	-171.6
128.57465	67.11	-172.6
130.44481	67.48	-173.6
132.34217	67.83	-174.8
134.26713	68.17	-176.1
136.22009	68.48	-177.3
138.20146	68.77	-178.5
140.21165	69.06	-179.7
142.25107	69.34	179.1
144.32016	69.63	178
146.41935	69.91	176.9
148.54906	70.19	175.7
150.70976	70.46	174.4
152.90188	70.72	173.1
155.12589	70.96	171.7
157.38225	71.19	170.3
159.67143	71.4	168.9
161.9939	71.6	167.5
164.35016	71.79	166.1
166.74069	71.96	164.6
169.16599	72.11	163.1
171.62656	72.23	161.5
174.12293	72.33	160.1
176.6556	72.39	158.7
179.22512	72.41	157.6
181.83201	72.42	156.7
184.47682	72.42	156.2
187.16009	72.43	156.1
189.8824	72.46	156.4
192.6443	72.54	156.9
195.44638	72.66	157.7
198.28921	72.83	158.5
201.1734	73.03	159.3
204.09953	73.26	160.1
207.06823	73.5	160.8
210.0801	73.75	161.6
213.13579	74	162.4
216.23592	74.25	163.2
219.38114	74.52	164.2
222.57212	74.83	165.3
225.8095	75.21	166.7
229.09398	75.65	168.1
232.42622	76.18	169.5
235.80694	76.77	170.8
239.23683	77.41	171.9
242.71661	78.07	172.7
246.24701	78.72	173.4
249.82875	79.34	173.7
253.4626	79.93	173.9
257.14929	80.48	173.7
260.88962	80.97	173.3
264.68434	81.41	172.5
268.53427	81.81	171.4
272.44019	82.17	169.9
276.40292	82.51	168
280.42329	82.84	165.7
284.50214	83.14	163.1
288.64032	83.42	160.5
292.83869	83.66	157.8
297.09813	83.87	155.3
301.41952	84.06	152.8
305.80377	84.23	150.6
310.25179	84.38	148.6
314.7645	84.53	146.7
319.34286	84.68	145.1
323.98781	84.83	143.5
328.70032	84.98	142.2
333.48138	85.14	140.9
338.33197	85.31	139.7
343.25313	85.49	138.7
348.24586	85.69	137.8
353.31121	85.92	137
358.45024	86.18	136.3
363.66402	86.46	135.5
368.95363	86.75	134.7
374.32019	87.05	133.9
379.7648	87.36	133.1
385.28861	87.69	132.2
390.89276	88.02	131.2
396.57842	88.36	130.1
402.34679	88.7	128.8
408.19906	89.04	127.3
414.13645	89.36	125.5
420.1602	89.66	123.5
426.27158	89.94	121.3
432.47184	90.18	119
438.76229	90.39	116.6
445.14423	90.56	114.2
451.619	90.71	111.7
458.18795	90.83	109.2
464.85245	90.93	106.8
471.61388	91	104.5
478.47367	91.06	102.5
485.43323	91.12	100.6
492.49401	91.19	98.9
499.6575	91.27	97.2
506.92519	91.35	95.6
514.29859	91.43	94.1
521.77923	91.51	92.6
529.36869	91.61	91.2
537.06853	91.7	89.8
544.88037	91.81	88.4
552.80584	91.92	87
560.84659	92.03	85.6
569.00429	92.15	84
577.28065	92.26	82.2
585.67739	92.36	80.3
594.19626	92.42	78.3
602.83904	92.46	76.3
611.60754	92.48	74.5
620.50358	92.48	72.7
629.52901	92.48	71
638.68572	92.47	69.4
647.97562	92.46	67.9
657.40064	92.44	66.5
666.96275	92.42	65.1
676.66395	92.4	63.9
686.50625	92.39	62.7
696.49171	92.39	61.6
706.62242	92.39	60.6
716.90048	92.4	59.5
727.32804	92.41	58.4
737.90727	92.44	57.3
748.64037	92.46	56.2
759.5296	92.48	55.1
770.57721	92.5	53.9
781.78552	92.52	52.8
793.15685	92.54	51.5
804.69358	92.55	50.3
816.39812	92.55	48.9
828.2729	92.54	47.6
840.32041	92.52	46.3
852.54315	92.5	45
864.94368	92.46	43.8
877.52457	92.41	42.5
890.28846	92.35	41.3
903.238	92.28	40.2
916.3759	92.21	39.2
929.7049	92.13	38.2
943.22777	92.04	37.2
956.94733	91.95	36.3
970.86645	91.85	35.6
984.98803	91.75	34.8
999.31501	91.65	34.2
1013.8504	91.55	33.7
1028.5972	91.45	33.2
1043.5585	91.35	32.7
1058.7374	91.25	32.3
1074.1371	91.16	32
1089.7607	91.07	31.8
1105.6117	90.99	31.6
1121.6932	90.91	31.4
1138.0086	90.82	31.2
1154.5613	90.74	31.2
1171.3548	90.66	31.2
1188.3925	90.59	31.4
1205.6781	90.53	31.5
1223.2151	90.47	31.8
1241.0072	90.43	32.1
1259.058	90.41	32.5
1277.3714	90.4	32.9
1295.9512	90.41	33.4
1314.8013	90.44	33.8
1333.9255	90.48	34.2
1353.3279	90.54	34.5
1373.0125	90.6	34.8
1392.9834	90.68	35
1413.2448	90.76	35.2
1433.801	90.84	35.4
1454.6561	90.94	35.5
1475.8145	91.03	35.5
1497.2807	91.13	35.4
1519.0592	91.23	35.3
1541.1544	91.33	35.2
1563.571	91.43	35
1586.3137	91.53	34.7
1609.3872	91.62	34.4
1632.7962	91.71	34.1
1656.5458	91.79	33.8
1680.6408	91.88	33.4
1705.0863	91.96	33.1
1729.8874	92.04	32.7
1755.0491	92.11	32.3
1780.5769	92.19	31.9
1806.476	92.26	31.5
1832.7518	92.33	31.1
1859.4098	92.4	30.7
1886.4555	92.47	30.3
1913.8947	92.53	29.9
1941.7329	92.6	29.5
1969.9761	92.68	29.2
1998.63	92.77	28.9
2027.7008	92.87	28.6
2057.1943	92.98	28.2
2087.1169	93.09	27.8
2117.4747	93.21	27.3
2148.2741	93.32	26.8
2179.5215	93.44	26.1
2211.2234	93.56	25.4
2243.3863	93.67	24.6
2276.0171	93.78	23.8
2309.1226	93.89	22.8
2342.7095	93.99	21.8
2376.785	94.07	20.7
2411.3562	94.15	19.5
2446.4302	94.21	18.2
2482.0143	94.25	16.9
2518.116	94.28	15.7
2554.7429	94.29	14.4
2591.9025	94.29	13.1
2629.6026	94.28	11.9
2667.851	94.26	10.6
2706.6558	94.22	9.5
2746.025	94.18	8.4
2785.9669	94.13	7.3
2826.4897	94.07	6.4
2867.6019	94	5.5
2909.3121	93.94	4.6
2951.6291	93.87	3.8
2994.5615	93.81	3.1
3038.1184	93.75	2.4
3082.3088	93.69	1.8
3127.1421	93.64	1.2
3172.6274	93.59	0.5
3218.7743	93.55	-0.1
3265.5925	93.5	-0.7
3313.0916	93.46	-1.4
3361.2816	93.43	-2.1
3410.1726	93.39	-2.8
3459.7747	93.34	-3.6
3510.0983	93.29	-4.4
3561.1538	93.23	-5.2
3612.952	93.16	-6
3665.5036	93.09	-6.8
3718.8196	93.01	-7.6
3772.9111	92.92	-8.4
3827.7893	92.82	-9.1
3883.4658	92.71	-9.9
3939.9521	92.59	-10.6
3997.26	92.45	-11.3
4055.4015	92.31	-11.8
4114.3887	92.15	-12.3
4174.2339	91.99	-12.6
4234.9495	91.83	-12.8
4296.5482	91.67	-12.9
4359.043	91.51	-12.9
4422.4467	91.37	-12.8
4486.7727	91.23	-12.7
4552.0343	91.1	-12.5
4618.2452	90.99	-12.3
4685.4191	90.89	-12.1
4753.5701	90.8	-11.9
4822.7123	90.72	-11.7
4892.8603	90.66	-11.5
4964.0286	90.62	-11.4
5036.2321	90.59	-11.4
5109.4857	90.56	-11.5
5183.8049	90.53	-11.8
5259.2051	90.49	-12.1
5335.702	90.44	-12.6
5413.3116	90.37	-13.1
5492.05	90.28	-13.5
5571.9337	90.16	-13.9
5652.9794	90.03	-14
5735.2038	89.88	-13.8
5818.6243	89.74	-13.3
5903.2581	89.62	-12.7
5989.123	89.52	-11.9
6076.2368	89.45	-11
6164.6177	89.42	-10.2
6254.2841	89.42	-9.4
6345.2548	89.44	-8.7
6437.5486	89.49	-8.1
6531.1849	89.56	-7.7
6626.1832	89.64	-7.5
6722.5633	89.74	-7.4
6820.3452	89.84	-7.7
6919.5494	89.93	-8.4
7020.1966	90	-9.4
7122.3077	90.03	-10.7
7225.904	90.03	-12.1
7331.0072	89.98	-13.6
7437.6392	89.89	-15
7545.8221	89.77	-16.3
7655.5786	89.62	-17.4
7766.9316	89.44	-18.4
7879.9042	89.24	-19.1
7994.5201	89.03	-19.7
8110.803	88.82	-20.1
8228.7774	88.59	-20.4
8348.4677	88.36	-20.6
8469.899	88.15	-20.6
8593.0965	87.94	-20.6
8718.086	87.74	-20.5
8844.8934	87.55	-20.4
8973.5454	87.38	-20.2
9104.0686	87.22	-20.1
9236.4903	87.07	-20
9370.8382	86.93	-19.9
9507.1402	86.78	-19.9
9645.4247	86.63	-19.8
9785.7206	86.49	-19.7
9928.0572	86.36	-19.6
10072.464	86.24	-19.5
10218.971	86.13	-19.6
10367.61	86.03	-19.9
10518.41	85.94	-20.4
10671.404	85.83	-21
10826.623	85.72	-21.9
10984.1	85.58	-22.9
11143.867	85.42	-24
11305.959	85.24	-25.2
11470.408	85.03	-26.4
11637.249	84.81	-27.7
11806.516	84.55	-28.9
11978.246	84.25	-30.2
12152.474	83.9	-31.3
12329.235	83.49	-32.3
12508.568	83.02	-32.9
12690.51	82.49	-32.9
12875.097	81.91	-32.2
13062.37	81.28	-30.6
13252.366	80.63	-28.1
13445.127	79.96	-24.8
13640.69	79.29	-20.7
13839.099	78.64	-16.2
14040.393	78.02	-11.6
14244.615	77.43	-6.8
14451.808	76.89	-2
14662.014	76.41	3
14875.278	76.01	8.2
15091.644	75.73	13.7
15311.157	75.6	19.5
15533.863	75.67	25.3
15759.808	75.9	30.6
15989.04	76.24	35.3
16221.606	76.61	39
16457.555	76.96	42
16696.935	77.27	44.4
16939.798	77.56	46.4
17186.193	77.83	48.2
17436.172	78.09	49.7
17689.787	78.35	50.9
17947.091	78.6	51.7
18208.137	78.84	51.9
18472.981	79.05	51.5
18741.676	79.23	50.4
19014.28	79.37	48.7
19290.849	79.49	46.7
19571.441	79.59	44.4
19856.114	79.68	41.7
20144.928	79.76	38.3
20437.943	79.8	34.3
20735.22	79.81	29.5
21036.82	79.77	23.7
21342.808	79.69	16.7
21653.246	79.56	8.2
21968.2	79.38	-2.4
22287.735	79.16	-15.4
22611.917	78.88	-31.1
22940.815	78.57	-49.2
23274.497	78.23	-69.2
23613.033	77.85	-90.4
23956.492	77.44	-112.3
24304.947	77.03	-134.8
24658.471	76.63	-157.4
25017.137	76.26	180
25381.019	75.93	157.7
25750.195	75.64	136
26124.74	75.41	115.2
26504.733	75.25	95.7
26890.253	75.15	78
27281.381	75.12	62.4
27678.198	75.11	48.9
28080.786	75.08	37.2
28489.231	75.03	26.8
28903.616	74.92	17.5
29324.029	74.76	9
29750.557	74.54	1.3
30183.289	74.28	-5.7
30622.315	73.99	-12.1
31067.726	73.67	-18.1
31519.617	73.35	-23.7
31978.08	73.04	-29
32443.212	72.76	-33.9
32915.11	72.54	-38.5
33393.871	72.43	-43
33879.596	72.46	-48
34372.386	72.62	-53.8
34872.344	72.86	-60.4
35379.574	73.12	-68.2
35894.182	73.36	-76.9
36416.274	73.55	-86.4
36945.961	73.69	-96.7
37483.353	73.77	-107.2
38028.561	73.82	-117.5
38581.699	73.84	-126.9
39142.882	73.84	-134.1
39712.229	73.84	-136.8
