4.9182	50.93	152.7
4.98973	50.94	156.1
5.06231	50.95	160.3
5.13594	50.97	164.9
5.21065	50.98	169.7
5.28644	51.01	174.5
5.36333	51.03	179
5.44134	51.06	-176.8
5.52049	51.11	-173.2
5.60078	51.16	-170.2
5.68225	51.23	-167.9
5.7649	51.32	-166.6
5.84875	51.44	-166.1
5.93382	51.59	-166.6
6.02013	51.79	-168.1
6.1077	52.03	-170.5
6.19654	52.29	-173.7
6.28667	52.58	-177.6
6.37811	52.87	177.9
6.47088	53.16	173
6.565	53.43	167.7
6.66049	53.68	162.3
6.75737	53.91	156.9
6.85566	54.11	151.7
6.95538	54.27	146.7
7.05655	54.38	142
7.15919	54.46	137.8
7.26332	54.49	134.1
7.36897	54.47	130.9
7.47615	54.4	128
7.58489	54.27	125.5
7.69522	54.09	123.3
7.80715	53.87	121.3
7.92071	53.6	119.4
8.03592	53.3	117.7
8.1528	52.98	116
8.27139	52.65	114.4
8.3917	52.34	112.8
8.51376	52.06	111.2
8.63759	51.84	109.6
8.76323	51.69	107.9
8.89069	51.63	106.2
9.02001	51.65	104.5
9.15121	51.73	102.7
9.28432	51.86	100.9
9.41936	52.03	99.1
9.55637	52.22	97.2
9.69537	52.42	95.4
9.83639	52.62	93.4
9.97946	52.82	91.5
10.12462	53.01	89.5
10.27188	53.18	87.5
10.42129	53.35	85.4
10.57287	53.51	83.4
10.72666	53.68	81.2
10.88268	53.85	78.9
11.04098	54.04	76.4
11.20157	54.25	73.7
11.3645	54.49	70.7
11.5298	54.78	67.3
11.69751	55.11	63.4
11.86765	55.5	59
12.04027	55.92	54
12.2154	56.37	48.3
12.39308	56.79	42
12.57334	57.17	35.1
12.75622	57.48	27.5
12.94176	57.72	19.5
13.13001	57.87	10.9
13.32099	57.94	1.7
13.51474	57.95	-8
13.71132	57.89	-18.3
13.91076	57.78	-29.1
14.11309	57.62	-40.3
14.31837	57.4	-51.8
14.52664	57.11	-63.5
14.73793	56.73	-75.3
14.9523	56.24	-87.1
15.16979	55.61	-98.6
15.39044	54.85	-109.2
15.6143	53.96	-118.3
15.84141	52.97	-125.4
16.07183	51.91	-130.1
16.3056	50.85	-132.6
16.54277	49.78	-133.2
16.78339	48.72	-132.8
17.02751	47.68	-132.2
17.27518	46.69	-132.5
17.52646	45.77	-134.6
17.78138	44.96	-139
18.04002	44.25	-145.8
18.30242	43.62	-154.5
18.56863	43.05	-163.9
18.83872	42.5	-173.3
19.11274	41.91	178
19.39074	41.22	170
19.67278	40.39	162.2
19.95893	39.45	153.8
20.24924	38.49	144.3
20.54377	37.72	132.6
20.84259	37.29	118.3
21.14575	37.26	101
21.45332	37.56	81.4
21.76537	38.08	60.4
22.08195	38.7	39.7
22.40314	39.37	20.3
22.729	40.06	3.2
23.0596	40.77	-10.6
23.39501	41.52	-19.6
23.7353	42.3	-25.2
24.08054	43.06	-32
24.4308	43.7	-41
24.78615	44.21	-50.1
25.14667	44.67	-59
25.51244	45.1	-68.3
25.88353	45.49	-77.6
26.26001	45.8	-85.9
26.64197	46.05	-93
27.02949	46.24	-99.2
27.42264	46.38	-105
27.82151	46.49	-110.6
28.22619	46.56	-115.9
28.63675	46.64	-120.5
29.05328	46.75	-124.8
29.47587	46.88	-128.9
29.9046	46.98	-132.8
30.33958	47.05	-136.7
30.78088	47.09	-140.5
31.22859	47.08	-144
31.68282	47.03	-147
32.14366	46.94	-149.7
32.6112	46.82	-152
33.08554	46.67	-153.9
33.56678	46.51	-155.3
34.05502	46.35	-156
34.55036	46.25	-155.9
35.05291	46.21	-155.1
35.56277	46.21	-154
36.08004	46.23	-153.1
36.60484	46.26	-152.3
37.13727	46.31	-151.5
37.67744	46.4	-150.4
38.22547	46.53	-149.1
38.78147	46.7	-147.6
39.34556	46.93	-146.1
39.91786	47.22	-144.6
40.49848	47.53	-143.1
41.08754	47.86	-141.9
41.68517	48.22	-140.8
42.2915	48.6	-139.9
42.90664	48.99	-139.4
43.53073	49.38	-139.4
44.1639	49.78	-139.8
44.80628	50.18	-140.3
45.458	50.59	-140.8
46.1192	51.01	-141.4
46.79002	51.43	-142.2
47.4706	51.86	-143.1
48.16108	52.29	-144.2
48.86159	52.71	-145.5
49.5723	53.08	-147.1
50.29335	53.42	-148.8
51.02488	53.71	-150.7
51.76706	53.95	-152.7
52.52003	54.14	-154.9
53.28395	54.29	-157.1
54.05898	54.39	-159.1
54.84529	54.45	-161
55.64303	54.5	-162.8
56.45238	54.52	-164.3
57.27349	54.53	-165.7
58.10656	54.53	-166.9
58.95174	54.53	-167.8
59.80921	54.53	-168.4
60.67915	54.54	-168.7
61.56175	54.56	-168.7
62.45719	54.61	-168.5
63.36565	54.69	-167.9
64.28732	54.81	-167.1
65.2224	55	-166
66.17109	55.25	-164.8
67.13357	55.58	-163.4
68.11005	55.97	-162.1
69.10073	56.43	-160.9
70.10582	56.94	-159.9
71.12554	57.5	-159.1
72.16008	58.06	-158.7
73.20967	58.62	-158.6
74.27453	59.16	-158.9
75.35488	59.68	-159.5
76.45094	60.16	-160.6
77.56295	60.58	-162.1
78.69113	60.92	-163.9
79.83571	61.19	-166
80.99695	61.39	-168.2
82.17508	61.53	-170.5
83.37034	61.62	-172.9
84.58299	61.67	-175.2
85.81328	61.69	-177.2
87.06146	61.68	-179.1
88.3278	61.64	179.4
89.61256	61.59	178
90.916	61.5	177
92.23841	61.41	176.4
93.58005	61.3	176.2
94.9412	61.19	176.4
96.32215	61.1	177.1
97.72319	61.05	178.1
99.14461	61.08	179.5
100.5867	61.18	-179
102.04976	61.36	-177.3
103.53411	61.62	-175.5
105.04005	61.94	-173.8
106.56789	62.3	-172.3
108.11796	62.69	-170.9
109.69057	63.11	-169.6
111.28606	63.57	-168.5
112.90475	64.06	-167.4
114.54699	64.57	-166.5
116.21311	65.08	-165.7
117.90347	65.57	-165.1
119.61842	66.05	-164.8
121.35831	66.51	-164.8
123.1235	66.96	-165
124.91438	67.4	-165.4
126.7313	67.84	-166
128.57465	68.27	-166.8
130.44481	68.68	-167.9
132.34217	69.07	-169.1
134.26713	69.43	-170.5
136.22009	69.75	-172
138.20146	70.04	-173.5
140.21165	70.31	-175.1
142.25107	70.55	-176.6
144.32016	70.79	-178.1
146.41935	71.01	-179.5
148.54906	71.23	179.1
150.70976	71.43	177.7
152.90188	71.62	176.3
155.12589	71.8	174.9
157.38225	71.96	173.6
159.67143	72.11	172.5
161.9939	72.25	171.4
164.35016	72.39	170.4
166.74069	72.54	169.5
169.16599	72.67	168.6
171.62656	72.8	167.7
174.12293	72.91	166.9
176.6556	73	166.2
179.22512	73.09	165.7
181.83201	73.17	165.4
184.47682	73.25	165.3
187.16009	73.36	165.4
189.8824	73.49	165.7
192.6443	73.65	166.1
195.44638	73.84	166.6
198.28921	74.06	167.2
201.1734	74.29	167.7
204.09953	74.54	168.2
207.06823	74.8	168.8
210.0801	75.06	169.3
213.13579	75.32	169.9
216.23592	75.59	170.5
219.38114	75.89	171.3
222.57212	76.21	172.1
225.8095	76.59	173.1
229.09398	77.03	174.2
232.42622	77.54	175.4
235.80694	78.11	176.4
239.23683	78.72	177.3
242.71661	79.36	178
246.24701	79.99	178.5
249.82875	80.61	178.7
253.4626	81.2	178.7
257.14929	81.75	178.4
260.88962	82.26	177.8
264.68434	82.72	176.8
268.53427	83.13	175.5
272.44019	83.51	173.9
276.40292	83.85	171.9
280.42329	84.17	169.6
284.50214	84.45	167
288.64032	84.7	164.4
292.83869	84.9	161.8
297.09813	85.08	159.4
301.41952	85.24	157.1
305.80377	85.38	155.2
310.25179	85.53	153.4
314.7645	85.69	151.9
319.34286	85.87	150.6
323.98781	86.06	149.3
328.70032	86.25	148.1
333.48138	86.45	147
338.33197	86.65	145.9
343.25313	86.84	144.9
348.24586	87.05	144
353.31121	87.27	143.3
358.45024	87.52	142.6
363.66402	87.78	141.9
368.95363	88.07	141.2
374.32019	88.37	140.4
379.7648	88.68	139.5
385.28861	89.01	138.6
390.89276	89.36	137.6
396.57842	89.72	136.5
402.34679	90.07	135.3
408.19906	90.42	134
414.13645	90.75	132.4
420.1602	91.05	130.7
426.27158	91.32	128.7
432.47184	91.56	126.7
438.76229	91.76	124.5
445.14423	91.94	122.3
451.619	92.09	120.1
458.18795	92.22	117.9
464.85245	92.34	115.8
471.61388	92.45	113.8
478.47367	92.55	111.9
485.43323	92.65	110.1
492.49401	92.75	108.4
499.6575	92.86	106.9
506.92519	92.97	105.4
514.29859	93.09	104.1
521.77923	93.23	102.8
529.36869	93.39	101.6
537.06853	93.55	100.3
544.88037	93.73	98.9
552.80584	93.91	97.4
560.84659	94.08	95.8
569.00429	94.24	94.1
577.28065	94.39	92.2
585.67739	94.52	90.3
594.19626	94.63	88.4
602.83904	94.73	86.4
611.60754	94.81	84.4
620.50358	94.87	82.5
629.52901	94.92	80.6
638.68572	94.97	78.8
647.97562	95	77
657.40064	95.03	75.3
666.96275	95.06	73.6
676.66395	95.09	72
686.50625	95.11	70.5
696.49171	95.13	68.9
706.62242	95.15	67.4
716.90048	95.16	65.9
727.32804	95.17	64.5
737.90727	95.18	63.1
748.64037	95.2	61.6
759.5296	95.2	60.2
770.57721	95.2	58.7
781.78552	95.19	57.3
793.15685	95.17	55.9
804.69358	95.14	54.6
816.39812	95.11	53.2
828.2729	95.08	52
840.32041	95.04	50.7
852.54315	94.99	49.5
864.94368	94.93	48.4
877.52457	94.88	47.4
890.28846	94.82	46.4
903.238	94.76	45.4
916.3759	94.7	44.5
929.7049	94.64	43.7
943.22777	94.59	42.8
956.94733	94.53	42
970.86645	94.47	41.3
984.98803	94.41	40.5
999.31501	94.35	39.9
1013.8504	94.3	39.2
1028.5972	94.24	38.6
1043.5585	94.18	38
1058.7374	94.12	37.4
1074.1371	94.06	36.8
1089.7607	93.99	36.3
1105.6117	93.92	35.8
1121.6932	93.84	35.3
1138.0086	93.76	35
1154.5613	93.68	34.8
1171.3548	93.59	34.6
1188.3925	93.52	34.5
1205.6781	93.44	34.5
1223.2151	93.38	34.6
1241.0072	93.32	34.8
1259.058	93.27	35.1
1277.3714	93.23	35.4
1295.9512	93.22	35.7
1314.8013	93.22	36.1
1333.9255	93.24	36.4
1353.3279	93.27	36.8
1373.0125	93.32	37.1
1392.9834	93.37	37.3
1413.2448	93.43	37.5
1433.801	93.51	37.7
1454.6561	93.59	37.9
1475.8145	93.68	37.9
1497.2807	93.77	37.9
1519.0592	93.86	37.9
1541.1544	93.96	37.7
1563.571	94.05	37.5
1586.3137	94.14	37.3
1609.3872	94.22	37
1632.7962	94.31	36.8
1656.5458	94.39	36.5
1680.6408	94.47	36.2
1705.0863	94.55	35.9
1729.8874	94.63	35.5
1755.0491	94.71	35.2
1780.5769	94.79	34.8
1806.476	94.86	34.4
1832.7518	94.94	34
1859.4098	95.02	33.6
1886.4555	95.1	33.2
1913.8947	95.18	32.8
1941.7329	95.26	32.5
1969.9761	95.34	32.1
1998.63	95.45	31.8
2027.7008	95.55	31.4
2057.1943	95.67	30.9
2087.1169	95.78	30.3
2117.4747	95.9	29.7
2148.2741	96.01	29
2179.5215	96.13	28.3
2211.2234	96.24	27.5
2243.3863	96.34	26.6
2276.0171	96.44	25.7
2309.1226	96.54	24.6
2342.7095	96.62	23.5
2376.785	96.7	22.3
2411.3562	96.76	21.1
2446.4302	96.8	19.8
2482.0143	96.83	18.6
2518.116	96.85	17.3
2554.7429	96.85	16
2591.9025	96.85	14.7
2629.6026	96.83	13.5
2667.851	96.8	12.3
2706.6558	96.76	11.2
2746.025	96.71	10.1
2785.9669	96.65	9.1
2826.4897	96.59	8.1
2867.6019	96.53	7.2
2909.3121	96.46	6.4
2951.6291	96.4	5.6
2994.5615	96.34	4.8
3038.1184	96.28	4.1
3082.3088	96.22	3.3
3127.1421	96.16	2.6
3172.6274	96.1	1.8
3218.7743	96.04	1
3265.5925	95.98	0.2
3313.0916	95.91	-0.6
3361.2816	95.84	-1.4
3410.1726	95.75	-2.2
3459.7747	95.66	-3.1
3510.0983	95.56	-3.9
3561.1538	95.45	-4.6
3612.952	95.33	-5.4
3665.5036	95.2	-6
3718.8196	95.06	-6.6
3772.9111	94.91	-7.2
3827.7893	94.75	-7.6
3883.4658	94.59	-8
3939.9521	94.42	-8.3
3997.26	94.24	-8.5
4055.4015	94.06	-8.6
4114.3887	93.88	-8.6
4174.2339	93.7	-8.4
4234.9495	93.53	-8.2
4296.5482	93.36	-7.8
4359.043	93.2	-7.3
4422.4467	93.04	-6.8
4486.7727	92.9	-6.1
4552.0343	92.77	-5.4
4618.2452	92.66	-4.6
4685.4191	92.57	-3.7
4753.5701	92.5	-2.8
4822.7123	92.46	-1.9
4892.8603	92.44	-1.1
4964.0286	92.44	-0.2
5036.2321	92.48	0.5
5109.4857	92.53	1.2
5183.8049	92.59	1.7
5259.2051	92.67	2.1
5335.702	92.75	2.3
5413.3116	92.82	2.3
5492.05	92.88	2.2
5571.9337	92.91	1.9
5652.9794	92.92	1.7
5735.2038	92.92	1.6
5818.6243	92.9	1.6
5903.2581	92.88	1.7
5989.123	92.87	2
6076.2368	92.86	2.3
6164.6177	92.88	2.8
6254.2841	92.92	3.3
6345.2548	92.98	3.7
6437.5486	93.07	4.2
6531.1849	93.19	4.7
6626.1832	93.33	5
6722.5633	93.51	5.3
6820.3452	93.7	5.3
6919.5494	93.91	4.9
7020.1966	94.09	4.3
7122.3077	94.26	3.3
7225.904	94.39	2
7331.0072	94.48	0.5
7437.6392	94.54	-1.2
7545.8221	94.56	-2.9
7655.5786	94.54	-4.6
7766.9316	94.49	-6.2
7879.9042	94.42	-7.7
7994.5201	94.32	-9.1
8110.803	94.21	-10.4
8228.7774	94.08	-11.5
8348.4677	93.93	-12.6
8469.899	93.77	-13.4
8593.0965	93.61	-14.2
8718.086	93.45	-14.8
8844.8934	93.31	-15.3
8973.5454	93.19	-15.8
9104.0686	93.1	-16.3
9236.4903	93.02	-16.9
9370.8382	92.94	-17.7
9507.1402	92.87	-18.6
9645.4247	92.77	-19.6
9785.7206	92.66	-20.8
9928.0572	92.52	-21.9
10072.464	92.37	-22.9
10218.971	92.2	-23.9
10367.61	92.02	-24.9
10518.41	91.82	-25.9
10671.404	91.6	-26.8
10826.623	91.36	-27.6
10984.1	91.09	-28.3
11143.867	90.79	-28.9
11305.959	90.47	-29.3
11470.408	90.13	-29.4
11637.249	89.78	-29.3
11806.516	89.43	-28.9
11978.246	89.09	-28.3
12152.474	88.75	-27.5
12329.235	88.44	-26.6
12508.568	88.14	-25.5
12690.51	87.88	-24.3
12875.097	87.66	-23.1
13062.37	87.48	-22
13252.366	87.34	-21
13445.127	87.24	-20.2
13640.69	87.17	-19.6
13839.099	87.14	-19.3
14040.393	87.13	-19.3
14244.615	87.14	-19.8
14451.808	87.15	-20.7
14662.014	87.15	-22.1
14875.278	87.13	-23.9
15091.644	87.08	-26.3
15311.157	86.98	-29.1
15533.863	86.82	-32.1
15759.808	86.59	-35.2
15989.04	86.31	-38
16221.606	85.97	-40.6
16457.555	85.57	-43.2
16696.935	85.12	-45.9
16939.798	84.6	-48.9
17186.193	84.01	-52.4
17436.172	83.36	-56.6
17689.787	82.62	-61.8
17947.091	81.82	-68.5
18208.137	80.93	-77.1
18472.981	80.01	-87.6
18741.676	79.13	-99.5
19014.28	78.42	-112.5
19290.849	77.95	-126.7
19571.441	77.76	-141.8
19856.114	77.81	-157.5
20144.928	78.04	-173.6
20437.943	78.39	170.3
20735.22	78.82	154.4
21036.82	79.28	139
21342.808	79.75	124.4
21653.246	80.19	110.9
21968.2	80.58	99
22287.735	80.9	88.9
22611.917	81.15	80.7
22940.815	81.33	74
23274.497	81.47	68.4
23613.033	81.58	63.9
23956.492	81.65	60
24304.947	81.7	56.7
24658.471	81.71	53.9
25017.137	81.7	51.4
25381.019	81.65	49.2
25750.195	81.57	47.2
26124.74	81.47	45.6
26504.733	81.37	44.2
26890.253	81.29	43
27281.381	81.25	41.8
27678.198	81.26	40.5
28080.786	81.29	38.8
28489.231	81.34	36.8
28903.616	81.39	34.4
29324.029	81.42	31.8
29750.557	81.44	28.9
30183.289	81.44	25.9
30622.315	81.44	22.5
31067.726	81.44	18.9
31519.617	81.44	14.8
31978.08	81.46	10.4
32443.212	81.47	5.2
32915.11	81.48	-0.6
33393.871	81.45	-7.4
33879.596	81.37	-14.9
34372.386	81.24	-23.3
34872.344	81.04	-32.4
35379.574	80.8	-42.2
35894.182	80.51	-52.6
36416.274	80.2	-63.7
36945.961	79.88	-75.5
37483.353	79.57	-88.4
38028.561	79.27	-102.9
38581.699	79	-118.4
39142.882	78.8	-131.5
39712.229	78.72	-136.9
