4.9182	46.81	38.7
4.98973	46.81	36.4
5.06231	46.81	33.5
5.13594	46.81	30.2
5.21065	46.82	26.5
5.28644	46.84	22.5
5.36333	46.86	18.2
5.44134	46.9	13.7
5.52049	46.95	9
5.60078	47.03	4
5.68225	47.13	-1.2
5.7649	47.28	-6.7
5.84875	47.49	-12.5
5.93382	47.76	-18.6
6.02013	48.11	-25.2
6.1077	48.51	-32.3
6.19654	48.95	-39.8
6.28667	49.41	-47.6
6.37811	49.87	-55.9
6.47088	50.3	-64.4
6.565	50.71	-73.2
6.66049	51.08	-82.1
6.75737	51.41	-91
6.85566	51.69	-100
6.95538	51.93	-108.8
7.05655	52.13	-117.6
7.15919	52.28	-126.1
7.26332	52.39	-134.4
7.36897	52.46	-142.5
7.47615	52.51	-150.4
7.58489	52.53	-158.1
7.69522	52.54	-165.6
7.80715	52.54	-173.1
7.92071	52.52	179.6
8.03592	52.49	172.2
8.1528	52.45	164.7
8.27139	52.39	157.1
8.3917	52.32	149.3
8.51376	52.22	141.2
8.63759	52.1	132.8
8.76323	51.92	124
8.89069	51.69	114.8
9.02001	51.37	105.1
9.15121	50.95	95.1
9.28432	50.42	85
9.41936	49.77	75.2
9.55637	48.98	66.2
9.69537	48.05	58.3
9.83639	46.99	52
9.97946	45.81	47.7
10.12462	44.58	45.9
10.27188	43.39	46.9
10.42129	42.31	50.9
10.57287	41.41	57.7
10.72666	40.74	66.9
10.88268	40.35	77.3
11.04098	40.25	88.1
11.20157	40.42	97.9
11.3645	40.85	105.5
11.5298	41.47	110
11.69751	42.26	110.4
11.86765	43.18	106.1
12.04027	44.18	97.3
12.2154	45.24	84.6
12.39308	46.31	68.9
12.57334	47.38	51.6
12.75622	48.44	33.8
12.94176	49.5	16.8
13.13001	50.56	1.3
13.32099	51.62	-12.4
13.51474	52.66	-24.5
13.71132	53.65	-35.1
13.91076	54.54	-44.7
14.11309	55.34	-53.4
14.31837	56.03	-61.5
14.52664	56.62	-69.2
14.73793	57.12	-76.5
14.9523	57.56	-83.5
15.16979	57.94	-90.1
15.39044	58.26	-96.1
15.6143	58.52	-101.3
15.84141	58.74	-105.4
16.07183	58.91	-108.5
16.3056	59.05	-110.5
16.54277	59.18	-111.7
16.78339	59.33	-112.4
17.02751	59.54	-112.8
17.27518	59.83	-113.1
17.52646	60.23	-113.6
17.78138	60.75	-114.3
18.04002	61.36	-115.4
18.30242	61.99	-116.8
18.56863	62.58	-118.5
18.83872	63.08	-120.5
19.11274	63.49	-123
19.39074	63.82	-125.7
19.67278	64.09	-128.6
19.95893	64.32	-131.5
20.24924	64.52	-134.1
20.54377	64.7	-136.2
20.84259	64.87	-137.9
21.14575	65.04	-139.2
21.45332	65.2	-140.3
21.76537	65.37	-141.2
22.08195	65.55	-141.9
22.40314	65.74	-142.6
22.729	65.96	-143.3
23.0596	66.2	-143.9
23.39501	66.49	-144.6
23.7353	66.82	-145.3
24.08054	67.17	-146.2
24.4308	67.51	-147
24.78615	67.82	-147.9
25.14667	68.14	-148.8
25.51244	68.48	-149.9
25.88353	68.81	-151
26.26001	69.12	-152.1
26.64197	69.41	-153.2
27.02949	69.69	-154.2
27.42264	69.96	-155.3
27.82151	70.25	-156.6
28.22619	70.53	-157.9
28.63675	70.8	-159.2
29.05328	71.06	-160.6
29.47587	71.33	-162.1
29.9046	71.58	-163.6
30.33958	71.82	-165.1
30.78088	72.05	-166.5
31.22859	72.26	-167.9
31.68282	72.46	-169.3
32.14366	72.65	-170.6
32.6112	72.84	-172
33.08554	73.01	-173.3
33.56678	73.18	-174.6
34.05502	73.33	-175.8
34.55036	73.47	-177
35.05291	73.6	-178.1
35.56277	73.72	-179.1
36.08004	73.82	-180
36.60484	73.92	179.4
37.13727	74.02	179
37.67744	74.12	178.8
38.22547	74.25	179
38.78147	74.42	179.4
39.34556	74.62	-180
39.91786	74.89	-179.1
40.49848	75.21	-178.2
41.08754	75.61	-177.1
41.68517	76.09	-175.9
42.2915	76.63	-174.7
42.90664	77.23	-173.5
43.53073	77.87	-172.4
44.1639	78.54	-171.3
44.80628	79.22	-170.4
45.458	79.9	-169.8
46.1192	80.57	-169.5
46.79002	81.23	-169.6
47.4706	81.87	-170
48.16108	82.49	-170.9
48.86159	83.08	-172.2
49.5723	83.64	-174
50.29335	84.14	-176.2
51.02488	84.6	-178.9
51.76706	85.01	178.1
52.52003	85.37	174.7
53.28395	85.66	171.2
54.05898	85.9	167.8
54.84529	86.09	164.5
55.64303	86.26	161
56.45238	86.41	157.6
57.27349	86.53	154.2
58.10656	86.64	151
58.95174	86.73	147.8
59.80921	86.81	144.8
60.67915	86.87	142.1
61.56175	86.92	139.6
62.45719	86.96	137.3
63.36565	87	135.2
64.28732	87.05	133.3
65.2224	87.1	131.6
66.17109	87.16	130.1
67.13357	87.25	128.7
68.11005	87.35	127.3
69.10073	87.49	126
70.10582	87.65	124.7
71.12554	87.84	123.3
72.16008	88.04	121.8
73.20967	88.25	120.1
74.27453	88.44	118.3
75.35488	88.62	116.3
76.45094	88.77	114
77.56295	88.89	111.7
78.69113	88.96	109.3
79.83571	89	107.1
80.99695	89.01	105
82.17508	88.98	103
83.37034	88.94	101.2
84.58299	88.87	99.5
85.81328	88.79	98.1
87.06146	88.69	96.9
88.3278	88.58	96
89.61256	88.46	95.2
90.916	88.34	94.6
92.23841	88.23	94.2
93.58005	88.14	94.1
94.9412	88.07	94.2
96.32215	88.02	94.4
97.72319	88.02	94.8
99.14461	88.06	95.2
100.5867	88.15	95.7
102.04976	88.28	96.1
103.53411	88.44	96.5
105.04005	88.64	96.8
106.56789	88.85	96.9
108.11796	89.08	96.9
109.69057	89.32	96.8
111.28606	89.58	96.6
112.90475	89.86	96.3
114.54699	90.16	95.9
116.21311	90.46	95.4
117.90347	90.75	94.7
119.61842	91.04	93.9
121.35831	91.31	92.8
123.1235	91.57	91.6
124.91438	91.82	90.3
126.7313	92.06	88.7
128.57465	92.29	87
130.44481	92.5	85.1
132.34217	92.7	83
134.26713	92.87	80.8
136.22009	93	78.6
138.20146	93.11	76.3
140.21165	93.18	74
142.25107	93.23	71.8
144.32016	93.27	69.6
146.41935	93.3	67.6
148.54906	93.31	65.6
150.70976	93.32	63.6
152.90188	93.31	61.6
155.12589	93.29	59.7
157.38225	93.24	57.8
159.67143	93.19	56
161.9939	93.12	54.4
164.35016	93.04	52.8
166.74069	92.96	51.2
169.16599	92.88	49.7
171.62656	92.79	48.2
174.12293	92.68	46.7
176.6556	92.56	45.4
179.22512	92.42	44.2
181.83201	92.26	43.2
184.47682	92.08	42.5
187.16009	91.9	42
189.8824	91.72	41.7
192.6443	91.55	41.6
195.44638	91.39	41.7
198.28921	91.24	41.9
201.1734	91.12	42.1
204.09953	91	42.4
207.06823	90.9	42.7
210.0801	90.81	43
213.13579	90.74	43.4
216.23592	90.68	43.8
219.38114	90.63	44.3
222.57212	90.6	45
225.8095	90.6	45.9
229.09398	90.63	46.9
232.42622	90.71	48.1
235.80694	90.84	49.2
239.23683	91.02	50.3
242.71661	91.24	51.2
246.24701	91.5	52
249.82875	91.77	52.7
253.4626	92.05	53.1
257.14929	92.33	53.3
260.88962	92.6	53.3
264.68434	92.85	53
268.53427	93.08	52.4
272.44019	93.27	51.5
276.40292	93.45	50.2
280.42329	93.59	48.6
284.50214	93.69	46.7
288.64032	93.76	44.7
292.83869	93.77	42.8
297.09813	93.75	40.9
301.41952	93.69	39.3
305.80377	93.6	37.9
310.25179	93.5	36.7
314.7645	93.4	35.9
319.34286	93.3	35.1
323.98781	93.2	34.6
328.70032	93.11	34.1
333.48138	93.03	33.7
338.33197	92.95	33.4
343.25313	92.86	33.1
348.24586	92.78	33.1
353.31121	92.72	33.1
358.45024	92.67	33.3
363.66402	92.64	33.5
368.95363	92.63	33.7
374.32019	92.64	34
379.7648	92.66	34.2
385.28861	92.7	34.4
390.89276	92.75	34.7
396.57842	92.83	34.9
402.34679	92.91	35
408.19906	93.01	35
414.13645	93.11	34.9
420.1602	93.21	34.7
426.27158	93.3	34.4
432.47184	93.37	33.9
438.76229	93.42	33.4
445.14423	93.46	32.9
451.619	93.48	32.4
458.18795	93.48	32
464.85245	93.48	31.6
471.61388	93.47	31.3
478.47367	93.46	31.1
485.43323	93.44	31
492.49401	93.43	31.1
499.6575	93.42	31.2
506.92519	93.43	31.4
514.29859	93.46	31.8
521.77923	93.51	32.2
529.36869	93.59	32.6
537.06853	93.69	33
544.88037	93.81	33.2
552.80584	93.95	33.4
560.84659	94.09	33.5
569.00429	94.24	33.4
577.28065	94.39	33.1
585.67739	94.54	32.8
594.19626	94.68	32.3
602.83904	94.8	31.8
611.60754	94.92	31.2
620.50358	95.02	30.5
629.52901	95.11	29.8
638.68572	95.2	29
647.97562	95.27	28.3
657.40064	95.34	27.5
666.96275	95.4	26.8
676.66395	95.45	26
686.50625	95.49	25.3
696.49171	95.53	24.6
706.62242	95.56	23.9
716.90048	95.59	23.2
727.32804	95.61	22.6
737.90727	95.64	22
748.64037	95.67	21.4
759.5296	95.7	20.8
770.57721	95.73	20.2
781.78552	95.75	19.6
793.15685	95.77	19
804.69358	95.78	18.4
816.39812	95.8	17.9
828.2729	95.81	17.3
840.32041	95.82	16.7
852.54315	95.83	16.1
864.94368	95.83	15.6
877.52457	95.84	15
890.28846	95.83	14.5
903.238	95.83	14
916.3759	95.82	13.5
929.7049	95.8	13
943.22777	95.79	12.6
956.94733	95.78	12.2
970.86645	95.76	11.8
984.98803	95.74	11.4
999.31501	95.72	11.1
1013.8504	95.71	10.9
1028.5972	95.69	10.6
1043.5585	95.68	10.5
1058.7374	95.68	10.3
1074.1371	95.69	10.2
1089.7607	95.7	10
1105.6117	95.71	9.9
1121.6932	95.74	9.8
1138.0086	95.77	9.6
1154.5613	95.81	9.4
1171.3548	95.86	9.2
1188.3925	95.9	8.9
1205.6781	95.95	8.5
1223.2151	95.99	8.1
1241.0072	96.03	7.7
1259.058	96.07	7.2
1277.3714	96.1	6.7
1295.9512	96.12	6.1
1314.8013	96.13	5.6
1333.9255	96.14	5.1
1353.3279	96.15	4.6
1373.0125	96.15	4.1
1392.9834	96.16	3.6
1413.2448	96.16	3.2
1433.801	96.16	2.7
1454.6561	96.17	2.3
1475.8145	96.17	1.9
1497.2807	96.18	1.5
1519.0592	96.19	1.1
1541.1544	96.2	0.7
1563.571	96.21	0.2
1586.3137	96.22	-0.2
1609.3872	96.24	-0.7
1632.7962	96.26	-1.1
1656.5458	96.28	-1.6
1680.6408	96.29	-2.2
1705.0863	96.31	-2.7
1729.8874	96.32	-3.3
1755.0491	96.34	-3.9
1780.5769	96.35	-4.5
1806.476	96.36	-5.1
1832.7518	96.37	-5.7
1859.4098	96.37	-6.3
1886.4555	96.38	-6.9
1913.8947	96.39	-7.6
1941.7329	96.4	-8.2
1969.9761	96.41	-8.9
1998.63	96.42	-9.7
2027.7008	96.42	-10.4
2057.1943	96.42	-11.2
2087.1169	96.42	-12
2117.4747	96.42	-12.9
2148.2741	96.41	-13.8
2179.5215	96.41	-14.7
2211.2234	96.4	-15.7
2243.3863	96.38	-16.8
2276.0171	96.35	-17.9
2309.1226	96.31	-19.1
2342.7095	96.26	-20.3
2376.785	96.2	-21.5
2411.3562	96.11	-22.8
2446.4302	96.02	-24
2482.0143	95.9	-25.2
2518.116	95.77	-26.4
2554.7429	95.62	-27.5
2591.9025	95.45	-28.5
2629.6026	95.26	-29.4
2667.851	95.06	-30.2
2706.6558	94.84	-30.8
2746.025	94.62	-31.2
2785.9669	94.38	-31.4
2826.4897	94.15	-31.5
2867.6019	93.91	-31.3
2909.3121	93.69	-31.1
2951.6291	93.48	-30.6
2994.5615	93.29	-30.1
3038.1184	93.14	-29.5
3082.3088	93.01	-28.8
3127.1421	92.91	-28.2
3172.6274	92.85	-27.7
3218.7743	92.81	-27.2
3265.5925	92.79	-26.9
3313.0916	92.79	-26.7
3361.2816	92.79	-26.7
3410.1726	92.8	-26.8
3459.7747	92.81	-27.1
3510.0983	92.81	-27.6
3561.1538	92.79	-28.1
3612.952	92.77	-28.8
3665.5036	92.72	-29.5
3718.8196	92.66	-30.3
3772.9111	92.58	-31
3827.7893	92.48	-31.7
3883.4658	92.36	-32.4
3939.9521	92.23	-33
3997.26	92.1	-33.5
4055.4015	91.95	-33.9
4114.3887	91.8	-34.3
4174.2339	91.65	-34.6
4234.9495	91.51	-34.8
4296.5482	91.36	-35
4359.043	91.23	-35.2
4422.4467	91.1	-35.4
4486.7727	90.97	-35.6
4552.0343	90.85	-35.8
4618.2452	90.74	-36
4685.4191	90.62	-36.3
4753.5701	90.5	-36.6
4822.7123	90.38	-37
4892.8603	90.25	-37.3
4964.0286	90.12	-37.7
5036.2321	89.98	-38
5109.4857	89.85	-38.3
5183.8049	89.71	-38.6
5259.2051	89.56	-39
5335.702	89.42	-39.3
5413.3116	89.27	-39.6
5492.05	89.13	-39.9
5571.9337	88.97	-40.3
5652.9794	88.82	-40.6
5735.2038	88.66	-40.9
5818.6243	88.51	-41.2
5903.2581	88.36	-41.5
5989.123	88.22	-41.8
6076.2368	88.1	-42.2
6164.6177	87.99	-42.7
6254.2841	87.89	-43.3
6345.2548	87.8	-44.2
6437.5486	87.71	-45.3
6531.1849	87.62	-46.6
6626.1832	87.52	-48.2
6722.5633	87.41	-50
6820.3452	87.3	-52.1
6919.5494	87.16	-54.6
7020.1966	87.01	-57.4
7122.3077	86.82	-60.4
7225.904	86.6	-63.7
7331.0072	86.35	-67.3
7437.6392	86.04	-71
7545.8221	85.7	-74.9
7655.5786	85.31	-79.1
7766.9316	84.87	-83.6
7879.9042	84.4	-88.4
7994.5201	83.9	-93.8
8110.803	83.38	-99.9
8228.7774	82.85	-106.8
8348.4677	82.33	-114.6
8469.899	81.87	-123.5
8593.0965	81.5	-133.5
8718.086	81.25	-144.4
8844.8934	81.11	-156.3
8973.5454	81.09	-169
9104.0686	81.15	177.6
9236.4903	81.28	163.7
9370.8382	81.46	149.5
9507.1402	81.66	135.1
9645.4247	81.89	120.7
9785.7206	82.11	106.4
9928.0572	82.31	92.3
10072.464	82.48	78.5
10218.971	82.6	64.9
10367.61	82.66	51.5
10518.41	82.65	38.1
10671.404	82.56	24.6
10826.623	82.4	10.8
10984.1	82.18	-3.6
11143.867	81.9	-19
11305.959	81.59	-36
11470.408	81.23	-54.7
11637.249	80.83	-75.1
11806.516	80.39	-96.7
11978.246	79.9	-119.2
12152.474	79.36	-141.9
12329.235	78.79	-164.8
12508.568	78.22	172.1
12690.51	77.69	148.7
12875.097	77.23	125
13062.37	76.86	100.8
13252.366	76.57	76
13445.127	76.35	50.7
13640.69	76.2	25.2
13839.099	76.09	0.1
14040.393	76.03	-24.5
14244.615	76.01	-48.4
14451.808	76.05	-71.7
14662.014	76.18	-94.5
14875.278	76.35	-116.9
15091.644	76.56	-138.7
15311.157	76.77	-159.9
15533.863	76.96	179.8
15759.808	77.11	160.8
15989.04	77.24	143.5
16221.606	77.36	128
16457.555	77.46	114.6
16696.935	77.57	103.1
16939.798	77.67	93
17186.193	77.77	84
17436.172	77.86	75.6
17689.787	77.91	67.4
17947.091	77.89	59.2
18208.137	77.78	51
18472.981	77.6	42.9
18741.676	77.36	35
19014.28	77.08	27.6
19290.849	76.78	21
19571.441	76.48	15.5
19856.114	76.16	10.4
20144.928	75.81	5.2
20437.943	75.41	-0.8
20735.22	74.93	-7.9
21036.82	74.37	-16.3
21342.808	73.73	-26.1
21653.246	73.05	-37.3
21968.2	72.41	-50
22287.735	71.86	-64.3
22611.917	71.48	-80.2
22940.815	71.24	-98
23274.497	71.13	-118
23613.033	71.05	-140.3
23956.492	70.98	-164.7
24304.947	70.87	169.7
24658.471	70.72	143.8
25017.137	70.52	118.3
25381.019	70.28	93
25750.195	70.01	67.2
26124.74	69.71	40
26504.733	69.36	9.9
26890.253	68.94	-24.6
27281.381	68.42	-65.9
27678.198	67.79	-117.3
28080.786	67.06	176.6
28489.231	66.29	89
28903.616	65.52	-30
29324.029	64.82	165.8
29750.557	64.21	-24.3
30183.289	63.67	174.1
30622.315	63.17	60.1
31067.726	62.65	-20.4
31519.617	62.08	-77.1
31978.08	61.45	-117.1
32443.212	60.79	-145.3
32915.11	60.15	-165.3
33393.871	59.56	-179.3
33879.596	59.07	170.8
34372.386	58.66	163.8
34872.344	58.31	158.9
35379.574	58.01	155.4
35894.182	57.77	153
36416.274	57.57	151.3
36945.961	57.39	150.1
37483.353	57.22	149.2
38028.561	57.1	148.7
38581.699	57.01	148.3
39142.882	56.96	148.1
39712.229	56.94	148.1
