4.9182	52.04	30.9
4.98973	51.97	28.2
5.06231	51.88	24.9
5.13594	51.77	21.1
5.21065	51.67	16.9
5.28644	51.56	12.5
5.36333	51.46	7.8
5.44134	51.36	2.9
5.52049	51.28	-2.1
5.60078	51.2	-7.4
5.68225	51.14	-12.7
5.7649	51.09	-18.3
5.84875	51.06	-24
5.93382	51.04	-29.9
6.02013	51.03	-36.1
6.1077	51.02	-42.5
6.19654	51.02	-49.1
6.28667	51.03	-55.9
6.37811	51.04	-62.9
6.47088	51.05	-70
6.565	51.06	-77.2
6.66049	51.06	-84.4
6.75737	51.07	-91.6
6.85566	51.07	-98.8
6.95538	51.06	-105.8
7.05655	51.05	-112.8
7.15919	51.02	-119.6
7.26332	50.97	-126.3
7.36897	50.9	-132.9
7.47615	50.8	-139.4
7.58489	50.65	-145.9
7.69522	50.47	-152.3
7.80715	50.25	-158.5
7.92071	49.99	-164.5
8.03592	49.71	-170.2
8.1528	49.41	-175.6
8.27139	49.1	179.5
8.3917	48.8	175.1
8.51376	48.53	171.3
8.63759	48.29	168
8.76323	48.11	165.4
8.89069	47.97	163.2
9.02001	47.88	161.4
9.15121	47.81	159.8
9.28432	47.77	158.4
9.41936	47.75	157.1
9.55637	47.75	155.7
9.69537	47.76	154.1
9.83639	47.79	152.2
9.97946	47.84	149.8
10.12462	47.92	146.7
10.27188	48.02	142.6
10.42129	48.16	137.2
10.57287	48.34	130.4
10.72666	48.57	122.1
10.88268	48.84	112.4
11.04098	49.16	101.6
11.20157	49.52	89.9
11.3645	49.93	77.5
11.5298	50.38	64.8
11.69751	50.88	51.7
11.86765	51.44	38.4
12.04027	52.02	24.9
12.2154	52.6	11.2
12.39308	53.15	-2.5
12.57334	53.63	-15.9
12.75622	54.03	-29
12.94176	54.34	-41.4
13.13001	54.57	-53
13.32099	54.73	-63.9
13.51474	54.84	-74
13.71132	54.92	-83.2
13.91076	54.97	-91.3
14.11309	55	-98.2
14.31837	55.03	-103.5
14.52664	55.04	-107.2
14.73793	55.04	-109.4
14.9523	55.04	-110.1
15.16979	55.06	-109.7
15.39044	55.13	-108.7
15.6143	55.29	-107.3
15.84141	55.58	-105.9
16.07183	56.04	-104.7
16.3056	56.66	-103.9
16.54277	57.41	-103.5
16.78339	58.22	-103.3
17.02751	59.03	-103.5
17.27518	59.82	-104.1
17.52646	60.55	-105.1
17.78138	61.23	-106.7
18.04002	61.86	-109
18.30242	62.42	-111.8
18.56863	62.9	-115.1
18.83872	63.31	-118.5
19.11274	63.64	-122
19.39074	63.9	-125.4
19.67278	64.12	-128.7
19.95893	64.31	-131.6
20.24924	64.48	-134.1
20.54377	64.63	-136
20.84259	64.78	-137.4
21.14575	64.92	-138.5
21.45332	65.08	-139.3
21.76537	65.24	-139.9
22.08195	65.42	-140.5
22.40314	65.64	-141
22.729	65.9	-141.5
23.0596	66.21	-142.1
23.39501	66.59	-142.8
23.7353	67.04	-143.6
24.08054	67.49	-144.6
24.4308	67.9	-145.6
24.78615	68.27	-146.6
25.14667	68.63	-147.8
25.51244	69	-149.1
25.88353	69.36	-150.5
26.26001	69.68	-151.8
26.64197	69.99	-153.2
27.02949	70.26	-154.5
27.42264	70.54	-155.9
27.82151	70.82	-157.5
28.22619	71.1	-159.1
28.63675	71.35	-160.7
29.05328	71.6	-162.4
29.47587	71.86	-164.2
29.9046	72.1	-165.9
30.33958	72.32	-167.6
30.78088	72.54	-169.3
31.22859	72.75	-170.8
31.68282	72.95	-172.3
32.14366	73.15	-173.8
32.6112	73.35	-175.2
33.08554	73.54	-176.7
33.56678	73.72	-178.2
34.05502	73.88	-179.6
34.55036	74.03	178.9
35.05291	74.17	177.5
35.56277	74.29	176.1
36.08004	74.39	174.8
36.60484	74.47	173.7
37.13727	74.54	172.7
37.67744	74.6	172
38.22547	74.65	171.4
38.78147	74.71	171.1
39.34556	74.78	171
39.91786	74.88	171.2
40.49848	75.01	171.7
41.08754	75.2	172.3
41.68517	75.45	173.3
42.2915	75.77	174.5
42.90664	76.17	175.8
43.53073	76.64	177.2
44.1639	77.17	178.6
44.80628	77.75	180
45.458	78.37	-178.8
46.1192	79.01	-177.8
46.79002	79.65	-177
47.4706	80.3	-176.5
48.16108	80.93	-176.3
48.86159	81.54	-176.6
49.5723	82.12	-177.2
50.29335	82.66	-178.3
51.02488	83.16	-179.9
51.76706	83.61	178
52.52003	84.02	175.6
53.28395	84.37	173
54.05898	84.67	170.3
54.84529	84.94	167.6
55.64303	85.18	164.8
56.45238	85.41	161.9
57.27349	85.62	158.9
58.10656	85.82	156
58.95174	86	153.2
59.80921	86.18	150.4
60.67915	86.34	147.8
61.56175	86.49	145.3
62.45719	86.63	143
63.36565	86.77	140.7
64.28732	86.9	138.6
65.2224	87.03	136.7
66.17109	87.17	134.8
67.13357	87.31	133
68.11005	87.47	131.3
69.10073	87.64	129.6
70.10582	87.82	127.8
71.12554	88.03	126
72.16008	88.24	124
73.20967	88.44	121.9
74.27453	88.62	119.7
75.35488	88.78	117.3
76.45094	88.91	114.6
77.56295	89	111.9
78.69113	89.05	109.3
79.83571	89.05	106.8
80.99695	89.03	104.5
82.17508	88.97	102.5
83.37034	88.88	100.7
84.58299	88.76	99.1
85.81328	88.63	98
87.06146	88.49	97.2
88.3278	88.34	96.7
89.61256	88.19	96.3
90.916	88.05	96.3
92.23841	87.93	96.4
93.58005	87.84	96.8
94.9412	87.8	97.4
96.32215	87.79	98
97.72319	87.84	98.8
99.14461	87.94	99.6
100.5867	88.08	100.2
102.04976	88.25	100.7
103.53411	88.46	101
105.04005	88.68	101.2
106.56789	88.91	101.1
108.11796	89.15	100.9
109.69057	89.39	100.6
111.28606	89.65	100.2
112.90475	89.92	99.7
114.54699	90.21	99.1
116.21311	90.5	98.4
117.90347	90.79	97.6
119.61842	91.07	96.7
121.35831	91.34	95.7
123.1235	91.61	94.5
124.91438	91.87	93.2
126.7313	92.12	91.7
128.57465	92.36	90
130.44481	92.59	88.1
132.34217	92.8	86
134.26713	92.97	83.8
136.22009	93.11	81.5
138.20146	93.22	79.2
140.21165	93.29	76.9
142.25107	93.34	74.6
144.32016	93.38	72.4
146.41935	93.39	70.3
148.54906	93.4	68.3
150.70976	93.4	66.3
152.90188	93.39	64.4
155.12589	93.35	62.5
157.38225	93.31	60.8
159.67143	93.25	59.1
161.9939	93.18	57.5
164.35016	93.11	56
166.74069	93.05	54.5
169.16599	92.97	53
171.62656	92.9	51.5
174.12293	92.8	50.1
176.6556	92.7	48.7
179.22512	92.56	47.5
181.83201	92.41	46.5
184.47682	92.25	45.7
187.16009	92.08	45.1
189.8824	91.9	44.7
192.6443	91.72	44.5
195.44638	91.54	44.5
198.28921	91.38	44.6
201.1734	91.22	44.8
204.09953	91.06	45.1
207.06823	90.91	45.5
210.0801	90.78	46.1
213.13579	90.68	46.7
216.23592	90.61	47.5
219.38114	90.56	48.3
222.57212	90.55	49.2
225.8095	90.56	50.1
229.09398	90.59	51
232.42622	90.66	52
235.80694	90.76	52.9
239.23683	90.9	53.9
242.71661	91.07	54.8
246.24701	91.28	55.6
249.82875	91.5	56.3
253.4626	91.76	56.9
257.14929	92.04	57.4
260.88962	92.32	57.5
264.68434	92.61	57.5
268.53427	92.88	57.1
272.44019	93.13	56.5
276.40292	93.36	55.6
280.42329	93.56	54.4
284.50214	93.75	52.9
288.64032	93.89	51.2
292.83869	94	49.4
297.09813	94.07	47.5
301.41952	94.1	45.7
305.80377	94.09	43.9
310.25179	94.05	42.2
314.7645	93.97	40.8
319.34286	93.87	39.6
323.98781	93.76	38.6
328.70032	93.63	37.8
333.48138	93.5	37.2
338.33197	93.37	36.7
343.25313	93.22	36.5
348.24586	93.06	36.5
353.31121	92.92	36.8
358.45024	92.8	37.3
363.66402	92.72	38.1
368.95363	92.7	39
374.32019	92.72	39.8
379.7648	92.78	40.6
385.28861	92.88	41.3
390.89276	93	41.8
396.57842	93.13	42.1
402.34679	93.26	42.3
408.19906	93.39	42.4
414.13645	93.51	42.4
420.1602	93.63	42.2
426.27158	93.75	41.9
432.47184	93.85	41.5
438.76229	93.93	40.9
445.14423	93.99	40.2
451.619	94.03	39.5
458.18795	94.04	38.9
464.85245	94.04	38.3
471.61388	94.03	37.9
478.47367	94	37.6
485.43323	93.97	37.5
492.49401	93.95	37.6
499.6575	93.94	37.8
506.92519	93.95	38.1
514.29859	93.99	38.6
521.77923	94.06	39.2
529.36869	94.16	39.7
537.06853	94.3	40.2
544.88037	94.46	40.6
552.80584	94.63	40.9
560.84659	94.81	41
569.00429	95	41
577.28065	95.18	40.8
585.67739	95.35	40.5
594.19626	95.51	40
602.83904	95.65	39.4
611.60754	95.79	38.6
620.50358	95.9	37.8
629.52901	96	36.9
638.68572	96.08	35.9
647.97562	96.13	34.9
657.40064	96.18	34
666.96275	96.21	33.2
676.66395	96.23	32.5
686.50625	96.26	31.9
696.49171	96.29	31.3
706.62242	96.32	30.7
716.90048	96.35	30.1
727.32804	96.38	29.6
737.90727	96.41	29
748.64037	96.44	28.5
759.5296	96.46	28.1
770.57721	96.49	27.6
781.78552	96.52	27.2
793.15685	96.55	26.8
804.69358	96.58	26.3
816.39812	96.61	25.9
828.2729	96.65	25.4
840.32041	96.67	24.9
852.54315	96.7	24.4
864.94368	96.72	24
877.52457	96.73	23.6
890.28846	96.75	23.2
903.238	96.78	22.8
916.3759	96.8	22.4
929.7049	96.82	22
943.22777	96.84	21.6
956.94733	96.86	21.2
970.86645	96.88	20.8
984.98803	96.9	20.4
999.31501	96.92	20
1013.8504	96.94	19.7
1028.5972	96.95	19.3
1043.5585	96.97	19
1058.7374	96.99	18.8
1074.1371	97.01	18.5
1089.7607	97.05	18.2
1105.6117	97.08	17.9
1121.6932	97.12	17.6
1138.0086	97.16	17.2
1154.5613	97.19	16.8
1171.3548	97.23	16.4
1188.3925	97.26	16
1205.6781	97.3	15.6
1223.2151	97.34	15.2
1241.0072	97.37	14.7
1259.058	97.41	14.2
1277.3714	97.43	13.7
1295.9512	97.45	13.1
1314.8013	97.46	12.5
1333.9255	97.46	12
1353.3279	97.47	11.5
1373.0125	97.47	11.1
1392.9834	97.49	10.7
1413.2448	97.51	10.3
1433.801	97.53	9.8
1454.6561	97.54	9.3
1475.8145	97.55	8.8
1497.2807	97.56	8.4
1519.0592	97.58	8
1541.1544	97.61	7.5
1563.571	97.64	7
1586.3137	97.67	6.4
1609.3872	97.69	5.7
1632.7962	97.7	5.1
1656.5458	97.72	4.5
1680.6408	97.73	3.7
1705.0863	97.73	2.9
1729.8874	97.72	2.1
1755.0491	97.69	1.3
1780.5769	97.66	0.5
1806.476	97.62	-0.2
1832.7518	97.57	-1
1859.4098	97.51	-1.8
1886.4555	97.43	-2.5
1913.8947	97.34	-3.1
1941.7329	97.26	-3.6
1969.9761	97.19	-4.1
1998.63	97.11	-4.6
2027.7008	97	-5.1
2057.1943	96.87	-5.5
2087.1169	96.75	-5.7
2117.4747	96.65	-5.8
2148.2741	96.54	-5.9
2179.5215	96.44	-5.9
2211.2234	96.34	-5.9
2243.3863	96.25	-5.8
2276.0171	96.17	-5.7
2309.1226	96.1	-5.7
2342.7095	96.03	-5.8
2376.785	95.96	-5.9
2411.3562	95.89	-5.9
2446.4302	95.83	-6
2482.0143	95.77	-6.2
2518.116	95.71	-6.4
2554.7429	95.65	-6.7
2591.9025	95.58	-7.1
2629.6026	95.5	-7.4
2667.851	95.41	-7.8
2706.6558	95.3	-8.2
2746.025	95.17	-8.5
2785.9669	95.03	-8.8
2826.4897	94.89	-8.9
2867.6019	94.73	-9
2909.3121	94.56	-9
2951.6291	94.38	-8.8
2994.5615	94.2	-8.5
3038.1184	94.02	-8.1
3082.3088	93.85	-7.6
3127.1421	93.68	-7
3172.6274	93.51	-6.3
3218.7743	93.36	-5.5
3265.5925	93.22	-4.7
3313.0916	93.09	-3.8
3361.2816	92.96	-2.8
3410.1726	92.85	-1.9
3459.7747	92.75	-0.9
3510.0983	92.66	0.2
3561.1538	92.59	1.2
3612.952	92.52	2.3
3665.5036	92.46	3.3
3718.8196	92.4	4.3
3772.9111	92.35	5.4
3827.7893	92.3	6.5
3883.4658	92.26	7.6
3939.9521	92.22	8.8
3997.26	92.2	9.9
4055.4015	92.18	11.1
4114.3887	92.17	12.3
4174.2339	92.18	13.5
4234.9495	92.2	14.7
4296.5482	92.23	15.9
4359.043	92.27	17
4422.4467	92.33	18
4486.7727	92.39	18.9
4552.0343	92.45	19.8
4618.2452	92.52	20.6
4685.4191	92.58	21.4
4753.5701	92.64	22
4822.7123	92.69	22.6
4892.8603	92.73	23.2
4964.0286	92.77	23.7
5036.2321	92.8	24.3
5109.4857	92.82	24.8
5183.8049	92.84	25.4
5259.2051	92.85	26
5335.702	92.85	26.6
5413.3116	92.84	27.2
5492.05	92.82	27.9
5571.9337	92.8	28.7
5652.9794	92.78	29.7
5735.2038	92.75	30.7
5818.6243	92.73	31.9
5903.2581	92.72	33.2
5989.123	92.73	34.7
6076.2368	92.76	36.3
6164.6177	92.82	38
6254.2841	92.91	39.8
6345.2548	93.04	41.6
6437.5486	93.19	43.5
6531.1849	93.39	45.3
6626.1832	93.62	47.2
6722.5633	93.89	49.1
6820.3452	94.2	50.8
6919.5494	94.54	52.4
7020.1966	94.9	53.8
7122.3077	95.27	55
7225.904	95.64	55.9
7331.0072	96	56.6
7437.6392	96.36	57
7545.8221	96.7	57.2
7655.5786	97.02	57.2
7766.9316	97.32	57.1
7879.9042	97.62	56.9
7994.5201	97.9	56.6
8110.803	98.19	56.3
8228.7774	98.49	55.8
8348.4677	98.79	55.4
8469.899	99.09	54.8
8593.0965	99.4	54.1
8718.086	99.71	53.4
8844.8934	100.02	52.6
8973.5454	100.34	51.7
9104.0686	100.66	50.8
9236.4903	100.98	49.7
9370.8382	101.32	48.4
9507.1402	101.65	47
9645.4247	101.99	45.3
9785.7206	102.33	43.3
9928.0572	102.66	41.1
10072.464	102.99	38.5
10218.971	103.31	35.5
10367.61	103.6	32.1
10518.41	103.86	28.2
10671.404	104.05	23.9
10826.623	104.17	19.3
10984.1	104.22	14.4
11143.867	104.19	9.4
11305.959	104.11	4.4
11470.408	103.97	-0.4
11637.249	103.77	-5
11806.516	103.51	-9.2
11978.246	103.19	-12.9
12152.474	102.79	-16.1
12329.235	102.31	-18.6
12508.568	101.74	-20.5
12690.51	101.08	-21.8
12875.097	100.33	-22.4
13062.37	99.53	-22.5
13252.366	98.72	-22.3
13445.127	97.91	-21.7
13640.69	97.12	-20.8
13839.099	96.37	-19.7
14040.393	95.66	-18.5
14244.615	95.01	-17.1
14451.808	94.42	-15.7
14662.014	93.9	-14.4
14875.278	93.42	-13.1
15091.644	92.98	-11.9
15311.157	92.57	-10.7
15533.863	92.17	-9.7
15759.808	91.77	-8.5
15989.04	91.39	-7.3
16221.606	91.03	-6.1
16457.555	90.71	-4.8
16696.935	90.43	-3.5
16939.798	90.19	-2.4
17186.193	90.01	-1.5
17436.172	89.86	-0.8
17689.787	89.73	-0.6
17947.091	89.61	-0.6
18208.137	89.46	-1
18472.981	89.29	-1.5
18741.676	89.1	-1.9
19014.28	88.91	-2.2
19290.849	88.71	-2.5
19571.441	88.51	-2.8
19856.114	88.32	-3.2
20144.928	88.13	-3.7
20437.943	87.93	-4.6
20735.22	87.71	-5.7
21036.82	87.44	-7
21342.808	87.14	-8.4
21653.246	86.82	-9.8
21968.2	86.49	-11.2
22287.735	86.2	-12.7
22611.917	85.93	-14.3
22940.815	85.68	-16.2
23274.497	85.45	-18.7
23613.033	85.19	-21.5
23956.492	84.89	-24.8
24304.947	84.54	-28.2
24658.471	84.13	-31.6
25017.137	83.66	-35.1
25381.019	83.17	-38.6
25750.195	82.67	-42.4
26124.74	82.17	-46.4
26504.733	81.67	-51
26890.253	81.15	-55.9
27281.381	80.61	-61.2
27678.198	80.01	-66.8
28080.786	79.35	-72.5
28489.231	78.65	-78.7
28903.616	77.93	-85.4
29324.029	77.21	-93.2
29750.557	76.47	-102.2
30183.289	75.71	-112.8
30622.315	74.9	-125.3
31067.726	74.03	-139.8
31519.617	73.1	-156.3
31978.08	72.12	-174.6
32443.212	71.17	165.5
32915.11	70.32	143.9
33393.871	69.66	120.3
33879.596	69.18	94.5
34372.386	68.83	66.3
34872.344	68.57	35.5
35379.574	68.36	2
35894.182	68.19	-34.9
36416.274	68.06	-76.1
36945.961	67.95	-123.1
37483.353	67.86	-177.8
38028.561	67.79	119.2
38581.699	67.73	51.9
39142.882	67.69	-3.4
39712.229	67.67	-24.9
