4.9182	51.8	115.7
4.98973	51.58	112.3
5.06231	51.3	108.1
5.13594	50.97	103.6
5.21065	50.59	98.9
5.28644	50.18	94.4
5.36333	49.74	90.2
5.44134	49.29	86.5
5.52049	48.84	83.4
5.60078	48.42	81
5.68225	48.05	79.6
5.7649	47.74	79.2
5.84875	47.53	80.1
5.93382	47.4	82.5
6.02013	47.36	86.3
6.1077	47.4	91.7
6.19654	47.49	98.5
6.28667	47.64	106.4
6.37811	47.81	115.3
6.47088	48.01	124.7
6.565	48.22	134.4
6.66049	48.45	144
6.75737	48.67	153.2
6.85566	48.89	161.6
6.95538	49.1	168.9
7.05655	49.31	174.8
7.15919	49.51	179.1
7.26332	49.7	-178.5
7.36897	49.89	-178
7.47615	50.07	-179.3
7.58489	50.24	177.5
7.69522	50.42	172.9
7.80715	50.58	167.1
7.92071	50.73	160.4
8.03592	50.87	153.2
8.1528	50.99	145.9
8.27139	51.09	138.8
8.3917	51.17	132.3
8.51376	51.21	126.5
8.63759	51.22	121.7
8.76323	51.18	117.9
8.89069	51.1	115
9.02001	50.96	112.8
9.15121	50.77	111
9.28432	50.53	109.6
9.41936	50.26	108.4
9.55637	49.98	107.2
9.69537	49.73	106
9.83639	49.56	104.6
9.97946	49.53	103
10.12462	49.67	100.9
10.27188	50.03	98.1
10.42129	50.59	94.5
10.57287	51.3	89.9
10.72666	52.09	84.2
10.88268	52.88	77.6
11.04098	53.65	70
11.20157	54.36	61.8
11.3645	55.01	52.9
11.5298	55.6	43.5
11.69751	56.13	33.6
11.86765	56.62	23.2
12.04027	57.07	12.4
12.2154	57.47	1.1
12.39308	57.81	-10.6
12.57334	58.09	-22.4
12.75622	58.29	-34.4
12.94176	58.4	-46.3
13.13001	58.42	-58
13.32099	58.33	-69.5
13.51474	58.13	-80.7
13.71132	57.82	-91.2
13.91076	57.44	-100.6
14.11309	57	-108.5
14.31837	56.56	-114.4
14.52664	56.18	-117.9
14.73793	55.89	-118.8
14.9523	55.71	-117.2
15.16979	55.63	-113.7
15.39044	55.63	-109.2
15.6143	55.74	-104.7
15.84141	55.94	-101.2
16.07183	56.26	-99.5
16.3056	56.68	-99.9
16.54277	57.19	-102.3
16.78339	57.71	-106.1
17.02751	58.18	-110.4
17.27518	58.56	-114.5
17.52646	58.81	-117.8
17.78138	58.96	-120
18.04002	59.03	-121.5
18.30242	59.09	-122.4
18.56863	59.19	-123
18.83872	59.41	-123.6
19.11274	59.78	-124.3
19.39074	60.3	-125.2
19.67278	60.89	-126.4
19.95893	61.45	-128
20.24924	61.92	-129.9
20.54377	62.28	-132.2
20.84259	62.54	-134.8
21.14575	62.73	-137.8
21.45332	62.88	-141
21.76537	63	-144.2
22.08195	63.11	-147.3
22.40314	63.22	-149.9
22.729	63.33	-151.9
23.0596	63.46	-153
23.39501	63.62	-152.8
23.7353	63.8	-151.6
24.08054	64.02	-150.6
24.4308	64.23	-150.2
24.78615	64.45	-150.1
25.14667	64.68	-150.1
25.51244	64.93	-150.2
25.88353	65.19	-150.4
26.26001	65.45	-150.6
26.64197	65.71	-150.8
27.02949	65.98	-151.1
27.42264	66.25	-151.4
27.82151	66.54	-151.7
28.22619	66.85	-152.1
28.63675	67.15	-152.5
29.05328	67.48	-153
29.47587	67.81	-153.4
29.9046	68.14	-153.9
30.33958	68.47	-154.5
30.78088	68.8	-155.1
31.22859	69.11	-155.6
31.68282	69.4	-156.2
32.14366	69.7	-156.8
32.6112	70	-157.5
33.08554	70.28	-158.1
33.56678	70.55	-158.8
34.05502	70.82	-159.4
34.55036	71.08	-160
35.05291	71.34	-160.5
35.56277	71.61	-161
36.08004	71.88	-161.3
36.60484	72.16	-161.5
37.13727	72.46	-161.5
37.67744	72.8	-161.3
38.22547	73.18	-160.9
38.78147	73.62	-160.3
39.34556	74.1	-159.7
39.91786	74.63	-159
40.49848	75.19	-158.3
41.08754	75.8	-157.6
41.68517	76.46	-157
42.2915	77.16	-156.5
42.90664	77.86	-156.2
43.53073	78.56	-156
44.1639	79.27	-156.1
44.80628	79.96	-156.4
45.458	80.64	-156.9
46.1192	81.28	-157.9
46.79002	81.91	-159.2
47.4706	82.53	-160.9
48.16108	83.12	-163
48.86159	83.67	-165.5
49.5723	84.19	-168.4
50.29335	84.66	-171.6
51.02488	85.09	-175.2
51.76706	85.46	-179.1
52.52003	85.78	176.8
53.28395	86.04	172.7
54.05898	86.23	168.7
54.84529	86.38	164.7
55.64303	86.5	160.8
56.45238	86.59	156.9
57.27349	86.65	153
58.10656	86.7	149.4
58.95174	86.72	145.9
59.80921	86.71	142.6
60.67915	86.69	139.6
61.56175	86.65	137
62.45719	86.6	134.6
63.36565	86.55	132.5
64.28732	86.5	130.7
65.2224	86.46	129.1
66.17109	86.44	127.8
67.13357	86.45	126.6
68.11005	86.49	125.6
69.10073	86.57	124.7
70.10582	86.69	123.8
71.12554	86.86	122.8
72.16008	87.04	121.7
73.20967	87.24	120.5
74.27453	87.44	119.1
75.35488	87.63	117.5
76.45094	87.8	115.6
77.56295	87.94	113.7
78.69113	88.05	111.6
79.83571	88.12	109.7
80.99695	88.17	107.8
82.17508	88.19	106
83.37034	88.19	104.2
84.58299	88.18	102.5
85.81328	88.16	101
87.06146	88.12	99.6
88.3278	88.07	98.3
89.61256	88.01	97.1
90.916	87.94	96
92.23841	87.88	95.2
93.58005	87.82	94.5
94.9412	87.76	94
96.32215	87.72	93.6
97.72319	87.69	93.5
99.14461	87.69	93.5
100.5867	87.73	93.6
102.04976	87.8	93.8
103.53411	87.91	94
105.04005	88.06	94.3
106.56789	88.24	94.4
108.11796	88.44	94.5
109.69057	88.66	94.5
111.28606	88.91	94.4
112.90475	89.18	94.3
114.54699	89.47	94
116.21311	89.77	93.6
117.90347	90.06	93.1
119.61842	90.33	92.3
121.35831	90.59	91.3
123.1235	90.83	90
124.91438	91.06	88.6
126.7313	91.27	87
128.57465	91.47	85.2
130.44481	91.65	83.3
132.34217	91.81	81.2
134.26713	91.95	79.1
136.22009	92.07	76.9
138.20146	92.15	74.8
140.21165	92.22	72.8
142.25107	92.27	70.8
144.32016	92.32	68.9
146.41935	92.37	67.1
148.54906	92.42	65.3
150.70976	92.46	63.5
152.90188	92.51	61.6
155.12589	92.54	59.7
157.38225	92.55	57.8
159.67143	92.56	55.8
161.9939	92.55	53.9
164.35016	92.53	52
166.74069	92.49	50
169.16599	92.45	47.9
171.62656	92.38	45.9
174.12293	92.29	43.8
176.6556	92.17	41.9
179.22512	92.02	40.2
181.83201	91.83	38.7
184.47682	91.61	37.6
187.16009	91.38	36.9
189.8824	91.13	36.5
192.6443	90.89	36.5
195.44638	90.66	36.8
198.28921	90.45	37.2
201.1734	90.27	37.6
204.09953	90.11	38.1
207.06823	89.96	38.5
210.0801	89.84	39
213.13579	89.74	39.5
216.23592	89.65	40
219.38114	89.59	40.7
222.57212	89.54	41.5
225.8095	89.53	42.7
229.09398	89.56	44
232.42622	89.65	45.4
235.80694	89.78	46.7
239.23683	89.97	47.9
242.71661	90.19	48.9
246.24701	90.44	49.8
249.82875	90.7	50.6
253.4626	90.96	51.1
257.14929	91.23	51.5
260.88962	91.48	51.6
264.68434	91.7	51.4
268.53427	91.9	51.1
272.44019	92.09	50.4
276.40292	92.25	49.3
280.42329	92.38	47.8
284.50214	92.49	46
288.64032	92.57	44.1
292.83869	92.6	42.2
297.09813	92.6	40.3
301.41952	92.56	38.6
305.80377	92.49	37
310.25179	92.41	35.6
314.7645	92.31	34.4
319.34286	92.21	33.5
323.98781	92.1	32.6
328.70032	92	32
333.48138	91.9	31.4
338.33197	91.8	31
343.25313	91.69	30.8
348.24586	91.59	30.7
353.31121	91.51	30.8
358.45024	91.44	30.9
363.66402	91.4	31.1
368.95363	91.37	31.3
374.32019	91.35	31.6
379.7648	91.36	31.9
385.28861	91.38	32.2
390.89276	91.43	32.5
396.57842	91.5	32.7
402.34679	91.59	32.8
408.19906	91.69	32.7
414.13645	91.78	32.5
420.1602	91.88	32.1
426.27158	91.95	31.5
432.47184	92.01	30.9
438.76229	92.05	30.2
445.14423	92.07	29.5
451.619	92.08	28.8
458.18795	92.06	28.1
464.85245	92.03	27.5
471.61388	91.98	27.1
478.47367	91.92	26.8
485.43323	91.86	26.8
492.49401	91.81	26.8
499.6575	91.77	27
506.92519	91.74	27.2
514.29859	91.73	27.5
521.77923	91.72	27.8
529.36869	91.74	28.2
537.06853	91.77	28.6
544.88037	91.81	29
552.80584	91.88	29.3
560.84659	91.96	29.7
569.00429	92.06	29.9
577.28065	92.18	29.9
585.67739	92.28	29.7
594.19626	92.38	29.4
602.83904	92.46	29.1
611.60754	92.53	28.7
620.50358	92.6	28.3
629.52901	92.66	27.9
638.68572	92.72	27.4
647.97562	92.77	27
657.40064	92.81	26.5
666.96275	92.85	26.1
676.66395	92.88	25.7
686.50625	92.91	25.2
696.49171	92.94	24.9
706.62242	92.96	24.5
716.90048	92.99	24.2
727.32804	93.03	23.8
737.90727	93.06	23.4
748.64037	93.09	23
759.5296	93.11	22.7
770.57721	93.14	22.3
781.78552	93.17	21.9
793.15685	93.2	21.5
804.69358	93.23	21.1
816.39812	93.26	20.6
828.2729	93.28	20.1
840.32041	93.29	19.6
852.54315	93.31	19.1
864.94368	93.31	18.6
877.52457	93.32	18
890.28846	93.31	17.5
903.238	93.3	17
916.3759	93.28	16.4
929.7049	93.26	15.9
943.22777	93.22	15.4
956.94733	93.18	14.9
970.86645	93.13	14.4
984.98803	93.07	14
999.31501	93	13.7
1013.8504	92.93	13.4
1028.5972	92.85	13.2
1043.5585	92.77	13.1
1058.7374	92.69	13.1
1074.1371	92.61	13.2
1089.7607	92.54	13.4
1105.6117	92.48	13.6
1121.6932	92.42	13.9
1138.0086	92.38	14.3
1154.5613	92.35	14.7
1171.3548	92.34	15.1
1188.3925	92.34	15.4
1205.6781	92.35	15.8
1223.2151	92.37	16.1
1241.0072	92.4	16.3
1259.058	92.44	16.5
1277.3714	92.47	16.6
1295.9512	92.5	16.7
1314.8013	92.53	16.7
1333.9255	92.56	16.7
1353.3279	92.58	16.8
1373.0125	92.61	16.8
1392.9834	92.63	16.7
1413.2448	92.66	16.7
1433.801	92.68	16.7
1454.6561	92.7	16.7
1475.8145	92.72	16.6
1497.2807	92.75	16.6
1519.0592	92.78	16.6
1541.1544	92.81	16.5
1563.571	92.84	16.5
1586.3137	92.88	16.4
1609.3872	92.91	16.2
1632.7962	92.95	16.1
1656.5458	92.98	15.9
1680.6408	93.02	15.6
1705.0863	93.05	15.3
1729.8874	93.07	15
1755.0491	93.09	14.7
1780.5769	93.11	14.4
1806.476	93.12	14
1832.7518	93.13	13.7
1859.4098	93.14	13.3
1886.4555	93.15	13
1913.8947	93.16	12.7
1941.7329	93.18	12.4
1969.9761	93.2	12
1998.63	93.22	11.5
2027.7008	93.25	11
2057.1943	93.27	10.4
2087.1169	93.28	9.8
2117.4747	93.3	9
2148.2741	93.3	8.2
2179.5215	93.3	7.3
2211.2234	93.28	6.2
2243.3863	93.25	5.2
2276.0171	93.2	4
2309.1226	93.13	2.7
2342.7095	93.03	1.4
2376.785	92.91	0.2
2411.3562	92.76	-1.1
2446.4302	92.59	-2.3
2482.0143	92.38	-3.4
2518.116	92.15	-4.3
2554.7429	91.88	-5.1
2591.9025	91.59	-5.6
2629.6026	91.28	-5.8
2667.851	90.94	-5.8
2706.6558	90.58	-5.3
2746.025	90.2	-4.5
2785.9669	89.82	-3.3
2826.4897	89.45	-1.8
2867.6019	89.09	0.1
2909.3121	88.77	2.3
2951.6291	88.5	4.7
2994.5615	88.29	7.2
3038.1184	88.16	9.6
3082.3088	88.1	12.1
3127.1421	88.11	14.4
3172.6274	88.19	16.4
3218.7743	88.31	18.2
3265.5925	88.46	19.7
3313.0916	88.63	20.8
3361.2816	88.8	21.5
3410.1726	88.95	21.8
3459.7747	89.08	21.8
3510.0983	89.19	21.5
3561.1538	89.27	20.9
3612.952	89.31	20.2
3665.5036	89.33	19.3
3718.8196	89.31	18.4
3772.9111	89.25	17.4
3827.7893	89.17	16.5
3883.4658	89.06	15.7
3939.9521	88.92	14.9
3997.26	88.77	14.2
4055.4015	88.6	13.6
4114.3887	88.42	13
4174.2339	88.23	12.5
4234.9495	88.02	12
4296.5482	87.8	11.6
4359.043	87.57	11.2
4422.4467	87.34	10.9
4486.7727	87.09	10.6
4552.0343	86.83	10.4
4618.2452	86.56	10.2
4685.4191	86.28	10
4753.5701	85.99	10
4822.7123	85.68	10
4892.8603	85.36	10
4964.0286	85.03	10.2
5036.2321	84.7	10.4
5109.4857	84.36	10.6
5183.8049	84.03	10.7
5259.2051	83.71	10.7
5335.702	83.4	10.6
5413.3116	83.09	10.2
5492.05	82.8	9.4
5571.9337	82.5	8.2
5652.9794	82.2	6.6
5735.2038	81.9	4.6
5818.6243	81.58	2.1
5903.2581	81.25	-0.9
5989.123	80.91	-4.5
6076.2368	80.55	-8.6
6164.6177	80.18	-13.4
6254.2841	79.8	-18.9
6345.2548	79.4	-25
6437.5486	79	-31.6
6531.1849	78.61	-38.8
6626.1832	78.27	-46.3
6722.5633	78.01	-54.2
6820.3452	77.87	-62.2
6919.5494	77.89	-70.5
7020.1966	78.08	-78.9
7122.3077	78.4	-87.3
7225.904	78.81	-95.8
7331.0072	79.29	-104.3
7437.6392	79.8	-112.5
7545.8221	80.31	-120.5
7655.5786	80.81	-128.2
7766.9316	81.27	-135.5
7879.9042	81.69	-142.5
7994.5201	82.07	-149.2
8110.803	82.41	-155.5
8228.7774	82.7	-161.6
8348.4677	82.93	-167.4
8469.899	83.09	-173
8593.0965	83.2	-178.3
8718.086	83.24	176.8
8844.8934	83.22	172.1
8973.5454	83.16	167.9
9104.0686	83.06	164
9236.4903	82.93	160.2
9370.8382	82.77	156.5
9507.1402	82.58	152.7
9645.4247	82.35	148.8
9785.7206	82.09	144.7
9928.0572	81.79	140.4
10072.464	81.48	135.8
10218.971	81.15	130.7
10367.61	80.83	125
10518.41	80.53	118.5
10671.404	80.24	111.2
10826.623	79.96	103
10984.1	79.67	94.1
11143.867	79.38	84.7
11305.959	79.08	75
11470.408	78.79	65
11637.249	78.53	54.8
11806.516	78.31	44.7
11978.246	78.13	34.6
12152.474	78	24.7
12329.235	77.91	15.1
12508.568	77.84	5.7
12690.51	77.77	-3.2
12875.097	77.69	-11.5
13062.37	77.59	-18.9
13252.366	77.47	-25.6
13445.127	77.33	-31.3
13640.69	77.15	-36
13839.099	76.94	-39.5
14040.393	76.69	-41.7
14244.615	76.42	-42.6
14451.808	76.13	-42.4
14662.014	75.81	-41.2
14875.278	75.49	-39.2
15091.644	75.17	-36.7
15311.157	74.91	-33.9
15533.863	74.71	-31
15759.808	74.58	-28.2
15989.04	74.5	-25.6
16221.606	74.46	-23.2
16457.555	74.44	-21.2
16696.935	74.41	-19.5
16939.798	74.37	-18.1
17186.193	74.31	-16.7
17436.172	74.24	-15.2
17689.787	74.14	-13.7
17947.091	74.02	-12.4
18208.137	73.85	-11.3
18472.981	73.62	-10.4
18741.676	73.32	-9.7
19014.28	72.96	-9
19290.849	72.57	-8.3
19571.441	72.16	-7.7
19856.114	71.76	-7.1
20144.928	71.38	-6.7
20437.943	71.05	-6.6
20735.22	70.76	-7.2
21036.82	70.49	-8.6
21342.808	70.21	-11.3
21653.246	69.88	-15.2
21968.2	69.51	-20.1
22287.735	69.08	-26.3
22611.917	68.62	-34
22940.815	68.14	-43.4
23274.497	67.64	-55
23613.033	67.13	-69
23956.492	66.62	-85.4
24304.947	66.12	-104.2
24658.471	65.63	-125.5
25017.137	65.13	-149
25381.019	64.6	-174.7
25750.195	64.03	157.4
26124.74	63.39	127.5
26504.733	62.69	96
26890.253	61.91	63.1
27281.381	61.08	29.6
27678.198	60.21	-3.6
28080.786	59.36	-35.9
28489.231	58.58	-66.8
28903.616	57.89	-96.2
29324.029	57.32	-124
29750.557	56.85	-150.3
30183.289	56.47	-175.5
30622.315	56.17	160.4
31067.726	55.94	137.2
31519.617	55.79	114.6
31978.08	55.7	92.2
32443.212	55.66	69.5
32915.11	55.62	45.6
33393.871	55.58	18.8
33879.596	55.51	-12.7
34372.386	55.4	-50
34872.344	55.25	-94
35379.574	55.08	-145
35894.182	54.89	156.2
36416.274	54.7	87.9
36945.961	54.49	7.4
37483.353	54.29	-76.1
38028.561	54.11	-142.1
38581.699	53.95	175.8
39142.882	53.83	152.4
39712.229	53.78	144.9
