" file generated by Xsim4 
"------------------------
"
" FREQ [Hz], MAG [dB], ANGLE [°]
"
1	-87.297	40.44
1.0151	-87.053	40.4
1.03044	-86.748	40.36
1.046	-86.407	40.31
1.0618	-86.045	40.26
1.07783	-85.671	40.2
1.09411	-85.29	40.14
1.11064	-84.905	40.08
1.12741	-84.518	40.02
1.14444	-84.129	39.96
1.16173	-83.74	39.9
1.17927	-83.35	39.84
1.19709	-82.96	39.77
1.21517	-82.57	39.71
1.23352	-82.18	39.64
1.25215	-81.79	39.57
1.27106	-81.4	39.51
1.29026	-81.009	39.44
1.30975	-80.619	39.38
1.32953	-80.228	39.32
1.34961	-79.837	39.25
1.36999	-79.447	39.18
1.39069	-79.057	39.11
1.41169	-78.667	39.03
1.43301	-78.277	38.95
1.45466	-77.887	38.88
1.47663	-77.497	38.8
1.49893	-77.107	38.71
1.52157	-76.717	38.63
1.54455	-76.327	38.55
1.56788	-75.937	38.46
1.59156	-75.547	38.38
1.6156	-75.158	38.29
1.64	-74.768	38.2
1.66477	-74.378	38.11
1.68991	-73.989	38.02
1.71544	-73.599	37.92
1.74135	-73.21	37.83
1.76765	-72.82	37.73
1.79435	-72.43	37.64
1.82145	-72.041	37.54
1.84896	-71.651	37.44
1.87688	-71.262	37.34
1.90523	-70.872	37.24
1.93401	-70.483	37.14
1.96322	-70.093	37.03
1.99287	-69.704	36.93
2.02297	-69.315	36.82
2.05353	-68.925	36.71
2.08454	-68.536	36.6
2.11603	-68.147	36.49
2.14799	-67.758	36.37
2.18043	-67.369	36.26
2.21336	-66.98	36.14
2.24679	-66.59	36.02
2.28072	-66.201	35.9
2.31517	-65.812	35.77
2.35014	-65.424	35.65
2.38564	-65.035	35.53
2.42167	-64.646	35.4
2.45824	-64.257	35.27
2.49537	-63.868	35.14
2.53306	-63.48	35
2.57132	-63.091	34.87
2.61016	-62.703	34.73
2.64958	-62.314	34.59
2.6896	-61.926	34.45
2.73022	-61.537	34.31
2.77146	-61.149	34.16
2.81332	-60.761	34.01
2.85581	-60.373	33.86
2.89894	-59.985	33.71
2.94273	-59.596	33.55
2.98717	-59.208	33.4
3.03229	-58.82	33.24
3.07809	-58.433	33.08
3.12458	-58.045	32.91
3.17177	-57.657	32.74
3.21968	-57.27	32.57
3.26831	-56.882	32.4
3.31767	-56.494	32.23
3.36778	-56.106	32.05
3.41865	-55.718	31.87
3.47028	-55.33	31.69
3.52269	-54.94	31.51
3.5759	-54.549	31.32
3.62991	-54.155	31.13
3.68473	-53.758	30.94
3.74039	-53.354	30.75
3.79688	-52.939	30.55
3.85423	-52.509	30.35
3.91244	-52.052	30.14
3.97153	-51.554	29.94
4.03152	-50.993	29.73
4.09241	-50.334	29.52
4.15422	-49.529	29.31
4.21697	-48.512	29.09
4.28066	-47.205	28.88
4.34531	-45.523	28.68
4.41094	-43.4	28.48
4.47756	-40.804	28.29
4.54519	-37.753	28.14
4.61384	-34.308	28.03
4.68353	-30.551	28.02
4.75426	-26.562	28.14
4.82607	-22.411	28.51
4.89896	-18.151	29.3
4.97296	-14.723	30.84
5.04807	-12.725	33.45
5.12431	-11.744	36.95
5.20171	-11.237	40.96
5.28027	-10.976	45.15
5.36002	-10.834	49.26
5.44098	-10.73	53.06
5.52316	-10.594	56.36
5.60658	-10.368	58.99
5.69126	-10.002	60.81
5.77722	-9.464	61.73
5.86448	-8.745	61.68
5.95305	-7.866	60.61
6.04296	-6.868	58.53
6.13424	-5.805	55.45
6.22688	-4.724	51.44
6.32093	-3.661	46.58
6.4164	-2.642	40.97
6.51332	-1.681	34.71
6.61169	-0.785	27.91
6.71155	0.043	20.67
6.81292	0.8	13.08
6.91582	1.488	5.23
7.02028	2.108	-2.81
7.12631	2.661	-10.98
7.23394	3.15	-19.25
7.3432	3.579	-27.6
7.45411	3.951	-36
7.5667	4.272	-44.42
7.68098	4.543	-52.76
7.79699	4.769	-60.91
7.91476	4.954	-68.67
8.0343	5.101	-75.84
8.15565	5.214	-82.18
8.27883	5.298	-87.45
8.40387	5.355	-91.37
8.5308	5.389	-93.71
8.65964	5.402	-94.24
8.79044	5.399	-92.82
8.9232	5.385	-89.36
9.05798	5.364	-83.95
9.19479	5.348	-76.87
9.33366	5.352	-68.6
9.47464	5.402	-59.7
9.61774	5.53	-50.84
9.763	5.774	-42.69
9.91046	6.169	-35.89
10.06014	6.736	-30.97
10.21209	7.475	-28.3
10.36633	8.365	-28.07
10.5229	9.366	-30.24
10.68183	10.422	-34.62
10.84317	11.485	-40.93
11.00694	12.515	-48.81
11.17319	13.488	-57.86
11.34194	14.394	-67.68
11.51325	15.23	-77.94
11.68714	15.999	-88.36
11.86366	16.703	-98.78
12.04285	17.348	-109.1
12.22474	17.938	-119.26
12.40938	18.477	-129.25
12.59681	18.964	-139.04
12.78706	19.397	-148.65
12.9802	19.773	-158.06
13.17625	20.091	-167.28
13.37526	20.349	-176.26
13.57727	20.548	175.06
13.78234	20.687	166.75
13.9905	20.771	158.91
14.20181	20.803	151.64
14.41631	20.788	145.01
14.63405	20.731	139.08
14.85508	20.641	133.85
15.07945	20.528	129.32
15.3072	20.411	125.45
15.5384	20.317	122.21
15.77309	20.276	119.58
16.01132	20.32	117.49
16.25315	20.475	115.89
16.49863	20.752	114.68
16.74782	21.153	113.72
17.00078	21.669	112.87
17.25755	22.285	111.97
17.5182	22.984	110.9
17.78279	23.749	109.53
18.05138	24.56	107.8
18.32402	25.4	105.65
18.60078	26.249	103.04
18.88172	27.092	99.93
19.16691	27.913	96.31
19.4564	28.699	92.19
19.75026	29.435	87.61
20.04857	30.11	82.65
20.35137	30.719	77.41
20.65876	31.263	72
20.97078	31.75	66.53
21.28752	32.19	61.1
21.60904	32.592	55.83
21.93541	32.964	50.85
22.26672	33.312	46.28
22.60303	33.639	42.26
22.94442	33.95	38.9
23.29097	34.25	36.2
23.64275	34.547	34.03
23.99984	34.849	32.13
24.36233	35.165	30.25
24.73029	35.499	28.27
25.10381	35.852	26.15
25.48297	36.223	23.9
25.86785	36.61	21.53
26.25856	37.007	19.08
26.65516	37.41	16.56
27.05775	37.816	13.97
27.46642	38.22	11.29
27.88127	38.619	8.51
28.30238	39.011	5.63
28.72985	39.392	2.66
29.16378	39.762	-0.38
29.60426	40.117	-3.47
30.05139	40.455	-6.57
30.50528	40.773	-9.66
30.96602	41.072	-12.69
31.43372	41.353	-15.65
31.90849	41.613	-18.52
32.39043	41.856	-21.3
32.87964	42.08	-23.99
33.37625	42.284	-26.57
33.88035	42.47	-29.03
34.39207	42.635	-31.32
34.91152	42.783	-33.43
35.43881	42.914	-35.33
35.97407	43.033	-37
36.51741	43.142	-38.39
37.06896	43.243	-39.48
37.62884	43.339	-40.25
38.19718	43.434	-40.68
38.77409	43.535	-40.77
39.35973	43.652	-40.52
39.95421	43.798	-39.91
40.55766	43.985	-38.97
41.17023	44.227	-37.67
41.79206	44.54	-36.02
42.42327	44.942	-34.06
43.06402	45.444	-31.82
43.71445	46.056	-29.37
44.3747	46.775	-26.81
45.04492	47.592	-24.22
45.72527	48.494	-21.7
46.41589	49.461	-19.34
47.11694	50.474	-17.2
47.82858	51.511	-15.36
48.55097	52.554	-13.89
49.28427	53.584	-12.86
50.02865	54.59	-12.35
50.78426	55.559	-12.37
51.5513	56.482	-12.94
52.32991	57.353	-14.06
53.12029	58.168	-15.66
53.9226	58.931	-17.69
54.73703	59.648	-20.06
55.56377	60.33	-22.72
56.40298	60.985	-25.61
57.25488	61.622	-28.66
58.11964	62.245	-31.83
58.99746	62.858	-35.05
59.88854	63.464	-38.28
60.79308	64.064	-41.47
61.71128	64.663	-44.59
62.64335	65.263	-47.63
63.5895	65.867	-50.58
64.54994	66.477	-53.43
65.52488	67.097	-56.2
66.51455	67.727	-58.9
67.51917	68.371	-61.57
68.53896	69.029	-64.26
69.57415	69.699	-67.03
70.62498	70.375	-69.94
71.69168	71.048	-73.03
72.77449	71.707	-76.36
73.87365	72.341	-79.93
74.98942	72.939	-83.76
76.12204	73.493	-87.83
77.27177	73.997	-92.08
78.43886	74.448	-96.45
79.62357	74.847	-100.85
80.82619	75.198	-105.22
82.04696	75.505	-109.49
83.28617	75.772	-113.61
84.54411	76.007	-117.51
85.82104	76.216	-121.16
87.11725	76.406	-124.51
88.43305	76.587	-127.58
89.76871	76.771	-130.34
91.12455	76.966	-132.82
92.50087	77.185	-135.01
93.89798	77.437	-136.95
95.31619	77.729	-138.69
96.75582	78.069	-140.28
98.21719	78.457	-141.79
99.70063	78.892	-143.31
101.20648	79.366	-144.91
102.73508	79.871	-146.65
104.28676	80.398	-148.59
105.86188	80.937	-150.76
107.46078	81.481	-153.17
109.08384	82.029	-155.8
110.73141	82.576	-158.65
112.40387	83.122	-161.73
114.10158	83.662	-165.03
115.82494	84.192	-168.55
117.57433	84.704	-172.28
119.35014	85.196	-176.21
121.15277	85.663	179.66
122.98262	86.106	175.34
124.84012	86.523	170.82
126.72567	86.913	166.11
128.63969	87.273	161.18
130.58263	87.599	156.06
132.55491	87.887	150.76
134.55699	88.131	145.31
136.5893	88.33	139.77
138.6523	88.482	134.16
140.74647	88.588	128.55
142.87226	88.65	122.98
145.03016	88.67	117.53
147.22066	88.65	112.23
149.44424	88.592	107.13
151.7014	88.497	102.24
153.99265	88.368	97.6
156.31851	88.209	93.23
158.6795	88.022	89.17
161.07615	87.812	85.4
163.509	87.589	81.94
165.97859	87.359	78.77
168.48549	87.13	75.84
171.03024	86.911	73.13
173.61344	86.704	70.58
176.23564	86.514	68.18
178.89746	86.343	65.89
181.59947	86.192	63.67
184.3423	86.06	61.5
187.12655	85.944	59.33
189.95286	85.838	57.15
192.82185	85.738	54.93
195.73418	85.637	52.7
198.69049	85.531	50.49
201.69146	85.414	48.32
204.73775	85.285	46.25
207.83005	85.145	44.34
210.96905	84.998	42.67
214.15547	84.849	41.26
217.39001	84.708	40.15
220.67341	84.583	39.34
224.00639	84.488	38.81
227.38972	84.436	38.52
230.82415	84.436	38.39
234.31045	84.494	38.36
237.84941	84.613	38.32
241.44182	84.786	38.2
245.08849	85.002	37.91
248.79024	85.248	37.4
252.54789	85.513	36.62
256.3623	85.784	35.49
260.23433	86.05	33.98
264.16483	86.301	32.05
268.1547	86.528	29.7
272.20483	86.724	26.96
276.31614	86.884	23.87
280.48954	87.002	20.51
284.72597	87.076	17
289.02639	87.106	13.42
293.39176	87.093	9.89
297.82307	87.044	6.49
302.3213	86.963	3.25
306.88748	86.855	0.22
311.52262	86.725	-2.6
316.22777	86.576	-5.19
321.00398	86.41	-7.55
325.85233	86.233	-9.66
330.77391	86.051	-11.53
335.76983	85.871	-13.15
340.8412	85.704	-14.52
345.98917	85.559	-15.66
351.21489	85.448	-16.6
356.51954	85.379	-17.41
361.90431	85.358	-18.17
367.3704	85.385	-18.96
372.91906	85.455	-19.85
378.55152	85.56	-20.86
384.26906	85.696	-22.03
390.07295	85.855	-23.36
395.9645	86.032	-24.87
401.94503	86.223	-26.59
408.0159	86.423	-28.54
414.17845	86.626	-30.75
420.43408	86.826	-33.23
426.7842	87.015	-35.98
433.23023	87.188	-38.98
439.77361	87.34	-42.17
446.41583	87.465	-45.48
453.15836	87.564	-48.81
460.00274	87.637	-52.05
466.95049	87.689	-55.09
474.00317	87.727	-57.85
481.16238	87.761	-60.34
488.42972	87.8	-62.6
495.80682	87.851	-64.75
503.29535	87.913	-66.92
510.89698	87.976	-69.25
518.61342	88.031	-71.77
526.44641	88.075	-74.37
534.3977	88.105	-76.96
542.46909	88.13	-79.46
550.66239	88.169	-81.84
558.97944	88.24	-84.24
567.4221	88.339	-86.92
575.99229	88.445	-90.15
584.69191	88.524	-94.08
593.52293	88.534	-98.66
602.48733	88.451	-103.67
611.58712	88.28	-108.82
620.82436	88.047	-113.91
630.20111	87.776	-118.84
639.71949	87.488	-123.63
649.38163	87.191	-128.31
659.18971	86.888	-132.92
669.14592	86.576	-137.5
679.25251	86.25	-142.08
689.51174	85.905	-146.65
699.92593	85.537	-151.24
710.49741	85.143	-155.85
721.22856	84.715	-160.51
732.12179	84.246	-165.22
743.17955	83.73	-169.98
754.40432	83.158	-174.78
765.79863	82.522	-179.6
777.36503	81.813	175.62
789.10613	81.023	170.93
801.02456	80.137	166.43
813.12301	79.14	162.25
825.40419	78.009	158.58
837.87085	76.718	155.73
850.52582	75.237	154.17
863.37191	73.54	154.65
876.41204	71.623	158.33
889.64911	69.564	166.87
903.08612	67.658	-177.59
916.72607	66.573	-155.43
930.57204	66.865	-132.75
944.62713	68.187	-116.18
958.89451	69.835	-106.64
973.37738	71.426	-102.01
988.07899	72.839	-100.54
1003.0027	74.057	-101.03
1018.1517	75.102	-102.71
1033.5296	76.004	-105.09
1049.1397	76.792	-107.88
1064.9856	77.488	-110.92
1081.0709	78.107	-114.12
1097.3991	78.66	-117.42
1113.9739	79.154	-120.78
1130.799	79.596	-124.16
1147.8783	79.992	-127.51
1165.2155	80.35	-130.8
1182.8146	80.68	-134.01
1200.6795	80.991	-137.14
1218.8142	81.289	-140.22
1237.2228	81.577	-143.29
1255.9095	81.855	-146.36
1274.8784	82.12	-149.47
1294.1338	82.372	-152.62
1313.68	82.609	-155.8
1333.5214	82.831	-159.02
1353.6626	83.038	-162.26
1374.1079	83.229	-165.54
1394.862	83.404	-168.83
1415.9296	83.56	-172.14
1437.3154	83.698	-175.46
1459.0242	83.82	-178.77
1481.0609	83.927	177.95
1503.4304	84.02	174.71
1526.1378	84.101	171.53
1549.1882	84.173	168.4
1572.5866	84.237	165.32
1596.3385	84.296	162.28
1620.4492	84.35	159.3
1644.924	84.402	156.35
1669.7684	84.451	153.43
1694.9882	84.499	150.52
1720.5888	84.544	147.6
1746.576	84.586	144.68
1772.9558	84.621	141.73
1799.734	84.648	138.75
1826.9167	84.664	135.74
1854.5099	84.666	132.71
1882.5199	84.652	129.69
1910.953	84.62	126.71
1939.8155	84.574	123.78
1969.1139	84.511	120.9
1998.8548	84.43	118.08
2029.0449	84.325	115.34
2059.6911	84.189	112.7
2090.8	84.021	110.25
2122.3789	83.828	108.04
2154.4347	83.619	106.11
2186.9747	83.406	104.45
2220.0061	83.2	103.04
2253.5364	83.007	101.83
2287.5732	82.834	100.77
2322.1241	82.682	99.83
2357.1967	82.551	98.97
2392.7992	82.443	98.18
2428.9393	82.355	97.43
2465.6253	82.288	96.72
2502.8654	82.24	96.05
2540.668	82.211	95.41
2579.0415	82.203	94.8
2617.9946	82.217	94.22
2657.5361	82.255	93.65
2697.6747	82.321	93.07
2738.4196	82.415	92.46
2779.7799	82.539	91.79
2821.7649	82.694	91.03
2864.3841	82.878	90.12
2907.6469	83.087	89.03
2951.5632	83.316	87.7
2996.1427	83.557	86.08
3041.3956	83.803	84.12
3087.332	84.041	81.78
3133.9622	84.254	79.04
3181.2966	84.428	75.93
3229.346	84.549	72.53
3278.1212	84.609	68.98
3327.633	84.606	65.44
3377.8926	84.538	62.09
3428.9113	84.403	59.12
3480.7006	84.199	56.69
3533.2721	83.929	54.94
3586.6376	83.597	53.97
3640.8092	83.211	53.8
3695.7989	82.778	54.38
3751.6192	82.31	55.65
3808.2826	81.828	57.52
3865.8018	81.36	59.86
3924.1898	80.942	62.53
3983.4596	80.61	65.39
4043.6246	80.388	68.28
4104.6984	80.285	71.02
4166.6946	80.295	73.49
4229.6271	80.397	75.56
4293.5102	80.567	77.17
4358.3582	80.784	78.3
4424.1856	81.027	78.96
4491.0072	81.281	79.21
4558.8381	81.536	79.14
4627.6935	81.787	78.82
4697.5888	82.035	78.35
4768.5399	82.281	77.78
4840.5625	82.532	77.17
4913.673	82.793	76.55
4987.8877	83.073	75.9
5063.2233	83.373	75.19
5139.6968	83.694	74.39
5217.3253	84.03	73.43
5296.1263	84.374	72.27
5376.1175	84.713	70.85
5457.3168	85.031	69.15
5539.7426	85.315	67.18
5623.4133	85.557	64.95
5708.3477	85.753	62.53
5794.5649	85.902	59.98
5882.0844	86.006	57.37
5970.9257	86.069	54.79
6061.1088	86.099	52.29
6152.6541	86.103	49.92
6245.582	86.087	47.69
6339.9135	86.056	45.59
6435.6698	86.016	43.62
6532.8723	85.971	41.75
6631.5429	85.924	39.97
6731.7038	85.879	38.25
6833.3776	85.84	36.58
6936.5869	85.811	34.94
7041.3552	85.795	33.32
7147.7058	85.795	31.66
7255.6627	85.811	29.9
7365.2501	85.84	28
7476.4928	85.876	25.92
7589.4156	85.912	23.62
7704.0439	85.939	21.09
7820.4036	85.949	18.34
7938.5207	85.934	15.42
8058.4219	85.891	12.38
8180.134	85.822	9.25
8303.6844	85.727	6.07
8429.1009	85.606	2.85
8556.4116	85.46	-0.38
8685.6452	85.284	-3.58
8816.8307	85.072	-6.67
8949.9976	84.804	-9.52
9085.1758	84.466	-11.94
9222.3957	84.065	-13.76
9361.6881	83.619	-14.81
9503.0843	83.138	-15.05
9646.6162	82.636	-14.54
9792.3159	82.127	-13.42
9940.2163	81.626	-11.85
10090.35	81.145	-9.98
10242.752	80.69	-7.86
10397.456	80.266	-5.52
10554.496	79.883	-2.89
10713.908	79.559	0.04
10875.728	79.317	3.24
11039.992	79.186	6.58
11206.737	79.182	9.87
11376	79.307	12.93
11547.82	79.553	15.65
11722.235	79.908	18.01
11899.284	80.354	19.99
12079.007	80.869	21.55
12261.445	81.422	22.63
12446.639	81.984	23.16
12634.629	82.534	23.02
12825.459	83.057	22.09
13019.171	83.536	20.21
13215.809	83.955	17.27
13415.417	84.307	13.28
13618.039	84.591	8.26
13823.722	84.809	2.19
14032.512	84.962	-4.95
14244.455	85.049	-13.23
14459.599	85.07	-22.7
14677.993	85.022	-33.42
14899.685	84.907	-45.49
15124.725	84.726	-59.04
15353.165	84.482	-74.23
15585.055	84.18	-91.23
15820.447	83.831	-110.11
16059.394	83.452	-130.86
16301.951	83.058	-153.34
16548.171	82.665	-177.36
16798.11	82.287	157.26
17051.824	81.948	130.7
17309.37	81.664	103.06
17570.805	81.424	74.42
17836.19	81.205	44.87
18105.582	80.993	14.47
18379.044	80.771	-16.74
18656.636	80.493	-48.78
18938.42	80.111	-81.66
19224.461	79.599	-115.5
19514.822	78.935	-150.53
19809.568	78.083	172.88
20108.766	77.006	134.36
20412.483	75.681	93.65
20720.787	74.071	50.83
21033.748	72.134	6.27
21351.436	69.845	-39.42
21673.922	67.191	-85.46
22001.278	64.165	-130.95
22333.579	60.778	-174.89
22670.899	57.072	144.06
23013.314	53.129	107.85
23360.901	49.13	79.5
23713.737	45.45	63.9
24071.903	42.754	56.85
24435.478	41.86	43.87
24804.544	43.018	20.6
25179.185	45.534	-8.47
25559.484	48.521	-40.93
25945.527	51.451	-75.53
26337.401	54.095	-111.59
26735.194	56.374	-148.64
27138.994	58.267	173.81
27548.894	59.779	136.29
27964.985	60.935	99.35
28387.36	61.782	63.43
28816.114	62.379	28.84
29251.345	62.771	-4.2
29693.148	63.002	-35.56
30141.625	63.115	-65.18
30596.876	63.154	-93.03
31059.002	63.156	-119.12
31528.109	63.144	-143.49
32004.3	63.131	-166.25
32487.684	63.119	172.41
32978.369	63.104	152.26
33476.464	63.078	133.03
33982.083	63.027	114.49
34495.339	62.94	96.48
35016.347	62.813	79
35545.224	62.641	62.27
36082.088	62.425	46.82
36627.062	62.168	33.15
37180.267	61.876	21.49
37741.827	61.568	11.69
38311.868	61.27	3.44
38890.52	61.009	-3.64
39477.911	60.8	-9.96
40074.174	60.636	-15.94
40679.443	60.502	-22.01
41293.854	60.384	-28.51
41917.544	60.275	-35.83
42550.655	60.17	-44.39
43193.328	60.064	-54.73
43845.708	59.955	-67.53
44507.941	59.835	-83.64
45180.176	59.693	-103.96
45862.564	59.504	-129.05
46555.259	59.201	-157.68
47258.417	58.617	176.58
47972.194	58.166	159.6
48696.753	58.409	143.53
49432.254	58.74	118.69
50178.865	58.77	89.65
50936.752	58.698	63.73
51706.086	58.584	42.41
52487.04	58.451	25.23
53279.789	58.307	11.26
54084.512	58.157	-0.36
54901.389	58.003	-10.33
55730.604	57.846	-19.21
56572.343	57.686	-27.41
57426.796	57.523	-35.27
58294.153	57.357	-43.1
59174.612	57.183	-51.13
60068.368	57	-59.65
60975.624	56.797	-68.95
61896.582	56.562	-79.37
62831.45	56.272	-91.34
63780.438	55.886	-105.33
64743.76	55.339	-121.89
65721.631	54.529	-141.48
66714.272	53.315	-164.24
67721.905	51.543	170.36
68744.757	49.137	143.98
69783.058	46.294	119.63
70837.042	43.733	101.47
71906.944	42.609	94.7
72993.006	43.604	94.77
74095.472	46.141	87.01
75214.588	49.045	67.64
76350.608	51.517	42.95
77503.786	53.322	17.47
78674.381	54.542	-6.21
79862.656	55.356	-27.11
81068.879	55.923	-45.2
82293.32	56.353	-60.9
83536.255	56.713	-74.78
84797.962	57.042	-87.3
86078.727	57.362	-98.86
87378.835	57.689	-109.69
88698.58	58.03	-119.8
90038.258	58.394	-128.79
91398.17	58.788	-135.46
92778.622	59.222	-136.73
94179.923	59.695	-124.55
95602.39	60.087	-96.1
97046.341	60.277	-69.9
98512.101	60.336	-61.93
100000	60.357	-62.61
