4.9182	53.8	-26.5
4.98973	53.49	-25.4
5.06231	53.1	-24.1
5.13594	52.63	-22.6
5.21065	52.08	-21.1
5.28644	51.48	-19.7
5.36333	50.83	-18.3
5.44134	50.16	-17
5.52049	49.49	-16
5.60078	48.88	-15.2
5.68225	48.44	-14.8
5.7649	48.24	-14.7
5.84875	48.36	-15
5.93382	48.81	-15.9
6.02013	49.51	-17.4
6.1077	50.35	-19.4
6.19654	51.23	-22
6.28667	52.08	-25.3
6.37811	52.87	-29
6.47088	53.58	-33.3
6.565	54.21	-38
6.66049	54.76	-43.1
6.75737	55.24	-48.6
6.85566	55.63	-54.3
6.95538	55.96	-60.4
7.05655	56.23	-66.7
7.15919	56.43	-73.3
7.26332	56.58	-80.1
7.36897	56.69	-87.3
7.47615	56.77	-94.9
7.58489	56.82	-103
7.69522	56.86	-111.5
7.80715	56.89	-120.6
7.92071	56.91	-130.1
8.03592	56.94	-140.2
8.1528	56.96	-150.6
8.27139	56.99	-161.4
8.3917	57.02	-172.6
8.51376	57.07	175.8
8.63759	57.14	163.9
8.76323	57.23	151.6
8.89069	57.35	139
9.02001	57.51	125.8
9.15121	57.71	112.2
9.28432	57.95	98.3
9.41936	58.21	84.1
9.55637	58.51	69.7
9.69537	58.82	55.4
9.83639	59.14	41.1
9.97946	59.48	27.2
10.12462	59.82	13.5
10.27188	60.18	0.2
10.42129	60.55	-12.6
10.57287	60.93	-25.2
10.72666	61.3	-37.3
10.88268	61.65	-49.2
11.04098	61.96	-60.7
11.20157	62.22	-71.9
11.3645	62.43	-82.8
11.5298	62.57	-93.5
11.69751	62.64	-103.8
11.86765	62.65	-113.8
12.04027	62.59	-123.5
12.2154	62.49	-132.9
12.39308	62.33	-142
12.57334	62.13	-150.6
12.75622	61.89	-158.7
12.94176	61.62	-166.3
13.13001	61.33	-173.4
13.32099	61	-180
13.51474	60.64	174
13.71132	60.25	168.2
13.91076	59.84	162.6
14.11309	59.41	156.9
14.31837	58.98	151.1
14.52664	58.55	144.8
14.73793	58.15	138.1
14.9523	57.77	130.7
15.16979	57.42	122.6
15.39044	57.08	113.6
15.6143	56.77	103.7
15.84141	56.47	92.7
16.07183	56.18	80.4
16.3056	55.91	66.8
16.54277	55.66	51.9
16.78339	55.45	35.9
17.02751	55.31	19.5
17.27518	55.27	3.2
17.52646	55.36	-12.5
17.78138	55.58	-27.3
18.04002	55.93	-41.2
18.30242	56.36	-54.1
18.56863	56.82	-65.9
18.83872	57.28	-76.5
19.11274	57.72	-85.9
19.39074	58.12	-94.3
19.67278	58.48	-101.6
19.95893	58.78	-107.9
20.24924	59.02	-113.2
20.54377	59.2	-117.7
20.84259	59.33	-121.4
21.14575	59.44	-124.4
21.45332	59.53	-127
21.76537	59.63	-129.2
22.08195	59.77	-131.1
22.40314	59.96	-132.8
22.729	60.22	-134.2
23.0596	60.57	-135.3
23.39501	61.04	-136
23.7353	61.57	-136.5
24.08054	62.07	-137.2
24.4308	62.5	-138
24.78615	62.88	-138.8
25.14667	63.25	-139.6
25.51244	63.62	-140.5
25.88353	63.99	-141.4
26.26001	64.34	-142.2
26.64197	64.67	-143
27.02949	64.99	-143.7
27.42264	65.32	-144.6
27.82151	65.67	-145.4
28.22619	66.03	-146.2
28.63675	66.39	-146.9
29.05328	66.77	-147.6
29.47587	67.17	-148.2
29.9046	67.56	-148.9
30.33958	67.94	-149.6
30.78088	68.33	-150.3
31.22859	68.7	-151
31.68282	69.05	-151.8
32.14366	69.41	-152.6
32.6112	69.76	-153.4
33.08554	70.12	-154.3
33.56678	70.48	-155.2
34.05502	70.83	-156.1
34.55036	71.19	-157
35.05291	71.55	-158
35.56277	71.92	-158.9
36.08004	72.29	-159.8
36.60484	72.65	-160.6
37.13727	73.02	-161.5
37.67744	73.41	-162.3
38.22547	73.81	-163.2
38.78147	74.21	-164.1
39.34556	74.6	-164.9
39.91786	74.98	-165.8
40.49848	75.35	-166.7
41.08754	75.72	-167.7
41.68517	76.11	-168.7
42.2915	76.5	-169.8
42.90664	76.89	-170.9
43.53073	77.28	-172.1
44.1639	77.68	-173.3
44.80628	78.09	-174.7
45.458	78.49	-176.1
46.1192	78.9	-177.5
46.79002	79.31	-179
47.4706	79.73	179.3
48.16108	80.15	177.5
48.86159	80.57	175.6
49.5723	80.97	173.4
50.29335	81.34	171
51.02488	81.67	168.4
51.76706	81.95	165.5
52.52003	82.18	162.5
53.28395	82.35	159.5
54.05898	82.47	156.7
54.84529	82.56	154
55.64303	82.62	151.3
56.45238	82.66	148.8
57.27349	82.69	146.3
58.10656	82.7	144
58.95174	82.69	141.9
59.80921	82.68	139.9
60.67915	82.64	138.2
61.56175	82.6	136.8
62.45719	82.55	135.7
63.36565	82.52	134.8
64.28732	82.5	134.1
65.2224	82.5	133.7
66.17109	82.55	133.5
67.13357	82.63	133.5
68.11005	82.76	133.5
69.10073	82.94	133.6
70.10582	83.18	133.6
71.12554	83.45	133.5
72.16008	83.76	133.2
73.20967	84.07	132.7
74.27453	84.37	132
75.35488	84.65	131
76.45094	84.9	129.7
77.56295	85.09	128.4
78.69113	85.25	127
79.83571	85.38	125.8
80.99695	85.5	124.7
82.17508	85.61	123.5
83.37034	85.72	122.4
84.58299	85.82	121.2
85.81328	85.92	120
87.06146	86	118.9
88.3278	86.08	117.8
89.61256	86.14	116.8
90.916	86.2	115.9
92.23841	86.26	115.1
93.58005	86.33	114.6
94.9412	86.4	114.2
96.32215	86.5	114
97.72319	86.62	113.9
99.14461	86.77	113.8
100.5867	86.95	113.8
102.04976	87.17	113.8
103.53411	87.43	113.8
105.04005	87.72	113.7
106.56789	88.01	113.6
108.11796	88.32	113.3
109.69057	88.64	113
111.28606	88.98	112.6
112.90475	89.36	112.1
114.54699	89.75	111.4
116.21311	90.14	110.5
117.90347	90.49	109.3
119.61842	90.78	107.9
121.35831	91.04	106.3
123.1235	91.27	104.6
124.91438	91.5	102.8
126.7313	91.74	100.9
128.57465	91.95	98.8
130.44481	92.14	96.6
132.34217	92.29	94.2
134.26713	92.41	91.9
136.22009	92.5	89.6
138.20146	92.56	87.4
140.21165	92.6	85.4
142.25107	92.64	83.5
144.32016	92.7	81.8
146.41935	92.77	80
148.54906	92.85	78.1
150.70976	92.91	76
152.90188	92.95	73.8
155.12589	92.95	71.7
157.38225	92.93	69.6
159.67143	92.9	67.6
161.9939	92.86	65.7
164.35016	92.82	63.9
166.74069	92.78	62.1
169.16599	92.72	60.2
171.62656	92.64	58.4
174.12293	92.52	56.7
176.6556	92.37	55.3
179.22512	92.19	54.4
181.83201	92.02	53.9
184.47682	91.87	53.7
187.16009	91.74	53.6
189.8824	91.62	53.7
192.6443	91.54	53.9
195.44638	91.52	54.3
198.28921	91.54	54.5
201.1734	91.56	54.4
204.09953	91.57	54.3
207.06823	91.56	54.2
210.0801	91.56	54.2
213.13579	91.56	54.3
216.23592	91.58	54.6
219.38114	91.63	55.2
222.57212	91.72	56.2
225.8095	91.87	57.5
229.09398	92.11	58.8
232.42622	92.4	59.9
235.80694	92.72	60.5
239.23683	93.02	60.8
242.71661	93.29	61
246.24701	93.53	60.9
249.82875	93.74	60.8
253.4626	93.92	60.4
257.14929	94.07	59.9
260.88962	94.2	59.1
264.68434	94.31	58.1
268.53427	94.42	56.6
272.44019	94.5	54.7
276.40292	94.57	52.6
280.42329	94.6	50.2
284.50214	94.59	47.9
288.64032	94.54	45.7
292.83869	94.45	43.7
297.09813	94.35	41.9
301.41952	94.24	40.3
305.80377	94.12	38.9
310.25179	94	37.6
314.7645	93.87	36.6
319.34286	93.73	35.8
323.98781	93.59	35.3
328.70032	93.45	35
333.48138	93.3	35
338.33197	93.14	35.2
343.25313	93	35.7
348.24586	92.89	36.4
353.31121	92.82	37.2
358.45024	92.79	38
363.66402	92.8	38.8
368.95363	92.84	39.6
374.32019	92.94	40.5
379.7648	93.1	41.3
385.28861	93.28	41.8
390.89276	93.46	41.9
396.57842	93.63	41.9
402.34679	93.81	41.5
408.19906	93.97	40.8
414.13645	94.12	39.9
420.1602	94.24	38.8
426.27158	94.34	37.6
432.47184	94.42	36.4
438.76229	94.47	35.1
445.14423	94.51	33.7
451.619	94.51	32.4
458.18795	94.48	31.1
464.85245	94.42	30.2
471.61388	94.35	29.9
478.47367	94.31	29.9
485.43323	94.28	30.1
492.49401	94.27	30.4
499.6575	94.29	30.7
506.92519	94.33	31.1
514.29859	94.4	31.4
521.77923	94.45	31.6
529.36869	94.5	31.9
537.06853	94.55	32.2
544.88037	94.61	32.5
552.80584	94.7	32.8
560.84659	94.8	32.8
569.00429	94.9	32.5
577.28065	94.97	31.9
585.67739	95.01	31.1
594.19626	95.04	30.5
602.83904	95.08	30.1
611.60754	95.12	29.7
620.50358	95.15	29.4
629.52901	95.19	29.2
638.68572	95.26	29
647.97562	95.34	28.9
657.40064	95.44	28.7
666.96275	95.55	28.4
676.66395	95.66	28
686.50625	95.76	27.6
696.49171	95.87	27.1
706.62242	95.96	26.4
716.90048	96.05	25.5
727.32804	96.11	24.5
737.90727	96.15	23.5
748.64037	96.17	22.5
759.5296	96.18	21.7
770.57721	96.19	21
781.78552	96.2	20.2
793.15685	96.2	19.5
804.69358	96.2	18.8
816.39812	96.19	18.1
828.2729	96.17	17.5
840.32041	96.15	17
852.54315	96.13	16.7
864.94368	96.13	16.4
877.52457	96.13	16
890.28846	96.13	15.6
903.238	96.15	15.2
916.3759	96.18	14.8
929.7049	96.21	14.4
943.22777	96.24	13.8
956.94733	96.26	13.2
970.86645	96.26	12.6
984.98803	96.26	11.9
999.31501	96.24	11.3
1013.8504	96.21	10.8
1028.5972	96.18	10.4
1043.5585	96.16	10.2
1058.7374	96.16	9.9
1074.1371	96.17	9.6
1089.7607	96.2	9.1
1105.6117	96.22	8.6
1121.6932	96.24	8.1
1138.0086	96.25	7.6
1154.5613	96.26	7.3
1171.3548	96.28	7.2
1188.3925	96.34	7.1
1205.6781	96.41	6.9
1223.2151	96.51	6.5
1241.0072	96.6	6
1259.058	96.67	5.3
1277.3714	96.72	4.6
1295.9512	96.75	3.9
1314.8013	96.77	3.2
1333.9255	96.78	2.4
1353.3279	96.79	1.7
1373.0125	96.79	0.8
1392.9834	96.78	-0.1
1413.2448	96.75	-1.1
1433.801	96.7	-2.1
1454.6561	96.64	-3.1
1475.8145	96.56	-4
1497.2807	96.47	-4.7
1519.0592	96.39	-5.4
1541.1544	96.31	-6
1563.571	96.25	-6.7
1586.3137	96.18	-7.5
1609.3872	96.12	-8.2
1632.7962	96.06	-9
1656.5458	95.99	-9.8
1680.6408	95.92	-10.6
1705.0863	95.85	-11.4
1729.8874	95.78	-12.2
1755.0491	95.7	-13
1780.5769	95.61	-13.7
1806.476	95.5	-14.4
1832.7518	95.38	-15
1859.4098	95.26	-15.5
1886.4555	95.13	-15.9
1913.8947	94.99	-16.1
1941.7329	94.85	-16.3
1969.9761	94.7	-16.5
1998.63	94.55	-16.5
2027.7008	94.42	-16.5
2057.1943	94.29	-16.5
2087.1169	94.18	-16.4
2117.4747	94.08	-16.4
2148.2741	93.99	-16.3
2179.5215	93.91	-16.3
2211.2234	93.83	-16.4
2243.3863	93.76	-16.5
2276.0171	93.68	-16.6
2309.1226	93.6	-16.9
2342.7095	93.51	-17.1
2376.785	93.41	-17.4
2411.3562	93.3	-17.7
2446.4302	93.18	-18
2482.0143	93.05	-18.1
2518.116	92.91	-18.1
2554.7429	92.77	-18.1
2591.9025	92.61	-18
2629.6026	92.45	-17.8
2667.851	92.28	-17.6
2706.6558	92.12	-17.3
2746.025	91.96	-16.9
2785.9669	91.79	-16.5
2826.4897	91.63	-16
2867.6019	91.47	-15.4
2909.3121	91.31	-14.9
2951.6291	91.17	-14.2
2994.5615	91.03	-13.6
3038.1184	90.9	-12.9
3082.3088	90.78	-12.3
3127.1421	90.66	-11.6
3172.6274	90.55	-11
3218.7743	90.44	-10.4
3265.5925	90.35	-9.9
3313.0916	90.25	-9.3
3361.2816	90.16	-8.7
3410.1726	90.07	-8.1
3459.7747	89.98	-7.5
3510.0983	89.9	-6.9
3561.1538	89.83	-6.3
3612.952	89.76	-5.7
3665.5036	89.7	-5.1
3718.8196	89.64	-4.5
3772.9111	89.56	-4
3827.7893	89.49	-3.5
3883.4658	89.4	-2.9
3939.9521	89.31	-2.3
3997.26	89.21	-1.5
4055.4015	89.12	-0.6
4114.3887	89.05	0.3
4174.2339	88.98	1.3
4234.9495	88.93	2.3
4296.5482	88.9	3.2
4359.043	88.87	4.1
4422.4467	88.84	5
4486.7727	88.81	5.8
4552.0343	88.79	6.5
4618.2452	88.76	7.2
4685.4191	88.74	7.8
4753.5701	88.72	8.4
4822.7123	88.71	8.8
4892.8603	88.68	9.1
4964.0286	88.64	9.2
5036.2321	88.58	9.3
5109.4857	88.47	9.4
5183.8049	88.34	9.5
5259.2051	88.17	9.8
5335.702	87.97	10.3
5413.3116	87.74	11.2
5492.05	87.49	12.4
5571.9337	87.23	14.1
5652.9794	86.97	16.2
5735.2038	86.71	18.9
5818.6243	86.48	22
5903.2581	86.3	25.5
5989.123	86.19	29.4
6076.2368	86.18	33.5
6164.6177	86.29	37.8
6254.2841	86.52	42.2
6345.2548	86.87	46.5
6437.5486	87.31	50.6
6531.1849	87.82	54.4
6626.1832	88.37	57.8
6722.5633	88.93	60.8
6820.3452	89.49	63.3
6919.5494	90.03	65.1
7020.1966	90.54	66.4
7122.3077	91.01	67.1
7225.904	91.45	67.3
7331.0072	91.83	67
7437.6392	92.17	66.4
7545.8221	92.47	65.6
7655.5786	92.73	64.6
7766.9316	92.96	63.6
7879.9042	93.16	62.5
7994.5201	93.33	61.4
8110.803	93.48	60.4
8228.7774	93.61	59.5
8348.4677	93.72	58.7
8469.899	93.82	58.1
8593.0965	93.92	57.7
8718.086	94.03	57.5
8844.8934	94.15	57.4
8973.5454	94.29	57.4
9104.0686	94.45	57.5
9236.4903	94.63	57.7
9370.8382	94.82	57.8
9507.1402	95.04	58
9645.4247	95.28	58.2
9785.7206	95.54	58.3
9928.0572	95.82	58.4
10072.464	96.12	58.3
10218.971	96.43	58.1
10367.61	96.73	57.6
10518.41	97.04	57
10671.404	97.33	56.1
10826.623	97.62	55.1
10984.1	97.89	53.9
11143.867	98.14	52.5
11305.959	98.39	51
11470.408	98.63	49.4
11637.249	98.86	47.6
11806.516	99.09	45.6
11978.246	99.33	43.5
12152.474	99.55	41
12329.235	99.76	38.3
12508.568	99.92	35.3
12690.51	100.05	32
12875.097	100.11	28.5
13062.37	100.13	24.9
13252.366	100.09	21.2
13445.127	100.02	17.7
13640.69	99.9	14.1
13839.099	99.75	10.7
14040.393	99.55	7.3
14244.615	99.3	4
14451.808	99	0.9
14662.014	98.63	-1.9
14875.278	98.2	-4.5
15091.644	97.72	-6.7
15311.157	97.19	-8.6
15533.863	96.64	-10.2
15759.808	96.07	-11.3
15989.04	95.51	-12
16221.606	94.95	-12.3
16457.555	94.41	-12.2
16696.935	93.89	-11.9
16939.798	93.39	-11.3
17186.193	92.94	-10.7
17436.172	92.52	-10.2
17689.787	92.15	-9.8
17947.091	91.79	-9.6
18208.137	91.45	-9.5
18472.981	91.13	-9.3
18741.676	90.84	-9.1
19014.28	90.6	-8.8
19290.849	90.42	-8.6
19571.441	90.29	-8.7
19856.114	90.19	-9.3
20144.928	90.09	-10.3
20437.943	89.98	-11.7
20735.22	89.84	-13.4
21036.82	89.66	-15.2
21342.808	89.44	-17.1
21653.246	89.22	-19
21968.2	89.02	-21.1
22287.735	88.86	-23.5
22611.917	88.73	-26.4
22940.815	88.61	-30.1
23274.497	88.48	-34.9
23613.033	88.32	-40.7
23956.492	88.11	-47.7
24304.947	87.85	-56.1
24658.471	87.56	-66.3
25017.137	87.26	-79.2
25381.019	86.94	-95.8
25750.195	86.61	-117.7
26124.74	86.27	-147
26504.733	85.9	173.1
26890.253	85.48	118.4
27281.381	85.01	43
27678.198	84.46	-61.5
28080.786	83.83	153
28489.231	83.16	-50.6
28903.616	82.47	23.2
29324.029	81.78	-20.5
29750.557	81.12	129.2
30183.289	80.5	42.2
30622.315	79.92	-20.3
31067.726	79.37	161.8
31519.617	78.82	30.2
31978.08	78.26	24.3
32443.212	77.68	106.3
32915.11	77.11	74.6
33393.871	76.58	-134.5
33879.596	76.09	-110.2
34372.386	75.64	71.6
34872.344	75.22	81.4
35379.574	74.79	-156.7
35894.182	74.32	-123.5
36416.274	73.79	146.6
36945.961	73.15	16.9
37483.353	72.4	14.1
38028.561	71.62	5.1
38581.699	70.93	-99.7
39142.882	70.46	2.4
39712.229	70.29	-80.2
