4.9182	47.68	-61.7
4.98973	47.87	-62.5
5.06231	48.1	-63.4
5.13594	48.36	-64.4
5.21065	48.63	-65.6
5.28644	48.92	-67
5.36333	49.22	-68.4
5.44134	49.52	-69.9
5.52049	49.83	-71.6
5.60078	50.16	-73.4
5.68225	50.49	-75.3
5.7649	50.85	-77.3
5.84875	51.22	-79.6
5.93382	51.63	-82.2
6.02013	52.07	-85
6.1077	52.53	-88.2
6.19654	53	-91.8
6.28667	53.46	-95.7
6.37811	53.9	-100
6.47088	54.32	-104.6
6.565	54.7	-109.4
6.66049	55.04	-114.6
6.75737	55.35	-120
6.85566	55.61	-125.6
6.95538	55.83	-131.3
7.05655	56	-137.3
7.15919	56.14	-143.3
7.26332	56.24	-149.6
7.36897	56.3	-156
7.47615	56.34	-162.7
7.58489	56.37	-169.5
7.69522	56.37	-176.7
7.80715	56.36	175.8
7.92071	56.34	168.1
8.03592	56.31	160
8.1528	56.27	151.6
8.27139	56.21	142.9
8.3917	56.15	133.8
8.51376	56.06	124.4
8.63759	55.96	114.7
8.76323	55.82	104.5
8.89069	55.64	93.9
9.02001	55.41	82.8
9.15121	55.11	71.2
9.28432	54.76	59.1
9.41936	54.35	46.6
9.55637	53.88	33.5
9.69537	53.38	20.1
9.83639	52.87	6.3
9.97946	52.38	-7.9
10.12462	51.93	-22.5
10.27188	51.57	-37.6
10.42129	51.28	-53.1
10.57287	51.05	-69
10.72666	50.88	-85.1
10.88268	50.74	-101.1
11.04098	50.62	-116.5
11.20157	50.52	-131
11.3645	50.41	-144.2
11.5298	50.29	-155.9
11.69751	50.14	-165.8
11.86765	49.94	-174.3
12.04027	49.69	178.6
12.2154	49.38	172.5
12.39308	49.06	167.2
12.57334	48.77	162.5
12.75622	48.58	158.3
12.94176	48.59	154.4
13.13001	48.87	150.7
13.32099	49.41	147.1
13.51474	50.14	143.7
13.71132	50.94	140.1
13.91076	51.68	136.5
14.11309	52.31	132.5
14.31837	52.79	128
14.52664	53.11	122.9
14.73793	53.29	116.9
14.9523	53.35	110
15.16979	53.31	102.6
15.39044	53.19	95.1
15.6143	53	88.2
15.84141	52.76	82.8
16.07183	52.47	79.1
16.3056	52.13	77.4
16.54277	51.76	77.3
16.78339	51.38	78.1
17.02751	51.02	79.3
17.27518	50.75	79.9
17.52646	50.62	79.3
17.78138	50.66	77.3
18.04002	50.85	73.7
18.30242	51.1	69.2
18.56863	51.32	64.5
18.83872	51.43	60.2
19.11274	51.39	56.8
19.39074	51.18	54.1
19.67278	50.81	52.1
19.95893	50.36	50.3
20.24924	49.95	48.6
20.54377	49.69	46.7
20.84259	49.66	44.4
21.14575	49.84	41.8
21.45332	50.16	38.8
21.76537	50.52	35.7
22.08195	50.86	32.7
22.40314	51.13	30.2
22.729	51.3	28.4
23.0596	51.34	27.6
23.39501	51.19	28.1
23.7353	50.87	29.4
24.08054	50.55	30.1
24.4308	50.29	30
24.78615	50.06	29.7
25.14667	49.81	29.2
25.51244	49.53	28.7
25.88353	49.24	28.5
26.26001	48.97	28.8
26.64197	48.74	29.6
27.02949	48.57	30.3
27.42264	48.47	30.8
27.82151	48.42	31.1
28.22619	48.34	31.5
28.63675	48.22	31.8
29.05328	48.01	31.8
29.47587	47.74	31.6
29.9046	47.47	31.6
30.33958	47.24	31.9
30.78088	47.03	32.4
31.22859	46.88	32.8
31.68282	46.79	33.1
32.14366	46.78	33.4
32.6112	46.87	33.8
33.08554	47.06	34
33.56678	47.33	33.7
34.05502	47.63	32.7
34.55036	47.92	31.3
35.05291	48.2	29.4
35.56277	48.46	27
36.08004	48.71	24.3
36.60484	48.93	21.3
37.13727	49.14	17.6
37.67744	49.32	13
38.22547	49.46	7.6
38.78147	49.56	1.1
39.34556	49.62	-6.4
39.91786	49.67	-15.1
40.49848	49.71	-25
41.08754	49.71	-36.7
41.68517	49.66	-50.7
42.2915	49.59	-66.8
42.90664	49.51	-84.3
43.53073	49.41	-103
44.1639	49.28	-122.8
44.80628	49.12	-143.3
45.458	48.92	-164.1
46.1192	48.68	175.7
46.79002	48.41	155.8
47.4706	48.1	135.7
48.16108	47.79	115.7
48.86159	47.5	95.8
49.5723	47.23	76.1
50.29335	46.97	56.2
51.02488	46.69	36.2
51.76706	46.39	15.8
52.52003	46.03	-5.4
53.28395	45.64	-26.6
54.05898	45.23	-46.7
54.84529	44.8	-66.3
55.64303	44.34	-85.9
56.45238	43.93	-105.6
57.27349	43.61	-125.1
58.10656	43.43	-144.1
58.95174	43.41	-162.9
59.80921	43.57	178.7
60.67915	43.9	161.3
61.56175	44.34	144.8
62.45719	44.87	129.4
63.36565	45.45	115.2
64.28732	46.03	102.2
65.2224	46.53	90.5
66.17109	46.94	79.9
67.13357	47.27	70
68.11005	47.53	60.5
69.10073	47.71	51.4
70.10582	47.83	42.1
71.12554	47.91	32.4
72.16008	47.95	22.2
73.20967	47.96	11.2
74.27453	47.92	-0.7
75.35488	47.81	-13.8
76.45094	47.64	-28.1
77.56295	47.41	-43.5
78.69113	47.15	-59.6
79.83571	46.87	-76.7
80.99695	46.6	-94.9
82.17508	46.35	-115
83.37034	46.11	-137.8
84.58299	45.87	-163.2
85.81328	45.62	169
87.06146	45.39	138.8
88.3278	45.15	106.6
89.61256	44.93	73
90.916	44.73	38.8
92.23841	44.54	4.8
93.58005	44.37	-29
94.9412	44.19	-63.2
96.32215	44.01	-98
97.72319	43.83	-133.1
99.14461	43.65	-168.6
100.5867	43.52	155.9
102.04976	43.5	120.9
103.53411	43.61	86.9
105.04005	43.81	55
106.56789	44.05	26.1
108.11796	44.32	0.4
109.69057	44.61	-23.2
111.28606	44.96	-45
112.90475	45.4	-65.2
114.54699	45.91	-83.9
116.21311	46.47	-101.5
117.90347	46.99	-117.7
119.61842	47.45	-131.9
121.35831	47.83	-143.6
123.1235	48.18	-152.6
124.91438	48.54	-159.2
126.7313	48.92	-164
128.57465	49.32	-167.3
130.44481	49.73	-169.7
132.34217	50.15	-171.5
134.26713	50.56	-173
136.22009	50.92	-174.3
138.20146	51.27	-175.6
140.21165	51.61	-176.7
142.25107	51.97	-177.4
144.32016	52.38	-177.9
146.41935	52.82	-178.3
148.54906	53.25	-178.8
150.70976	53.64	-179.7
152.90188	53.97	179.1
155.12589	54.24	177.9
157.38225	54.48	176.8
159.67143	54.68	175.8
161.9939	54.88	175
164.35016	55.08	174.3
166.74069	55.29	173.7
169.16599	55.48	172.8
171.62656	55.63	171.9
174.12293	55.74	171
176.6556	55.8	170.3
179.22512	55.83	170.1
181.83201	55.86	170.5
184.47682	55.94	171.4
187.16009	56.07	172.5
189.8824	56.25	174
192.6443	56.51	175.7
195.44638	56.84	177.4
198.28921	57.21	179
201.1734	57.59	-179.7
204.09953	57.95	-178.5
207.06823	58.28	-177.4
210.0801	58.59	-176.2
213.13579	58.9	-175
216.23592	59.22	-173.8
219.38114	59.56	-172.4
222.57212	59.97	-170.6
225.8095	60.46	-168.4
229.09398	61.04	-166.2
232.42622	61.67	-164.2
235.80694	62.32	-162.6
239.23683	62.94	-161.4
242.71661	63.52	-160.4
246.24701	64.04	-159.7
249.82875	64.49	-159
253.4626	64.9	-158.4
257.14929	65.26	-158
260.88962	65.6	-157.7
264.68434	65.93	-157.6
268.53427	66.26	-157.8
272.44019	66.58	-158.6
276.40292	66.91	-159.8
280.42329	67.24	-161.3
284.50214	67.55	-162.9
288.64032	67.81	-164.5
292.83869	68.04	-165.8
297.09813	68.25	-167
301.41952	68.46	-168.1
305.80377	68.64	-169
310.25179	68.8	-169.8
314.7645	68.94	-170.4
319.34286	69.07	-170.8
323.98781	69.2	-170.9
328.70032	69.34	-170.8
333.48138	69.49	-170.5
338.33197	69.68	-170
343.25313	69.91	-169.1
348.24586	70.19	-168.1
353.31121	70.53	-167
358.45024	70.9	-165.8
363.66402	71.3	-164.7
368.95363	71.72	-163.5
374.32019	72.17	-162.3
379.7648	72.65	-161.2
385.28861	73.13	-160.3
390.89276	73.58	-159.7
396.57842	74.02	-159.4
402.34679	74.46	-159.3
408.19906	74.9	-159.5
414.13645	75.32	-159.9
420.1602	75.73	-160.6
426.27158	76.12	-161.4
432.47184	76.49	-162.3
438.76229	76.84	-163.2
445.14423	77.17	-164.2
451.619	77.48	-165.2
458.18795	77.77	-166.1
464.85245	78.04	-166.7
471.61388	78.32	-166.8
478.47367	78.65	-166.6
485.43323	79.03	-166.3
492.49401	79.45	-165.9
499.6575	79.91	-165.5
506.92519	80.4	-165.1
514.29859	80.9	-164.8
521.77923	81.38	-164.6
529.36869	81.83	-164.6
537.06853	82.27	-164.5
544.88037	82.71	-164.4
552.80584	83.16	-164.5
560.84659	83.62	-164.8
569.00429	84.05	-165.6
577.28065	84.44	-166.8
585.67739	84.81	-168.1
594.19626	85.17	-169.4
602.83904	85.55	-170.6
611.60754	85.95	-171.7
620.50358	86.37	-172.8
629.52901	86.8	-173.8
638.68572	87.25	-174.7
647.97562	87.71	-175.7
657.40064	88.18	-176.8
666.96275	88.66	-177.8
676.66395	89.14	-179
686.50625	89.61	179.7
696.49171	90.06	178.4
706.62242	90.5	176.9
716.90048	90.93	175.2
727.32804	91.34	173.3
737.90727	91.75	171.3
748.64037	92.15	169.2
759.5296	92.56	167.2
770.57721	92.99	165.2
781.78552	93.43	163
793.15685	93.88	160.7
804.69358	94.31	158.1
816.39812	94.73	155.4
828.2729	95.12	152.6
840.32041	95.48	149.8
852.54315	95.81	147
864.94368	96.13	144
877.52457	96.42	140.9
890.28846	96.7	137.7
903.238	96.97	134.4
916.3759	97.22	131.1
929.7049	97.46	127.6
943.22777	97.69	124
956.94733	97.88	120.3
970.86645	98.05	116.5
984.98803	98.18	112.8
999.31501	98.27	109.2
1013.8504	98.35	105.7
1028.5972	98.4	102.3
1043.5585	98.45	99.1
1058.7374	98.5	96
1074.1371	98.56	92.8
1089.7607	98.61	89.6
1105.6117	98.65	86.4
1121.6932	98.66	83.2
1138.0086	98.64	80
1154.5613	98.6	77.1
1171.3548	98.54	74.5
1188.3925	98.49	72.1
1205.6781	98.45	69.8
1223.2151	98.42	67.5
1241.0072	98.39	65.2
1259.058	98.34	62.9
1277.3714	98.26	60.7
1295.9512	98.17	58.5
1314.8013	98.06	56.6
1333.9255	97.95	54.8
1353.3279	97.85	53.1
1373.0125	97.74	51.5
1392.9834	97.63	49.9
1413.2448	97.54	48.3
1433.801	97.43	46.6
1454.6561	97.32	45
1475.8145	97.21	43.5
1497.2807	97.1	42
1519.0592	96.98	40.5
1541.1544	96.86	39.1
1563.571	96.73	37.6
1586.3137	96.61	36.2
1609.3872	96.48	34.8
1632.7962	96.34	33.6
1656.5458	96.2	32.4
1680.6408	96.06	31.3
1705.0863	95.93	30.2
1729.8874	95.79	29.3
1755.0491	95.66	28.5
1780.5769	95.52	27.7
1806.476	95.38	27
1832.7518	95.24	26.5
1859.4098	95.11	26.1
1886.4555	94.99	25.9
1913.8947	94.88	25.6
1941.7329	94.77	25.4
1969.9761	94.68	25.1
1998.63	94.59	24.9
2027.7008	94.52	24.6
2057.1943	94.44	24.4
2087.1169	94.38	24.2
2117.4747	94.32	24
2148.2741	94.27	23.8
2179.5215	94.23	23.6
2211.2234	94.19	23.3
2243.3863	94.15	23.1
2276.0171	94.11	22.7
2309.1226	94.06	22.4
2342.7095	94.02	21.9
2376.785	93.97	21.5
2411.3562	93.92	21
2446.4302	93.85	20.6
2482.0143	93.78	20.3
2518.116	93.7	20.1
2554.7429	93.62	19.9
2591.9025	93.53	19.8
2629.6026	93.45	19.8
2667.851	93.36	19.9
2706.6558	93.28	20.1
2746.025	93.2	20.3
2785.9669	93.11	20.7
2826.4897	93.04	21.2
2867.6019	92.96	21.7
2909.3121	92.91	22.4
2951.6291	92.88	23.1
2994.5615	92.86	24
3038.1184	92.87	24.8
3082.3088	92.89	25.6
3127.1421	92.92	26.3
3172.6274	92.96	26.8
3218.7743	93.01	27.2
3265.5925	93.06	27.6
3313.0916	93.11	27.9
3361.2816	93.15	28.2
3410.1726	93.19	28.4
3459.7747	93.24	28.6
3510.0983	93.29	28.7
3561.1538	93.34	28.7
3612.952	93.39	28.7
3665.5036	93.44	28.7
3718.8196	93.47	28.6
3772.9111	93.5	28.6
3827.7893	93.52	28.6
3883.4658	93.55	28.7
3939.9521	93.58	29
3997.26	93.63	29.3
4055.4015	93.7	29.7
4114.3887	93.79	30.2
4174.2339	93.92	30.7
4234.9495	94.07	31.2
4296.5482	94.26	31.7
4359.043	94.47	32.1
4422.4467	94.7	32.4
4486.7727	94.95	32.6
4552.0343	95.22	32.6
4618.2452	95.49	32.4
4685.4191	95.76	32.1
4753.5701	96.03	31.5
4822.7123	96.29	30.7
4892.8603	96.53	29.6
4964.0286	96.75	28.4
5036.2321	96.95	27
5109.4857	97.14	25.5
5183.8049	97.32	23.9
5259.2051	97.48	22.1
5335.702	97.62	20.3
5413.3116	97.76	18.4
5492.05	97.88	16.4
5571.9337	97.99	14.3
5652.9794	98.09	12.2
5735.2038	98.16	10
5818.6243	98.23	7.8
5903.2581	98.28	5.6
5989.123	98.32	3.2
6076.2368	98.34	0.8
6164.6177	98.35	-1.7
6254.2841	98.34	-4.2
6345.2548	98.31	-6.8
6437.5486	98.25	-9.4
6531.1849	98.16	-12.1
6626.1832	98.05	-14.7
6722.5633	97.91	-17.3
6820.3452	97.75	-19.8
6919.5494	97.56	-22.2
7020.1966	97.34	-24.6
7122.3077	97.1	-26.8
7225.904	96.84	-28.8
7331.0072	96.54	-30.6
7437.6392	96.23	-32.2
7545.8221	95.89	-33.4
7655.5786	95.54	-34.4
7766.9316	95.19	-35.1
7879.9042	94.84	-35.6
7994.5201	94.5	-35.9
8110.803	94.17	-36.1
8228.7774	93.87	-36.2
8348.4677	93.6	-36.3
8469.899	93.38	-36.3
8593.0965	93.22	-36.4
8718.086	93.14	-36.7
8844.8934	93.12	-37.3
8973.5454	93.15	-38.4
9104.0686	93.23	-40.1
9236.4903	93.33	-42.4
9370.8382	93.44	-45.3
9507.1402	93.54	-49
9645.4247	93.63	-53.3
9785.7206	93.7	-58.4
9928.0572	93.74	-64.3
10072.464	93.76	-70.9
10218.971	93.75	-78.3
10367.61	93.71	-86.3
10518.41	93.63	-95
10671.404	93.52	-104.2
10826.623	93.38	-113.8
10984.1	93.23	-123.8
11143.867	93.06	-134
11305.959	92.9	-144.3
11470.408	92.75	-154.5
11637.249	92.62	-164.6
11806.516	92.53	-174.5
11978.246	92.5	175.9
12152.474	92.51	166.7
12329.235	92.6	157.9
12508.568	92.76	149.6
12690.51	92.98	141.7
12875.097	93.26	134.2
13062.37	93.58	127.2
13252.366	93.92	120.5
13445.127	94.26	114.1
13640.69	94.6	107.9
13839.099	94.91	101.9
14040.393	95.17	96
14244.615	95.4	90.4
14451.808	95.58	84.9
14662.014	95.72	79.6
14875.278	95.83	74.6
15091.644	95.89	69.6
15311.157	95.92	64.9
15533.863	95.9	60.4
15759.808	95.84	56.2
15989.04	95.75	52.3
16221.606	95.61	48.6
16457.555	95.43	45.4
16696.935	95.23	42.5
16939.798	95.01	39.9
17186.193	94.77	37.8
17436.172	94.53	35.9
17689.787	94.3	34.3
17947.091	94.06	32.8
18208.137	93.83	31.6
18472.981	93.61	30.6
18741.676	93.41	29.7
19014.28	93.21	28.8
19290.849	93.02	27.9
19571.441	92.83	27.1
19856.114	92.64	26.3
20144.928	92.45	25.6
20437.943	92.25	25.1
20735.22	92.06	24.6
21036.82	91.87	24.2
21342.808	91.67	23.9
21653.246	91.47	23.7
21968.2	91.28	23.6
22287.735	91.08	23.4
22611.917	90.88	23.3
22940.815	90.7	23.1
23274.497	90.54	22.6
23613.033	90.41	21.8
23956.492	90.34	20.4
24304.947	90.32	17.9
24658.471	90.37	13.8
25017.137	90.47	7.5
25381.019	90.62	-2.1
25750.195	90.8	-16.3
26124.74	91.01	-36.8
26504.733	91.23	-61.1
26890.253	91.45	-81.7
27281.381	91.68	-96.1
27678.198	91.89	-106.2
28080.786	92.09	-113.1
28489.231	92.28	-117.8
28903.616	92.44	-120.9
29324.029	92.59	-123
29750.557	92.71	-124.3
30183.289	92.8	-125
30622.315	92.87	-125.4
31067.726	92.89	-125.4
31519.617	92.88	-125.3
31978.08	92.84	-125
32443.212	92.77	-124.7
32915.11	92.68	-124.2
33393.871	92.58	-123.7
33879.596	92.5	-123.2
34372.386	92.42	-122.6
34872.344	92.36	-122
35379.574	92.31	-121.4
35894.182	92.27	-120.7
36416.274	92.22	-120.1
36945.961	92.17	-119.4
37483.353	92.12	-118.7
38028.561	92.07	-118
38581.699	92.02	-117.3
39142.882	91.98	-116.6
39712.229	91.97	-115.8
