4.9182	61.65	171.9
4.98973	61.45	166.5
5.06231	61.19	159.8
5.13594	60.89	152.3
5.21065	60.55	144.1
5.28644	60.19	135.3
5.36333	59.81	126.2
5.44134	59.42	116.8
5.52049	59.04	107.1
5.60078	58.66	97.2
5.68225	58.31	87.1
5.7649	58	76.8
5.84875	57.72	66.1
5.93382	57.49	55.1
6.02013	57.3	43.6
6.1077	57.13	31.7
6.19654	56.99	19.4
6.28667	56.86	6.9
6.37811	56.76	-5.5
6.47088	56.66	-17.7
6.565	56.57	-29.5
6.66049	56.48	-40.5
6.75737	56.4	-50.6
6.85566	56.31	-59.3
6.95538	56.22	-66.6
7.05655	56.12	-72.1
7.15919	56.01	-75.6
7.26332	55.89	-76.8
7.36897	55.75	-75.5
7.47615	55.59	-71.8
7.58489	55.4	-65.5
7.69522	55.2	-57.1
7.80715	54.98	-47
7.92071	54.74	-35.8
8.03592	54.5	-24.1
8.1528	54.26	-12.6
8.27139	54.03	-2
8.3917	53.84	7.1
8.51376	53.68	14.1
8.63759	53.58	18.3
8.76323	53.55	19.4
8.89069	53.6	17.1
9.02001	53.71	11.3
9.15121	53.88	2.6
9.28432	54.09	-8.5
9.41936	54.32	-21
9.55637	54.54	-33.9
9.69537	54.73	-46.3
9.83639	54.89	-57.1
9.97946	55	-65.3
10.12462	55.05	-70.3
10.27188	55.03	-71.3
10.42129	54.94	-68.3
10.57287	54.77	-61.5
10.72666	54.55	-51.8
10.88268	54.3	-40.3
11.04098	54.06	-28.2
11.20157	53.92	-17
11.3645	53.94	-8
11.5298	54.19	-2.3
11.69751	54.72	-0.9
11.86765	55.49	-4.3
12.04027	56.4	-12.4
12.2154	57.37	-24.8
12.39308	58.28	-40.5
12.57334	59.12	-58.6
12.75622	59.85	-77.9
12.94176	60.47	-97.4
13.13001	60.99	-116.5
13.32099	61.44	-134.8
13.51474	61.81	-152.3
13.71132	62.11	-169
13.91076	62.34	174.9
14.11309	62.49	159.3
14.31837	62.55	144
14.52664	62.5	129
14.73793	62.32	114.2
14.9523	61.97	99.8
15.16979	61.44	86.3
15.39044	60.75	74.2
15.6143	59.92	64.4
15.84141	59.03	57.7
16.07183	58.21	54.6
16.3056	57.58	55.3
16.54277	57.16	59.4
16.78339	56.95	65.7
17.02751	56.87	72.4
17.27518	56.86	78
17.52646	56.87	81.1
17.78138	56.86	81.1
18.04002	56.83	78.1
18.30242	56.79	73.3
18.56863	56.75	67.7
18.83872	56.74	62.4
19.11274	56.76	58.2
19.39074	56.82	55
19.67278	56.9	52.4
19.95893	57	49.9
20.24924	57.08	47
20.54377	57.13	43.2
20.84259	57.15	38.1
21.14575	57.15	31.5
21.45332	57.12	23.9
21.76537	57.06	15.7
22.08195	56.98	7.9
22.40314	56.86	1.3
22.729	56.69	-3.6
23.0596	56.45	-5.8
23.39501	56.1	-4.4
23.7353	55.64	0
24.08054	55.15	4.2
24.4308	54.68	6.6
24.78615	54.26	7.8
25.14667	53.89	8.3
25.51244	53.53	8.3
25.88353	53.14	8
26.26001	52.76	7.7
26.64197	52.42	7.2
27.02949	52.13	6.7
27.42264	51.92	6.4
27.82151	51.73	6.2
28.22619	51.56	6.3
28.63675	51.41	7.1
29.05328	51.29	9.1
29.47587	51.2	11.7
29.9046	51.12	14
30.33958	51.02	15.8
30.78088	50.93	17.2
31.22859	50.85	18.6
31.68282	50.79	20.2
32.14366	50.73	22
32.6112	50.68	23.7
33.08554	50.69	25.1
33.56678	50.8	26.2
34.05502	50.95	27.2
34.55036	51.09	28
35.05291	51.24	28.5
35.56277	51.4	28.3
36.08004	51.54	27
36.60484	51.65	24.5
37.13727	51.69	21.2
37.67744	51.67	17.5
38.22547	51.58	13.8
38.78147	51.45	10.3
39.34556	51.27	7.3
39.91786	51.03	4.9
40.49848	50.77	3
41.08754	50.49	1.8
41.68517	50.18	1.4
42.2915	49.86	1.5
42.90664	49.55	1.9
43.53073	49.25	2.2
44.1639	48.94	2.5
44.80628	48.59	3.5
45.458	48.21	4.9
46.1192	47.88	6.2
46.79002	47.64	7
47.4706	47.48	7
48.16108	47.42	6.1
48.86159	47.45	3.8
49.5723	47.59	-0.5
50.29335	47.79	-7.1
51.02488	48.01	-16.4
51.76706	48.21	-28.3
52.52003	48.4	-43
53.28395	48.56	-59.3
54.05898	48.66	-76
54.84529	48.73	-93.3
55.64303	48.79	-111.3
56.45238	48.85	-130.3
57.27349	48.93	-149.9
58.10656	49	-169.3
58.95174	49.06	171.3
59.80921	49.08	152.7
60.67915	49.05	135.6
61.56175	48.98	120.3
62.45719	48.9	107
63.36565	48.81	95.6
64.28732	48.71	86.2
65.2224	48.62	78.6
66.17109	48.54	72.5
67.13357	48.47	67.5
68.11005	48.43	63.4
69.10073	48.37	59.6
70.10582	48.29	56.1
71.12554	48.16	52.9
72.16008	48	50.2
73.20967	47.8	48.4
74.27453	47.62	47.6
75.35488	47.46	47.6
76.45094	47.33	48
77.56295	47.2	48.7
78.69113	47.08	49.8
79.83571	46.97	51.3
80.99695	46.88	53
82.17508	46.82	54.9
83.37034	46.79	56.7
84.58299	46.8	58.3
85.81328	46.86	59.5
87.06146	47	60.3
88.3278	47.22	60.4
89.61256	47.53	59.1
90.916	47.88	55.8
92.23841	48.21	49.7
93.58005	48.46	40.5
94.9412	48.62	27.7
96.32215	48.72	10.7
97.72319	48.76	-11.2
99.14461	48.76	-38.1
100.5867	48.71	-69.9
102.04976	48.59	-106.7
103.53411	48.44	-148.5
105.04005	48.25	165.5
106.56789	48.03	117.3
108.11796	47.78	67.5
109.69057	47.47	15.4
111.28606	47.09	-39.1
112.90475	46.66	-95.1
114.54699	46.21	-151.4
116.21311	45.84	153.6
117.90347	45.63	101.6
119.61842	45.63	54
121.35831	45.84	11.6
123.1235	46.25	-25.4
124.91438	46.86	-57.2
126.7313	47.58	-84.4
128.57465	48.28	-107.4
130.44481	48.9	-126.5
132.34217	49.43	-141.9
134.26713	49.91	-153.8
136.22009	50.38	-162.4
138.20146	50.83	-168.5
140.21165	51.3	-173
142.25107	51.78	-176.4
144.32016	52.26	-179
146.41935	52.74	178.9
148.54906	53.2	177
150.70976	53.61	175
152.90188	53.96	173.2
155.12589	54.27	171.6
157.38225	54.56	170.4
159.67143	54.85	169.4
161.9939	55.12	168.5
164.35016	55.37	167.4
166.74069	55.6	166.3
169.16599	55.81	165.1
171.62656	55.99	163.9
174.12293	56.13	162.8
176.6556	56.23	161.9
179.22512	56.29	161.4
181.83201	56.36	161.5
184.47682	56.45	162
187.16009	56.59	162.9
189.8824	56.77	164
192.6443	57.01	165.6
195.44638	57.34	167.3
198.28921	57.71	169.1
201.1734	58.08	170.6
204.09953	58.42	172
207.06823	58.73	173.2
210.0801	59.01	174.5
213.13579	59.27	175.8
216.23592	59.53	177.4
219.38114	59.83	179.2
222.57212	60.18	-178.6
225.8095	60.61	-176.3
229.09398	61.1	-174
232.42622	61.66	-172
235.80694	62.22	-170.5
239.23683	62.75	-169.4
242.71661	63.21	-168.4
246.24701	63.64	-167.4
249.82875	64.03	-166.4
253.4626	64.41	-165.4
257.14929	64.78	-164.5
260.88962	65.14	-163.7
264.68434	65.5	-163.2
268.53427	65.89	-163
272.44019	66.29	-163.4
276.40292	66.71	-164.1
280.42329	67.14	-165
284.50214	67.53	-166.1
288.64032	67.88	-167.3
292.83869	68.19	-168.3
297.09813	68.48	-169.3
301.41952	68.75	-170.3
305.80377	68.98	-171.3
310.25179	69.16	-172.3
314.7645	69.31	-173.2
319.34286	69.42	-173.8
323.98781	69.52	-174.2
328.70032	69.63	-174.1
333.48138	69.75	-173.7
338.33197	69.91	-173
343.25313	70.1	-171.9
348.24586	70.36	-170.6
353.31121	70.69	-169.1
358.45024	71.07	-167.5
363.66402	71.49	-166
368.95363	71.93	-164.5
374.32019	72.4	-162.9
379.7648	72.88	-161.6
385.28861	73.36	-160.5
390.89276	73.82	-159.7
396.57842	74.27	-159.4
402.34679	74.7	-159.5
408.19906	75.12	-159.9
414.13645	75.52	-160.5
420.1602	75.94	-161
426.27158	76.38	-161.7
432.47184	76.81	-162.5
438.76229	77.21	-163.4
445.14423	77.57	-164.4
451.619	77.89	-165.4
458.18795	78.17	-166.2
464.85245	78.44	-166.6
471.61388	78.71	-166.7
478.47367	79.01	-166.4
485.43323	79.36	-165.8
492.49401	79.78	-165.1
499.6575	80.26	-164.6
506.92519	80.77	-164.3
514.29859	81.27	-164.3
521.77923	81.72	-164.4
529.36869	82.14	-164.4
537.06853	82.58	-164.2
544.88037	83.03	-164
552.80584	83.5	-164
560.84659	83.96	-164.4
569.00429	84.39	-165.3
577.28065	84.78	-166.4
585.67739	85.13	-167.5
594.19626	85.47	-168.7
602.83904	85.81	-169.9
611.60754	86.14	-171
620.50358	86.5	-171.9
629.52901	86.9	-172.7
638.68572	87.36	-173.4
647.97562	87.84	-174.3
657.40064	88.32	-175.5
666.96275	88.77	-176.8
676.66395	89.2	-178
686.50625	89.64	-179.2
696.49171	90.06	179.5
706.62242	90.46	178
716.90048	90.86	176.4
727.32804	91.26	174.6
737.90727	91.66	172.6
748.64037	92.06	170.5
759.5296	92.45	168.4
770.57721	92.86	166.2
781.78552	93.28	164
793.15685	93.69	161.7
804.69358	94.1	159.3
816.39812	94.5	156.7
828.2729	94.87	154
840.32041	95.22	151.1
852.54315	95.54	148.2
864.94368	95.85	145.2
877.52457	96.14	142.1
890.28846	96.41	138.9
903.238	96.67	135.7
916.3759	96.94	132.5
929.7049	97.19	129
943.22777	97.41	125.4
956.94733	97.59	121.7
970.86645	97.74	117.9
984.98803	97.84	114.2
999.31501	97.92	110.7
1013.8504	97.97	107.3
1028.5972	98.01	104.1
1043.5585	98.05	101
1058.7374	98.09	98.1
1074.1371	98.12	95.1
1089.7607	98.15	92.1
1105.6117	98.15	89
1121.6932	98.11	85.9
1138.0086	98.03	83
1154.5613	97.95	80.3
1171.3548	97.87	77.8
1188.3925	97.81	75.6
1205.6781	97.75	73.4
1223.2151	97.7	71.2
1241.0072	97.65	69.1
1259.058	97.59	67
1277.3714	97.52	64.9
1295.9512	97.43	63
1314.8013	97.33	61.3
1333.9255	97.23	59.7
1353.3279	97.14	58.3
1373.0125	97.07	56.9
1392.9834	97.01	55.4
1413.2448	96.93	53.9
1433.801	96.84	52.5
1454.6561	96.75	51
1475.8145	96.65	49.7
1497.2807	96.55	48.3
1519.0592	96.44	46.9
1541.1544	96.33	45.6
1563.571	96.22	44.3
1586.3137	96.11	43.1
1609.3872	96	42
1632.7962	95.88	40.9
1656.5458	95.75	39.9
1680.6408	95.63	39.1
1705.0863	95.5	38.3
1729.8874	95.39	37.7
1755.0491	95.27	37.1
1780.5769	95.17	36.6
1806.476	95.06	36.2
1832.7518	94.96	36
1859.4098	94.89	35.8
1886.4555	94.83	35.7
1913.8947	94.79	35.6
1941.7329	94.75	35.5
1969.9761	94.71	35.4
1998.63	94.69	35.4
2027.7008	94.68	35.4
2057.1943	94.68	35.3
2087.1169	94.7	35.3
2117.4747	94.73	35.2
2148.2741	94.77	35
2179.5215	94.82	34.8
2211.2234	94.88	34.5
2243.3863	94.95	34
2276.0171	95.02	33.5
2309.1226	95.07	32.8
2342.7095	95.13	32.1
2376.785	95.18	31.2
2411.3562	95.23	30.2
2446.4302	95.26	29.2
2482.0143	95.28	28.1
2518.116	95.29	27
2554.7429	95.27	25.9
2591.9025	95.24	24.7
2629.6026	95.2	23.6
2667.851	95.14	22.4
2706.6558	95.07	21.3
2746.025	94.98	20.2
2785.9669	94.87	19.1
2826.4897	94.76	18.1
2867.6019	94.64	17.1
2909.3121	94.52	16.3
2951.6291	94.4	15.5
2994.5615	94.28	14.7
3038.1184	94.17	13.9
3082.3088	94.06	13
3127.1421	93.95	11.9
3172.6274	93.85	10.3
3218.7743	93.74	8.2
3265.5925	93.62	5.5
3313.0916	93.5	1.8
3361.2816	93.38	-3.3
3410.1726	93.25	-10.3
3459.7747	93.12	-20
3510.0983	92.99	-33.5
3561.1538	92.86	-50.6
3612.952	92.73	-70.6
3665.5036	92.59	-92.5
3718.8196	92.44	-115.5
3772.9111	92.27	-139.1
3827.7893	92.11	-162.6
3883.4658	91.94	174.1
3939.9521	91.79	151.5
3997.26	91.66	129.9
4055.4015	91.56	109.5
4114.3887	91.5	90.9
4174.2339	91.47	74.5
4234.9495	91.48	61.2
4296.5482	91.53	51.5
4359.043	91.62	44.9
4422.4467	91.75	40.6
4486.7727	91.91	37.7
4552.0343	92.09	35.7
4618.2452	92.29	34.4
4685.4191	92.49	33.4
4753.5701	92.7	32.6
4822.7123	92.89	31.9
4892.8603	93.07	31.1
4964.0286	93.23	30.3
5036.2321	93.38	29.4
5109.4857	93.51	28.5
5183.8049	93.62	27.5
5259.2051	93.72	26.4
5335.702	93.8	25.3
5413.3116	93.86	24.2
5492.05	93.9	23.1
5571.9337	93.93	22
5652.9794	93.94	20.9
5735.2038	93.94	19.9
5818.6243	93.93	18.9
5903.2581	93.91	17.9
5989.123	93.89	17
6076.2368	93.86	16.1
6164.6177	93.82	15.1
6254.2841	93.78	14.3
6345.2548	93.73	13.4
6437.5486	93.66	12.6
6531.1849	93.59	11.8
6626.1832	93.52	11.2
6722.5633	93.44	10.5
6820.3452	93.36	10
6919.5494	93.29	9.4
7020.1966	93.2	8.8
7122.3077	93.11	8.2
7225.904	93.02	7.7
7331.0072	92.91	7.1
7437.6392	92.79	6.6
7545.8221	92.66	6.1
7655.5786	92.52	5.7
7766.9316	92.38	5.4
7879.9042	92.22	5.2
7994.5201	92.06	5
8110.803	91.88	5
8228.7774	91.7	5.1
8348.4677	91.5	5.3
8469.899	91.31	5.7
8593.0965	91.11	6.3
8718.086	90.93	7
8844.8934	90.76	7.9
8973.5454	90.61	8.9
9104.0686	90.48	10.1
9236.4903	90.38	11.4
9370.8382	90.32	12.7
9507.1402	90.31	14.2
9645.4247	90.34	15.6
9785.7206	90.43	16.9
9928.0572	90.55	18.1
10072.464	90.69	19
10218.971	90.84	19.6
10367.61	90.97	20
10518.41	91.09	20.2
10671.404	91.2	20.2
10826.623	91.31	20.1
10984.1	91.4	19.9
11143.867	91.47	19.4
11305.959	91.53	18.7
11470.408	91.56	17.9
11637.249	91.56	17
11806.516	91.53	15.9
11978.246	91.46	14.9
12152.474	91.35	14
12329.235	91.21	13.4
12508.568	91.06	12.9
12690.51	90.91	12.6
12875.097	90.74	12.5
13062.37	90.58	12.5
13252.366	90.41	12.7
13445.127	90.26	13.1
13640.69	90.12	13.6
13839.099	89.99	14.1
14040.393	89.88	14.6
14244.615	89.78	15.1
14451.808	89.69	15.7
14662.014	89.62	16.3
14875.278	89.59	16.8
15091.644	89.57	17.3
15311.157	89.58	17.6
15533.863	89.6	17.8
15759.808	89.63	17.8
15989.04	89.67	17.6
16221.606	89.71	17.1
16457.555	89.74	16.5
16696.935	89.75	15.7
16939.798	89.74	14.8
17186.193	89.72	13.7
17436.172	89.69	12.6
17689.787	89.64	11.3
17947.091	89.57	10
18208.137	89.48	8.5
18472.981	89.38	7.1
18741.676	89.24	5.5
19014.28	89.08	3.9
19290.849	88.89	2.3
19571.441	88.67	0.7
19856.114	88.42	-0.8
20144.928	88.13	-2.1
20437.943	87.81	-3.2
20735.22	87.47	-4.2
21036.82	87.1	-4.8
21342.808	86.72	-5.2
21653.246	86.31	-5.3
21968.2	85.88	-5
22287.735	85.43	-4.3
22611.917	84.97	-3.1
22940.815	84.51	-1.4
23274.497	84.07	0.8
23613.033	83.68	3.4
23956.492	83.37	6.4
24304.947	83.2	9.5
24658.471	83.17	12.4
25017.137	83.3	14.9
25381.019	83.55	16.6
25750.195	83.87	17.3
26124.74	84.22	16.7
26504.733	84.56	14.4
26890.253	84.88	10.1
27281.381	85.16	3
27678.198	85.4	-7.5
28080.786	85.59	-22.8
28489.231	85.73	-44.3
28903.616	85.83	-74.4
29324.029	85.88	-116.5
29750.557	85.87	-174.9
30183.289	85.81	117.3
30622.315	85.68	59.7
31067.726	85.49	19.1
31519.617	85.25	-9.5
31978.08	84.97	-29.7
32443.212	84.67	-43.8
32915.11	84.34	-53.8
33393.871	83.99	-60.8
33879.596	83.62	-65.7
34372.386	83.24	-69.1
34872.344	82.86	-71.5
35379.574	82.47	-73.1
35894.182	82.09	-74.3
36416.274	81.71	-75
36945.961	81.37	-75.5
37483.353	81.08	-75.8
38028.561	80.86	-75.9
38581.699	80.69	-76
39142.882	80.57	-75.9
39712.229	80.53	-75.8
