4.9182	59.01	33.8
4.98973	58.82	32.8
5.06231	58.57	31.6
5.13594	58.28	30.2
5.21065	57.96	28.7
5.28644	57.62	27.1
5.36333	57.26	25.3
5.44134	56.88	23.4
5.52049	56.5	21.3
5.60078	56.11	19.1
5.68225	55.73	16.7
5.7649	55.37	14.1
5.84875	55.01	11.2
5.93382	54.68	8
6.02013	54.35	4.5
6.1077	54.03	0.7
6.19654	53.72	-3.4
6.28667	53.41	-7.7
6.37811	53.11	-12.1
6.47088	52.82	-16.5
6.565	52.54	-20.7
6.66049	52.27	-24.7
6.75737	52.02	-28.3
6.85566	51.8	-31.3
6.95538	51.61	-33.6
7.05655	51.46	-34.9
7.15919	51.35	-35.2
7.26332	51.28	-34.1
7.36897	51.27	-31.4
7.47615	51.3	-26.8
7.58489	51.38	-20.4
7.69522	51.5	-12.2
7.80715	51.68	-2.6
7.92071	51.9	7.9
8.03592	52.18	18.8
8.1528	52.51	29.6
8.27139	52.9	39.7
8.3917	53.35	48.6
8.51376	53.88	55.8
8.63759	54.49	60.9
8.76323	55.19	63.7
8.89069	55.97	64
9.02001	56.82	62.1
9.15121	57.7	58.2
9.28432	58.56	52.7
9.41936	59.37	45.8
9.55637	60.13	38
9.69537	60.82	29.8
9.83639	61.45	21.4
9.97946	62.02	13.2
10.12462	62.53	5.4
10.27188	63	-1.8
10.42129	63.44	-8.4
10.57287	63.85	-14.6
10.72666	64.26	-20.3
10.88268	64.66	-25.7
11.04098	65.09	-30.8
11.20157	65.53	-35.6
11.3645	66.01	-40.3
11.5298	66.53	-44.7
11.69751	67.08	-49.1
11.86765	67.69	-53.3
12.04027	68.32	-57.4
12.2154	68.97	-61.5
12.39308	69.62	-65.6
12.57334	70.24	-69.8
12.75622	70.83	-74.3
12.94176	71.38	-79
13.13001	71.9	-84.1
13.32099	72.38	-89.6
13.51474	72.84	-95.6
13.71132	73.25	-102
13.91076	73.6	-108.8
14.11309	73.88	-115.7
14.31837	74.08	-122.8
14.52664	74.19	-129.8
14.73793	74.21	-136.8
14.9523	74.13	-143.7
15.16979	73.97	-150.3
15.39044	73.73	-156.3
15.6143	73.44	-161.7
15.84141	73.1	-166
16.07183	72.74	-169.3
16.3056	72.36	-171.6
16.54277	71.98	-173.2
16.78339	71.6	-174.2
17.02751	71.24	-175.1
17.27518	70.93	-175.8
17.52646	70.69	-176.5
17.78138	70.52	-177.4
18.04002	70.41	-178.5
18.30242	70.35	-179.7
18.56863	70.31	179.1
18.83872	70.28	178.2
19.11274	70.25	177.7
19.39074	70.22	177.4
19.67278	70.17	177.4
19.95893	70.14	177.5
20.24924	70.13	177.4
20.54377	70.16	177.1
20.84259	70.23	176.4
21.14575	70.34	175.5
21.45332	70.48	174.3
21.76537	70.63	173
22.08195	70.77	171.8
22.40314	70.88	171
22.729	70.96	170.7
23.0596	70.99	171.1
23.39501	70.94	172.6
23.7353	70.85	175
24.08054	70.81	177.4
24.4308	70.84	179.5
24.78615	70.94	-178.8
25.14667	71.1	-177.2
25.51244	71.32	-175.5
25.88353	71.58	-173.8
26.26001	71.88	-172.3
26.64197	72.22	-171
27.02949	72.58	-169.7
27.42264	72.98	-168.5
27.82151	73.43	-167.4
28.22619	73.91	-166.4
28.63675	74.37	-165.7
29.05328	74.84	-165.2
29.47587	75.33	-164.9
29.9046	75.79	-164.7
30.33958	76.23	-164.6
30.78088	76.68	-164.6
31.22859	77.1	-164.8
31.68282	77.51	-165
32.14366	77.94	-165.2
32.6112	78.37	-165.6
33.08554	78.81	-166
33.56678	79.25	-166.5
34.05502	79.7	-167.1
34.55036	80.14	-167.7
35.05291	80.6	-168.4
35.56277	81.07	-169.2
36.08004	81.53	-169.9
36.60484	81.98	-170.7
37.13727	82.44	-171.4
37.67744	82.91	-172.2
38.22547	83.39	-173.1
38.78147	83.88	-174.1
39.34556	84.35	-175.1
39.91786	84.81	-176.2
40.49848	85.26	-177.3
41.08754	85.71	-178.6
41.68517	86.17	-179.9
42.2915	86.64	178.6
42.90664	87.1	177
43.53073	87.57	175.3
44.1639	88.04	173.5
44.80628	88.5	171.5
45.458	88.95	169.4
46.1192	89.39	167.3
46.79002	89.83	165
47.4706	90.26	162.5
48.16108	90.68	159.8
48.86159	91.08	156.9
49.5723	91.46	153.8
50.29335	91.81	150.5
51.02488	92.13	147
51.76706	92.4	143.3
52.52003	92.63	139.4
53.28395	92.81	135.5
54.05898	92.94	131.7
54.84529	93.03	127.9
55.64303	93.08	124.2
56.45238	93.1	120.4
57.27349	93.09	116.7
58.10656	93.05	113.2
58.95174	92.98	109.8
59.80921	92.88	106.6
60.67915	92.75	103.8
61.56175	92.59	101.4
62.45719	92.42	99.3
63.36565	92.23	97.6
64.28732	92.03	96.2
65.2224	91.85	95.1
66.17109	91.69	94.3
67.13357	91.56	93.7
68.11005	91.48	93.3
69.10073	91.44	93
70.10582	91.46	92.8
71.12554	91.53	92.5
72.16008	91.64	92.1
73.20967	91.78	91.6
74.27453	91.92	91
75.35488	92.07	90.1
76.45094	92.22	89.1
77.56295	92.34	87.9
78.69113	92.45	86.6
79.83571	92.55	85.3
80.99695	92.63	84
82.17508	92.7	82.6
83.37034	92.76	81.1
84.58299	92.81	79.6
85.81328	92.85	78.1
87.06146	92.87	76.7
88.3278	92.88	75.3
89.61256	92.88	73.9
90.916	92.87	72.6
92.23841	92.86	71.4
93.58005	92.84	70.3
94.9412	92.82	69.3
96.32215	92.8	68.4
97.72319	92.78	67.6
99.14461	92.76	66.9
100.5867	92.76	66.3
102.04976	92.77	65.8
103.53411	92.8	65.4
105.04005	92.84	65
106.56789	92.91	64.6
108.11796	92.98	64.2
109.69057	93.07	63.8
111.28606	93.18	63.3
112.90475	93.29	62.8
114.54699	93.42	62.1
116.21311	93.55	61.4
117.90347	93.67	60.6
119.61842	93.78	59.7
121.35831	93.88	58.6
123.1235	93.96	57.5
124.91438	94.03	56.3
126.7313	94.08	55.1
128.57465	94.12	53.8
130.44481	94.14	52.6
132.34217	94.16	51.5
134.26713	94.17	50.4
136.22009	94.18	49.4
138.20146	94.19	48.5
140.21165	94.2	47.8
142.25107	94.24	47.1
144.32016	94.29	46.4
146.41935	94.36	45.7
148.54906	94.45	44.9
150.70976	94.55	44
152.90188	94.64	42.9
155.12589	94.73	41.6
157.38225	94.8	40.3
159.67143	94.85	38.8
161.9939	94.89	37.2
164.35016	94.9	35.6
166.74069	94.89	33.9
169.16599	94.85	32.1
171.62656	94.77	30.4
174.12293	94.67	28.9
176.6556	94.53	27.5
179.22512	94.37	26.5
181.83201	94.19	25.7
184.47682	94.01	25.4
187.16009	93.83	25.2
189.8824	93.66	25.4
192.6443	93.52	25.7
195.44638	93.42	26.1
198.28921	93.36	26.6
201.1734	93.33	26.9
204.09953	93.32	27.2
207.06823	93.32	27.5
210.0801	93.34	27.6
213.13579	93.37	27.7
216.23592	93.41	27.6
219.38114	93.45	27.5
222.57212	93.48	27.2
225.8095	93.51	26.9
229.09398	93.54	26.5
232.42622	93.57	26.1
235.80694	93.58	25.7
239.23683	93.58	25.2
242.71661	93.59	24.9
246.24701	93.59	24.6
249.82875	93.59	24.3
253.4626	93.6	24.1
257.14929	93.61	23.9
260.88962	93.62	23.7
264.68434	93.64	23.6
268.53427	93.67	23.5
272.44019	93.72	23.5
276.40292	93.79	23.3
280.42329	93.87	23.1
284.50214	93.96	22.8
288.64032	94.04	22.3
292.83869	94.12	21.8
297.09813	94.2	21.2
301.41952	94.26	20.6
305.80377	94.32	19.9
310.25179	94.36	19.1
314.7645	94.39	18.4
319.34286	94.41	17.6
323.98781	94.42	16.9
328.70032	94.43	16.2
333.48138	94.43	15.5
338.33197	94.43	14.8
343.25313	94.42	14.1
348.24586	94.41	13.4
353.31121	94.38	12.7
358.45024	94.34	12.1
363.66402	94.31	11.6
368.95363	94.27	11.1
374.32019	94.25	10.7
379.7648	94.23	10.2
385.28861	94.22	9.7
390.89276	94.22	9.1
396.57842	94.2	8.4
402.34679	94.16	7.7
408.19906	94.11	7
414.13645	94.03	6.4
420.1602	93.94	6
426.27158	93.85	5.7
432.47184	93.77	5.7
438.76229	93.7	5.7
445.14423	93.65	5.8
451.619	93.61	5.9
458.18795	93.59	6
464.85245	93.59	6.1
471.61388	93.61	6.2
478.47367	93.63	6.1
485.43323	93.65	6
492.49401	93.67	5.9
499.6575	93.69	5.7
506.92519	93.71	5.4
514.29859	93.73	5
521.77923	93.74	4.6
529.36869	93.75	4.2
537.06853	93.74	3.7
544.88037	93.72	3.2
552.80584	93.68	2.8
560.84659	93.63	2.4
569.00429	93.58	2.2
577.28065	93.53	2.1
585.67739	93.5	2.2
594.19626	93.5	2.2
602.83904	93.52	2.3
611.60754	93.57	2.3
620.50358	93.63	2.2
629.52901	93.7	1.9
638.68572	93.78	1.6
647.97562	93.86	1.1
657.40064	93.93	0.5
666.96275	94.01	-0.2
676.66395	94.07	-1.1
686.50625	94.13	-2.1
696.49171	94.17	-3.2
706.62242	94.2	-4.5
716.90048	94.2	-5.8
727.32804	94.19	-7.3
737.90727	94.16	-8.7
748.64037	94.1	-10.2
759.5296	94.03	-11.7
770.57721	93.93	-13.2
781.78552	93.81	-14.6
793.15685	93.67	-15.9
804.69358	93.51	-17.2
816.39812	93.34	-18.4
828.2729	93.16	-19.6
840.32041	92.96	-20.6
852.54315	92.75	-21.7
864.94368	92.53	-22.6
877.52457	92.29	-23.5
890.28846	92.03	-24.3
903.238	91.76	-24.9
916.3759	91.48	-25.5
929.7049	91.19	-26
943.22777	90.9	-26.4
956.94733	90.59	-26.6
970.86645	90.27	-26.7
984.98803	89.93	-26.7
999.31501	89.58	-26.4
1013.8504	89.23	-26
1028.5972	88.87	-25.5
1043.5585	88.51	-24.8
1058.7374	88.15	-24.1
1074.1371	87.77	-23.3
1089.7607	87.38	-22.2
1105.6117	86.97	-20.8
1121.6932	86.55	-18.8
1138.0086	86.13	-16.3
1154.5613	85.73	-13.2
1171.3548	85.35	-9.8
1188.3925	85.01	-6
1205.6781	84.71	-1.9
1223.2151	84.47	2.7
1241.0072	84.3	7.8
1259.058	84.25	13.3
1277.3714	84.34	19
1295.9512	84.59	24.8
1314.8013	84.99	30.4
1333.9255	85.51	35.8
1353.3279	86.09	40.6
1373.0125	86.72	44.8
1392.9834	87.34	48.4
1413.2448	87.96	51.4
1433.801	88.57	53.9
1454.6561	89.15	55.8
1475.8145	89.71	57
1497.2807	90.23	57.5
1519.0592	90.7	57.3
1541.1544	91.13	56.6
1563.571	91.52	55.5
1586.3137	91.88	54.3
1609.3872	92.21	52.8
1632.7962	92.51	51.3
1656.5458	92.79	49.7
1680.6408	93.04	48
1705.0863	93.26	46.2
1729.8874	93.47	44.5
1755.0491	93.65	42.7
1780.5769	93.81	41
1806.476	93.95	39.3
1832.7518	94.08	37.7
1859.4098	94.2	36
1886.4555	94.3	34.4
1913.8947	94.38	32.8
1941.7329	94.46	31.2
1969.9761	94.52	29.6
1998.63	94.57	28.1
2027.7008	94.6	26.6
2057.1943	94.63	25.1
2087.1169	94.65	23.6
2117.4747	94.65	22.2
2148.2741	94.65	20.7
2179.5215	94.64	19.3
2211.2234	94.62	18
2243.3863	94.6	16.6
2276.0171	94.56	15.3
2309.1226	94.53	13.9
2342.7095	94.48	12.6
2376.785	94.43	11.2
2411.3562	94.37	9.8
2446.4302	94.31	8.4
2482.0143	94.23	7
2518.116	94.14	5.6
2554.7429	94.04	4.1
2591.9025	93.92	2.6
2629.6026	93.8	1.2
2667.851	93.65	-0.3
2706.6558	93.5	-1.8
2746.025	93.33	-3.2
2785.9669	93.14	-4.7
2826.4897	92.93	-6.2
2867.6019	92.69	-7.6
2909.3121	92.44	-9
2951.6291	92.16	-10.3
2994.5615	91.85	-11.4
3038.1184	91.51	-12.4
3082.3088	91.15	-13.1
3127.1421	90.76	-13.5
3172.6274	90.35	-13.6
3218.7743	89.91	-13.3
3265.5925	89.45	-12.6
3313.0916	88.97	-11.3
3361.2816	88.47	-9.7
3410.1726	87.97	-7.6
3459.7747	87.47	-5.2
3510.0983	87	-2.4
3561.1538	86.57	0.5
3612.952	86.21	3.7
3665.5036	85.93	6.9
3718.8196	85.74	10.1
3772.9111	85.66	13.3
3827.7893	85.68	16.2
3883.4658	85.78	18.8
3939.9521	85.94	21
3997.26	86.16	22.8
4055.4015	86.39	24
4114.3887	86.63	24.7
4174.2339	86.84	24.9
4234.9495	87.02	24.6
4296.5482	87.15	23.9
4359.043	87.23	22.9
4422.4467	87.26	21.7
4486.7727	87.24	20.3
4552.0343	87.17	19
4618.2452	87.05	17.8
4685.4191	86.89	16.8
4753.5701	86.68	16
4822.7123	86.43	15.7
4892.8603	86.14	15.9
4964.0286	85.83	16.5
5036.2321	85.52	17.5
5109.4857	85.24	18.9
5183.8049	85	20.3
5259.2051	84.84	21.8
5335.702	84.74	23.1
5413.3116	84.72	24.4
5492.05	84.76	25.7
5571.9337	84.9	26.8
5652.9794	85.12	28
5735.2038	85.46	29
5818.6243	85.91	29.9
5903.2581	86.49	30.5
5989.123	87.18	30.7
6076.2368	87.97	30.3
6164.6177	88.82	29.2
6254.2841	89.72	27.6
6345.2548	90.63	25.2
6437.5486	91.52	22.1
6531.1849	92.39	18.2
6626.1832	93.22	13.3
6722.5633	93.99	7.3
6820.3452	94.69	0.2
6919.5494	95.29	-8.2
7020.1966	95.79	-17.6
7122.3077	96.21	-28.1
7225.904	96.53	-39.4
7331.0072	96.79	-51.3
7437.6392	96.97	-63.7
7545.8221	97.08	-76.3
7655.5786	97.12	-88.9
7766.9316	97.09	-101.4
7879.9042	96.98	-113.5
7994.5201	96.8	-125.2
8110.803	96.54	-136.2
8228.7774	96.19	-146.1
8348.4677	95.77	-154.5
8469.899	95.28	-161.1
8593.0965	94.74	-165.8
8718.086	94.17	-169
8844.8934	93.57	-171.1
8973.5454	92.97	-172.4
9104.0686	92.37	-173.1
9236.4903	91.81	-173.2
9370.8382	91.3	-172.9
9507.1402	90.9	-172.4
9645.4247	90.61	-171.9
9785.7206	90.43	-171.4
9928.0572	90.32	-171.1
10072.464	90.28	-171.2
10218.971	90.26	-171.8
10367.61	90.27	-173.1
10518.41	90.31	-174.9
10671.404	90.36	-177.1
10826.623	90.43	-179.5
10984.1	90.49	177.7
11143.867	90.54	174.6
11305.959	90.54	171.1
11470.408	90.49	167.5
11637.249	90.38	163.7
11806.516	90.23	159.9
11978.246	90.07	156.1
12152.474	89.93	151.9
12329.235	89.79	147.2
12508.568	89.66	141.7
12690.51	89.5	135.2
12875.097	89.3	127.6
13062.37	89.06	118.7
13252.366	88.76	108.1
13445.127	88.4	95.7
13640.69	88	81
13839.099	87.58	63.8
14040.393	87.15	44
14244.615	86.72	21.7
14451.808	86.29	-2.9
14662.014	85.83	-29.5
14875.278	85.35	-58
15091.644	84.88	-88.4
15311.157	84.41	-120.5
15533.863	83.94	-154.6
15759.808	83.48	169.6
15989.04	83.03	132.8
16221.606	82.64	95.6
16457.555	82.3	58.7
16696.935	82.03	22.7
16939.798	81.81	-11.9
17186.193	81.65	-44.9
17436.172	81.55	-76.4
17689.787	81.47	-106.5
17947.091	81.4	-135.2
18208.137	81.3	-162.4
18472.981	81.19	172.2
18741.676	81.04	148.6
19014.28	80.85	126.9
19290.849	80.59	106.6
19571.441	80.28	87.2
19856.114	79.9	67.5
20144.928	79.47	46.7
20437.943	78.98	23.8
20735.22	78.42	-2
21036.82	77.77	-31
21342.808	77.06	-63.4
21653.246	76.33	-99.9
21968.2	75.61	-141
22287.735	74.91	172.4
22611.917	74.23	120.5
22940.815	73.57	63.5
23274.497	72.94	2
23613.033	72.33	-63.3
23956.492	71.72	-131.7
24304.947	71.16	156.8
24658.471	70.69	81.7
25017.137	70.29	1.8
25381.019	69.9	-84.6
25750.195	69.44	179.7
26124.74	68.89	71.1
26504.733	68.27	-55.8
26890.253	67.7	150.6
27281.381	67.26	-41.6
27678.198	66.97	71.8
28080.786	66.8	109
28489.231	66.72	106
28903.616	66.69	159.3
29324.029	66.66	-58.8
29750.557	66.57	145.4
30183.289	66.4	33.8
30622.315	66.18	-46.9
31067.726	65.97	-105.7
31519.617	65.78	-149.2
31978.08	65.61	178.2
32443.212	65.44	153.3
32915.11	65.25	133.6
33393.871	65.02	117.7
33879.596	64.76	104.4
34372.386	64.47	92.9
34872.344	64.16	82.6
35379.574	63.82	73.2
35894.182	63.48	64.4
36416.274	63.16	56
36945.961	62.89	47.7
37483.353	62.66	39.6
38028.561	62.45	31.6
38581.699	62.29	23.6
39142.882	62.18	15.6
39712.229	62.14	7.5
