" file generated by Xsim4 
"------------------------
"
" FREQ [Hz], MAG [dB], ANGLE [°]
"
1	-63.547	-135.94
1.0151	-63.468	-135.94
1.03044	-63.368	-135.94
1.046	-63.256	-135.94
1.0618	-63.136	-135.94
1.07783	-63.012	-135.94
1.09411	-62.886	-135.94
1.11064	-62.758	-135.94
1.12741	-62.629	-135.95
1.14444	-62.499	-135.95
1.16173	-62.37	-135.95
1.17927	-62.24	-135.95
1.19709	-62.11	-135.95
1.21517	-61.979	-135.95
1.23352	-61.849	-135.95
1.25215	-61.719	-135.95
1.27106	-61.588	-135.95
1.29026	-61.458	-135.95
1.30975	-61.327	-135.94
1.32953	-61.196	-135.93
1.34961	-61.065	-135.93
1.36999	-60.935	-135.93
1.39069	-60.804	-135.93
1.41169	-60.674	-135.93
1.43301	-60.544	-135.93
1.45466	-60.414	-135.93
1.47663	-60.283	-135.93
1.49893	-60.153	-135.93
1.52157	-60.023	-135.93
1.54455	-59.893	-135.94
1.56788	-59.763	-135.94
1.59156	-59.633	-135.94
1.6156	-59.502	-135.94
1.64	-59.372	-135.94
1.66477	-59.242	-135.95
1.68991	-59.112	-135.95
1.71544	-58.982	-135.95
1.74135	-58.852	-135.95
1.76765	-58.722	-135.96
1.79435	-58.592	-135.96
1.82145	-58.462	-135.96
1.84896	-58.331	-135.96
1.87688	-58.201	-135.96
1.90523	-58.071	-135.96
1.93401	-57.941	-135.96
1.96322	-57.811	-135.96
1.99287	-57.68	-135.96
2.02297	-57.55	-135.96
2.05353	-57.42	-135.96
2.08454	-57.29	-135.96
2.11603	-57.16	-135.96
2.14799	-57.029	-135.97
2.18043	-56.899	-135.97
2.21336	-56.769	-135.97
2.24679	-56.639	-135.97
2.28072	-56.509	-135.97
2.31517	-56.378	-135.97
2.35014	-56.248	-135.97
2.38564	-56.118	-135.97
2.42167	-55.988	-135.97
2.45824	-55.858	-135.97
2.49537	-55.727	-135.98
2.53306	-55.597	-135.98
2.57132	-55.467	-135.98
2.61016	-55.337	-135.98
2.64958	-55.207	-135.98
2.6896	-55.076	-135.97
2.73022	-54.946	-135.98
2.77146	-54.816	-135.98
2.81332	-54.686	-135.98
2.85581	-54.556	-135.98
2.89894	-54.425	-135.98
2.94273	-54.295	-135.98
2.98717	-54.165	-135.98
3.03229	-54.034	-135.98
3.07809	-53.904	-135.98
3.12458	-53.774	-135.99
3.17177	-53.644	-135.99
3.21968	-53.513	-135.99
3.26831	-53.383	-135.99
3.31767	-53.253	-135.99
3.36778	-53.122	-135.99
3.41865	-52.991	-135.99
3.47028	-52.86	-135.99
3.52269	-52.729	-136
3.5759	-52.596	-136
3.62991	-52.462	-136
3.68473	-52.326	-136
3.74039	-52.185	-136
3.79688	-52.038	-136
3.85423	-51.88	-136
3.91244	-51.705	-136
3.97153	-51.501	-136
4.03152	-51.251	-136
4.09241	-50.927	-136
4.15422	-50.487	-136
4.21697	-49.87	-135.99
4.28066	-48.993	-135.99
4.34531	-47.76	-135.97
4.41094	-46.072	-135.94
4.47756	-43.866	-135.9
4.54519	-41.129	-135.82
4.61384	-37.913	-135.69
4.68353	-34.306	-135.47
4.75426	-30.41	-135.1
4.82607	-26.313	-134.48
4.89896	-22.081	-133.45
4.97296	-18.708	-131.65
5.04807	-16.824	-128.79
5.12431	-16.008	-125.03
5.20171	-15.696	-120.75
5.28027	-15.649	-116.3
5.36002	-15.74	-111.91
5.44098	-15.881	-107.84
5.52316	-16.005	-104.27
5.60658	-16.049	-101.36
5.69126	-15.962	-99.25
5.77722	-15.705	-98.04
5.86448	-15.266	-97.8
5.95305	-14.661	-98.57
6.04296	-13.928	-100.35
6.13424	-13.121	-103.13
6.22688	-12.288	-106.83
6.32093	-11.467	-111.37
6.4164	-10.687	-116.67
6.51332	-9.962	-122.6
6.61169	-9.3	-129.08
6.71155	-8.706	-135.99
6.81292	-8.182	-143.25
6.91582	-7.727	-150.76
7.02028	-7.34	-158.46
7.12631	-7.02	-166.28
7.23394	-6.764	-174.2
7.3432	-6.569	177.8
7.45411	-6.431	169.76
7.5667	-6.345	161.71
7.68098	-6.308	153.73
7.79699	-6.317	145.95
7.91476	-6.368	138.57
8.0343	-6.457	131.78
8.15565	-6.579	125.82
8.27883	-6.732	120.95
8.40387	-6.912	117.42
8.5308	-7.116	115.48
8.65964	-7.34	115.35
8.79044	-7.582	117.18
8.9232	-7.836	121.06
9.05798	-8.099	126.89
9.19479	-8.36	134.38
9.33366	-8.604	143.09
9.47464	-8.808	152.42
9.61774	-8.939	161.72
9.763	-8.958	170.31
9.91046	-8.831	177.55
10.06014	-8.531	-177.07
10.21209	-8.054	-173.95
10.36633	-7.419	-173.26
10.5229	-6.665	-174.96
10.68183	-5.845	-178.87
10.84317	-5.012	175.29
11.00694	-4.205	167.89
11.17319	-3.452	159.33
11.34194	-2.765	149.99
11.51325	-2.146	140.23
11.68714	-1.594	130.3
11.86366	-1.107	120.39
12.04285	-0.678	110.58
12.22474	-0.304	100.93
12.40938	0.019	91.46
12.59681	0.291	82.19
12.78706	0.51	73.11
12.9802	0.673	64.22
13.17625	0.778	55.55
13.37526	0.825	47.11
13.57727	0.811	38.97
13.78234	0.74	31.21
13.9905	0.612	23.93
14.20181	0.433	17.21
14.41631	0.207	11.15
14.63405	-0.063	5.78
14.85508	-0.367	1.13
15.07945	-0.696	-2.82
15.3072	-1.031	-6.12
15.5384	-1.349	-8.77
15.77309	-1.616	-10.81
16.01132	-1.801	-12.3
16.25315	-1.879	-13.3
16.49863	-1.834	-13.91
16.74782	-1.664	-14.26
17.00078	-1.378	-14.5
17.25755	-0.987	-14.79
17.5182	-0.509	-15.25
17.78279	0.039	-15.99
18.05138	0.639	-17.09
18.32402	1.271	-18.61
18.60078	1.916	-20.59
18.88172	2.559	-23.06
19.16691	3.183	-26.03
19.4564	3.774	-29.51
19.75026	4.318	-33.44
20.04857	4.802	-37.74
20.35137	5.22	-42.32
20.65876	5.574	-47.07
20.97078	5.871	-51.87
21.28752	6.121	-56.63
21.60904	6.332	-61.23
21.93541	6.514	-65.53
22.26672	6.67	-69.42
22.60303	6.806	-72.75
22.94442	6.926	-75.43
23.29097	7.034	-77.44
23.64275	7.138	-78.9
23.99984	7.248	-80.11
24.36233	7.372	-81.29
24.73029	7.514	-82.56
25.10381	7.676	-83.97
25.48297	7.857	-85.5
25.86785	8.054	-87.15
26.25856	8.263	-88.87
26.65516	8.48	-90.67
27.05775	8.7	-92.53
27.46642	8.92	-94.47
27.88127	9.135	-96.51
28.30238	9.344	-98.64
28.72985	9.545	-100.87
29.16378	9.734	-103.16
29.60426	9.91	-105.49
30.05139	10.069	-107.83
30.50528	10.209	-110.15
30.96602	10.331	-112.41
31.43372	10.434	-114.59
31.90849	10.519	-116.68
32.39043	10.585	-118.67
32.87964	10.633	-120.57
33.37625	10.663	-122.35
33.88035	10.674	-124
34.39207	10.665	-125.48
34.91152	10.638	-126.78
35.43881	10.595	-127.86
35.97407	10.54	-128.7
36.51741	10.474	-129.25
37.06896	10.4	-129.5
37.62884	10.321	-129.42
38.19718	10.24	-128.99
38.77409	10.164	-128.22
39.35973	10.103	-127.09
39.95421	10.068	-125.6
40.55766	10.073	-123.77
41.17023	10.131	-121.57
41.79206	10.259	-119.01
42.42327	10.473	-116.12
43.06402	10.788	-112.96
43.71445	11.211	-109.57
44.3747	11.744	-106.05
45.04492	12.378	-102.5
45.72527	13.099	-99.01
46.41589	13.888	-95.67
47.11694	14.726	-92.53
47.82858	15.593	-89.68
48.55097	16.467	-87.18
49.28427	17.332	-85.11
50.02865	18.173	-83.54
50.78426	18.98	-82.49
51.5513	19.741	-81.98
52.32991	20.451	-82
53.12029	21.106	-82.48
53.9226	21.707	-83.37
54.73703	22.263	-84.58
55.56377	22.783	-86.07
56.40298	23.276	-87.76
57.25488	23.751	-89.6
58.11964	24.212	-91.53
58.99746	24.664	-93.5
59.88854	25.108	-95.44
60.79308	25.549	-97.33
61.71128	25.988	-99.13
62.64335	26.429	-100.82
63.5895	26.876	-102.39
64.54994	27.33	-103.84
65.52488	27.795	-105.18
66.51455	28.273	-106.42
67.51917	28.767	-107.61
68.53896	29.277	-108.79
69.57415	29.802	-110.02
70.62498	30.337	-111.36
71.69168	30.873	-112.86
72.77449	31.4	-114.55
73.87365	31.905	-116.47
74.98942	32.378	-118.62
76.12204	32.812	-120.97
77.27177	33.199	-123.47
78.43886	33.537	-126.07
79.62357	33.828	-128.67
80.82619	34.075	-131.2
82.04696	34.283	-133.61
83.28617	34.456	-135.85
84.54411	34.602	-137.84
85.82104	34.726	-139.55
87.11725	34.838	-140.95
88.43305	34.947	-142.03
89.76871	35.064	-142.8
91.12455	35.199	-143.25
92.50087	35.366	-143.41
93.89798	35.572	-143.31
95.31619	35.827	-142.98
96.75582	36.136	-142.51
98.21719	36.503	-141.95
99.70063	36.924	-141.39
101.20648	37.393	-140.91
102.73508	37.9	-140.57
104.28676	38.437	-140.44
105.86188	38.993	-140.54
107.46078	39.563	-140.89
109.08384	40.142	-141.47
110.73141	40.729	-142.29
112.40387	41.32	-143.34
114.10158	41.912	-144.64
115.82494	42.499	-146.17
117.57433	43.075	-147.94
119.35014	43.636	-149.92
121.15277	44.177	-152.12
122.98262	44.698	-154.54
124.84012	45.198	-157.18
126.72567	45.676	-160.05
128.63969	46.128	-163.15
130.58263	46.548	-166.48
132.55491	46.933	-170.01
134.55699	47.279	-173.71
136.5893	47.582	-177.54
138.6523	47.84	178.55
140.74647	48.056	174.6
142.87226	48.23	170.67
145.03016	48.364	166.83
147.22066	48.46	163.12
149.44424	48.52	159.58
151.7014	48.545	156.22
153.99265	48.538	153.09
156.31851	48.501	150.22
158.6795	48.439	147.62
161.07615	48.356	145.3
163.509	48.26	143.26
165.97859	48.159	141.49
168.48549	48.06	139.95
171.03024	47.972	138.59
173.61344	47.897	137.39
176.23564	47.839	136.32
178.89746	47.801	135.34
181.59947	47.782	134.42
184.3423	47.783	133.52
187.12655	47.798	132.62
189.95286	47.823	131.69
192.82185	47.853	130.71
195.73418	47.881	129.71
198.69049	47.903	128.71
201.69146	47.914	127.74
204.73775	47.912	126.86
207.83005	47.899	126.14
210.96905	47.878	125.64
214.15547	47.855	125.4
217.39001	47.839	125.44
220.67341	47.841	125.78
224.00639	47.872	126.39
227.38972	47.946	127.24
230.82415	48.071	128.24
234.31045	48.253	129.33
237.84941	48.494	130.41
241.44182	48.787	131.4
245.08849	49.121	132.23
248.79024	49.482	132.83
252.54789	49.859	133.15
256.3623	50.24	133.13
260.23433	50.613	132.72
264.16483	50.969	131.89
268.1547	51.299	130.65
272.20483	51.595	129.01
276.31614	51.852	127.02
280.48954	52.065	124.76
284.72597	52.232	122.35
289.02639	52.352	119.88
293.39176	52.428	117.46
297.82307	52.465	115.17
302.3213	52.467	113.06
306.88748	52.439	111.15
311.52262	52.387	109.46
316.22777	52.311	108
321.00398	52.215	106.79
325.85233	52.105	105.84
330.77391	51.986	105.14
335.76983	51.864	104.7
340.8412	51.75	104.54
345.98917	51.652	104.62
351.21489	51.582	104.93
356.51954	51.549	105.4
361.90431	51.558	105.95
367.3704	51.608	106.51
372.91906	51.696	107.01
378.55152	51.814	107.42
384.26906	51.954	107.72
390.07295	52.111	107.89
395.9645	52.277	107.93
401.94503	52.448	107.81
408.0159	52.618	107.53
414.17845	52.781	107.08
420.43408	52.931	106.45
426.7842	53.06	105.64
433.23023	53.164	104.71
439.77361	53.237	103.73
446.41583	53.276	102.78
453.15836	53.28	102
460.00274	53.254	101.5
466.95049	53.204	101.43
474.00317	53.14	101.88
481.16238	53.078	102.89
488.42972	53.034	104.42
495.80682	53.025	106.39
503.29535	53.063	108.63
510.89698	53.154	110.97
518.61342	53.297	113.3
526.44641	53.489	115.6
534.3977	53.722	117.85
542.46909	53.992	120.07
550.66239	54.301	122.27
558.97944	54.652	124.39
567.4221	55.043	126.27
575.99229	55.463	127.67
584.69191	55.888	128.44
593.52293	56.286	128.51
602.48733	56.629	127.99
611.58712	56.91	127.11
620.82436	57.137	126.09
630.20111	57.329	125.1
639.71949	57.502	124.24
649.38163	57.671	123.51
659.18971	57.843	122.93
669.14592	58.023	122.45
679.25251	58.21	122.06
689.51174	58.403	121.76
699.92593	58.605	121.54
710.49741	58.815	121.39
721.22856	59.035	121.27
732.12179	59.265	121.15
743.17955	59.505	121.02
754.40432	59.755	120.85
765.79863	60.015	120.61
777.36503	60.283	120.29
789.10613	60.557	119.87
801.02456	60.835	119.36
813.12301	61.11	118.75
825.40419	61.377	118.05
837.87085	61.631	117.27
850.52582	61.867	116.43
863.37191	62.085	115.55
876.41204	62.283	114.65
889.64911	62.466	113.76
903.08612	62.636	112.87
916.72607	62.796	111.99
930.57204	62.946	111.11
944.62713	63.085	110.24
958.89451	63.213	109.38
973.37738	63.329	108.57
988.07899	63.432	107.84
1003.0027	63.528	107.21
1018.1517	63.62	106.71
1033.5296	63.717	106.33
1049.1397	63.824	106.06
1064.9856	63.945	105.85
1081.0709	64.078	105.68
1097.3991	64.22	105.52
1113.9739	64.369	105.37
1130.799	64.525	105.24
1147.8783	64.686	105.13
1165.2155	64.854	105.07
1182.8146	65.033	105.04
1200.6795	65.226	105.04
1218.8142	65.436	105.03
1237.2228	65.662	104.98
1255.9095	65.9	104.85
1274.8784	66.146	104.62
1294.1338	66.394	104.28
1313.68	66.64	103.84
1333.5214	66.883	103.31
1353.6626	67.119	102.7
1374.1079	67.348	102.03
1394.862	67.567	101.3
1415.9296	67.777	100.53
1437.3154	67.978	99.72
1459.0242	68.172	98.89
1481.0609	68.358	98.06
1503.4304	68.539	97.23
1526.1378	68.715	96.42
1549.1882	68.888	95.62
1572.5866	69.059	94.83
1596.3385	69.231	94.05
1620.4492	69.403	93.27
1644.924	69.578	92.5
1669.7684	69.756	91.72
1694.9882	69.936	90.92
1720.5888	70.119	90.08
1746.576	70.302	89.19
1772.9558	70.484	88.24
1799.734	70.662	87.22
1826.9167	70.832	86.13
1854.5099	70.992	84.98
1882.5199	71.14	83.81
1910.953	71.275	82.63
1939.8155	71.398	81.46
1969.1139	71.508	80.28
1998.8548	71.6	79.12
2029.0449	71.667	78.01
2059.6911	71.702	76.99
2090.8	71.709	76.15
2122.3789	71.696	75.56
2154.4347	71.677	75.24
2186.9747	71.665	75.16
2220.0061	71.668	75.29
2253.5364	71.693	75.57
2287.5732	71.746	75.97
2322.1241	71.827	76.44
2357.1967	71.937	76.95
2392.7992	72.075	77.47
2428.9393	72.242	78
2465.6253	72.436	78.52
2502.8654	72.656	79.02
2540.668	72.904	79.51
2579.0415	73.182	79.99
2617.9946	73.491	80.44
2657.5361	73.835	80.84
2697.6747	74.216	81.18
2738.4196	74.637	81.42
2779.7799	75.099	81.54
2821.7649	75.603	81.49
2864.3841	76.147	81.22
2907.6469	76.727	80.67
2951.5632	77.338	79.79
2996.1427	77.973	78.51
3041.3956	78.623	76.78
3087.332	79.276	74.53
3133.9622	79.915	71.73
3181.2966	80.527	68.39
3229.346	81.097	64.58
3278.1212	81.62	60.39
3327.633	82.092	55.98
3377.8926	82.511	51.48
3428.9113	82.872	47.03
3480.7006	83.172	42.77
3533.2721	83.409	38.81
3586.6376	83.583	35.18
3640.8092	83.693	31.85
3695.7989	83.733	28.76
3751.6192	83.702	25.81
3808.2826	83.6	22.94
3865.8018	83.438	20.1
3924.1898	83.232	17.22
3983.4596	83.002	14.3
4043.6246	82.761	11.35
4104.6984	82.519	8.37
4166.6946	82.277	5.37
4229.6271	82.032	2.36
4293.5102	81.779	-0.66
4358.3582	81.516	-3.65
4424.1856	81.242	-6.6
4491.0072	80.956	-9.47
4558.8381	80.659	-12.21
4627.6935	80.357	-14.79
4697.5888	80.055	-17.15
4768.5399	79.761	-19.27
4840.5625	79.482	-21.16
4913.673	79.229	-22.83
4987.8877	79.009	-24.31
5063.2233	78.827	-25.67
5139.6968	78.683	-26.98
5217.3253	78.574	-28.31
5296.1263	78.491	-29.73
5376.1175	78.42	-31.31
5457.3168	78.346	-33.08
5539.7426	78.254	-35.06
5623.4133	78.134	-37.22
5708.3477	77.98	-39.52
5794.5649	77.789	-41.9
5882.0844	77.562	-44.28
5970.9257	77.303	-46.6
6061.1088	77.019	-48.79
6152.6541	76.715	-50.82
6245.582	76.399	-52.69
6339.9135	76.075	-54.39
6435.6698	75.747	-55.94
6532.8723	75.42	-57.37
6631.5429	75.097	-58.69
6731.7038	74.781	-59.94
6833.3776	74.476	-61.12
6936.5869	74.186	-62.24
7041.3552	73.913	-63.33
7147.7058	73.661	-64.45
7255.6627	73.431	-65.65
7365.2501	73.218	-66.98
7476.4928	73.018	-68.47
7589.4156	72.824	-70.18
7704.0439	72.627	-72.11
7820.4036	72.416	-74.24
7938.5207	72.185	-76.53
8058.4219	71.93	-78.93
8180.134	71.652	-81.41
8303.6844	71.351	-83.94
8429.1009	71.028	-86.49
8556.4116	70.681	-89.04
8685.6452	70.309	-91.55
8816.8307	69.905	-93.95
8949.9976	69.447	-96.08
9085.1758	68.922	-97.78
9222.3957	68.336	-98.84
9361.6881	67.705	-99.13
9503.0843	67.041	-98.6
9646.6162	66.355	-97.31
9792.3159	65.662	-95.4
9940.2163	64.976	-93.03
10090.35	64.31	-90.33
10242.752	63.67	-87.37
10397.456	63.062	-84.17
10554.496	62.494	-80.67
10713.908	61.982	-76.85
10875.728	61.552	-72.73
11039.992	61.232	-68.45
11206.737	61.038	-64.2
11376	60.975	-60.15
11547.82	61.036	-56.42
11722.235	61.209	-53.03
11899.284	61.478	-49.98
12079.007	61.821	-47.32
12261.445	62.205	-45.09
12446.639	62.602	-43.39
12634.629	62.992	-42.31
12825.459	63.359	-41.97
13019.171	63.684	-42.54
13215.809	63.951	-44.11
13415.417	64.153	-46.67
13618.039	64.288	-50.21
13823.722	64.358	-54.72
14032.512	64.364	-60.23
14244.455	64.307	-66.8
14459.599	64.184	-74.46
14677.993	63.995	-83.27
14899.685	63.74	-93.32
15124.725	63.421	-104.72
15353.165	63.041	-117.62
15585.055	62.608	-132.17
15820.447	62.131	-148.43
16059.394	61.629	-166.35
16301.951	61.119	174.23
16548.171	60.621	153.52
16798.11	60.153	131.76
17051.824	59.742	109.13
17309.37	59.412	85.78
17570.805	59.161	61.84
17836.19	58.973	37.44
18105.582	58.846	12.68
18379.044	58.77	-12.38
18656.636	58.714	-37.71
18938.42	58.643	-63.31
19224.461	58.543	-89.27
19514.822	58.41	-115.82
19809.568	58.224	-143.32
20108.766	57.975	-172.18
20412.483	57.661	157.29
20720.787	57.273	125
21033.748	56.793	91.1
21351.436	56.215	55.88
21673.922	55.533	19.75
22001.278	54.742	-16.88
22333.579	53.846	-53.65
22670.899	52.859	-90.22
23013.314	51.785	-126.26
23360.901	50.65	-161.46
23713.737	49.476	164.52
24071.903	48.295	131.88
24435.478	47.149	100.77
24804.544	46.048	71.27
25179.185	45.001	43.3
25559.484	44.036	16.61
25945.527	43.15	-9.15
26337.401	42.326	-34.26
26735.194	41.554	-58.96
27138.994	40.825	-83.32
27548.894	40.128	-107.34
27964.985	39.448	-130.94
28387.36	38.783	-154
28816.114	38.141	-176.42
29251.345	37.531	161.88
29693.148	36.958	140.96
30141.625	36.433	120.87
30596.876	35.966	101.64
31059.002	35.565	83.31
31528.109	35.231	65.91
32004.3	34.954	49.44
32487.684	34.723	33.8
32978.369	34.52	18.83
33476.464	34.327	4.37
33982.083	34.124	-9.75
34495.339	33.896	-23.61
35016.347	33.635	-37.17
35545.224	33.332	-50.14
36082.088	32.987	-61.96
36627.062	32.602	-72.06
37180.267	32.182	-80.18
37741.827	31.744	-86.41
38311.868	31.315	-91.01
38890.52	30.922	-94.29
39477.911	30.578	-96.58
40074.174	30.28	-98.19
40679.443	30.011	-99.4
41293.854	29.759	-100.37
41917.544	29.515	-101.21
42550.655	29.276	-101.98
43193.328	29.039	-102.71
43845.708	28.801	-103.44
44507.941	28.561	-104.18
45180.176	28.319	-104.93
45862.564	28.074	-105.7
46555.259	27.825	-106.5
47258.417	27.574	-107.33
47972.194	27.319	-108.2
48696.753	27.06	-109.1
49432.254	26.797	-110.04
50178.865	26.531	-111.03
50936.752	26.261	-112.07
51706.086	25.988	-113.15
52487.04	25.71	-114.29
53279.789	25.43	-115.49
54084.512	25.146	-116.75
54901.389	24.859	-118.08
55730.604	24.569	-119.48
56572.343	24.277	-120.96
57426.796	23.983	-122.52
58294.153	23.688	-124.17
59174.612	23.392	-125.91
60068.368	23.096	-127.75
60975.624	22.802	-129.7
61896.582	22.51	-131.75
62831.45	22.221	-133.92
63780.438	21.938	-136.21
64743.76	21.662	-138.62
65721.631	21.395	-141.15
66714.272	21.139	-143.81
67721.905	20.896	-146.58
68744.757	20.67	-149.48
69783.058	20.461	-152.48
70837.042	20.273	-155.59
71906.944	20.108	-158.78
72993.006	19.968	-162.06
74095.472	19.855	-165.39
75214.588	19.77	-168.75
76350.608	19.714	-172.14
77503.786	19.687	-175.53
78674.381	19.688	-178.89
79862.656	19.718	177.78
81068.879	19.775	174.52
82293.32	19.857	171.34
83536.255	19.961	168.26
84797.962	20.086	165.28
86078.727	20.228	162.41
87378.835	20.386	159.67
88698.58	20.555	157.07
90038.258	20.734	154.6
91398.17	20.918	152.28
92778.622	21.104	150.12
94179.923	21.286	148.16
95602.39	21.457	146.42
97046.341	21.606	144.98
98512.101	21.716	143.97
100000	21.758	143.59
