4.9182	58.34	154.2
4.98973	58.64	149.1
5.06231	58.99	142.9
5.13594	59.34	135.8
5.21065	59.69	128
5.28644	60.01	119.9
5.36333	60.31	111.4
5.44134	60.58	102.8
5.52049	60.81	94.3
5.60078	61.01	85.8
5.68225	61.19	77.4
5.7649	61.33	69.2
5.84875	61.44	61.3
5.93382	61.54	53.6
6.02013	61.61	46
6.1077	61.68	38.5
6.19654	61.74	31.1
6.28667	61.79	23.7
6.37811	61.83	16.3
6.47088	61.87	8.9
6.565	61.9	1.5
6.66049	61.92	-6
6.75737	61.94	-13.6
6.85566	61.95	-21.3
6.95538	61.95	-29.1
7.05655	61.94	-37.1
7.15919	61.92	-45.3
7.26332	61.88	-53.7
7.36897	61.82	-62.5
7.47615	61.73	-71.6
7.58489	61.6	-81
7.69522	61.44	-90.7
7.80715	61.23	-100.4
7.92071	60.99	-110.2
8.03592	60.71	-119.7
8.1528	60.39	-128.8
8.27139	60.04	-137.3
8.3917	59.66	-145.1
8.51376	59.25	-152.1
8.63759	58.81	-158.1
8.76323	58.36	-163.1
8.89069	57.87	-167.4
9.02001	57.35	-170.9
9.15121	56.79	-173.8
9.28432	56.18	-176.4
9.41936	55.55	-178.7
9.55637	54.91	179.2
9.69537	54.31	177
9.83639	53.82	174.8
9.97946	53.54	172.5
10.12462	53.57	169.8
10.27188	53.96	166.8
10.42129	54.66	163.4
10.57287	55.56	159.4
10.72666	56.52	155
10.88268	57.46	150
11.04098	58.34	144.5
11.20157	59.12	138.5
11.3645	59.82	131.9
11.5298	60.44	124.8
11.69751	60.98	117
11.86765	61.46	108.5
12.04027	61.88	99.3
12.2154	62.26	89.3
12.39308	62.58	78.8
12.57334	62.85	67.8
12.75622	63.04	56.7
12.94176	63.16	45.4
13.13001	63.21	34.2
13.32099	63.17	23.1
13.51474	63.05	12.1
13.71132	62.85	1.5
13.91076	62.58	-8.6
14.11309	62.25	-18
14.31837	61.89	-26.4
14.52664	61.5	-33.7
14.73793	61.09	-39.9
14.9523	60.69	-45.1
15.16979	60.29	-49.7
15.39044	59.92	-53.8
15.6143	59.61	-57.7
15.84141	59.38	-61.5
16.07183	59.27	-65.7
16.3056	59.28	-70.1
16.54277	59.41	-74.9
16.78339	59.59	-80
17.02751	59.79	-85.2
17.27518	59.95	-90.3
17.52646	60.05	-95.3
17.78138	60.06	-100.1
18.04002	60.01	-104.5
18.30242	59.92	-108.7
18.56863	59.84	-112.5
18.83872	59.83	-116.1
19.11274	59.92	-119.3
19.39074	60.11	-122.2
19.67278	60.38	-125.1
19.95893	60.66	-127.9
20.24924	60.9	-131
20.54377	61.07	-134.4
20.84259	61.19	-138.2
21.14575	61.26	-142.5
21.45332	61.29	-147.1
21.76537	61.3	-151.8
22.08195	61.31	-156.2
22.40314	61.3	-160.2
22.729	61.3	-163.5
23.0596	61.3	-165.6
23.39501	61.32	-166.2
23.7353	61.35	-165.7
24.08054	61.39	-165.4
24.4308	61.45	-165.9
24.78615	61.55	-166.7
25.14667	61.68	-167.6
25.51244	61.86	-168.8
25.88353	62.04	-170.1
26.26001	62.24	-171.7
26.64197	62.43	-173.3
27.02949	62.61	-175.1
27.42264	62.77	-177
27.82151	62.92	-179.2
28.22619	63.06	178.4
28.63675	63.16	176.1
29.05328	63.24	173.7
29.47587	63.31	171.2
29.9046	63.35	168.7
30.33958	63.38	166.3
30.78088	63.38	163.9
31.22859	63.37	161.8
31.68282	63.34	159.8
32.14366	63.28	157.8
32.6112	63.2	155.9
33.08554	63.1	154.1
33.56678	62.97	152.4
34.05502	62.81	150.8
34.55036	62.64	149.5
35.05291	62.44	148.4
35.56277	62.22	147.6
36.08004	62	147.1
36.60484	61.79	147
37.13727	61.58	147.3
37.67744	61.36	148.1
38.22547	61.16	149.3
38.78147	60.98	150.8
39.34556	60.82	152.6
39.91786	60.7	154.7
40.49848	60.62	157.1
41.08754	60.62	159.8
41.68517	60.7	162.9
42.2915	60.9	166.4
42.90664	61.22	170.1
43.53073	61.68	174
44.1639	62.25	178
44.80628	62.92	-178
45.458	63.66	-174.1
46.1192	64.44	-170.6
46.79002	65.26	-167.6
47.4706	66.09	-164.8
48.16108	66.91	-162.5
48.86159	67.72	-160.7
49.5723	68.5	-159.4
50.29335	69.24	-158.8
51.02488	69.94	-158.7
51.76706	70.58	-159.3
52.52003	71.17	-160.5
53.28395	71.68	-162.1
54.05898	72.1	-164
54.84529	72.47	-166.2
55.64303	72.81	-168.5
56.45238	73.12	-171
57.27349	73.41	-173.5
58.10656	73.69	-176.1
58.95174	73.96	-178.6
59.80921	74.22	178.9
60.67915	74.48	176.7
61.56175	74.73	174.6
62.45719	74.97	172.7
63.36565	75.22	170.9
64.28732	75.48	169.4
65.2224	75.75	168
66.17109	76.03	166.8
67.13357	76.34	165.8
68.11005	76.68	164.8
69.10073	77.05	163.9
70.10582	77.47	162.9
71.12554	77.92	161.7
72.16008	78.38	160.3
73.20967	78.83	158.7
74.27453	79.25	156.8
75.35488	79.65	154.6
76.45094	80.01	152
77.56295	80.31	149.1
78.69113	80.53	146.1
79.83571	80.69	143
80.99695	80.8	140.1
82.17508	80.85	137.2
83.37034	80.86	134.4
84.58299	80.84	131.8
85.81328	80.78	129.6
87.06146	80.69	127.8
88.3278	80.59	126.4
89.61256	80.46	125.3
90.916	80.34	124.6
92.23841	80.22	124.3
93.58005	80.14	124.5
94.9412	80.09	124.9
96.32215	80.09	125.6
97.72319	80.17	126.5
99.14461	80.33	127.6
100.5867	80.56	128.7
102.04976	80.86	129.7
103.53411	81.22	130.5
105.04005	81.61	131
106.56789	82.02	131.3
108.11796	82.44	131.3
109.69057	82.86	131.1
111.28606	83.31	130.6
112.90475	83.77	129.9
114.54699	84.24	129
116.21311	84.7	127.8
117.90347	85.15	126.4
119.61842	85.58	124.8
121.35831	85.98	123
123.1235	86.37	121
124.91438	86.73	118.8
126.7313	87.09	116.4
128.57465	87.43	113.7
130.44481	87.75	110.8
132.34217	88.03	107.6
134.26713	88.28	104.2
136.22009	88.48	100.6
138.20146	88.62	97
140.21165	88.72	93.2
142.25107	88.78	89.5
144.32016	88.8	85.8
146.41935	88.79	82.4
148.54906	88.76	79
150.70976	88.69	75.8
152.90188	88.59	72.8
155.12589	88.46	69.9
157.38225	88.29	67.3
159.67143	88.1	65
161.9939	87.88	63
164.35016	87.66	61.3
166.74069	87.43	59.8
169.16599	87.21	58.5
171.62656	87	57.3
174.12293	86.81	56.4
176.6556	86.62	55.5
179.22512	86.45	54.8
181.83201	86.3	54.2
184.47682	86.17	53.7
187.16009	86.06	53.2
189.8824	85.97	52.7
192.6443	85.89	52.1
195.44638	85.82	51.5
198.28921	85.75	50.8
201.1734	85.68	50
204.09953	85.59	49.2
207.06823	85.48	48.4
210.0801	85.36	47.8
213.13579	85.23	47.3
216.23592	85.08	47.1
219.38114	84.93	47.3
222.57212	84.79	47.9
225.8095	84.66	48.8
229.09398	84.57	50.2
232.42622	84.53	51.8
235.80694	84.56	53.5
239.23683	84.67	55.2
242.71661	84.85	56.9
246.24701	85.08	58.4
249.82875	85.35	59.8
253.4626	85.66	61.1
257.14929	86	62
260.88962	86.36	62.6
264.68434	86.71	62.7
268.53427	87.04	62.2
272.44019	87.34	61.2
276.40292	87.6	59.5
280.42329	87.82	57.4
284.50214	87.98	54.9
288.64032	88.09	52.2
292.83869	88.14	49.5
297.09813	88.15	46.9
301.41952	88.11	44.5
305.80377	88.03	42.3
310.25179	87.93	40.3
314.7645	87.8	38.6
319.34286	87.64	37.2
323.98781	87.47	36
328.70032	87.29	35
333.48138	87.09	34.1
338.33197	86.89	33.5
343.25313	86.68	33.1
348.24586	86.47	32.9
353.31121	86.28	33.1
358.45024	86.12	33.4
363.66402	86	33.9
368.95363	85.92	34.4
374.32019	85.88	34.9
379.7648	85.88	35.4
385.28861	85.9	35.7
390.89276	85.93	35.9
396.57842	85.98	35.9
402.34679	86.03	35.9
408.19906	86.08	35.7
414.13645	86.13	35.4
420.1602	86.18	34.9
426.27158	86.22	34.3
432.47184	86.25	33.5
438.76229	86.25	32.5
445.14423	86.22	31.4
451.619	86.15	30.2
458.18795	86.03	29.2
464.85245	85.87	28.4
471.61388	85.67	28
478.47367	85.43	28.1
485.43323	85.16	28.8
492.49401	84.9	30
499.6575	84.64	31.8
506.92519	84.42	34
514.29859	84.26	36.5
521.77923	84.17	39.3
529.36869	84.17	42.1
537.06853	84.26	45.1
544.88037	84.44	47.9
552.80584	84.7	50.6
560.84659	85.02	53
569.00429	85.37	55.1
577.28065	85.73	56.6
585.67739	86.07	57.7
594.19626	86.38	58.2
602.83904	86.67	58.3
611.60754	86.92	58.1
620.50358	87.14	57.5
629.52901	87.33	56.8
638.68572	87.49	56.1
647.97562	87.64	55.4
657.40064	87.78	54.8
666.96275	87.92	54.3
676.66395	88.06	53.8
686.50625	88.2	53.3
696.49171	88.34	52.9
706.62242	88.49	52.6
716.90048	88.63	52.2
727.32804	88.77	51.9
737.90727	88.91	51.5
748.64037	89.06	51.2
759.5296	89.21	50.8
770.57721	89.36	50.3
781.78552	89.51	49.8
793.15685	89.65	49.2
804.69358	89.8	48.5
816.39812	89.94	47.8
828.2729	90.08	47
840.32041	90.22	46.1
852.54315	90.34	45.2
864.94368	90.45	44.3
877.52457	90.54	43.3
890.28846	90.62	42.3
903.238	90.68	41.3
916.3759	90.74	40.3
929.7049	90.78	39.4
943.22777	90.81	38.4
956.94733	90.84	37.5
970.86645	90.85	36.5
984.98803	90.85	35.6
999.31501	90.84	34.7
1013.8504	90.81	33.9
1028.5972	90.77	33.3
1043.5585	90.72	32.7
1058.7374	90.68	32.4
1074.1371	90.64	32.1
1089.7607	90.6	31.9
1105.6117	90.58	31.9
1121.6932	90.58	31.9
1138.0086	90.58	32
1154.5613	90.6	32.1
1171.3548	90.64	32.2
1188.3925	90.69	32.4
1205.6781	90.76	32.6
1223.2151	90.86	32.8
1241.0072	90.98	32.9
1259.058	91.12	32.9
1277.3714	91.27	32.8
1295.9512	91.42	32.6
1314.8013	91.57	32.1
1333.9255	91.71	31.6
1353.3279	91.84	30.9
1373.0125	91.96	30.1
1392.9834	92.06	29.2
1413.2448	92.16	28.3
1433.801	92.24	27.2
1454.6561	92.31	26.1
1475.8145	92.36	24.9
1497.2807	92.4	23.8
1519.0592	92.42	22.7
1541.1544	92.43	21.6
1563.571	92.43	20.5
1586.3137	92.42	19.5
1609.3872	92.42	18.6
1632.7962	92.41	17.6
1656.5458	92.41	16.7
1680.6408	92.41	15.7
1705.0863	92.4	14.7
1729.8874	92.4	13.6
1755.0491	92.38	12.5
1780.5769	92.36	11.3
1806.476	92.32	10
1832.7518	92.25	8.7
1859.4098	92.16	7.4
1886.4555	92.05	6.2
1913.8947	91.91	5.2
1941.7329	91.75	4.3
1969.9761	91.58	3.7
1998.63	91.39	3.3
2027.7008	91.2	3.1
2057.1943	90.99	3
2087.1169	90.79	3.2
2117.4747	90.58	3.4
2148.2741	90.39	3.9
2179.5215	90.2	4.4
2211.2234	90.05	5.1
2243.3863	89.93	5.9
2276.0171	89.84	6.7
2309.1226	89.8	7.4
2342.7095	89.79	8
2376.785	89.8	8.4
2411.3562	89.82	8.7
2446.4302	89.83	8.8
2482.0143	89.83	8.8
2518.116	89.83	8.8
2554.7429	89.82	8.8
2591.9025	89.8	8.8
2629.6026	89.79	8.8
2667.851	89.78	8.8
2706.6558	89.77	8.9
2746.025	89.76	8.9
2785.9669	89.76	8.8
2826.4897	89.76	8.8
2867.6019	89.76	8.7
2909.3121	89.77	8.6
2951.6291	89.77	8.5
2994.5615	89.78	8.3
3038.1184	89.8	8.1
3082.3088	89.83	7.8
3127.1421	89.87	7.3
3172.6274	89.91	6.6
3218.7743	89.93	5.8
3265.5925	89.92	4.7
3313.0916	89.88	3.6
3361.2816	89.81	2.4
3410.1726	89.69	1.3
3459.7747	89.55	0.4
3510.0983	89.37	-0.3
3561.1538	89.18	-0.8
3612.952	88.97	-0.9
3665.5036	88.75	-0.9
3718.8196	88.51	-0.5
3772.9111	88.26	0.1
3827.7893	88	1
3883.4658	87.77	2.2
3939.9521	87.57	3.5
3997.26	87.43	4.9
4055.4015	87.36	6.3
4114.3887	87.36	7.5
4174.2339	87.41	8.6
4234.9495	87.5	9.2
4296.5482	87.6	9.6
4359.043	87.69	9.5
4422.4467	87.75	9.1
4486.7727	87.78	8.5
4552.0343	87.78	7.8
4618.2452	87.74	7.1
4685.4191	87.67	6.3
4753.5701	87.57	5.7
4822.7123	87.45	5.2
4892.8603	87.3	4.8
4964.0286	87.14	4.6
5036.2321	86.96	4.5
5109.4857	86.77	4.5
5183.8049	86.58	4.5
5259.2051	86.4	4.7
5335.702	86.23	4.7
5413.3116	86.08	4.8
5492.05	85.93	4.9
5571.9337	85.78	5
5652.9794	85.64	5.2
5735.2038	85.5	5.4
5818.6243	85.37	5.7
5903.2581	85.25	6
5989.123	85.13	6.2
6076.2368	85.01	6.3
6164.6177	84.89	6.3
6254.2841	84.76	6.2
6345.2548	84.62	5.9
6437.5486	84.45	5.6
6531.1849	84.26	5.3
6626.1832	84.06	5.1
6722.5633	83.85	5.1
6820.3452	83.64	5.5
6919.5494	83.42	6.2
7020.1966	83.21	7.3
7122.3077	82.98	8.6
7225.904	82.76	10
7331.0072	82.53	11.4
7437.6392	82.28	12.8
7545.8221	82.02	14.1
7655.5786	81.76	15.5
7766.9316	81.51	16.9
7879.9042	81.29	18.2
7994.5201	81.12	19.4
8110.803	81.03	20.3
8228.7774	81	20.5
8348.4677	81.01	19.7
8469.899	81.03	17.7
8593.0965	81.04	14.3
8718.086	81.01	9.3
8844.8934	80.94	2.4
8973.5454	80.83	-6.7
9104.0686	80.69	-18.6
9236.4903	80.58	-33.5
9370.8382	80.52	-50.8
9507.1402	80.52	-70
9645.4247	80.6	-90.6
9785.7206	80.73	-112.1
9928.0572	80.89	-134.2
10072.464	81.06	-156.3
10218.971	81.24	-178
10367.61	81.44	161.3
10518.41	81.7	141.9
10671.404	82.06	124.1
10826.623	82.51	108
10984.1	83	94
11143.867	83.48	82.3
11305.959	83.9	72.9
11470.408	84.25	65.4
11637.249	84.58	59.5
11806.516	84.92	54.9
11978.246	85.29	50.9
12152.474	85.65	47.2
12329.235	85.98	43.4
12508.568	86.27	39.6
12690.51	86.53	35.4
12875.097	86.75	30.8
13062.37	86.89	25.8
13252.366	86.94	20.7
13445.127	86.9	15.7
13640.69	86.81	10.9
13839.099	86.67	6.5
14040.393	86.49	2.2
14244.615	86.25	-1.9
14451.808	85.94	-5.6
14662.014	85.55	-8.8
14875.278	85.09	-11.3
15091.644	84.59	-13.2
15311.157	84.02	-14.5
15533.863	83.38	-15.4
15759.808	82.7	-15.8
15989.04	82.07	-16.3
16221.606	81.57	-17.1
16457.555	81.23	-18.7
16696.935	81.06	-21.6
16939.798	81.01	-26.2
17186.193	81.06	-32.9
17436.172	81.19	-42.1
17689.787	81.41	-54.2
17947.091	81.72	-69.5
18208.137	82.12	-88.2
18472.981	82.6	-109.9
18741.676	83.12	-134.4
19014.28	83.61	-161.6
19290.849	84.03	168.9
19571.441	84.35	137.5
19856.114	84.57	104.3
20144.928	84.7	69.4
20437.943	84.74	32.8
20735.22	84.71	-5.2
21036.82	84.62	-44.4
21342.808	84.47	-84
21653.246	84.26	-123
21968.2	83.97	-161
22287.735	83.59	162.3
22611.917	83.07	126.9
22940.815	82.41	92.9
23274.497	81.6	60.5
23613.033	80.65	29.7
23956.492	79.59	0.3
24304.947	78.41	-28.1
24658.471	77.15	-55.9
25017.137	75.85	-83.6
25381.019	74.6	-111.9
25750.195	73.41	-141.9
26124.74	72.29	-174.7
26504.733	71.22	148.6
26890.253	70.2	106.7
27281.381	69.24	58.4
27678.198	68.32	2.4
28080.786	67.48	-61.8
28489.231	66.68	-134.7
28903.616	65.92	142.4
29324.029	65.16	46.4
29750.557	64.33	-66.9
30183.289	63.43	156
30622.315	62.46	9.5
31067.726	61.49	-111.7
31519.617	60.62	162.7
31978.08	59.92	102.4
32443.212	59.39	59.8
32915.11	59.04	29.8
33393.871	58.83	8.6
33879.596	58.71	-6.3
34372.386	58.66	-16.8
34872.344	58.64	-24.3
35379.574	58.58	-29.5
35894.182	58.46	-33.2
36416.274	58.32	-35.8
36945.961	58.16	-37.6
37483.353	58.02	-38.8
38028.561	57.88	-39.6
38581.699	57.75	-40.2
39142.882	57.66	-40.5
39712.229	57.62	-40.6
