4.9182	57.5	130.3
4.98973	57.23	134.1
5.06231	56.89	138.8
5.13594	56.48	144
5.21065	56.02	149.3
5.28644	55.53	154.6
5.36333	55.01	159.7
5.44134	54.49	164.3
5.52049	54.01	168.4
5.60078	53.62	171.8
5.68225	53.39	174.3
5.7649	53.38	175.8
5.84875	53.63	176.4
5.93382	54.12	175.9
6.02013	54.82	174.3
6.1077	55.63	171.7
6.19654	56.46	168.1
6.28667	57.27	163.6
6.37811	58.02	158.4
6.47088	58.7	152.6
6.565	59.3	146.1
6.66049	59.82	139.3
6.75737	60.27	132.1
6.85566	60.65	124.7
6.95538	60.96	117.1
7.05655	61.19	109.5
7.15919	61.36	101.8
7.26332	61.47	94.1
7.36897	61.51	86.3
7.47615	61.5	78.4
7.58489	61.44	70.3
7.69522	61.33	62.1
7.80715	61.17	53.9
7.92071	60.98	46
8.03592	60.75	38.6
8.1528	60.49	31.9
8.27139	60.2	26.1
8.3917	59.89	21.6
8.51376	59.55	18.7
8.63759	59.19	17.6
8.76323	58.82	18.6
8.89069	58.44	22.1
9.02001	58.03	28.1
9.15121	57.6	36.5
9.28432	57.16	46.7
9.41936	56.71	58
9.55637	56.3	69.7
9.69537	55.95	81
9.83639	55.72	90.9
9.97946	55.68	98.9
10.12462	55.87	104.3
10.27188	56.3	106.7
10.42129	56.96	106.1
10.57287	57.77	102.9
10.72666	58.62	97.2
10.88268	59.45	89.7
11.04098	60.22	80.7
11.20157	60.89	70.8
11.3645	61.47	60.4
11.5298	61.96	50
11.69751	62.38	39.8
11.86765	62.72	29.9
12.04027	63.01	20.3
12.2154	63.26	10.9
12.39308	63.46	1.7
12.57334	63.62	-7.2
12.75622	63.73	-16
12.94176	63.79	-24.6
13.13001	63.79	-33.1
13.32099	63.73	-41.5
13.51474	63.61	-49.7
13.71132	63.42	-57.7
13.91076	63.18	-65.3
14.11309	62.87	-72.3
14.31837	62.52	-78.7
14.52664	62.12	-84.3
14.73793	61.67	-89.1
14.9523	61.19	-93.1
15.16979	60.66	-96.6
15.39044	60.1	-99.4
15.6143	59.57	-101.6
15.84141	59.09	-103.2
16.07183	58.73	-104.2
16.3056	58.52	-104.7
16.54277	58.45	-104.7
16.78339	58.52	-104.4
17.02751	58.71	-104
17.27518	59	-103.8
17.52646	59.37	-103.8
17.78138	59.82	-104.3
18.04002	60.32	-105.1
18.30242	60.86	-106.4
18.56863	61.42	-108.1
18.83872	61.97	-110.4
19.11274	62.52	-113.1
19.39074	63.05	-116.5
19.67278	63.54	-120.5
19.95893	63.95	-124.9
20.24924	64.27	-129.7
20.54377	64.51	-134.6
20.84259	64.66	-139.6
21.14575	64.77	-144.7
21.45332	64.83	-149.6
21.76537	64.87	-154.4
22.08195	64.89	-158.9
22.40314	64.89	-162.9
22.729	64.88	-166.2
23.0596	64.84	-168.6
23.39501	64.78	-169.5
23.7353	64.71	-169.5
24.08054	64.66	-169.7
24.4308	64.64	-170.6
24.78615	64.64	-171.8
25.14667	64.67	-173.1
25.51244	64.73	-174.7
25.88353	64.81	-176.4
26.26001	64.89	-178.1
26.64197	64.99	-179.8
27.02949	65.08	178.5
27.42264	65.18	176.8
27.82151	65.27	174.8
28.22619	65.35	172.8
28.63675	65.43	170.6
29.05328	65.49	168.4
29.47587	65.55	166
29.9046	65.59	163.7
30.33958	65.6	161.4
30.78088	65.6	159
31.22859	65.58	156.9
31.68282	65.54	154.9
32.14366	65.48	153
32.6112	65.41	151.1
33.08554	65.32	149.3
33.56678	65.22	147.6
34.05502	65.09	146
34.55036	64.94	144.6
35.05291	64.77	143.4
35.56277	64.59	142.3
36.08004	64.39	141.5
36.60484	64.19	141
37.13727	63.98	140.8
37.67744	63.76	140.9
38.22547	63.53	141.4
38.78147	63.29	142.2
39.34556	63.06	143.4
39.91786	62.85	144.9
40.49848	62.67	146.7
41.08754	62.53	148.8
41.68517	62.44	151.4
42.2915	62.42	154.4
42.90664	62.5	157.7
43.53073	62.71	161.3
44.1639	63.04	165.1
44.80628	63.49	169
45.458	64.05	172.8
46.1192	64.7	176.5
46.79002	65.41	179.9
47.4706	66.18	-176.8
48.16108	66.97	-173.8
48.86159	67.76	-171.2
49.5723	68.53	-169.1
50.29335	69.28	-167.6
51.02488	69.99	-166.6
51.76706	70.65	-166.3
52.52003	71.25	-166.6
53.28395	71.77	-167.3
54.05898	72.22	-168.5
54.84529	72.61	-169.8
55.64303	72.97	-171.4
56.45238	73.31	-173.3
57.27349	73.64	-175.2
58.10656	73.96	-177.2
58.95174	74.28	-179.3
59.80921	74.6	178.7
60.67915	74.9	176.8
61.56175	75.21	175
62.45719	75.51	173.4
63.36565	75.82	171.9
64.28732	76.13	170.5
65.2224	76.44	169.3
66.17109	76.77	168.2
67.13357	77.11	167.2
68.11005	77.48	166.2
69.10073	77.87	165.2
70.10582	78.3	164.2
71.12554	78.75	162.9
72.16008	79.2	161.5
73.20967	79.64	159.8
74.27453	80.05	157.8
75.35488	80.42	155.5
76.45094	80.75	152.9
77.56295	81.02	150
78.69113	81.22	147.1
79.83571	81.37	144.3
80.99695	81.47	141.6
82.17508	81.52	139
83.37034	81.53	136.5
84.58299	81.52	134.3
85.81328	81.48	132.4
87.06146	81.42	131
88.3278	81.36	129.8
89.61256	81.29	129
90.916	81.23	128.5
92.23841	81.19	128.3
93.58005	81.2	128.5
94.9412	81.25	128.9
96.32215	81.36	129.5
97.72319	81.53	130.3
99.14461	81.77	131.2
100.5867	82.07	131.9
102.04976	82.41	132.6
103.53411	82.79	133
105.04005	83.2	133.1
106.56789	83.6	132.9
108.11796	84	132.5
109.69057	84.41	131.9
111.28606	84.83	131.1
112.90475	85.26	130.1
114.54699	85.7	128.9
116.21311	86.14	127.4
117.90347	86.56	125.8
119.61842	86.96	124
121.35831	87.34	122
123.1235	87.7	119.9
124.91438	88.04	117.5
126.7313	88.37	115
128.57465	88.69	112.2
130.44481	88.97	109.1
132.34217	89.23	105.9
134.26713	89.44	102.4
136.22009	89.61	98.9
138.20146	89.73	95.2
140.21165	89.81	91.5
142.25107	89.84	87.7
144.32016	89.84	84.2
146.41935	89.8	80.7
148.54906	89.74	77.5
150.70976	89.64	74.4
152.90188	89.51	71.5
155.12589	89.34	68.8
157.38225	89.15	66.5
159.67143	88.93	64.4
161.9939	88.68	62.7
164.35016	88.44	61.3
166.74069	88.19	60.2
169.16599	87.96	59.3
171.62656	87.75	58.5
174.12293	87.56	57.9
176.6556	87.39	57.3
179.22512	87.24	56.9
181.83201	87.13	56.5
184.47682	87.04	56.1
187.16009	86.97	55.7
189.8824	86.91	55.2
192.6443	86.86	54.5
195.44638	86.81	53.8
198.28921	86.75	53.1
201.1734	86.68	52.3
204.09953	86.58	51.5
207.06823	86.47	50.8
210.0801	86.33	50.4
213.13579	86.19	50.3
216.23592	86.05	50.5
219.38114	85.91	51.1
222.57212	85.79	52
225.8095	85.71	53.2
229.09398	85.69	54.7
232.42622	85.73	56.4
235.80694	85.85	58
239.23683	86.04	59.6
242.71661	86.3	61
246.24701	86.59	62.1
249.82875	86.9	63.1
253.4626	87.23	63.8
257.14929	87.56	64.1
260.88962	87.88	64
264.68434	88.19	63.3
268.53427	88.47	62.2
272.44019	88.71	60.6
276.40292	88.91	58.5
280.42329	89.06	56.1
284.50214	89.16	53.5
288.64032	89.2	50.9
292.83869	89.2	48.4
297.09813	89.15	46.1
301.41952	89.07	44
305.80377	88.96	42.2
310.25179	88.84	40.6
314.7645	88.69	39.1
319.34286	88.51	37.9
323.98781	88.32	37
328.70032	88.11	36.2
333.48138	87.9	35.7
338.33197	87.67	35.4
343.25313	87.46	35.4
348.24586	87.26	35.8
353.31121	87.09	36.3
358.45024	86.97	37.1
363.66402	86.9	37.9
368.95363	86.88	38.7
374.32019	86.9	39.5
379.7648	86.97	40.1
385.28861	87.06	40.6
390.89276	87.18	40.9
396.57842	87.31	41
402.34679	87.44	40.9
408.19906	87.57	40.6
414.13645	87.7	40
420.1602	87.81	39.2
426.27158	87.89	38.1
432.47184	87.95	36.6
438.76229	87.96	35
445.14423	87.93	33.3
451.619	87.84	31.5
458.18795	87.69	30
464.85245	87.49	28.9
471.61388	87.24	28.3
478.47367	86.96	28.6
485.43323	86.64	29.7
492.49401	86.33	31.5
499.6575	86.03	34
506.92519	85.79	37
514.29859	85.62	40.3
521.77923	85.55	43.8
529.36869	85.58	47.4
537.06853	85.74	50.9
544.88037	85.99	54.4
552.80584	86.33	57.5
560.84659	86.73	60.3
569.00429	87.13	62.5
577.28065	87.51	64
585.67739	87.86	64.8
594.19626	88.16	64.9
602.83904	88.41	64.6
611.60754	88.62	63.9
620.50358	88.8	63
629.52901	88.95	62.2
638.68572	89.09	61.4
647.97562	89.22	60.7
657.40064	89.36	60.1
666.96275	89.5	59.6
676.66395	89.64	59.1
686.50625	89.77	58.7
696.49171	89.91	58.4
706.62242	90.05	58.2
716.90048	90.2	58
727.32804	90.35	57.8
737.90727	90.5	57.6
748.64037	90.66	57.4
759.5296	90.82	57.1
770.57721	90.99	56.8
781.78552	91.17	56.4
793.15685	91.36	55.9
804.69358	91.57	55.3
816.39812	91.77	54.7
828.2729	91.97	53.9
840.32041	92.16	53
852.54315	92.32	52
864.94368	92.45	51
877.52457	92.55	49.9
890.28846	92.64	48.9
903.238	92.72	47.9
916.3759	92.79	46.9
929.7049	92.85	45.9
943.22777	92.9	44.8
956.94733	92.94	43.7
970.86645	92.96	42.6
984.98803	92.96	41.6
999.31501	92.94	40.7
1013.8504	92.9	39.9
1028.5972	92.86	39.4
1043.5585	92.83	39
1058.7374	92.82	38.8
1074.1371	92.84	38.6
1089.7607	92.87	38.4
1105.6117	92.92	38.2
1121.6932	92.97	37.9
1138.0086	93.02	37.5
1154.5613	93.06	37.2
1171.3548	93.09	37
1188.3925	93.14	36.8
1205.6781	93.2	36.8
1223.2151	93.29	36.7
1241.0072	93.4	36.6
1259.058	93.52	36.3
1277.3714	93.64	35.9
1295.9512	93.75	35.4
1314.8013	93.85	34.8
1333.9255	93.95	34.2
1353.3279	94.04	33.6
1373.0125	94.14	32.9
1392.9834	94.23	32.2
1413.2448	94.32	31.4
1433.801	94.39	30.5
1454.6561	94.45	29.5
1475.8145	94.5	28.5
1497.2807	94.54	27.5
1519.0592	94.57	26.6
1541.1544	94.59	25.7
1563.571	94.61	24.8
1586.3137	94.62	23.9
1609.3872	94.63	23
1632.7962	94.64	22.2
1656.5458	94.66	21.4
1680.6408	94.67	20.6
1705.0863	94.69	19.7
1729.8874	94.71	18.8
1755.0491	94.73	17.9
1780.5769	94.74	16.9
1806.476	94.75	15.7
1832.7518	94.75	14.5
1859.4098	94.72	13.2
1886.4555	94.68	11.9
1913.8947	94.61	10.7
1941.7329	94.53	9.4
1969.9761	94.42	8.2
1998.63	94.29	7.1
2027.7008	94.14	6.2
2057.1943	93.97	5.4
2087.1169	93.78	4.8
2117.4747	93.58	4.4
2148.2741	93.36	4.2
2179.5215	93.14	4.2
2211.2234	92.92	4.4
2243.3863	92.72	4.8
2276.0171	92.53	5.3
2309.1226	92.38	5.9
2342.7095	92.24	6.5
2376.785	92.13	7.1
2411.3562	92.03	7.8
2446.4302	91.95	8.4
2482.0143	91.88	9.1
2518.116	91.83	9.8
2554.7429	91.8	10.5
2591.9025	91.79	11.3
2629.6026	91.79	12
2667.851	91.82	12.8
2706.6558	91.87	13.5
2746.025	91.95	14.2
2785.9669	92.06	14.9
2826.4897	92.21	15.5
2867.6019	92.39	15.9
2909.3121	92.6	16.2
2951.6291	92.83	16.2
2994.5615	93.08	15.9
3038.1184	93.35	15.3
3082.3088	93.63	14.2
3127.1421	93.89	12.6
3172.6274	94.1	10.4
3218.7743	94.25	7.8
3265.5925	94.32	4.8
3313.0916	94.31	1.7
3361.2816	94.23	-1.2
3410.1726	94.09	-3.8
3459.7747	93.89	-5.7
3510.0983	93.63	-6.9
3561.1538	93.31	-7.2
3612.952	92.95	-6.6
3665.5036	92.53	-5.3
3718.8196	92.03	-3.3
3772.9111	91.48	-0.6
3827.7893	90.88	2.7
3883.4658	90.3	6.5
3939.9521	89.8	10.6
3997.26	89.44	14.8
4055.4015	89.24	19
4114.3887	89.2	23
4174.2339	89.3	26.6
4234.9495	89.48	29.6
4296.5482	89.72	32
4359.043	89.98	33.8
4422.4467	90.25	35
4486.7727	90.5	35.8
4552.0343	90.75	36.3
4618.2452	90.98	36.6
4685.4191	91.2	36.8
4753.5701	91.42	37
4822.7123	91.64	37.1
4892.8603	91.87	37.3
4964.0286	92.12	37.5
5036.2321	92.39	37.7
5109.4857	92.69	37.8
5183.8049	93.02	37.9
5259.2051	93.38	37.7
5335.702	93.76	37.4
5413.3116	94.13	36.6
5492.05	94.47	35.5
5571.9337	94.75	34
5652.9794	94.96	32.2
5735.2038	95.12	30.2
5818.6243	95.22	28.2
5903.2581	95.27	26.2
5989.123	95.3	24.3
6076.2368	95.29	22.5
6164.6177	95.27	20.9
6254.2841	95.23	19.5
6345.2548	95.18	18.1
6437.5486	95.12	16.9
6531.1849	95.04	15.8
6626.1832	94.97	14.8
6722.5633	94.88	13.8
6820.3452	94.81	13
6919.5494	94.75	12.2
7020.1966	94.71	11.5
7122.3077	94.69	10.9
7225.904	94.71	10.1
7331.0072	94.75	9.2
7437.6392	94.8	8.1
7545.8221	94.87	6.7
7655.5786	94.93	4.9
7766.9316	94.97	2.8
7879.9042	94.97	0.5
7994.5201	94.93	-1.9
8110.803	94.85	-4.4
8228.7774	94.74	-6.8
8348.4677	94.62	-9.3
8469.899	94.48	-11.8
8593.0965	94.32	-14.3
8718.086	94.14	-17
8844.8934	93.92	-19.7
8973.5454	93.65	-22.5
9104.0686	93.3	-24.9
9236.4903	92.87	-26.6
9370.8382	92.37	-27
9507.1402	91.82	-26.2
9645.4247	91.24	-24.4
9785.7206	90.67	-21.9
9928.0572	90.13	-19.1
10072.464	89.63	-16.2
10218.971	89.17	-13.4
10367.61	88.73	-10.6
10518.41	88.29	-7.6
10671.404	87.85	-4
10826.623	87.47	0.2
10984.1	87.21	5
11143.867	87.12	10
11305.959	87.19	14.6
11470.408	87.39	18.3
11637.249	87.68	21.6
11806.516	88.08	24.7
11978.246	88.58	27.7
12152.474	89.18	30.4
12329.235	89.8	32.8
12508.568	90.41	34.7
12690.51	90.99	36
12875.097	91.56	36.6
13062.37	92.07	36.1
13252.366	92.5	34.3
13445.127	92.83	31.4
13640.69	93.08	27.7
13839.099	93.27	23.3
14040.393	93.4	18.1
14244.615	93.48	11.9
14451.808	93.49	4.6
14662.014	93.43	-3.7
14875.278	93.29	-13
15091.644	93.08	-23.3
15311.157	92.81	-35
15533.863	92.47	-48.4
15759.808	92.06	-63.9
15989.04	91.61	-81.4
16221.606	91.14	-100.6
16457.555	90.69	-121.1
16696.935	90.28	-142.6
16939.798	89.93	-164.8
17186.193	89.66	172.4
17436.172	89.5	149.1
17689.787	89.45	125.4
17947.091	89.49	101.3
18208.137	89.59	77
18472.981	89.73	52.6
18741.676	89.86	28.1
19014.28	89.95	3.8
19290.849	90	-20.4
19571.441	89.98	-44.6
19856.114	89.91	-69.6
20144.928	89.78	-96.4
20437.943	89.58	-125.5
20735.22	89.31	-157.2
21036.82	88.94	168.8
21342.808	88.46	133.3
21653.246	87.86	97
21968.2	87.13	60.3
22287.735	86.27	23.6
22611.917	85.29	-12.9
22940.815	84.2	-48.8
23274.497	83.05	-83.8
23613.033	81.88	-117.6
23956.492	80.73	-150.1
24304.947	79.63	179.2
24658.471	78.6	150.5
25017.137	77.68	124
25381.019	76.87	99.3
25750.195	76.16	75.8
26124.74	75.54	52.6
26504.733	74.97	29.3
26890.253	74.43	5.9
27281.381	73.89	-17.4
27678.198	73.35	-40.6
28080.786	72.81	-63.5
28489.231	72.27	-85.9
28903.616	71.73	-107.5
29324.029	71.21	-128.3
29750.557	70.73	-148.3
30183.289	70.31	-167.6
30622.315	69.97	173.9
31067.726	69.7	156.2
31519.617	69.53	139.6
31978.08	69.42	124.2
32443.212	69.37	109.8
32915.11	69.34	96.2
33393.871	69.32	83
33879.596	69.28	69.9
34372.386	69.19	56.7
34872.344	69.07	43.1
35379.574	68.9	28.4
35894.182	68.67	13.8
36416.274	68.37	1.9
36945.961	68	-6.4
37483.353	67.58	-12.1
38028.561	67.15	-15.9
38581.699	66.76	-18.3
39142.882	66.47	-19.7
39712.229	66.36	-20.1
