4.9182	52.79	-14.2
4.98973	52.82	-13.7
5.06231	52.85	-13.2
5.13594	52.88	-12.6
5.21065	52.92	-12
5.28644	52.97	-11.4
5.36333	53.02	-10.8
5.44134	53.07	-10.4
5.52049	53.13	-10.1
5.60078	53.19	-10
5.68225	53.26	-10
5.7649	53.34	-10.4
5.84875	53.43	-11.1
5.93382	53.54	-12.3
6.02013	53.66	-14
6.1077	53.79	-16.3
6.19654	53.94	-19.2
6.28667	54.1	-22.6
6.37811	54.26	-26.5
6.47088	54.41	-30.9
6.565	54.56	-35.6
6.66049	54.71	-40.7
6.75737	54.83	-46.1
6.85566	54.94	-51.6
6.95538	55.02	-57.3
7.05655	55.08	-63.1
7.15919	55.1	-68.9
7.26332	55.09	-74.9
7.36897	55.03	-81
7.47615	54.92	-87.3
7.58489	54.75	-93.8
7.69522	54.52	-100.5
7.80715	54.23	-107.2
7.92071	53.88	-113.8
8.03592	53.47	-120.2
8.1528	53	-126.2
8.27139	52.47	-131.5
8.3917	51.89	-136.1
8.51376	51.26	-139.7
8.63759	50.61	-142.4
8.76323	49.92	-143.9
8.89069	49.22	-144.4
9.02001	48.48	-143.9
9.15121	47.69	-142.5
9.28432	46.84	-140.3
9.41936	45.91	-137.4
9.55637	44.89	-133.7
9.69537	43.76	-129.5
9.83639	42.53	-124.6
9.97946	41.22	-119.2
10.12462	39.86	-113.1
10.27188	38.54	-106.2
10.42129	37.36	-98.4
10.57287	36.42	-89.8
10.72666	35.84	-80.4
10.88268	35.67	-70.8
11.04098	35.92	-61.4
11.20157	36.52	-52.6
11.3645	37.35	-45
11.5298	38.34	-38.8
11.69751	39.43	-34.1
11.86765	40.57	-30.8
12.04027	41.74	-28.6
12.2154	42.88	-27.1
12.39308	43.97	-26.2
12.57334	45	-25.8
12.75622	45.97	-25.9
12.94176	46.88	-26.4
13.13001	47.75	-27.3
13.32099	48.58	-28.8
13.51474	49.39	-30.9
13.71132	50.18	-33.7
13.91076	50.92	-36.9
14.11309	51.63	-40.6
14.31837	52.31	-44.5
14.52664	52.94	-48.5
14.73793	53.55	-52.6
14.9523	54.14	-56.6
15.16979	54.71	-60.8
15.39044	55.27	-65
15.6143	55.81	-69.2
15.84141	56.36	-73.7
16.07183	56.89	-78.3
16.3056	57.42	-83
16.54277	57.93	-88
16.78339	58.4	-93.2
17.02751	58.8	-98.7
17.27518	59.13	-104.5
17.52646	59.37	-110.7
17.78138	59.53	-117.1
18.04002	59.63	-123.8
18.30242	59.66	-130.5
18.56863	59.62	-137
18.83872	59.51	-142.8
19.11274	59.31	-148
19.39074	58.97	-152.3
19.67278	58.52	-155.8
19.95893	57.99	-158.4
20.24924	57.48	-160.2
20.54377	57.1	-161
20.84259	56.91	-160.9
21.14575	56.91	-160.1
21.45332	57.06	-158.7
21.76537	57.28	-157.1
22.08195	57.51	-155.5
22.40314	57.73	-154.4
22.729	57.89	-153.9
23.0596	57.99	-154.5
23.39501	57.98	-156.6
23.7353	57.89	-159.9
24.08054	57.84	-163.1
24.4308	57.85	-165.8
24.78615	57.91	-168.1
25.14667	57.99	-170.4
25.51244	58.09	-172.7
25.88353	58.2	-175.1
26.26001	58.3	-177.4
26.64197	58.4	-179.6
27.02949	58.49	178.2
27.42264	58.57	176.1
27.82151	58.65	173.7
28.22619	58.7	171.1
28.63675	58.73	168.4
29.05328	58.72	165.4
29.47587	58.69	162.1
29.9046	58.61	159.1
30.33958	58.49	156.3
30.78088	58.33	153.7
31.22859	58.13	151.5
31.68282	57.9	149.7
32.14366	57.62	148.3
32.6112	57.29	147.4
33.08554	56.94	147.4
33.56678	56.53	148.3
34.05502	56.09	150.1
34.55036	55.64	153.3
35.05291	55.19	157.9
35.56277	54.76	163.2
36.08004	54.46	168.8
36.60484	54.31	174.7
37.13727	54.34	-179.1
37.67744	54.6	-172.8
38.22547	55.07	-166.5
38.78147	55.7	-160.1
39.34556	56.43	-154.1
39.91786	57.24	-148.3
40.49848	58.08	-142.8
41.08754	58.97	-137.9
41.68517	59.9	-133.6
42.2915	60.84	-129.8
42.90664	61.77	-126.9
43.53073	62.7	-125
44.1639	63.6	-123.8
44.80628	64.49	-123.1
45.458	65.35	-122.9
46.1192	66.18	-123
46.79002	67	-123.5
47.4706	67.8	-124.4
48.16108	68.57	-125.6
48.86159	69.31	-127.3
49.5723	70.01	-129.3
50.29335	70.67	-131.8
51.02488	71.28	-134.6
51.76706	71.82	-137.8
52.52003	72.31	-141.4
53.28395	72.73	-145.1
54.05898	73.07	-148.8
54.84529	73.35	-152.5
55.64303	73.6	-156.2
56.45238	73.82	-160
57.27349	74.02	-163.8
58.10656	74.2	-167.4
58.95174	74.37	-170.8
59.80921	74.53	-174.1
60.67915	74.68	-177.1
61.56175	74.82	-179.7
62.45719	74.97	177.9
63.36565	75.12	175.8
64.28732	75.28	173.8
65.2224	75.46	172.2
66.17109	75.66	170.8
67.13357	75.89	169.5
68.11005	76.17	168.4
69.10073	76.49	167.3
70.10582	76.87	166.1
71.12554	77.28	164.9
72.16008	77.72	163.4
73.20967	78.16	161.7
74.27453	78.57	159.7
75.35488	78.97	157.3
76.45094	79.33	154.5
77.56295	79.63	151.4
78.69113	79.86	148.1
79.83571	80.03	144.8
80.99695	80.13	141.6
82.17508	80.19	138.3
83.37034	80.19	135
84.58299	80.16	131.9
85.81328	80.08	129.2
87.06146	79.97	126.9
88.3278	79.82	125
89.61256	79.65	123.4
90.916	79.46	122.3
92.23841	79.26	121.7
93.58005	79.08	121.6
94.9412	78.91	121.8
96.32215	78.79	122.4
97.72319	78.73	123.2
99.14461	78.76	124.3
100.5867	78.89	125.5
102.04976	79.1	126.7
103.53411	79.39	127.8
105.04005	79.75	128.7
106.56789	80.13	129.3
108.11796	80.54	129.7
109.69057	80.97	129.8
111.28606	81.43	129.7
112.90475	81.91	129.3
114.54699	82.41	128.7
116.21311	82.9	127.8
117.90347	83.37	126.7
119.61842	83.82	125.3
121.35831	84.25	123.7
123.1235	84.65	121.8
124.91438	85.05	119.8
126.7313	85.43	117.5
128.57465	85.81	114.9
130.44481	86.16	112.1
132.34217	86.49	108.9
134.26713	86.78	105.6
136.22009	87.01	102
138.20146	87.2	98.3
140.21165	87.33	94.5
142.25107	87.43	90.6
144.32016	87.49	86.8
146.41935	87.52	83.2
148.54906	87.53	79.7
150.70976	87.5	76.3
152.90188	87.45	72.9
155.12589	87.37	69.7
157.38225	87.26	66.7
159.67143	87.12	63.9
161.9939	86.95	61.3
164.35016	86.77	58.9
166.74069	86.59	56.7
169.16599	86.4	54.6
171.62656	86.22	52.7
174.12293	86.05	50.8
176.6556	85.87	49.1
179.22512	85.68	47.5
181.83201	85.49	46.1
184.47682	85.29	44.9
187.16009	85.1	43.8
189.8824	84.92	42.8
192.6443	84.73	41.9
195.44638	84.56	41.1
198.28921	84.4	40.3
201.1734	84.24	39.5
204.09953	84.08	38.6
207.06823	83.91	37.8
210.0801	83.74	36.9
213.13579	83.56	36.2
216.23592	83.38	35.6
219.38114	83.19	35.2
222.57212	83	35.2
225.8095	82.81	35.7
229.09398	82.62	36.8
232.42622	82.47	38.3
235.80694	82.36	40.2
239.23683	82.32	42.3
242.71661	82.35	44.5
246.24701	82.46	46.7
249.82875	82.63	48.9
253.4626	82.89	51
257.14929	83.21	52.9
260.88962	83.59	54.6
264.68434	84	55.8
268.53427	84.41	56.6
272.44019	84.8	56.8
276.40292	85.16	56.2
280.42329	85.49	54.7
284.50214	85.77	52.5
288.64032	85.99	49.8
292.83869	86.15	46.8
297.09813	86.26	43.6
301.41952	86.3	40.4
305.80377	86.28	37.2
310.25179	86.21	34.3
314.7645	86.1	31.6
319.34286	85.94	29.4
323.98781	85.75	27.4
328.70032	85.54	25.8
333.48138	85.31	24.5
338.33197	85.06	23.4
343.25313	84.79	22.5
348.24586	84.5	21.9
353.31121	84.2	21.6
358.45024	83.91	21.8
363.66402	83.64	22.2
368.95363	83.42	22.9
374.32019	83.26	23.7
379.7648	83.15	24.6
385.28861	83.08	25.5
390.89276	83.06	26.3
396.57842	83.07	26.9
402.34679	83.11	27.4
408.19906	83.17	27.8
414.13645	83.25	28.1
420.1602	83.34	28.2
426.27158	83.44	28.1
432.47184	83.54	27.7
438.76229	83.62	27.1
445.14423	83.69	26.2
451.619	83.71	25
458.18795	83.69	23.8
464.85245	83.63	22.6
471.61388	83.53	21.6
478.47367	83.38	20.9
485.43323	83.19	20.6
492.49401	82.97	20.7
499.6575	82.74	21.4
506.92519	82.5	22.6
514.29859	82.29	24.3
521.77923	82.13	26.3
529.36869	82.04	28.7
537.06853	82.04	31.2
544.88037	82.14	33.8
552.80584	82.36	36.2
560.84659	82.65	38.5
569.00429	82.98	40.4
577.28065	83.33	41.8
585.67739	83.66	42.8
594.19626	83.96	43.4
602.83904	84.25	43.5
611.60754	84.5	43.2
620.50358	84.73	42.6
629.52901	84.92	41.6
638.68572	85.08	40.4
647.97562	85.2	39.1
657.40064	85.29	37.9
666.96275	85.36	36.9
676.66395	85.44	36
686.50625	85.52	35.3
696.49171	85.6	34.6
706.62242	85.7	33.9
716.90048	85.8	33.2
727.32804	85.9	32.5
737.90727	86	31.7
748.64037	86.09	30.9
759.5296	86.16	30.1
770.57721	86.23	29.3
781.78552	86.29	28.4
793.15685	86.34	27.5
804.69358	86.39	26.7
816.39812	86.43	25.7
828.2729	86.47	24.8
840.32041	86.49	23.9
852.54315	86.51	23
864.94368	86.52	22.2
877.52457	86.53	21.3
890.28846	86.54	20.5
903.238	86.55	19.7
916.3759	86.54	19
929.7049	86.54	18.3
943.22777	86.55	17.7
956.94733	86.56	17
970.86645	86.59	16.3
984.98803	86.61	15.4
999.31501	86.63	14.5
1013.8504	86.64	13.5
1028.5972	86.63	12.4
1043.5585	86.61	11.3
1058.7374	86.57	10.2
1074.1371	86.51	9.2
1089.7607	86.44	8.2
1105.6117	86.35	7.3
1121.6932	86.26	6.5
1138.0086	86.17	5.8
1154.5613	86.07	5.1
1171.3548	85.95	4.4
1188.3925	85.81	3.9
1205.6781	85.67	3.5
1223.2151	85.52	3.4
1241.0072	85.37	3.4
1259.058	85.24	3.5
1277.3714	85.13	3.7
1295.9512	85.04	3.9
1314.8013	84.97	4.1
1333.9255	84.92	4.2
1353.3279	84.87	4.3
1373.0125	84.82	4.4
1392.9834	84.78	4.5
1413.2448	84.75	4.5
1433.801	84.72	4.5
1454.6561	84.7	4.5
1475.8145	84.67	4.4
1497.2807	84.64	4.2
1519.0592	84.6	4.1
1541.1544	84.55	3.9
1563.571	84.49	3.8
1586.3137	84.43	3.8
1609.3872	84.37	3.8
1632.7962	84.33	3.9
1656.5458	84.3	4
1680.6408	84.28	4.1
1705.0863	84.26	4.1
1729.8874	84.25	4
1755.0491	84.24	3.9
1780.5769	84.22	3.7
1806.476	84.2	3.5
1832.7518	84.16	3.2
1859.4098	84.12	3.1
1886.4555	84.07	3
1913.8947	84.03	3
1941.7329	83.99	3.1
1969.9761	83.97	3.2
1998.63	83.96	3.3
2027.7008	83.97	3.4
2057.1943	84	3.3
2087.1169	84.04	3.2
2117.4747	84.09	3
2148.2741	84.14	2.6
2179.5215	84.19	2.1
2211.2234	84.24	1.4
2243.3863	84.28	0.6
2276.0171	84.31	-0.5
2309.1226	84.33	-1.7
2342.7095	84.34	-3.2
2376.785	84.32	-4.8
2411.3562	84.27	-6.7
2446.4302	84.18	-8.7
2482.0143	84.06	-10.8
2518.116	83.9	-13
2554.7429	83.7	-15.2
2591.9025	83.46	-17.5
2629.6026	83.18	-19.7
2667.851	82.88	-22
2706.6558	82.55	-24.5
2746.025	82.22	-27.2
2785.9669	81.87	-30.5
2826.4897	81.51	-34.5
2867.6019	81.15	-39.6
2909.3121	80.8	-46.2
2951.6291	80.49	-54.6
2994.5615	80.28	-65.1
3038.1184	80.21	-77.8
3082.3088	80.34	-92.6
3127.1421	80.67	-109
3172.6274	81.14	-127
3218.7743	81.67	-146.3
3265.5925	82.19	-166.5
3313.0916	82.65	172.6
3361.2816	83.03	151.3
3410.1726	83.33	130.1
3459.7747	83.55	109.4
3510.0983	83.7	89.6
3561.1538	83.78	71.2
3612.952	83.8	54.5
3665.5036	83.75	40
3718.8196	83.62	27.6
3772.9111	83.38	17.3
3827.7893	83.04	9.3
3883.4658	82.58	3.4
3939.9521	82.02	-0.3
3997.26	81.36	-1.9
4055.4015	80.64	-1.4
4114.3887	79.88	0.8
4174.2339	79.11	4.3
4234.9495	78.4	8.6
4296.5482	77.77	13.3
4359.043	77.29	18
4422.4467	76.96	22.5
4486.7727	76.77	26.6
4552.0343	76.69	30.3
4618.2452	76.67	33.4
4685.4191	76.69	35.9
4753.5701	76.72	37.9
4822.7123	76.75	39.3
4892.8603	76.78	40.4
4964.0286	76.81	41.3
5036.2321	76.85	42.4
5109.4857	76.91	44.1
5183.8049	77.03	46.3
5259.2051	77.22	48.7
5335.702	77.5	51.1
5413.3116	77.83	53.3
5492.05	78.18	55.2
5571.9337	78.51	56.7
5652.9794	78.77	57.8
5735.2038	78.98	58.5
5818.6243	79.14	58.9
5903.2581	79.24	59.1
5989.123	79.31	59
6076.2368	79.34	58.7
6164.6177	79.35	58.5
6254.2841	79.35	58.3
6345.2548	79.35	58.3
6437.5486	79.34	58.4
6531.1849	79.34	58.6
6626.1832	79.34	58.8
6722.5633	79.33	59
6820.3452	79.31	59.3
6919.5494	79.3	59.7
7020.1966	79.3	60.3
7122.3077	79.32	60.9
7225.904	79.36	61.4
7331.0072	79.44	61.7
7437.6392	79.55	61.4
7545.8221	79.68	60.2
7655.5786	79.8	58.4
7766.9316	79.9	56
7879.9042	79.95	53.3
7994.5201	79.93	50.6
8110.803	79.87	48
8228.7774	79.78	45.6
8348.4677	79.68	43.5
8469.899	79.58	41.6
8593.0965	79.5	39.9
8718.086	79.44	38.2
8844.8934	79.39	36.5
8973.5454	79.35	34.7
9104.0686	79.3	32.6
9236.4903	79.23	30.3
9370.8382	79.13	27.8
9507.1402	79.01	25.4
9645.4247	78.89	22.9
9785.7206	78.79	20.5
9928.0572	78.73	17.8
10072.464	78.72	14.7
10218.971	78.72	11.2
10367.61	78.73	7
10518.41	78.73	2.2
10671.404	78.71	-3.2
10826.623	78.64	-9.2
10984.1	78.52	-15.7
11143.867	78.37	-22.6
11305.959	78.18	-30
11470.408	77.98	-37.9
11637.249	77.77	-46.7
11806.516	77.57	-56.7
11978.246	77.36	-68.4
12152.474	77.14	-82.7
12329.235	76.89	-100.2
12508.568	76.6	-121.6
12690.51	76.28	-147.5
12875.097	75.93	-177.5
13062.37	75.55	149.4
13252.366	75.13	114
13445.127	74.69	77
13640.69	74.23	38.6
13839.099	73.75	-0.8
14040.393	73.25	-41.1
14244.615	72.69	-82.2
14451.808	72.05	-124
14662.014	71.31	-166.4
14875.278	70.54	150.9
15091.644	69.83	108.2
15311.157	69.22	66.6
15533.863	68.75	27.1
15759.808	68.51	-10.1
15989.04	68.59	-45.4
16221.606	68.99	-79
16457.555	69.63	-111.2
16696.935	70.41	-142.2
16939.798	71.23	-172.1
17186.193	72.01	159.1
17436.172	72.73	131.5
17689.787	73.32	105.4
17947.091	73.77	81.4
18208.137	74.1	59.9
18472.981	74.32	41.1
18741.676	74.49	24.4
19014.28	74.62	9.1
19290.849	74.73	-5.9
19571.441	74.79	-21.4
19856.114	74.75	-37.6
20144.928	74.6	-54.7
20437.943	74.34	-72.6
20735.22	73.98	-92.3
21036.82	73.52	-114.5
21342.808	72.98	-139.3
21653.246	72.39	-166.3
21968.2	71.82	164.8
22287.735	71.28	134.2
22611.917	70.74	101.9
22940.815	70.15	68.2
23274.497	69.42	33.6
23613.033	68.54	-1.4
23956.492	67.6	-37
24304.947	66.74	-73.7
24658.471	66.02	-112.1
25017.137	65.44	-152.8
25381.019	65	163.8
25750.195	64.65	116.6
26124.74	64.31	63.5
26504.733	63.94	1.8
26890.253	63.51	-72.4
27281.381	63.07	-164.4
27678.198	62.65	77.9
28080.786	62.28	-77
28489.231	61.95	75
28903.616	61.64	151.6
29324.029	61.31	-173.5
29750.557	60.93	-88.8
30183.289	60.45	77
30622.315	59.83	-60
31067.726	59.06	-156.7
31519.617	58.24	135.1
31978.08	57.47	87
32443.212	56.85	53.1
32915.11	56.38	29.2
33393.871	56.01	12.3
33879.596	55.69	0.4
34372.386	55.38	-8
34872.344	55.09	-13.9
35379.574	54.84	-18.1
35894.182	54.65	-21
36416.274	54.51	-23.1
36945.961	54.41	-24.5
37483.353	54.32	-25.5
38028.561	54.23	-26.2
38581.699	54.15	-26.6
39142.882	54.05	-26.8
39712.229	54	-26.9
