4.9182	64.54	90.3
4.98973	64.38	87.3
5.06231	64.17	83.6
5.13594	63.92	79.5
5.21065	63.64	74.9
5.28644	63.34	70.1
5.36333	63.01	64.9
5.44134	62.66	59.6
5.52049	62.29	54
5.60078	61.91	48.2
5.68225	61.52	42.2
5.7649	61.12	35.9
5.84875	60.72	29.4
5.93382	60.3	22.4
6.02013	59.87	15
6.1077	59.42	7.2
6.19654	58.95	-0.9
6.28667	58.44	-9.2
6.37811	57.91	-17.6
6.47088	57.33	-25.8
6.565	56.72	-33.8
6.66049	56.07	-41.2
6.75737	55.38	-47.9
6.85566	54.65	-53.6
6.95538	53.9	-58.2
7.05655	53.13	-61.3
7.15919	52.37	-62.7
7.26332	51.65	-62.1
7.36897	50.97	-59.1
7.47615	50.34	-53.7
7.58489	49.76	-45.6
7.69522	49.23	-35.2
7.80715	48.74	-23
7.92071	48.3	-9.6
8.03592	47.91	4.5
8.1528	47.59	18.4
8.27139	47.34	31.4
8.3917	47.2	42.9
8.51376	47.18	52.2
8.63759	47.3	58.8
8.76323	47.57	62.4
8.89069	48	63
9.02001	48.57	60.7
9.15121	49.22	55.9
9.28432	49.91	48.9
9.41936	50.59	40.2
9.55637	51.22	30.3
9.69537	51.8	19.6
9.83639	52.32	8.7
9.97946	52.78	-2.2
10.12462	53.18	-12.8
10.27188	53.53	-22.8
10.42129	53.83	-32.3
10.57287	54.09	-41.3
10.72666	54.34	-49.9
10.88268	54.56	-57.9
11.04098	54.77	-65.5
11.20157	54.97	-72.4
11.3645	55.16	-78.7
11.5298	55.34	-84.2
11.69751	55.53	-89.2
11.86765	55.71	-93.4
12.04027	55.9	-97.2
12.2154	56.09	-100.7
12.39308	56.28	-103.9
12.57334	56.48	-107
12.75622	56.7	-110.3
12.94176	56.93	-113.9
13.13001	57.18	-117.9
13.32099	57.44	-122.4
13.51474	57.72	-127.5
13.71132	57.98	-133.3
13.91076	58.22	-139.7
14.11309	58.39	-146.6
14.31837	58.48	-154
14.52664	58.46	-161.7
14.73793	58.29	-169.8
14.9523	57.96	-178.1
15.16979	57.45	174
15.39044	56.8	167
15.6143	56.09	161.8
15.84141	55.47	159.3
16.07183	55.13	160.3
16.3056	55.24	165.4
16.54277	55.72	174.2
16.78339	56.4	-174.4
17.02751	57.11	-162.3
17.27518	57.74	-151.6
17.52646	58.27	-143.7
17.78138	58.7	-139.1
18.04002	59.06	-137.4
18.30242	59.38	-137.8
18.56863	59.68	-139.5
18.83872	59.99	-141.9
19.11274	60.31	-144.4
19.39074	60.65	-146.8
19.67278	60.98	-149.3
19.95893	61.26	-151.8
20.24924	61.45	-154.5
20.54377	61.54	-157.5
20.84259	61.53	-160.9
21.14575	61.41	-164.6
21.45332	61.22	-168.4
21.76537	60.99	-172.2
22.08195	60.74	-175.6
22.40314	60.53	-178.2
22.729	60.4	-179.8
23.0596	60.41	-179.8
23.39501	60.61	-177.6
23.7353	60.96	-173.7
24.08054	61.3	-170
24.4308	61.56	-167.4
24.78615	61.79	-165.4
25.14667	62	-163.9
25.51244	62.22	-162.4
25.88353	62.45	-161.1
26.26001	62.7	-159.8
26.64197	62.97	-158.7
27.02949	63.26	-157.8
27.42264	63.59	-157.2
27.82151	63.97	-156.6
28.22619	64.37	-156.1
28.63675	64.79	-155.6
29.05328	65.23	-155.2
29.47587	65.7	-154.7
29.9046	66.15	-154.4
30.33958	66.6	-154.2
30.78088	67.06	-154
31.22859	67.49	-153.9
31.68282	67.91	-153.9
32.14366	68.34	-153.9
32.6112	68.77	-154
33.08554	69.19	-154.3
33.56678	69.61	-154.9
34.05502	70.02	-155.7
34.55036	70.42	-156.5
35.05291	70.82	-157.4
35.56277	71.22	-158.4
36.08004	71.6	-159.4
36.60484	71.98	-160.4
37.13727	72.36	-161.4
37.67744	72.75	-162.4
38.22547	73.14	-163.3
38.78147	73.53	-164.3
39.34556	73.92	-165.3
39.91786	74.3	-166.2
40.49848	74.67	-167.2
41.08754	75.05	-168.2
41.68517	75.44	-169.2
42.2915	75.84	-170.3
42.90664	76.24	-171.4
43.53073	76.64	-172.6
44.1639	77.05	-173.9
44.80628	77.47	-175.3
45.458	77.88	-176.7
46.1192	78.28	-178.2
46.79002	78.68	-179.9
47.4706	79.07	178.4
48.16108	79.46	176.4
48.86159	79.84	174.4
49.5723	80.2	172.1
50.29335	80.53	169.7
51.02488	80.84	167.2
51.76706	81.11	164.4
52.52003	81.35	161.5
53.28395	81.54	158.6
54.05898	81.68	155.8
54.84529	81.79	153.1
55.64303	81.87	150.3
56.45238	81.93	147.6
57.27349	81.96	145
58.10656	81.98	142.5
58.95174	81.98	140.2
59.80921	81.96	138.1
60.67915	81.92	136.2
61.56175	81.87	134.6
62.45719	81.82	133.3
63.36565	81.77	132.3
64.28732	81.72	131.4
65.2224	81.69	130.8
66.17109	81.68	130.5
67.13357	81.7	130.3
68.11005	81.76	130.2
69.10073	81.86	130.3
70.10582	82.01	130.4
71.12554	82.2	130.4
72.16008	82.42	130.4
73.20967	82.66	130.2
74.27453	82.9	129.9
75.35488	83.13	129.4
76.45094	83.37	128.8
77.56295	83.59	128
78.69113	83.79	127.2
79.83571	83.98	126.4
80.99695	84.15	125.5
82.17508	84.32	124.6
83.37034	84.48	123.6
84.58299	84.64	122.5
85.81328	84.79	121.4
87.06146	84.94	120.3
88.3278	85.07	119.2
89.61256	85.2	118.1
90.916	85.32	117.1
92.23841	85.43	116.2
93.58005	85.54	115.4
94.9412	85.64	114.7
96.32215	85.76	114.1
97.72319	85.88	113.6
99.14461	86.02	113.2
100.5867	86.19	112.9
102.04976	86.37	112.7
103.53411	86.59	112.4
105.04005	86.83	112.2
106.56789	87.1	112
108.11796	87.37	111.7
109.69057	87.66	111.3
111.28606	87.98	110.8
112.90475	88.3	110.2
114.54699	88.63	109.4
116.21311	88.95	108.4
117.90347	89.25	107.2
119.61842	89.52	105.9
121.35831	89.77	104.4
123.1235	90	102.8
124.91438	90.22	101
126.7313	90.42	99.1
128.57465	90.61	97.1
130.44481	90.78	95
132.34217	90.93	92.8
134.26713	91.05	90.6
136.22009	91.16	88.5
138.20146	91.25	86.5
140.21165	91.34	84.5
142.25107	91.42	82.6
144.32016	91.5	80.7
146.41935	91.58	78.8
148.54906	91.66	76.8
150.70976	91.73	74.8
152.90188	91.78	72.7
155.12589	91.81	70.6
157.38225	91.81	68.5
159.67143	91.8	66.4
161.9939	91.76	64.4
164.35016	91.71	62.4
166.74069	91.64	60.4
169.16599	91.54	58.6
171.62656	91.42	56.9
174.12293	91.28	55.4
176.6556	91.12	54.1
179.22512	90.94	53.1
181.83201	90.75	52.4
184.47682	90.57	51.9
187.16009	90.39	51.7
189.8824	90.23	51.6
192.6443	90.08	51.6
195.44638	89.97	51.7
198.28921	89.88	51.8
201.1734	89.8	51.9
204.09953	89.74	52
207.06823	89.68	52.1
210.0801	89.63	52.4
213.13579	89.59	52.8
216.23592	89.57	53.3
219.38114	89.57	54.1
222.57212	89.62	54.9
225.8095	89.72	55.8
229.09398	89.87	56.7
232.42622	90.07	57.5
235.80694	90.29	58.1
239.23683	90.53	58.5
242.71661	90.77	58.7
246.24701	91	58.8
249.82875	91.23	58.8
253.4626	91.44	58.6
257.14929	91.64	58.1
260.88962	91.83	57.4
264.68434	92.01	56.5
268.53427	92.17	55.3
272.44019	92.32	53.8
276.40292	92.45	52.1
280.42329	92.55	50.2
284.50214	92.62	48.2
288.64032	92.65	46.3
292.83869	92.65	44.4
297.09813	92.62	42.6
301.41952	92.57	40.9
305.80377	92.5	39.3
310.25179	92.41	37.9
314.7645	92.3	36.7
319.34286	92.17	35.7
323.98781	92.02	34.9
328.70032	91.87	34.5
333.48138	91.71	34.3
338.33197	91.55	34.3
343.25313	91.39	34.6
348.24586	91.26	35
353.31121	91.15	35.5
358.45024	91.06	36.2
363.66402	91.02	36.9
368.95363	91.02	37.6
374.32019	91.05	38.4
379.7648	91.13	39
385.28861	91.24	39.5
390.89276	91.37	39.8
396.57842	91.51	39.8
402.34679	91.65	39.6
408.19906	91.79	39.2
414.13645	91.91	38.5
420.1602	92.01	37.8
426.27158	92.1	36.9
432.47184	92.17	36
438.76229	92.22	34.9
445.14423	92.24	33.8
451.619	92.23	32.8
458.18795	92.19	31.8
464.85245	92.12	31
471.61388	92.03	30.5
478.47367	91.94	30.2
485.43323	91.85	30.1
492.49401	91.77	30.2
499.6575	91.7	30.4
506.92519	91.65	30.7
514.29859	91.62	31
521.77923	91.6	31.4
529.36869	91.6	31.8
537.06853	91.61	32.2
544.88037	91.64	32.6
552.80584	91.69	32.9
560.84659	91.76	33.1
569.00429	91.83	33.1
577.28065	91.9	32.9
585.67739	91.95	32.7
594.19626	91.98	32.5
602.83904	92.01	32.3
611.60754	92.04	32.1
620.50358	92.06	32
629.52901	92.09	31.9
638.68572	92.13	31.9
647.97562	92.18	31.9
657.40064	92.24	31.9
666.96275	92.32	31.8
676.66395	92.39	31.6
686.50625	92.47	31.4
696.49171	92.54	31.1
706.62242	92.61	30.7
716.90048	92.67	30.3
727.32804	92.71	29.7
737.90727	92.74	29.1
748.64037	92.76	28.5
759.5296	92.77	28
770.57721	92.77	27.5
781.78552	92.76	27
793.15685	92.75	26.5
804.69358	92.73	26.1
816.39812	92.71	25.7
828.2729	92.68	25.4
840.32041	92.65	25.1
852.54315	92.63	24.9
864.94368	92.61	24.6
877.52457	92.59	24.4
890.28846	92.58	24.2
903.238	92.57	24
916.3759	92.56	23.7
929.7049	92.55	23.4
943.22777	92.52	23
956.94733	92.49	22.7
970.86645	92.45	22.3
984.98803	92.4	22
999.31501	92.34	21.8
1013.8504	92.27	21.6
1028.5972	92.19	21.5
1043.5585	92.12	21.5
1058.7374	92.04	21.6
1074.1371	91.97	21.8
1089.7607	91.91	22.1
1105.6117	91.85	22.4
1121.6932	91.8	22.7
1138.0086	91.76	23.1
1154.5613	91.73	23.5
1171.3548	91.7	24
1188.3925	91.7	24.5
1205.6781	91.71	25
1223.2151	91.74	25.4
1241.0072	91.78	25.8
1259.058	91.83	26
1277.3714	91.89	26.1
1295.9512	91.93	26.1
1314.8013	91.97	26
1333.9255	92	25.9
1353.3279	92.02	25.7
1373.0125	92.03	25.4
1392.9834	92.03	25.2
1413.2448	92.02	24.9
1433.801	91.99	24.6
1454.6561	91.94	24.3
1475.8145	91.88	24.1
1497.2807	91.82	24
1519.0592	91.74	24
1541.1544	91.67	24.1
1563.571	91.6	24.2
1586.3137	91.53	24.4
1609.3872	91.46	24.7
1632.7962	91.4	24.9
1656.5458	91.35	25.2
1680.6408	91.29	25.5
1705.0863	91.24	25.8
1729.8874	91.19	26.2
1755.0491	91.14	26.5
1780.5769	91.1	26.9
1806.476	91.06	27.4
1832.7518	91.03	27.8
1859.4098	91	28.3
1886.4555	90.99	28.8
1913.8947	90.98	29.2
1941.7329	90.98	29.6
1969.9761	90.98	30
1998.63	90.99	30.4
2027.7008	91.01	30.8
2057.1943	91.04	31.1
2087.1169	91.08	31.3
2117.4747	91.13	31.5
2148.2741	91.18	31.5
2179.5215	91.24	31.4
2211.2234	91.29	31.1
2243.3863	91.34	30.7
2276.0171	91.38	30.1
2309.1226	91.4	29.3
2342.7095	91.4	28.5
2376.785	91.38	27.5
2411.3562	91.34	26.5
2446.4302	91.28	25.4
2482.0143	91.19	24.3
2518.116	91.09	23.1
2554.7429	90.96	21.8
2591.9025	90.79	20.6
2629.6026	90.61	19.4
2667.851	90.39	18.2
2706.6558	90.13	17.2
2746.025	89.85	16.2
2785.9669	89.54	15.3
2826.4897	89.19	14.6
2867.6019	88.82	14.2
2909.3121	88.41	14
2951.6291	87.97	14.2
2994.5615	87.51	14.7
3038.1184	87.01	15.8
3082.3088	86.49	17.4
3127.1421	85.95	19.5
3172.6274	85.39	22.3
3218.7743	84.83	25.6
3265.5925	84.27	29.4
3313.0916	83.76	33.6
3361.2816	83.31	38
3410.1726	82.95	42.5
3459.7747	82.7	46.9
3510.0983	82.57	51
3561.1538	82.54	54.9
3612.952	82.59	58.3
3665.5036	82.68	61.3
3718.8196	82.8	63.7
3772.9111	82.9	65.6
3827.7893	82.98	67
3883.4658	83.02	68
3939.9521	83.01	68.7
3997.26	82.96	69.3
4055.4015	82.87	70
4114.3887	82.73	70.9
4174.2339	82.55	72
4234.9495	82.35	73.3
4296.5482	82.11	74.8
4359.043	81.86	76.5
4422.4467	81.58	78.2
4486.7727	81.3	80.1
4552.0343	81.02	82.1
4618.2452	80.77	84.2
4685.4191	80.54	86.4
4753.5701	80.35	88.5
4822.7123	80.2	90.4
4892.8603	80.07	92.1
4964.0286	79.96	93.5
5036.2321	79.83	94.6
5109.4857	79.68	95.5
5183.8049	79.51	96.1
5259.2051	79.31	96.7
5335.702	79.08	97.1
5413.3116	78.83	97.5
5492.05	78.57	97.6
5571.9337	78.29	97.5
5652.9794	78.01	97.3
5735.2038	77.71	96.7
5818.6243	77.39	95.8
5903.2581	77.05	94.6
5989.123	76.7	92.9
6076.2368	76.34	90.8
6164.6177	75.98	88.1
6254.2841	75.62	84.9
6345.2548	75.3	81.1
6437.5486	75.02	76.6
6531.1849	74.81	71.6
6626.1832	74.69	66
6722.5633	74.69	59.9
6820.3452	74.82	53.4
6919.5494	75.06	46.5
7020.1966	75.38	39.2
7122.3077	75.76	31.7
7225.904	76.17	24.2
7331.0072	76.57	16.8
7437.6392	76.97	9.6
7545.8221	77.35	2.8
7655.5786	77.71	-3.5
7766.9316	78.05	-9.3
7879.9042	78.37	-14.5
7994.5201	78.67	-19
8110.803	78.92	-23
8228.7774	79.14	-26.4
8348.4677	79.32	-29.1
8469.899	79.47	-31.3
8593.0965	79.59	-33
8718.086	79.68	-34.1
8844.8934	79.73	-34.8
8973.5454	79.76	-35.1
9104.0686	79.76	-35
9236.4903	79.73	-34.6
9370.8382	79.67	-33.9
9507.1402	79.58	-32.8
9645.4247	79.47	-31.4
9785.7206	79.33	-29.6
9928.0572	79.18	-27.4
10072.464	79.02	-25
10218.971	78.85	-22.2
10367.61	78.69	-19.2
10518.41	78.55	-15.9
10671.404	78.44	-12.7
10826.623	78.35	-9.5
10984.1	78.27	-6.4
11143.867	78.18	-3.6
11305.959	78.07	-0.8
11470.408	77.93	2
11637.249	77.78	4.8
11806.516	77.6	7.6
11978.246	77.39	10.7
12152.474	77.16	14.2
12329.235	76.91	18.2
12508.568	76.64	22.5
12690.51	76.34	26.9
12875.097	76	31.2
13062.37	75.6	35.5
13252.366	75.16	39.8
13445.127	74.69	44.1
13640.69	74.24	48.4
13839.099	73.83	52.4
14040.393	73.47	56
14244.615	73.16	58.8
14451.808	72.9	60.7
14662.014	72.68	61.3
14875.278	72.47	60.2
15091.644	72.25	57.3
15311.157	71.97	52.4
15533.863	71.64	45.7
15759.808	71.27	37.3
15989.04	70.88	27
16221.606	70.49	15.1
16457.555	70.11	1.4
16696.935	69.72	-13.9
16939.798	69.3	-30.6
17186.193	68.85	-48.6
17436.172	68.38	-68.1
17689.787	67.89	-89.2
17947.091	67.38	-112.5
18208.137	66.84	-138.2
18472.981	66.32	-166.5
18741.676	65.83	163.1
19014.28	65.39	131.3
19290.849	64.99	98.5
19571.441	64.62	64.7
19856.114	64.25	29.9
20144.928	63.87	-6.1
20437.943	63.53	-43.2
20735.22	63.26	-81.2
21036.82	63.08	-119.4
21342.808	63.01	-157.1
21653.246	63.05	166.6
21968.2	63.17	132.6
22287.735	63.34	101.4
22611.917	63.52	73.5
22940.815	63.67	48.5
23274.497	63.78	26.1
23613.033	63.83	6.4
23956.492	63.84	-10.3
24304.947	63.83	-23.8
24658.471	63.81	-34.1
25017.137	63.78	-41.5
25381.019	63.73	-46.8
25750.195	63.62	-50.5
26124.74	63.44	-53.2
26504.733	63.2	-55.5
26890.253	62.91	-57.7
27281.381	62.59	-60.6
27678.198	62.23	-64.9
28080.786	61.85	-71.4
28489.231	61.47	-81
28903.616	61.09	-95.1
29324.029	60.71	-115.2
29750.557	60.32	-142.3
30183.289	59.87	-176.5
30622.315	59.32	142.3
31067.726	58.68	94.4
31519.617	57.96	40.7
31978.08	57.23	-18
32443.212	56.48	-81.5
32915.11	55.71	-150.3
33393.871	54.89	134.2
33879.596	54.07	49.9
34372.386	53.3	-46.1
34872.344	52.64	-158.5
35379.574	52.09	83.8
35894.182	51.65	-12.8
36416.274	51.3	-80.4
36945.961	51.02	-127.5
37483.353	50.82	-159.8
38028.561	50.67	178.5
38581.699	50.56	164.9
39142.882	50.5	157.5
39712.229	50.49	155.4
