4.9182	61.68	-39
4.98973	61.36	-40
5.06231	60.95	-41.2
5.13594	60.44	-42.5
5.21065	59.85	-43.8
5.28644	59.18	-45
5.36333	58.41	-46.2
5.44134	57.57	-47.1
5.52049	56.65	-48
5.60078	55.66	-48.6
5.68225	54.66	-48.9
5.7649	53.7	-48.9
5.84875	52.87	-48.7
5.93382	52.26	-48
6.02013	51.91	-46.9
6.1077	51.81	-45.4
6.19654	51.92	-43.5
6.28667	52.18	-41.2
6.37811	52.53	-38.7
6.47088	52.91	-36
6.565	53.3	-33.3
6.66049	53.66	-30.5
6.75737	53.99	-27.8
6.85566	54.27	-25.3
6.95538	54.5	-23
7.05655	54.67	-21.1
7.15919	54.78	-19.4
7.26332	54.83	-18.2
7.36897	54.8	-17.2
7.47615	54.7	-16.5
7.58489	54.52	-15.9
7.69522	54.26	-15.5
7.80715	53.93	-15.1
7.92071	53.52	-14.8
8.03592	53.04	-14.4
8.1528	52.51	-14
8.27139	51.93	-13.6
8.3917	51.33	-12.9
8.51376	50.75	-12.1
8.63759	50.24	-11
8.76323	49.84	-9.4
8.89069	49.58	-7.3
9.02001	49.47	-4.5
9.15121	49.5	-1
9.28432	49.66	3.1
9.41936	49.96	7.6
9.55637	50.38	12.1
9.69537	50.93	16.6
9.83639	51.61	20.6
9.97946	52.41	24.1
10.12462	53.31	26.8
10.27188	54.33	28.8
10.42129	55.42	30.1
10.57287	56.54	30.9
10.72666	57.64	31.3
10.88268	58.66	31.4
11.04098	59.61	31
11.20157	60.46	30.3
11.3645	61.24	29.2
11.5298	61.94	27.4
11.69751	62.59	24.8
11.86765	63.18	21.2
12.04027	63.74	16.3
12.2154	64.24	10.1
12.39308	64.67	2.8
12.57334	65.02	-5.5
12.75622	65.29	-14.6
12.94176	65.46	-24
13.13001	65.52	-33.7
13.32099	65.46	-43.4
13.51474	65.29	-53.1
13.71132	65.01	-62.3
13.91076	64.62	-70.2
14.11309	64.12	-76.3
14.31837	63.54	-79.4
14.52664	62.89	-78.9
14.73793	62.16	-73.9
14.9523	61.35	-64.4
15.16979	60.45	-51
15.39044	59.46	-35.8
15.6143	58.41	-21.2
15.84141	57.36	-9.6
16.07183	56.41	-2.8
16.3056	55.66	-1.6
16.54277	55.17	-5.3
16.78339	54.91	-12.5
17.02751	54.79	-21.1
17.27518	54.71	-29.4
17.52646	54.58	-35.9
17.78138	54.32	-40.1
18.04002	53.92	-42.4
18.30242	53.38	-43.6
18.56863	52.8	-44.2
18.83872	52.28	-44.9
19.11274	51.95	-46.2
19.39074	51.88	-48.3
19.67278	52	-51.1
19.95893	52.19	-54.2
20.24924	52.31	-57.3
20.54377	52.28	-60.2
20.84259	52.05	-62.8
21.14575	51.59	-65.3
21.45332	50.88	-68
21.76537	49.91	-71.1
22.08195	48.69	-75.2
22.40314	47.26	-80.5
22.729	45.83	-87.8
23.0596	45.05	-97.9
23.39501	45.81	-111.9
23.7353	47.34	-130.4
24.08054	48.43	-151.6
24.4308	49.02	-172.7
24.78615	49.4	167.1
25.14667	49.69	145.8
25.51244	49.93	122.6
25.88353	50.1	99
26.26001	50.18	76.5
26.64197	50.18	54.7
27.02949	50.14	33.5
27.42264	50.07	11.4
27.82151	49.96	-12.6
28.22619	49.84	-36.6
28.63675	49.74	-59.6
29.05328	49.67	-83.6
29.47587	49.61	-108.6
29.9046	49.51	-132.2
30.33958	49.32	-154.6
30.78088	49.07	-176.3
31.22859	48.8	164.1
31.68282	48.5	146.3
32.14366	48.17	129
32.6112	47.84	112.2
33.08554	47.56	96.5
33.56678	47.36	81.2
34.05502	47.21	66.6
34.55036	47.11	53.3
35.05291	47.04	41
35.56277	46.98	29.8
36.08004	46.93	20.3
36.60484	46.86	12.7
37.13727	46.79	6.3
37.67744	46.72	1.3
38.22547	46.67	-2.6
38.78147	46.64	-5.6
39.34556	46.63	-8.1
39.91786	46.65	-10.2
40.49848	46.7	-12
41.08754	46.73	-13.4
41.68517	46.77	-14.5
42.2915	46.85	-15.2
42.90664	46.99	-15.8
43.53073	47.18	-16.2
44.1639	47.41	-16.8
44.80628	47.65	-17.6
45.458	47.89	-18.5
46.1192	48.12	-19.6
46.79002	48.36	-20.9
47.4706	48.61	-22.4
48.16108	48.85	-24.3
48.86159	49.09	-26.4
49.5723	49.34	-28.8
50.29335	49.59	-31.6
51.02488	49.85	-35
51.76706	50.08	-39.1
52.52003	50.27	-43.9
53.28395	50.4	-49.1
54.05898	50.47	-54.5
54.84529	50.5	-60
55.64303	50.49	-66
56.45238	50.46	-72.6
57.27349	50.39	-79.5
58.10656	50.29	-86.8
58.95174	50.14	-94.3
59.80921	49.94	-102.1
60.67915	49.69	-109.9
61.56175	49.37	-117.8
62.45719	49	-125.5
63.36565	48.54	-133.1
64.28732	48.01	-140.2
65.2224	47.41	-146.4
66.17109	46.77	-151.2
67.13357	46.07	-154.3
68.11005	45.31	-156
69.10073	44.48	-156.6
70.10582	43.55	-156.6
71.12554	42.55	-156.3
72.16008	41.59	-156.4
73.20967	40.69	-156.9
74.27453	39.86	-158.1
75.35488	39.12	-159.9
76.45094	38.47	-162.4
77.56295	37.91	-165.4
78.69113	37.45	-168.8
79.83571	37.09	-172.8
80.99695	36.83	-177.6
82.17508	36.63	175.7
83.37034	36.48	166.6
84.58299	36.35	154.9
85.81328	36.22	141
87.06146	36.08	125.3
88.3278	35.93	107.8
89.61256	35.8	89
90.916	35.74	69.6
92.23841	35.8	50.2
93.58005	35.98	30.9
94.9412	36.25	11.6
96.32215	36.6	-7.6
97.72319	37.04	-26.4
99.14461	37.57	-44.7
100.5867	38.17	-62.1
102.04976	38.83	-78.5
103.53411	39.53	-93.4
105.04005	40.23	-106.3
106.56789	40.9	-117
108.11796	41.56	-125.6
109.69057	42.21	-132.4
111.28606	42.85	-137.9
112.90475	43.49	-142.2
114.54699	44.12	-145.5
116.21311	44.75	-148
117.90347	45.36	-150.1
119.61842	45.95	-151.9
121.35831	46.52	-153.6
123.1235	47.08	-155.2
124.91438	47.63	-156.8
126.7313	48.17	-158.3
128.57465	48.68	-159.9
130.44481	49.16	-161.5
132.34217	49.6	-163.1
134.26713	50.01	-164.7
136.22009	50.4	-166.2
138.20146	50.77	-167.7
140.21165	51.13	-169.1
142.25107	51.49	-170.6
144.32016	51.83	-172
146.41935	52.16	-173.5
148.54906	52.47	-174.9
150.70976	52.76	-176.4
152.90188	53.02	-177.8
155.12589	53.26	-179.2
157.38225	53.48	179.5
159.67143	53.69	178.3
161.9939	53.88	177.1
164.35016	54.05	176
166.74069	54.2	174.9
169.16599	54.32	173.9
171.62656	54.42	173
174.12293	54.5	172.4
176.6556	54.56	171.9
179.22512	54.62	171.8
181.83201	54.69	172
184.47682	54.78	172.5
187.16009	54.89	173.1
189.8824	55.03	173.9
192.6443	55.21	174.9
195.44638	55.41	176
198.28921	55.63	177.1
201.1734	55.87	178.3
204.09953	56.12	179.5
207.06823	56.37	-179.3
210.0801	56.63	-178
213.13579	56.9	-176.5
216.23592	57.21	-175
219.38114	57.57	-173.3
222.57212	57.99	-171.5
225.8095	58.48	-169.8
229.09398	59.02	-168.1
232.42622	59.61	-166.5
235.80694	60.2	-165.1
239.23683	60.79	-164
242.71661	61.36	-163
246.24701	61.89	-162.3
249.82875	62.39	-161.7
253.4626	62.86	-161.3
257.14929	63.31	-161.2
260.88962	63.72	-161.3
264.68434	64.13	-161.7
268.53427	64.52	-162.4
272.44019	64.9	-163.4
276.40292	65.27	-164.6
280.42329	65.61	-165.9
284.50214	65.93	-167.3
288.64032	66.22	-168.8
292.83869	66.48	-170.2
297.09813	66.7	-171.5
301.41952	66.9	-172.7
305.80377	67.07	-173.8
310.25179	67.22	-174.7
314.7645	67.35	-175.4
319.34286	67.47	-176
323.98781	67.59	-176.3
328.70032	67.72	-176.3
333.48138	67.88	-176
338.33197	68.07	-175.6
343.25313	68.3	-174.9
348.24586	68.56	-174.1
353.31121	68.86	-173.2
358.45024	69.19	-172.2
363.66402	69.55	-171.2
368.95363	69.94	-170.2
374.32019	70.36	-169.2
379.7648	70.8	-168.3
385.28861	71.24	-167.6
390.89276	71.69	-167.1
396.57842	72.14	-166.9
402.34679	72.57	-167
408.19906	72.99	-167.3
414.13645	73.39	-167.8
420.1602	73.77	-168.4
426.27158	74.13	-169.2
432.47184	74.47	-170.1
438.76229	74.78	-171
445.14423	75.07	-172
451.619	75.33	-172.9
458.18795	75.56	-173.8
464.85245	75.79	-174.4
471.61388	76.04	-174.8
478.47367	76.31	-175
485.43323	76.6	-175.1
492.49401	76.94	-175
499.6575	77.31	-174.9
506.92519	77.72	-174.8
514.29859	78.14	-174.6
521.77923	78.58	-174.6
529.36869	79.01	-174.5
537.06853	79.45	-174.5
544.88037	79.88	-174.6
552.80584	80.32	-174.9
560.84659	80.75	-175.3
569.00429	81.15	-176.1
577.28065	81.54	-177
585.67739	81.91	-178
594.19626	82.27	-179
602.83904	82.64	179.9
611.60754	83.02	178.9
620.50358	83.41	177.9
629.52901	83.82	177
638.68572	84.26	176
647.97562	84.71	175.1
657.40064	85.17	174.1
666.96275	85.64	173.1
676.66395	86.11	171.9
686.50625	86.57	170.7
696.49171	87.02	169.3
706.62242	87.46	167.9
716.90048	87.89	166.3
727.32804	88.31	164.5
737.90727	88.72	162.6
748.64037	89.13	160.6
759.5296	89.54	158.5
770.57721	89.96	156.3
781.78552	90.38	153.9
793.15685	90.8	151.5
804.69358	91.21	148.9
816.39812	91.6	146.2
828.2729	91.97	143.4
840.32041	92.32	140.4
852.54315	92.64	137.4
864.94368	92.95	134.3
877.52457	93.23	131
890.28846	93.48	127.7
903.238	93.72	124.2
916.3759	93.93	120.7
929.7049	94.12	117
943.22777	94.28	113.3
956.94733	94.42	109.6
970.86645	94.53	105.9
984.98803	94.61	102.3
999.31501	94.66	98.7
1013.8504	94.69	95.2
1028.5972	94.7	91.9
1043.5585	94.69	88.7
1058.7374	94.67	85.7
1074.1371	94.64	82.9
1089.7607	94.6	80.1
1105.6117	94.55	77.4
1121.6932	94.5	74.9
1138.0086	94.43	72.4
1154.5613	94.35	70
1171.3548	94.26	67.8
1188.3925	94.16	65.7
1205.6781	94.07	63.8
1223.2151	93.98	61.9
1241.0072	93.89	60.2
1259.058	93.81	58.5
1277.3714	93.72	56.8
1295.9512	93.62	55.3
1314.8013	93.52	53.8
1333.9255	93.43	52.4
1353.3279	93.33	51.1
1373.0125	93.24	49.9
1392.9834	93.15	48.7
1413.2448	93.06	47.6
1433.801	92.98	46.5
1454.6561	92.89	45.4
1475.8145	92.8	44.3
1497.2807	92.7	43.4
1519.0592	92.61	42.5
1541.1544	92.51	41.6
1563.571	92.42	40.8
1586.3137	92.33	40.1
1609.3872	92.24	39.5
1632.7962	92.14	38.8
1656.5458	92.05	38.3
1680.6408	91.96	37.8
1705.0863	91.86	37.5
1729.8874	91.78	37.2
1755.0491	91.7	37.1
1780.5769	91.64	37.1
1806.476	91.6	37.1
1832.7518	91.58	37.2
1859.4098	91.58	37.4
1886.4555	91.61	37.5
1913.8947	91.67	37.6
1941.7329	91.74	37.7
1969.9761	91.84	37.7
1998.63	91.95	37.7
2027.7008	92.08	37.6
2057.1943	92.22	37.4
2087.1169	92.38	37.1
2117.4747	92.56	36.7
2148.2741	92.73	36.1
2179.5215	92.91	35.3
2211.2234	93.09	34.3
2243.3863	93.26	33.2
2276.0171	93.41	31.9
2309.1226	93.55	30.4
2342.7095	93.68	28.8
2376.785	93.79	27.1
2411.3562	93.88	25.3
2446.4302	93.95	23.4
2482.0143	94.01	21.4
2518.116	94.04	19.4
2554.7429	94.04	17.3
2591.9025	94.03	15.2
2629.6026	93.99	13.1
2667.851	93.94	11
2706.6558	93.86	9
2746.025	93.77	7.1
2785.9669	93.65	5.2
2826.4897	93.52	3.4
2867.6019	93.37	1.7
2909.3121	93.21	0.1
2951.6291	93.03	-1.3
2994.5615	92.84	-2.6
3038.1184	92.65	-3.7
3082.3088	92.46	-4.7
3127.1421	92.28	-5.7
3172.6274	92.09	-6.6
3218.7743	91.9	-7.5
3265.5925	91.71	-8.3
3313.0916	91.51	-9.1
3361.2816	91.31	-9.9
3410.1726	91.11	-10.6
3459.7747	90.9	-11.2
3510.0983	90.7	-11.7
3561.1538	90.49	-12.1
3612.952	90.29	-12.6
3665.5036	90.07	-12.9
3718.8196	89.84	-13.2
3772.9111	89.6	-13.4
3827.7893	89.35	-13.4
3883.4658	89.08	-13.2
3939.9521	88.81	-12.8
3997.26	88.54	-12.1
4055.4015	88.29	-11.3
4114.3887	88.06	-10.3
4174.2339	87.86	-9.2
4234.9495	87.68	-8
4296.5482	87.54	-6.8
4359.043	87.42	-5.6
4422.4467	87.33	-4.5
4486.7727	87.26	-3.4
4552.0343	87.21	-2.4
4618.2452	87.19	-1.4
4685.4191	87.17	-0.6
4753.5701	87.16	0.2
4822.7123	87.15	0.9
4892.8603	87.15	1.5
4964.0286	87.15	2.2
5036.2321	87.16	2.8
5109.4857	87.18	3.4
5183.8049	87.19	4
5259.2051	87.21	4.5
5335.702	87.24	5.1
5413.3116	87.27	5.6
5492.05	87.31	6.1
5571.9337	87.35	6.6
5652.9794	87.4	7
5735.2038	87.45	7.4
5818.6243	87.51	7.8
5903.2581	87.57	8
5989.123	87.63	8.1
6076.2368	87.68	8.3
6164.6177	87.72	8.3
6254.2841	87.76	8.4
6345.2548	87.79	8.6
6437.5486	87.83	8.7
6531.1849	87.88	9
6626.1832	87.94	9.2
6722.5633	88.02	9.4
6820.3452	88.12	9.6
6919.5494	88.23	9.7
7020.1966	88.35	9.6
7122.3077	88.47	9.4
7225.904	88.58	9
7331.0072	88.68	8.5
7437.6392	88.76	7.8
7545.8221	88.82	7.1
7655.5786	88.87	6.2
7766.9316	88.89	5.3
7879.9042	88.89	4.3
7994.5201	88.87	3.3
8110.803	88.82	2.3
8228.7774	88.74	1.3
8348.4677	88.62	0.5
8469.899	88.49	0
8593.0965	88.34	-0.4
8718.086	88.19	-0.6
8844.8934	88.04	-0.6
8973.5454	87.89	-0.4
9104.0686	87.75	-0.1
9236.4903	87.62	0.3
9370.8382	87.5	0.9
9507.1402	87.41	1.7
9645.4247	87.35	2.5
9785.7206	87.32	3.3
9928.0572	87.32	4.1
10072.464	87.35	4.9
10218.971	87.4	5.5
10367.61	87.46	6.1
10518.41	87.54	6.6
10671.404	87.64	7
10826.623	87.75	7.3
10984.1	87.87	7.4
11143.867	88.01	7.4
11305.959	88.15	7.2
11470.408	88.3	6.8
11637.249	88.45	6.2
11806.516	88.59	5.3
11978.246	88.72	4.2
12152.474	88.82	2.9
12329.235	88.91	1.4
12508.568	88.98	-0.2
12690.51	89.04	-2.2
12875.097	89.06	-4.3
13062.37	89.04	-6.6
13252.366	88.99	-9.1
13445.127	88.89	-11.5
13640.69	88.75	-14.1
13839.099	88.57	-16.5
14040.393	88.34	-18.8
14244.615	88.06	-20.9
14451.808	87.74	-22.7
14662.014	87.38	-24.2
14875.278	86.99	-25.5
15091.644	86.57	-26.5
15311.157	86.1	-27.3
15533.863	85.59	-27.7
15759.808	85.07	-27.9
15989.04	84.53	-27.9
16221.606	84	-27.8
16457.555	83.48	-27.6
16696.935	82.97	-27.4
16939.798	82.48	-27.1
17186.193	82	-26.8
17436.172	81.53	-26.5
17689.787	81.07	-26.2
17947.091	80.6	-25.7
18208.137	80.12	-25.1
18472.981	79.62	-24
18741.676	79.1	-22.3
19014.28	78.56	-19.9
19290.849	78	-16.7
19571.441	77.43	-12.8
19856.114	76.86	-8.2
20144.928	76.34	-3.2
20437.943	75.88	2.1
20735.22	75.53	7.6
21036.82	75.32	13.1
21342.808	75.26	18.4
21653.246	75.36	23.4
21968.2	75.59	28
22287.735	75.93	32
22611.917	76.32	35.1
22940.815	76.72	37.3
23274.497	77.1	38.4
23613.033	77.44	38.3
23956.492	77.72	37.2
24304.947	77.93	35.3
24658.471	78.07	32.7
25017.137	78.13	29.5
25381.019	78.11	26.1
25750.195	78	22.8
26124.74	77.82	20.1
26504.733	77.57	18.3
26890.253	77.26	17.4
27281.381	76.88	17.6
27678.198	76.45	19
28080.786	75.99	21.8
28489.231	75.52	25.9
28903.616	75.1	30.9
29324.029	74.8	36.4
29750.557	74.68	42
30183.289	74.79	47.4
30622.315	75.13	52.2
31067.726	75.64	56.1
31519.617	76.21	58.8
31978.08	76.75	59.9
32443.212	77.24	59.4
32915.11	77.66	57.3
33393.871	78	53.5
33879.596	78.27	47.9
34372.386	78.45	40.6
34872.344	78.54	31.9
35379.574	78.54	22.6
35894.182	78.48	13.3
36416.274	78.34	4.2
36945.961	78.13	-4.5
37483.353	77.87	-12.7
38028.561	77.56	-20
38581.699	77.26	-26
39142.882	77.03	-29.8
39712.229	76.94	-30.5
