4.9182	61.91	-104.4
4.98973	61.59	-107.4
5.06231	61.19	-111
5.13594	60.7	-114.9
5.21065	60.14	-118.8
5.28644	59.51	-122.7
5.36333	58.82	-126.4
5.44134	58.07	-129.6
5.52049	57.28	-132.5
5.60078	56.47	-134.8
5.68225	55.69	-136.5
5.7649	55	-137.4
5.84875	54.46	-137.7
5.93382	54.12	-137.2
6.02013	53.98	-135.9
6.1077	54.02	-133.8
6.19654	54.21	-131.1
6.28667	54.49	-127.9
6.37811	54.82	-124.3
6.47088	55.17	-120.4
6.565	55.52	-116.4
6.66049	55.84	-112.5
6.75737	56.14	-108.8
6.85566	56.39	-105.4
6.95538	56.59	-102.6
7.05655	56.75	-100.4
7.15919	56.85	-99.1
7.26332	56.89	-98.8
7.36897	56.88	-99.5
7.47615	56.79	-101.4
7.58489	56.65	-104.5
7.69522	56.44	-108.5
7.80715	56.17	-113.3
7.92071	55.85	-118.6
8.03592	55.49	-124.1
8.1528	55.1	-129.4
8.27139	54.71	-134.4
8.3917	54.35	-138.5
8.51376	54.06	-141.6
8.63759	53.88	-143.4
8.76323	53.85	-143.4
8.89069	54	-141.8
9.02001	54.31	-138.2
9.15121	54.74	-133.1
9.28432	55.27	-126.7
9.41936	55.84	-119.4
9.55637	56.43	-111.7
9.69537	57.01	-104.3
9.83639	57.58	-97.6
9.97946	58.12	-91.9
10.12462	58.65	-87.7
10.27188	59.16	-85.1
10.42129	59.65	-83.9
10.57287	60.15	-83.9
10.72666	60.64	-85
10.88268	61.14	-86.8
11.04098	61.64	-89.1
11.20157	62.16	-91.8
11.3645	62.68	-94.5
11.5298	63.23	-97.2
11.69751	63.79	-99.7
11.86765	64.37	-102.1
12.04027	64.97	-104.3
12.2154	65.56	-106.4
12.39308	66.14	-108.4
12.57334	66.69	-110.6
12.75622	67.2	-112.8
12.94176	67.68	-115.4
13.13001	68.12	-118.2
13.32099	68.52	-121.5
13.51474	68.89	-125.2
13.71132	69.22	-129.3
13.91076	69.51	-133.7
14.11309	69.74	-138.2
14.31837	69.91	-142.6
14.52664	70.02	-146.8
14.73793	70.07	-150.8
14.9523	70.06	-154.4
15.16979	70	-157.8
15.39044	69.92	-160.8
15.6143	69.81	-163.6
15.84141	69.7	-166.1
16.07183	69.61	-168.3
16.3056	69.53	-170.2
16.54277	69.46	-171.9
16.78339	69.41	-173.4
17.02751	69.38	-174.5
17.27518	69.35	-175.4
17.52646	69.33	-176.1
17.78138	69.33	-176.5
18.04002	69.34	-176.7
18.30242	69.38	-176.9
18.56863	69.45	-177
18.83872	69.57	-177.4
19.11274	69.75	-177.9
19.39074	69.99	-178.8
19.67278	70.25	180
19.95893	70.51	178.4
20.24924	70.71	176.5
20.54377	70.82	174.2
20.84259	70.85	171.6
21.14575	70.8	168.8
21.45332	70.68	165.8
21.76537	70.53	163
22.08195	70.36	160.4
22.40314	70.18	158.5
22.729	70.03	157.6
23.0596	69.91	158.1
23.39501	69.86	160.5
23.7353	69.87	164.5
24.08054	69.91	168.5
24.4308	69.96	171.7
24.78615	70.04	174.3
25.14667	70.18	176.8
25.51244	70.37	179.2
25.88353	70.6	-178.5
26.26001	70.87	-176.4
26.64197	71.2	-174.5
27.02949	71.56	-172.9
27.42264	71.95	-171.4
27.82151	72.39	-170
28.22619	72.87	-168.7
28.63675	73.33	-167.7
29.05328	73.82	-166.9
29.47587	74.32	-166.3
29.9046	74.79	-165.8
30.33958	75.26	-165.4
30.78088	75.73	-165.1
31.22859	76.18	-164.9
31.68282	76.62	-164.9
32.14366	77.08	-164.9
32.6112	77.54	-165
33.08554	78.01	-165.2
33.56678	78.49	-165.5
34.05502	78.97	-165.9
34.55036	79.46	-166.4
35.05291	79.96	-167
35.56277	80.46	-167.6
36.08004	80.96	-168.3
36.60484	81.44	-169.1
37.13727	81.93	-169.9
37.67744	82.43	-170.7
38.22547	82.93	-171.7
38.78147	83.43	-172.7
39.34556	83.92	-173.8
39.91786	84.39	-175
40.49848	84.86	-176.2
41.08754	85.32	-177.5
41.68517	85.79	-179
42.2915	86.27	179.4
42.90664	86.74	177.7
43.53073	87.22	175.9
44.1639	87.69	174
44.80628	88.17	171.9
45.458	88.63	169.7
46.1192	89.08	167.5
46.79002	89.53	165.1
47.4706	89.97	162.5
48.16108	90.41	159.8
48.86159	90.83	156.8
49.5723	91.23	153.7
50.29335	91.6	150.3
51.02488	91.95	146.7
51.76706	92.25	142.8
52.52003	92.51	138.8
53.28395	92.72	134.6
54.05898	92.86	130.6
54.84529	92.97	126.6
55.64303	93.03	122.5
56.45238	93.06	118.3
57.27349	93.05	114.3
58.10656	93.01	110.4
58.95174	92.95	106.6
59.80921	92.85	103.1
60.67915	92.71	100
61.56175	92.54	97.2
62.45719	92.35	94.7
63.36565	92.13	92.6
64.28732	91.9	90.9
65.2224	91.66	89.5
66.17109	91.44	88.4
67.13357	91.23	87.6
68.11005	91.06	87.1
69.10073	90.95	86.8
70.10582	90.89	86.5
71.12554	90.88	86.3
72.16008	90.93	86
73.20967	91.01	85.6
74.27453	91.1	85.1
75.35488	91.22	84.4
76.45094	91.34	83.5
77.56295	91.45	82.5
78.69113	91.55	81.4
79.83571	91.64	80.2
80.99695	91.72	79
82.17508	91.78	77.8
83.37034	91.84	76.4
84.58299	91.89	74.9
85.81328	91.92	73.5
87.06146	91.93	72
88.3278	91.93	70.6
89.61256	91.92	69.2
90.916	91.9	68
92.23841	91.87	66.8
93.58005	91.84	65.8
94.9412	91.8	64.8
96.32215	91.76	63.9
97.72319	91.73	63.2
99.14461	91.7	62.6
100.5867	91.67	62.1
102.04976	91.67	61.8
103.53411	91.68	61.5
105.04005	91.72	61.4
106.56789	91.79	61.2
108.11796	91.87	61.1
109.69057	91.98	60.9
111.28606	92.11	60.6
112.90475	92.26	60.2
114.54699	92.43	59.7
116.21311	92.59	59.1
117.90347	92.74	58.4
119.61842	92.89	57.5
121.35831	93.01	56.5
123.1235	93.13	55.4
124.91438	93.23	54.3
126.7313	93.32	53
128.57465	93.4	51.7
130.44481	93.47	50.3
132.34217	93.52	48.9
134.26713	93.56	47.5
136.22009	93.59	46.2
138.20146	93.61	45
140.21165	93.63	43.9
142.25107	93.66	42.9
144.32016	93.71	41.9
146.41935	93.78	40.9
148.54906	93.85	39.8
150.70976	93.93	38.6
152.90188	94	37.2
155.12589	94.06	35.8
157.38225	94.1	34.2
159.67143	94.13	32.6
161.9939	94.13	31
164.35016	94.12	29.3
166.74069	94.08	27.5
169.16599	94.02	25.8
171.62656	93.93	24.1
174.12293	93.82	22.6
176.6556	93.68	21.3
179.22512	93.51	20.3
181.83201	93.33	19.5
184.47682	93.15	19
187.16009	92.97	18.7
189.8824	92.8	18.7
192.6443	92.65	18.8
195.44638	92.54	19
198.28921	92.46	19.3
201.1734	92.4	19.5
204.09953	92.37	19.6
207.06823	92.36	19.7
210.0801	92.36	19.7
213.13579	92.37	19.6
216.23592	92.38	19.4
219.38114	92.39	19.2
222.57212	92.39	19
225.8095	92.4	18.7
229.09398	92.4	18.5
232.42622	92.41	18.3
235.80694	92.42	18
239.23683	92.44	17.8
242.71661	92.46	17.7
246.24701	92.5	17.5
249.82875	92.54	17.3
253.4626	92.58	17.1
257.14929	92.63	16.8
260.88962	92.67	16.5
264.68434	92.71	16.2
268.53427	92.76	15.9
272.44019	92.82	15.5
276.40292	92.89	15.1
280.42329	92.95	14.6
284.50214	93.02	14
288.64032	93.08	13.3
292.83869	93.12	12.5
297.09813	93.15	11.7
301.41952	93.18	11
305.80377	93.2	10.3
310.25179	93.22	9.5
314.7645	93.23	8.8
319.34286	93.24	8.2
323.98781	93.25	7.5
328.70032	93.27	7
333.48138	93.3	6.4
338.33197	93.35	5.7
343.25313	93.39	5
348.24586	93.44	4.2
353.31121	93.47	3.3
358.45024	93.48	2.3
363.66402	93.48	1.2
368.95363	93.46	0.2
374.32019	93.43	-0.7
379.7648	93.39	-1.6
385.28861	93.35	-2.5
390.89276	93.31	-3.5
396.57842	93.26	-4.4
402.34679	93.19	-5.4
408.19906	93.09	-6.4
414.13645	92.97	-7.3
420.1602	92.83	-8
426.27158	92.68	-8.5
432.47184	92.54	-8.7
438.76229	92.42	-8.8
445.14423	92.31	-8.8
451.619	92.24	-8.8
458.18795	92.18	-8.7
464.85245	92.15	-8.7
471.61388	92.14	-8.8
478.47367	92.13	-8.9
485.43323	92.13	-9.2
492.49401	92.11	-9.5
499.6575	92.1	-9.7
506.92519	92.1	-10
514.29859	92.1	-10.4
521.77923	92.1	-10.9
529.36869	92.09	-11.5
537.06853	92.07	-12.1
544.88037	92.03	-12.7
552.80584	91.98	-13.2
560.84659	91.91	-13.7
569.00429	91.83	-14
577.28065	91.76	-14.2
585.67739	91.7	-14.2
594.19626	91.68	-14.2
602.83904	91.68	-14.1
611.60754	91.7	-14.2
620.50358	91.74	-14.4
629.52901	91.78	-14.7
638.68572	91.83	-15
647.97562	91.89	-15.5
657.40064	91.95	-16.1
666.96275	92.02	-16.8
676.66395	92.08	-17.6
686.50625	92.14	-18.7
696.49171	92.19	-19.9
706.62242	92.23	-21.2
716.90048	92.24	-22.8
727.32804	92.24	-24.4
737.90727	92.2	-26.1
748.64037	92.15	-27.8
759.5296	92.07	-29.5
770.57721	91.97	-31.2
781.78552	91.86	-32.9
793.15685	91.73	-34.6
804.69358	91.58	-36.2
816.39812	91.42	-37.9
828.2729	91.23	-39.5
840.32041	91.03	-41
852.54315	90.81	-42.5
864.94368	90.58	-44
877.52457	90.33	-45.4
890.28846	90.06	-46.8
903.238	89.77	-48.1
916.3759	89.47	-49.4
929.7049	89.14	-50.5
943.22777	88.79	-51.5
956.94733	88.43	-52.3
970.86645	88.04	-53
984.98803	87.63	-53.4
999.31501	87.19	-53.6
1013.8504	86.74	-53.5
1028.5972	86.27	-53.1
1043.5585	85.78	-52.4
1058.7374	85.28	-51.5
1074.1371	84.77	-50.4
1089.7607	84.24	-49
1105.6117	83.7	-47.3
1121.6932	83.15	-44.8
1138.0086	82.62	-41.6
1154.5613	82.13	-37.8
1171.3548	81.68	-33.5
1188.3925	81.29	-29.1
1205.6781	80.96	-24.5
1223.2151	80.7	-19.6
1241.0072	80.54	-14.3
1259.058	80.51	-8.6
1277.3714	80.61	-2.6
1295.9512	80.86	3.3
1314.8013	81.24	9.1
1333.9255	81.73	14.5
1353.3279	82.29	19.5
1373.0125	82.89	23.7
1392.9834	83.51	27.1
1413.2448	84.11	29.8
1433.801	84.7	32.1
1454.6561	85.27	33.8
1475.8145	85.81	35
1497.2807	86.31	35.4
1519.0592	86.77	35.1
1541.1544	87.18	34.1
1563.571	87.55	32.8
1586.3137	87.88	31.2
1609.3872	88.17	29.5
1632.7962	88.45	27.7
1656.5458	88.7	25.8
1680.6408	88.92	23.9
1705.0863	89.11	21.8
1729.8874	89.28	19.8
1755.0491	89.43	17.8
1780.5769	89.56	15.8
1806.476	89.66	13.8
1832.7518	89.75	11.8
1859.4098	89.81	9.9
1886.4555	89.87	8
1913.8947	89.9	6
1941.7329	89.91	4.1
1969.9761	89.91	2.3
1998.63	89.88	0.4
2027.7008	89.84	-1.4
2057.1943	89.78	-3.1
2087.1169	89.7	-4.8
2117.4747	89.6	-6.3
2148.2741	89.49	-7.8
2179.5215	89.36	-9.2
2211.2234	89.22	-10.4
2243.3863	89.07	-11.5
2276.0171	88.91	-12.5
2309.1226	88.76	-13.3
2342.7095	88.61	-14.1
2376.785	88.46	-14.7
2411.3562	88.33	-15.3
2446.4302	88.2	-16
2482.0143	88.09	-16.6
2518.116	87.98	-17.2
2554.7429	87.89	-18
2591.9025	87.8	-18.8
2629.6026	87.72	-19.7
2667.851	87.65	-20.7
2706.6558	87.58	-21.9
2746.025	87.5	-23.3
2785.9669	87.42	-24.9
2826.4897	87.31	-26.7
2867.6019	87.18	-28.6
2909.3121	87.02	-30.7
2951.6291	86.82	-32.7
2994.5615	86.59	-34.8
3038.1184	86.33	-36.8
3082.3088	86.02	-38.6
3127.1421	85.68	-40.3
3172.6274	85.3	-41.7
3218.7743	84.88	-42.9
3265.5925	84.43	-43.8
3313.0916	83.93	-44.4
3361.2816	83.4	-44.7
3410.1726	82.85	-44.8
3459.7747	82.27	-44.8
3510.0983	81.67	-44.6
3561.1538	81.07	-44.2
3612.952	80.47	-43.9
3665.5036	79.88	-43.7
3718.8196	79.32	-43.8
3772.9111	78.8	-44.2
3827.7893	78.31	-45.2
3883.4658	77.85	-47
3939.9521	77.43	-49.6
3997.26	77.05	-53.4
4055.4015	76.72	-58.6
4114.3887	76.46	-65.3
4174.2339	76.3	-73.6
4234.9495	76.27	-83.5
4296.5482	76.39	-94.9
4359.043	76.67	-107.6
4422.4467	77.1	-121.4
4486.7727	77.63	-136.1
4552.0343	78.23	-151.4
4618.2452	78.85	-167.3
4685.4191	79.45	176.5
4753.5701	80.01	160.2
4822.7123	80.52	144
4892.8603	80.96	128.3
4964.0286	81.34	113.1
5036.2321	81.66	98.7
5109.4857	81.92	85.2
5183.8049	82.11	72.5
5259.2051	82.23	60.4
5335.702	82.29	49.1
5413.3116	82.27	38.3
5492.05	82.19	28.1
5571.9337	82.06	18.6
5652.9794	81.88	9.6
5735.2038	81.69	1.4
5818.6243	81.52	-6.1
5903.2581	81.41	-12.6
5989.123	81.41	-18.2
6076.2368	81.59	-22.9
6164.6177	81.99	-26.9
6254.2841	82.64	-30.5
6345.2548	83.5	-34
6437.5486	84.53	-37.6
6531.1849	85.66	-41.5
6626.1832	86.83	-45.9
6722.5633	87.97	-51.1
6820.3452	89.03	-57.3
6919.5494	89.96	-64.5
7020.1966	90.73	-72.8
7122.3077	91.36	-82.3
7225.904	91.85	-93
7331.0072	92.23	-104.8
7437.6392	92.51	-117.4
7545.8221	92.7	-130.5
7655.5786	92.81	-143.9
7766.9316	92.84	-157.1
7879.9042	92.79	-170
7994.5201	92.65	177.9
8110.803	92.41	166.8
8228.7774	92.06	156.9
8348.4677	91.6	148.7
8469.899	91.04	142
8593.0965	90.39	136.8
8718.086	89.68	132.8
8844.8934	88.9	129.7
8973.5454	88.08	127.5
9104.0686	87.23	126.2
9236.4903	86.37	125.8
9370.8382	85.53	126
9507.1402	84.78	126.4
9645.4247	84.17	126.6
9785.7206	83.73	125.9
9928.0572	83.43	124
10072.464	83.24	120.6
10218.971	83.11	115.4
10367.61	83.03	108.4
10518.41	82.99	99.4
10671.404	83.02	88.3
10826.623	83.15	75.1
10984.1	83.43	59.6
11143.867	83.84	41.8
11305.959	84.37	21.7
11470.408	84.93	-0.5
11637.249	85.45	-24.5
11806.516	85.84	-50.1
11978.246	86.11	-76.7
12152.474	86.27	-104.1
12329.235	86.35	-132.4
12508.568	86.4	-161.5
12690.51	86.43	168.1
12875.097	86.46	136.3
13062.37	86.48	103.4
13252.366	86.5	69.6
13445.127	86.51	35.1
13640.69	86.46	0
13839.099	86.33	-35.7
14040.393	86.09	-71.8
14244.615	85.77	-108.6
14451.808	85.43	-146.2
14662.014	85.1	174.9
14875.278	84.81	134.6
15091.644	84.54	92.7
15311.157	84.28	50
15533.863	84	7
15759.808	83.67	-36.2
15989.04	83.24	-79.6
16221.606	82.68	-123.4
16457.555	81.95	-167.7
16696.935	81.07	147.8
16939.798	80.1	103.6
17186.193	79.1	60.1
17436.172	78.15	17.7
17689.787	77.29	-22.8
17947.091	76.55	-61.1
18208.137	75.92	-96.7
18472.981	75.37	-129.7
18741.676	74.88	-160
19014.28	74.43	171.9
19290.849	74.03	145.9
19571.441	73.66	121.5
19856.114	73.28	98.4
20144.928	72.88	75.8
20437.943	72.41	52.6
20735.22	71.86	27.5
21036.82	71.27	-0.9
21342.808	70.67	-34.5
21653.246	70.08	-75.2
21968.2	69.49	-124.1
22287.735	68.91	177.4
22611.917	68.33	107.8
22940.815	67.77	24.8
23274.497	67.19	-74.1
23613.033	66.62	168.8
23956.492	66.05	30.5
24304.947	65.49	-133.2
24658.471	64.93	31.1
25017.137	64.36	152.9
25381.019	63.77	-143.6
25750.195	63.13	-107.2
26124.74	62.41	-18.4
26504.733	61.67	148.1
26890.253	61.04	9.4
27281.381	60.62	-90.8
27678.198	60.43	-163.8
28080.786	60.4	142.4
28489.231	60.47	102
28903.616	60.61	71.1
29324.029	60.77	46.8
29750.557	60.95	27.2
30183.289	61.14	10.8
30622.315	61.32	-3.3
31067.726	61.51	-15.9
31519.617	61.69	-27.4
31978.08	61.89	-38.2
32443.212	62.07	-48.5
32915.11	62.19	-58.6
33393.871	62.22	-68.5
33879.596	62.16	-78.3
34372.386	62.05	-88.1
34872.344	61.9	-98
35379.574	61.73	-107.9
35894.182	61.55	-117.9
36416.274	61.35	-128
36945.961	61.15	-138.3
37483.353	60.94	-148.6
38028.561	60.72	-159.1
38581.699	60.52	-169.8
39142.882	60.34	179.4
39712.229	60.26	168.5
