" file generated by Xsim4 
"------------------------
"
" FREQ [Hz], MAG [dB], ANGLE [°]
"
1	-87.297	40.44
1.0151	-87.053	40.41
1.03044	-86.748	40.36
1.046	-86.407	40.31
1.0618	-86.045	40.26
1.07783	-85.671	40.2
1.09411	-85.29	40.15
1.11064	-84.905	40.09
1.12741	-84.518	40.03
1.14444	-84.129	39.96
1.16173	-83.74	39.9
1.17927	-83.35	39.84
1.19709	-82.961	39.77
1.21517	-82.57	39.71
1.23352	-82.18	39.64
1.25215	-81.79	39.57
1.27106	-81.4	39.51
1.29026	-81.009	39.44
1.30975	-80.619	39.38
1.32953	-80.228	39.32
1.34961	-79.837	39.25
1.36999	-79.447	39.18
1.39069	-79.057	39.11
1.41169	-78.667	39.03
1.43301	-78.277	38.96
1.45466	-77.887	38.88
1.47663	-77.497	38.8
1.49893	-77.107	38.72
1.52157	-76.717	38.63
1.54455	-76.327	38.55
1.56788	-75.937	38.46
1.59156	-75.548	38.38
1.6156	-75.158	38.29
1.64	-74.768	38.2
1.66477	-74.378	38.11
1.68991	-73.989	38.02
1.71544	-73.599	37.93
1.74135	-73.21	37.83
1.76765	-72.82	37.74
1.79435	-72.43	37.64
1.82145	-72.041	37.54
1.84896	-71.651	37.44
1.87688	-71.262	37.34
1.90523	-70.872	37.24
1.93401	-70.483	37.14
1.96322	-70.093	37.04
1.99287	-69.704	36.93
2.02297	-69.315	36.83
2.05353	-68.925	36.72
2.08454	-68.536	36.61
2.11603	-68.147	36.49
2.14799	-67.758	36.38
2.18043	-67.369	36.26
2.21336	-66.98	36.14
2.24679	-66.591	36.02
2.28072	-66.202	35.9
2.31517	-65.813	35.78
2.35014	-65.424	35.65
2.38564	-65.035	35.53
2.42167	-64.646	35.4
2.45824	-64.257	35.27
2.49537	-63.868	35.14
2.53306	-63.48	35
2.57132	-63.091	34.87
2.61016	-62.703	34.73
2.64958	-62.314	34.59
2.6896	-61.926	34.45
2.73022	-61.537	34.31
2.77146	-61.149	34.16
2.81332	-60.761	34.01
2.85581	-60.373	33.86
2.89894	-59.985	33.71
2.94273	-59.597	33.56
2.98717	-59.209	33.4
3.03229	-58.821	33.24
3.07809	-58.433	33.08
3.12458	-58.045	32.91
3.17177	-57.657	32.75
3.21968	-57.27	32.58
3.26831	-56.882	32.4
3.31767	-56.494	32.23
3.36778	-56.107	32.05
3.41865	-55.718	31.88
3.47028	-55.33	31.69
3.52269	-54.94	31.51
3.5759	-54.549	31.32
3.62991	-54.155	31.14
3.68473	-53.758	30.94
3.74039	-53.354	30.75
3.79688	-52.94	30.55
3.85423	-52.509	30.35
3.91244	-52.052	30.15
3.97153	-51.554	29.94
4.03152	-50.993	29.74
4.09241	-50.334	29.52
4.15422	-49.529	29.31
4.21697	-48.512	29.1
4.28066	-47.205	28.89
4.34531	-45.523	28.68
4.41094	-43.4	28.48
4.47756	-40.804	28.3
4.54519	-37.754	28.14
4.61384	-34.309	28.04
4.68353	-30.551	28.02
4.75426	-26.562	28.15
4.82607	-22.411	28.52
4.89896	-18.151	29.3
4.97296	-14.724	30.84
5.04807	-12.726	33.45
5.12431	-11.744	36.96
5.20171	-11.238	40.97
5.28027	-10.976	45.16
5.36002	-10.835	49.27
5.44098	-10.73	53.07
5.52316	-10.595	56.36
5.60658	-10.369	58.99
5.69126	-10.003	60.82
5.77722	-9.465	61.73
5.86448	-8.746	61.68
5.95305	-7.866	60.62
6.04296	-6.869	58.53
6.13424	-5.806	55.45
6.22688	-4.724	51.44
6.32093	-3.662	46.59
6.4164	-2.643	40.98
6.51332	-1.682	34.72
6.61169	-0.785	27.92
6.71155	0.042	20.68
6.81292	0.8	13.09
6.91582	1.488	5.24
7.02028	2.107	-2.8
7.12631	2.66	-10.97
7.23394	3.15	-19.24
7.3432	3.578	-27.59
7.45411	3.951	-35.99
7.5667	4.271	-44.41
7.68098	4.542	-52.76
7.79699	4.768	-60.9
7.91476	4.953	-68.66
8.0343	5.1	-75.83
8.15565	5.213	-82.17
8.27883	5.297	-87.44
8.40387	5.354	-91.37
8.5308	5.388	-93.7
8.65964	5.401	-94.23
8.79044	5.398	-92.81
8.9232	5.384	-89.35
9.05798	5.363	-83.94
9.19479	5.347	-76.86
9.33366	5.351	-68.59
9.47464	5.401	-59.69
9.61774	5.529	-50.83
9.763	5.773	-42.68
9.91046	6.168	-35.88
10.06014	6.735	-30.96
10.21209	7.474	-28.29
10.36633	8.364	-28.06
10.5229	9.364	-30.22
10.68183	10.421	-34.61
10.84317	11.483	-40.92
11.00694	12.514	-48.8
11.17319	13.487	-57.85
11.34194	14.392	-67.67
11.51325	15.229	-77.92
11.68714	15.997	-88.35
11.86366	16.701	-98.77
12.04285	17.346	-109.09
12.22474	17.937	-119.25
12.40938	18.475	-129.23
12.59681	18.962	-139.03
12.78706	19.395	-148.63
12.9802	19.771	-158.05
13.17625	20.089	-167.26
13.37526	20.347	-176.24
13.57727	20.545	175.07
13.78234	20.685	166.76
13.9905	20.768	158.93
14.20181	20.801	151.65
14.41631	20.786	145.03
14.63405	20.729	139.09
14.85508	20.638	133.87
15.07945	20.525	129.34
15.3072	20.408	125.47
15.5384	20.313	122.23
15.77309	20.272	119.6
16.01132	20.317	117.51
16.25315	20.471	115.91
16.49863	20.749	114.7
16.74782	21.15	113.74
17.00078	21.665	112.89
17.25755	22.281	111.99
17.5182	22.98	110.92
17.78279	23.745	109.55
18.05138	24.556	107.82
18.32402	25.395	105.67
18.60078	26.245	103.06
18.88172	27.087	99.95
19.16691	27.909	96.33
19.4564	28.694	92.21
19.75026	29.43	87.63
20.04857	30.105	82.68
20.35137	30.713	77.44
20.65876	31.257	72.03
20.97078	31.744	66.55
21.28752	32.184	61.12
21.60904	32.586	55.86
21.93541	32.958	50.87
22.26672	33.305	46.31
22.60303	33.633	42.29
22.94442	33.944	38.92
23.29097	34.243	36.23
23.64275	34.539	34.06
23.99984	34.842	32.16
24.36233	35.157	30.28
24.73029	35.491	28.3
25.10381	35.844	26.18
25.48297	36.215	23.93
25.86785	36.601	21.57
26.25856	36.998	19.11
26.65516	37.401	16.59
27.05775	37.807	14
27.46642	38.21	11.33
27.88127	38.609	8.55
28.30238	39	5.67
28.72985	39.382	2.7
29.16378	39.751	-0.34
29.60426	40.106	-3.43
30.05139	40.443	-6.54
30.50528	40.761	-9.62
30.96602	41.06	-12.66
31.43372	41.34	-15.61
31.90849	41.6	-18.48
32.39043	41.842	-21.26
32.87964	42.065	-23.95
33.37625	42.27	-26.53
33.88035	42.455	-28.98
34.39207	42.62	-31.27
34.91152	42.767	-33.38
35.43881	42.898	-35.29
35.97407	43.016	-36.95
36.51741	43.124	-38.34
37.06896	43.225	-39.43
37.62884	43.32	-40.2
38.19718	43.415	-40.63
38.77409	43.515	-40.72
39.35973	43.632	-40.46
39.95421	43.777	-39.86
40.55766	43.963	-38.91
41.17023	44.205	-37.61
41.79206	44.518	-35.96
42.42327	44.918	-33.99
43.06402	45.42	-31.75
43.71445	46.03	-29.31
44.3747	46.749	-26.74
45.04492	47.566	-24.15
45.72527	48.466	-21.63
46.41589	49.433	-19.27
47.11694	50.444	-17.13
47.82858	51.481	-15.29
48.55097	52.523	-13.81
49.28427	53.552	-12.79
50.02865	54.557	-12.27
50.78426	55.525	-12.28
51.5513	56.448	-12.86
52.32991	57.317	-13.97
53.12029	58.132	-15.58
53.9226	58.893	-17.6
54.73703	59.609	-19.96
55.56377	60.29	-22.62
56.40298	60.944	-25.51
57.25488	61.58	-28.56
58.11964	62.202	-31.72
58.99746	62.814	-34.94
59.88854	63.418	-38.17
60.79308	64.017	-41.36
61.71128	64.615	-44.48
62.64335	65.213	-47.52
63.5895	65.816	-50.46
64.54994	66.425	-53.31
65.52488	67.042	-56.07
66.51455	67.672	-58.77
67.51917	68.314	-61.44
68.53896	68.97	-64.13
69.57415	69.638	-66.9
70.62498	70.312	-69.8
71.69168	70.983	-72.89
72.77449	71.641	-76.21
73.87365	72.273	-79.79
74.98942	72.869	-83.61
76.12204	73.421	-87.68
77.27177	73.923	-91.93
78.43886	74.371	-96.29
79.62357	74.768	-100.69
80.82619	75.117	-105.05
82.04696	75.421	-109.32
83.28617	75.686	-113.44
84.54411	75.918	-117.34
85.82104	76.124	-120.98
87.11725	76.311	-124.33
88.43305	76.49	-127.39
89.76871	76.67	-130.15
91.12455	76.862	-132.62
92.50087	77.077	-134.81
93.89798	77.325	-136.75
95.31619	77.614	-138.48
96.75582	77.949	-140.06
98.21719	78.333	-141.57
99.70063	78.764	-143.09
101.20648	79.234	-144.67
102.73508	79.734	-146.41
104.28676	80.256	-148.34
105.86188	80.79	-150.5
107.46078	81.33	-152.9
109.08384	81.872	-155.52
110.73141	82.414	-158.36
112.40387	82.955	-161.43
114.10158	83.489	-164.72
115.82494	84.013	-168.23
117.57433	84.519	-171.95
119.35014	85.005	-175.86
121.15277	85.466	-179.97
122.98262	85.902	175.73
124.84012	86.313	171.23
126.72567	86.696	166.53
128.63969	87.05	161.63
130.58263	87.368	156.52
132.55491	87.648	151.24
134.55699	87.885	145.83
136.5893	88.077	140.31
138.6523	88.221	134.73
140.74647	88.319	129.14
142.87226	88.373	123.61
145.03016	88.385	118.19
147.22066	88.357	112.93
149.44424	88.29	107.86
151.7014	88.187	103.01
153.99265	88.05	98.41
156.31851	87.881	94.09
158.6795	87.685	90.06
161.07615	87.466	86.35
163.509	87.233	82.94
165.97859	86.993	79.81
168.48549	86.755	76.94
171.03024	86.525	74.27
173.61344	86.308	71.78
176.23564	86.108	69.44
178.89746	85.926	67.21
181.59947	85.764	65.05
184.3423	85.622	62.94
187.12655	85.494	60.84
189.95286	85.377	58.73
192.82185	85.266	56.58
195.73418	85.154	54.43
198.69049	85.035	52.29
201.69146	84.907	50.2
204.73775	84.767	48.21
207.83005	84.615	46.39
210.96905	84.455	44.8
214.15547	84.294	43.48
217.39001	84.14	42.47
220.67341	84.002	41.75
224.00639	83.894	41.32
227.38972	83.828	41.13
230.82415	83.814	41.11
234.31045	83.858	41.18
237.84941	83.962	41.25
241.44182	84.121	41.24
245.08849	84.322	41.07
248.79024	84.553	40.68
252.54789	84.802	40.02
256.3623	85.058	39.03
260.23433	85.308	37.64
264.16483	85.544	35.85
268.1547	85.756	33.64
272.20483	85.936	31.05
276.31614	86.08	28.1
280.48954	86.181	24.9
284.72597	86.239	21.54
289.02639	86.251	18.13
293.39176	86.221	14.77
297.82307	86.154	11.53
302.3213	86.054	8.47
306.88748	85.928	5.62
311.52262	85.778	2.99
316.22777	85.607	0.59
321.00398	85.42	-1.56
325.85233	85.221	-3.47
330.77391	85.016	-5.12
335.76983	84.812	-6.52
340.8412	84.619	-7.66
345.98917	84.447	-8.55
351.21489	84.308	-9.23
356.51954	84.209	-9.76
361.90431	84.159	-10.23
367.3704	84.156	-10.71
372.91906	84.196	-11.27
378.55152	84.274	-11.95
384.26906	84.381	-12.78
390.07295	84.512	-13.76
395.9645	84.66	-14.93
401.94503	84.82	-16.29
408.0159	84.986	-17.88
414.17845	85.153	-19.71
420.43408	85.314	-21.8
426.7842	85.46	-24.14
433.23023	85.587	-26.7
439.77361	85.687	-29.43
446.41583	85.756	-32.23
453.15836	85.793	-35
460.00274	85.798	-37.63
466.95049	85.776	-39.97
474.00317	85.735	-41.95
481.16238	85.686	-43.52
488.42972	85.641	-44.72
495.80682	85.614	-45.63
503.29535	85.612	-46.4
510.89698	85.636	-47.18
518.61342	85.686	-48.06
526.44641	85.754	-49.02
534.3977	85.833	-50.06
542.46909	85.918	-51.13
550.66239	86.013	-52.17
558.97944	86.124	-53.23
567.4221	86.254	-54.44
575.99229	86.395	-56.03
584.69191	86.529	-58.13
593.52293	86.627	-60.79
602.48733	86.665	-63.91
611.58712	86.635	-67.28
620.82436	86.546	-70.65
630.20111	86.42	-73.88
639.71949	86.274	-76.88
649.38163	86.126	-79.64
659.18971	85.984	-82.18
669.14592	85.853	-84.54
679.25251	85.735	-86.74
689.51174	85.631	-88.79
699.92593	85.541	-90.71
710.49741	85.467	-92.53
721.22856	85.41	-94.28
732.12179	85.37	-95.99
743.17955	85.347	-97.69
754.40432	85.341	-99.4
765.79863	85.353	-101.17
777.36503	85.38	-102.99
789.10613	85.422	-104.9
801.02456	85.474	-106.88
813.12301	85.532	-108.94
825.40419	85.591	-111.08
837.87085	85.646	-113.29
850.52582	85.692	-115.55
863.37191	85.729	-117.85
876.41204	85.757	-120.16
889.64911	85.78	-122.48
903.08612	85.801	-124.81
916.72607	85.823	-127.16
930.57204	85.847	-129.54
944.62713	85.871	-131.98
958.89451	85.893	-134.46
973.37738	85.91	-136.97
988.07899	85.922	-139.49
1003.0027	85.928	-141.99
1018.1517	85.931	-144.46
1033.5296	85.936	-146.89
1049.1397	85.948	-149.29
1064.9856	85.966	-151.7
1081.0709	85.99	-154.12
1097.3991	86.013	-156.58
1113.9739	86.035	-159.04
1130.799	86.055	-161.51
1147.8783	86.073	-163.94
1165.2155	86.089	-166.34
1182.8146	86.11	-168.68
1200.6795	86.139	-170.98
1218.8142	86.18	-173.26
1237.2228	86.233	-175.56
1255.9095	86.296	-177.91
1274.8784	86.363	179.67
1294.1338	86.431	177.17
1313.68	86.496	174.59
1333.5214	86.556	171.95
1353.6626	86.609	169.26
1374.1079	86.654	166.52
1394.862	86.688	163.76
1415.9296	86.712	160.98
1437.3154	86.726	158.19
1459.0242	86.732	155.4
1481.0609	86.73	152.63
1503.4304	86.721	149.88
1526.1378	86.707	147.18
1549.1882	86.688	144.52
1572.5866	86.667	141.88
1596.3385	86.644	139.28
1620.4492	86.622	136.71
1644.924	86.601	134.16
1669.7684	86.581	131.64
1694.9882	86.562	129.1
1720.5888	86.545	126.56
1746.576	86.527	123.99
1772.9558	86.507	121.39
1799.734	86.481	118.74
1826.9167	86.446	116.04
1854.5099	86.399	113.32
1882.5199	86.338	110.59
1910.953	86.263	107.89
1939.8155	86.174	105.21
1969.1139	86.07	102.56
1998.8548	85.945	99.95
2029.0449	85.793	97.41
2059.6911	85.607	95
2090.8	85.387	92.8
2122.3789	85.144	90.88
2154.4347	84.89	89.25
2186.9747	84.636	87.89
2220.0061	84.392	86.77
2253.5364	84.166	85.85
2287.5732	83.96	85.07
2322.1241	83.778	84.39
2357.1967	83.62	83.79
2392.7992	83.484	83.24
2428.9393	83.37	82.73
2465.6253	83.277	82.24
2502.8654	83.204	81.79
2540.668	83.151	81.37
2579.0415	83.119	80.97
2617.9946	83.11	80.6
2657.5361	83.127	80.24
2697.6747	83.172	79.86
2738.4196	83.246	79.45
2779.7799	83.351	78.98
2821.7649	83.487	78.4
2864.3841	83.654	77.69
2907.6469	83.845	76.78
2951.5632	84.058	75.62
2996.1427	84.284	74.17
3041.3956	84.514	72.38
3087.332	84.738	70.2
3133.9622	84.937	67.61
3181.2966	85.097	64.65
3229.346	85.204	61.39
3278.1212	85.25	57.98
3327.633	85.232	54.58
3377.8926	85.149	51.37
3428.9113	84.999	48.53
3480.7006	84.778	46.24
3533.2721	84.491	44.65
3586.6376	84.144	43.84
3640.8092	83.745	43.83
3695.7989	83.3	44.58
3751.6192	82.822	46
3808.2826	82.329	48.01
3865.8018	81.851	50.5
3924.1898	81.423	53.31
3983.4596	81.082	56.31
4043.6246	80.851	59.32
4104.6984	80.739	62.19
4166.6946	80.739	64.78
4229.6271	80.833	66.97
4293.5102	80.995	68.69
4358.3582	81.203	69.93
4424.1856	81.438	70.71
4491.0072	81.683	71.07
4558.8381	81.929	71.09
4627.6935	82.171	70.89
4697.5888	82.41	70.52
4768.5399	82.648	70.07
4840.5625	82.89	69.58
4913.673	83.145	69.07
4987.8877	83.418	68.54
5063.2233	83.712	67.94
5139.6968	84.027	67.24
5217.3253	84.358	66.39
5296.1263	84.697	65.32
5376.1175	85.031	64.01
5457.3168	85.344	62.4
5539.7426	85.624	60.52
5623.4133	85.862	58.38
5708.3477	86.052	56.04
5794.5649	86.196	53.58
5882.0844	86.294	51.06
5970.9257	86.353	48.57
6061.1088	86.378	46.16
6152.6541	86.376	43.87
6245.582	86.356	41.73
6339.9135	86.321	39.71
6435.6698	86.278	37.82
6532.8723	86.229	36.04
6631.5429	86.178	34.33
6731.7038	86.129	32.69
6833.3776	86.086	31.09
6936.5869	86.053	29.53
7041.3552	86.033	27.98
7147.7058	86.029	26.39
7255.6627	86.042	24.71
7365.2501	86.067	22.89
7476.4928	86.099	20.88
7589.4156	86.133	18.65
7704.0439	86.157	16.18
7820.4036	86.164	13.5
7938.5207	86.147	10.65
8058.4219	86.102	7.67
8180.134	86.03	4.61
8303.6844	85.932	1.48
8429.1009	85.809	-1.68
8556.4116	85.66	-4.85
8685.6452	85.482	-7.99
8816.8307	85.268	-11.03
8949.9976	84.997	-13.82
9085.1758	84.657	-16.18
9222.3957	84.254	-17.93
9361.6881	83.806	-18.92
9503.0843	83.323	-19.1
9646.6162	82.819	-18.53
9792.3159	82.308	-17.36
9940.2163	81.805	-15.74
10090.35	81.321	-13.82
10242.752	80.864	-11.65
10397.456	80.439	-9.25
10554.496	80.055	-6.58
10713.908	79.728	-3.6
10875.728	79.485	-0.36
11039.992	79.351	3.03
11206.737	79.345	6.37
11376	79.468	9.48
11547.82	79.712	12.24
11722.235	80.065	14.64
11899.284	80.51	16.66
12079.007	81.023	18.26
12261.445	81.574	19.38
12446.639	82.133	19.95
12634.629	82.681	19.86
12825.459	83.203	18.97
13019.171	83.68	17.13
13215.809	84.098	14.24
13415.417	84.449	10.29
13618.039	84.731	5.31
13823.722	84.948	-0.72
14032.512	85.1	-7.82
14244.455	85.186	-16.06
14459.599	85.206	-25.49
14677.993	85.157	-36.18
14899.685	85.041	-48.21
15124.725	84.859	-61.72
15353.165	84.614	-76.88
15585.055	84.312	-93.85
15820.447	83.962	-112.7
16059.394	83.582	-133.42
16301.951	83.187	-155.87
16548.171	82.792	-179.86
16798.11	82.414	154.8
17051.824	82.074	128.27
17309.37	81.789	100.65
17570.805	81.548	72.04
17836.19	81.328	42.52
18105.582	81.115	12.15
18379.044	80.892	-19.04
18656.636	80.613	-51.05
18938.42	80.231	-83.9
19224.461	79.718	-117.72
19514.822	79.052	-152.73
19809.568	78.199	170.71
20108.766	77.122	132.2
20412.483	75.795	91.52
20720.787	74.183	48.72
21033.748	72.245	4.18
21351.436	69.955	-41.49
21673.922	67.299	-87.51
22001.278	64.272	-132.98
22333.579	60.885	-176.9
22670.899	57.178	142.07
23013.314	53.234	105.87
23360.901	49.234	77.54
23713.737	45.552	61.96
24071.903	42.851	54.93
24435.478	41.951	41.96
24804.544	43.104	18.72
25179.185	45.615	-10.33
25559.484	48.6	-42.78
25945.527	51.528	-77.36
26337.401	54.171	-113.4
26735.194	56.449	-150.43
27138.994	58.341	172.03
27548.894	59.852	134.53
27964.985	61.006	97.61
28387.36	61.852	61.7
28816.114	62.448	27.14
29251.345	62.839	-5.89
29693.148	63.068	-37.23
30141.625	63.18	-66.83
30596.876	63.218	-94.67
31059.002	63.218	-120.74
31528.109	63.205	-145.1
32004.3	63.191	-167.84
32487.684	63.177	170.84
32978.369	63.161	150.7
33476.464	63.134	131.48
33982.083	63.082	112.96
34495.339	62.994	94.97
35016.347	62.866	77.5
35545.224	62.693	60.79
36082.088	62.475	45.35
36627.062	62.217	31.7
37180.267	61.924	20.05
37741.827	61.615	10.27
38311.868	61.316	2.03
38890.52	61.054	-5.04
39477.911	60.844	-11.34
40074.174	60.679	-17.31
40679.443	60.543	-23.36
41293.854	60.425	-29.85
41917.544	60.315	-37.15
42550.655	60.209	-45.7
43193.328	60.103	-56.02
43845.708	59.992	-68.81
44507.941	59.871	-84.9
45180.176	59.729	-105.21
45862.564	59.539	-130.29
46555.259	59.235	-158.91
47258.417	58.65	175.37
47972.194	58.199	158.4
48696.753	58.441	142.35
49432.254	58.771	117.51
50178.865	58.801	88.5
50936.752	58.727	62.58
51706.086	58.613	41.28
52487.04	58.479	24.11
53279.789	58.334	10.15
54084.512	58.184	-1.46
54901.389	58.029	-11.42
55730.604	57.871	-20.28
56572.343	57.711	-28.47
57426.796	57.548	-36.32
58294.153	57.38	-44.13
59174.612	57.207	-52.16
60068.368	57.022	-60.66
60975.624	56.819	-69.95
61896.582	56.584	-80.36
62831.45	56.293	-92.31
63780.438	55.907	-106.3
64743.76	55.36	-122.85
65721.631	54.549	-142.43
66714.272	53.334	-165.18
67721.905	51.562	169.44
68744.757	49.156	143.06
69783.058	46.312	118.73
70837.042	43.75	100.58
71906.944	42.626	93.82
72993.006	43.62	93.9
74095.472	46.157	86.15
75214.588	49.06	66.79
76350.608	51.532	42.11
77503.786	53.336	16.64
78674.381	54.556	-7.03
79862.656	55.37	-27.92
81068.879	55.936	-45.99
82293.32	56.366	-61.69
83536.255	56.726	-75.56
84797.962	57.054	-88.07
86078.727	57.375	-99.62
87378.835	57.701	-110.44
88698.58	58.042	-120.54
90038.258	58.405	-129.53
91398.17	58.799	-136.18
92778.622	59.233	-137.45
94179.923	59.705	-125.26
95602.39	60.098	-96.8
97046.341	60.287	-70.6
98512.101	60.347	-62.62
100000	60.367	-63.3
