4.9182	73.83	160.4
4.98973	73.84	157.9
5.06231	73.85	154.9
5.13594	73.86	151.5
5.21065	73.87	147.8
5.28644	73.88	143.9
5.36333	73.89	139.9
5.44134	73.89	135.7
5.52049	73.89	131.3
5.60078	73.88	126.9
5.68225	73.86	122.4
5.7649	73.83	117.8
5.84875	73.78	113
5.93382	73.7	108.1
6.02013	73.6	103
6.1077	73.46	97.7
6.19654	73.28	92.2
6.28667	73.07	86.7
6.37811	72.82	81.2
6.47088	72.52	75.8
6.565	72.19	70.6
6.66049	71.82	65.6
6.75737	71.42	61.1
6.85566	70.98	57
6.95538	70.51	53.5
7.05655	70.03	50.5
7.15919	69.53	48.3
7.26332	69.02	46.6
7.36897	68.5	45.6
7.47615	67.97	45.1
7.58489	67.42	45
7.69522	66.84	45.2
7.80715	66.23	45.7
7.92071	65.59	46.3
8.03592	64.91	47
8.1528	64.2	47.7
8.27139	63.47	48.3
8.3917	62.74	48.8
8.51376	62.06	49
8.63759	61.46	48.9
8.76323	60.99	48.4
8.89069	60.67	47.4
9.02001	60.52	45.9
9.15121	60.49	43.8
9.28432	60.56	41
9.41936	60.7	37.8
9.55637	60.86	33.9
9.69537	61.01	29.6
9.83639	61.13	24.7
9.97946	61.2	19.4
10.12462	61.19	13.5
10.27188	61.1	7
10.42129	60.89	-0.2
10.57287	60.55	-8
10.72666	60.08	-16.2
10.88268	59.46	-24.3
11.04098	58.69	-31.9
11.20157	57.8	-38.2
11.3645	56.83	-42.6
11.5298	55.86	-44.6
11.69751	55.02	-43.4
11.86765	54.46	-38.8
12.04027	54.22	-30.7
12.2154	54.29	-19.8
12.39308	54.58	-7.3
12.57334	54.98	5.7
12.75622	55.43	17.6
12.94176	55.85	27.4
13.13001	56.24	34.1
13.32099	56.59	37.7
13.51474	56.9	38.3
13.71132	57.19	36.6
13.91076	57.47	33.1
14.11309	57.74	28.3
14.31837	58.03	22.6
14.52664	58.33	16.5
14.73793	58.65	10.1
14.9523	59	3.5
15.16979	59.36	-3.2
15.39044	59.73	-10.4
15.6143	60.09	-18
15.84141	60.45	-26.3
16.07183	60.79	-35.4
16.3056	61.11	-45.6
16.54277	61.42	-56.9
16.78339	61.69	-69.2
17.02751	61.91	-82.5
17.27518	62.09	-96.7
17.52646	62.2	-111.6
17.78138	62.26	-127.3
18.04002	62.27	-143.6
18.30242	62.24	-160.5
18.56863	62.16	-177.9
18.83872	62.03	164.5
19.11274	61.85	146.7
19.39074	61.59	128.8
19.67278	61.24	111.1
19.95893	60.81	93.7
20.24924	60.27	77
20.54377	59.63	61
20.84259	58.86	45.9
21.14575	57.92	31.7
21.45332	56.75	18.4
21.76537	55.22	6
22.08195	53.12	-5.3
22.40314	49.8	-15.4
22.729	41.06	-23.7
23.0596	44.98	-29.7
23.39501	43.22	-32.4
23.7353	44.84	-32.9
24.08054	48.69	-34.8
24.4308	49.66	-38.6
24.78615	50.03	-43
25.14667	50.18	-48
25.51244	50.2	-53.7
25.88353	50.12	-59.9
26.26001	49.97	-66.2
26.64197	49.75	-72.5
27.02949	49.48	-78.3
27.42264	49.15	-83.8
27.82151	48.73	-88.9
28.22619	48.25	-93.1
28.63675	47.71	-96.4
29.05328	47.06	-99.5
29.47587	46.28	-102.6
29.9046	45.49	-105.2
30.33958	44.79	-107.5
30.78088	44.16	-109.5
31.22859	43.62	-111.3
31.68282	43.17	-113
32.14366	42.79	-114.7
32.6112	42.46	-116.2
33.08554	42.23	-117.5
33.56678	42.1	-118.4
34.05502	42.07	-119
34.55036	42.12	-119.5
35.05291	42.25	-120.3
35.56277	42.49	-121.5
36.08004	42.82	-122.8
36.60484	43.16	-124.2
37.13727	43.52	-125.9
37.67744	43.89	-127.7
38.22547	44.24	-129.7
38.78147	44.54	-131.9
39.34556	44.8	-134
39.91786	45.01	-136
40.49848	45.19	-137.8
41.08754	45.34	-139.4
41.68517	45.48	-140.9
42.2915	45.61	-142.3
42.90664	45.75	-143.7
43.53073	45.93	-145.1
44.1639	46.14	-146.6
44.80628	46.37	-148.1
45.458	46.61	-149.4
46.1192	46.89	-150.5
46.79002	47.19	-151.3
47.4706	47.53	-151.9
48.16108	47.91	-152.2
48.86159	48.36	-152.5
49.5723	48.86	-152.7
50.29335	49.39	-153.1
51.02488	49.94	-153.8
51.76706	50.48	-154.9
52.52003	51	-156.6
53.28395	51.46	-158.8
54.05898	51.79	-161.5
54.84529	52.01	-164.5
55.64303	52.16	-167.6
56.45238	52.25	-170.6
57.27349	52.3	-173.3
58.10656	52.33	-175.8
58.95174	52.35	-178.1
59.80921	52.35	179.6
60.67915	52.3	177.7
61.56175	52.21	176
62.45719	52.09	174.8
63.36565	51.93	173.9
64.28732	51.75	173.5
65.2224	51.55	173.5
66.17109	51.35	174.2
67.13357	51.19	175.5
68.11005	51.14	177.4
69.10073	51.26	179.4
70.10582	51.54	-178.6
71.12554	51.95	-176.8
72.16008	52.43	-175.4
73.20967	52.92	-174.4
74.27453	53.38	-173.9
75.35488	53.82	-173.9
76.45094	54.21	-174.4
77.56295	54.52	-175.2
78.69113	54.74	-176.3
79.83571	54.91	-177.5
80.99695	55.01	-178.7
82.17508	55.06	-179.8
83.37034	55.07	179.2
84.58299	55.04	178.5
85.81328	54.98	178.3
87.06146	54.89	178.7
88.3278	54.78	179.6
89.61256	54.67	-179
90.916	54.58	-177.3
92.23841	54.53	-175.1
93.58005	54.55	-172.5
94.9412	54.64	-169.7
96.32215	54.81	-166.4
97.72319	55.07	-163
99.14461	55.43	-159.4
100.5867	55.87	-155.9
102.04976	56.38	-152.6
103.53411	56.95	-149.7
105.04005	57.56	-147.3
106.56789	58.19	-145.3
108.11796	58.83	-143.8
109.69057	59.5	-142.6
111.28606	60.19	-141.6
112.90475	60.9	-140.7
114.54699	61.62	-140.1
116.21311	62.32	-139.5
117.90347	63	-139.3
119.61842	63.65	-139.3
121.35831	64.27	-139.5
123.1235	64.86	-140.1
124.91438	65.44	-140.9
126.7313	66	-142
128.57465	66.54	-143.5
130.44481	67.04	-145.2
132.34217	67.51	-147.3
134.26713	67.93	-149.6
136.22009	68.3	-152
138.20146	68.63	-154.5
140.21165	68.92	-157
142.25107	69.18	-159.6
144.32016	69.42	-162
146.41935	69.63	-164.3
148.54906	69.84	-166.6
150.70976	70.03	-168.7
152.90188	70.2	-170.8
155.12589	70.35	-172.8
157.38225	70.48	-174.6
159.67143	70.61	-176.3
161.9939	70.73	-177.7
164.35016	70.86	-179.1
166.74069	70.99	179.7
169.16599	71.13	178.5
171.62656	71.26	177.4
174.12293	71.37	176.3
176.6556	71.47	175.3
179.22512	71.55	174.4
181.83201	71.62	173.6
184.47682	71.69	173.1
187.16009	71.77	172.7
189.8824	71.87	172.5
192.6443	71.99	172.4
195.44638	72.13	172.4
198.28921	72.28	172.3
201.1734	72.44	172.3
204.09953	72.6	172.2
207.06823	72.75	172.2
210.0801	72.89	172.1
213.13579	73.02	172.2
216.23592	73.14	172.4
219.38114	73.26	172.8
222.57212	73.4	173.3
225.8095	73.56	174
229.09398	73.76	175
232.42622	74.01	176.2
235.80694	74.33	177.6
239.23683	74.71	179.1
242.71661	75.14	-179.4
246.24701	75.63	-177.9
249.82875	76.15	-176.4
253.4626	76.71	-175
257.14929	77.31	-173.6
260.88962	77.92	-172.5
264.68434	78.54	-171.6
268.53427	79.14	-171.2
272.44019	79.7	-171.2
276.40292	80.24	-171.8
280.42329	80.74	-173
284.50214	81.19	-174.6
288.64032	81.59	-176.7
292.83869	81.93	-179.1
297.09813	82.22	178.4
301.41952	82.46	175.8
305.80377	82.65	173.1
310.25179	82.79	170.4
314.7645	82.9	167.9
319.34286	82.97	165.6
323.98781	83.03	163.5
328.70032	83.06	161.5
333.48138	83.08	159.8
338.33197	83.08	158.3
343.25313	83.06	157.1
348.24586	83.03	156.1
353.31121	82.98	155.5
358.45024	82.93	155.4
363.66402	82.9	155.7
368.95363	82.93	156.4
374.32019	83.01	157.5
379.7648	83.16	158.8
385.28861	83.39	160.2
390.89276	83.69	161.7
396.57842	84.05	163.1
402.34679	84.46	164.5
408.19906	84.91	165.8
414.13645	85.4	167
420.1602	85.89	168.1
426.27158	86.39	168.8
432.47184	86.88	169.2
438.76229	87.34	169.2
445.14423	87.78	168.8
451.619	88.17	167.9
458.18795	88.52	166.8
464.85245	88.83	165.3
471.61388	89.11	163.8
478.47367	89.34	162.1
485.43323	89.56	160.5
492.49401	89.75	159.1
499.6575	89.93	157.9
506.92519	90.11	156.9
514.29859	90.32	156.3
521.77923	90.57	156
529.36869	90.87	155.9
537.06853	91.25	156.1
544.88037	91.68	156.3
552.80584	92.17	156.4
560.84659	92.69	156.4
569.00429	93.22	156.1
577.28065	93.72	155.6
585.67739	94.18	154.7
594.19626	94.6	153.5
602.83904	94.97	151.9
611.60754	95.29	150.1
620.50358	95.57	147.9
629.52901	95.8	145.4
638.68572	95.98	142.7
647.97562	96.12	140
657.40064	96.21	137.3
666.96275	96.28	134.9
676.66395	96.33	132.9
686.50625	96.37	131.2
696.49171	96.44	129.8
706.62242	96.53	128.6
716.90048	96.65	127.6
727.32804	96.78	126.5
737.90727	96.92	125.6
748.64037	97.05	124.6
759.5296	97.17	123.7
770.57721	97.29	122.9
781.78552	97.4	122.1
793.15685	97.53	121.5
804.69358	97.67	121
816.39812	97.84	120.5
828.2729	98.02	119.9
840.32041	98.24	119.3
852.54315	98.48	118.8
864.94368	98.74	118.1
877.52457	99.02	117.5
890.28846	99.31	116.7
903.238	99.59	115.9
916.3759	99.85	115
929.7049	100.1	114
943.22777	100.34	113
956.94733	100.57	112
970.86645	100.82	110.8
984.98803	101.09	109.5
999.31501	101.36	107.9
1013.8504	101.61	106
1028.5972	101.84	103.9
1043.5585	102.03	101.6
1058.7374	102.16	99.3
1074.1371	102.25	97.1
1089.7607	102.31	95.2
1105.6117	102.36	93.5
1121.6932	102.42	92.1
1138.0086	102.5	90.9
1154.5613	102.61	89.5
1171.3548	102.71	88
1188.3925	102.8	86.4
1205.6781	102.86	84.8
1223.2151	102.89	83.4
1241.0072	102.92	82.2
1259.058	102.97	81.2
1277.3714	103.04	80.4
1295.9512	103.16	79.6
1314.8013	103.3	78.7
1333.9255	103.45	77.6
1353.3279	103.59	76.2
1373.0125	103.71	74.7
1392.9834	103.81	73.2
1413.2448	103.9	71.7
1433.801	103.99	70.3
1454.6561	104.09	68.9
1475.8145	104.19	67.4
1497.2807	104.29	65.7
1519.0592	104.36	64
1541.1544	104.42	62.3
1563.571	104.46	60.6
1586.3137	104.49	58.9
1609.3872	104.52	57.3
1632.7962	104.54	55.7
1656.5458	104.56	54.1
1680.6408	104.57	52.5
1705.0863	104.58	50.9
1729.8874	104.57	49.3
1755.0491	104.55	47.7
1780.5769	104.52	46.2
1806.476	104.48	44.7
1832.7518	104.42	43.3
1859.4098	104.37	42
1886.4555	104.31	40.8
1913.8947	104.24	39.7
1941.7329	104.18	38.6
1969.9761	104.11	37.6
1998.63	104.06	36.7
2027.7008	104.02	35.8
2057.1943	103.99	34.9
2087.1169	103.95	33.9
2117.4747	103.9	32.9
2148.2741	103.83	31.9
2179.5215	103.76	31.1
2211.2234	103.7	30.4
2243.3863	103.65	29.8
2276.0171	103.61	29.1
2309.1226	103.57	28.4
2342.7095	103.54	27.7
2376.785	103.51	26.9
2411.3562	103.47	26.1
2446.4302	103.41	25.2
2482.0143	103.34	24.4
2518.116	103.26	23.7
2554.7429	103.17	23.1
2591.9025	103.1	22.5
2629.6026	103.03	22
2667.851	102.97	21.5
2706.6558	102.9	21
2746.025	102.84	20.4
2785.9669	102.77	19.9
2826.4897	102.69	19.4
2867.6019	102.6	19
2909.3121	102.5	18.6
2951.6291	102.41	18.3
2994.5615	102.33	18.2
3038.1184	102.27	18
3082.3088	102.21	17.9
3127.1421	102.16	17.7
3172.6274	102.12	17.6
3218.7743	102.08	17.4
3265.5925	102.04	17.2
3313.0916	102	17.1
3361.2816	101.97	16.9
3410.1726	101.95	16.8
3459.7747	101.92	16.7
3510.0983	101.91	16.5
3561.1538	101.89	16.3
3612.952	101.87	16.2
3665.5036	101.86	16
3718.8196	101.85	15.8
3772.9111	101.84	15.7
3827.7893	101.84	15.5
3883.4658	101.85	15.3
3939.9521	101.86	15
3997.26	101.87	14.7
4055.4015	101.87	14.3
4114.3887	101.87	13.9
4174.2339	101.86	13.5
4234.9495	101.86	13
4296.5482	101.85	12.6
4359.043	101.83	12.1
4422.4467	101.82	11.6
4486.7727	101.79	11
4552.0343	101.76	10.5
4618.2452	101.71	10
4685.4191	101.66	9.4
4753.5701	101.59	9
4822.7123	101.53	8.6
4892.8603	101.46	8.2
4964.0286	101.39	7.9
5036.2321	101.31	7.6
5109.4857	101.24	7.3
5183.8049	101.17	7
5259.2051	101.09	6.8
5335.702	101.01	6.6
5413.3116	100.94	6.4
5492.05	100.86	6.2
5571.9337	100.77	6.1
5652.9794	100.69	6
5735.2038	100.61	5.9
5818.6243	100.52	5.9
5903.2581	100.43	5.9
5989.123	100.35	6
6076.2368	100.26	6.1
6164.6177	100.18	6.2
6254.2841	100.09	6.4
6345.2548	100.01	6.6
6437.5486	99.92	6.9
6531.1849	99.85	7.3
6626.1832	99.79	7.8
6722.5633	99.74	8.2
6820.3452	99.7	8.7
6919.5494	99.68	9.1
7020.1966	99.66	9.5
7122.3077	99.65	9.9
7225.904	99.64	10.2
7331.0072	99.64	10.6
7437.6392	99.64	11
7545.8221	99.65	11.4
7655.5786	99.68	11.8
7766.9316	99.72	12.1
7879.9042	99.77	12.4
7994.5201	99.83	12.5
8110.803	99.88	12.6
8228.7774	99.93	12.7
8348.4677	99.98	12.7
8469.899	100.03	12.6
8593.0965	100.08	12.6
8718.086	100.14	12.4
8844.8934	100.19	12.2
8973.5454	100.25	11.8
9104.0686	100.29	11.4
9236.4903	100.32	10.8
9370.8382	100.33	10.2
9507.1402	100.33	9.6
9645.4247	100.3	9
9785.7206	100.27	8.5
9928.0572	100.22	8
10072.464	100.16	7.6
10218.971	100.09	7.2
10367.61	100.01	6.9
10518.41	99.93	6.7
10671.404	99.83	6.6
10826.623	99.73	6.6
10984.1	99.63	6.7
11143.867	99.54	7
11305.959	99.46	7.3
11470.408	99.39	7.7
11637.249	99.34	8.1
11806.516	99.31	8.6
11978.246	99.29	9
12152.474	99.29	9.5
12329.235	99.31	9.9
12508.568	99.33	10.2
12690.51	99.37	10.5
12875.097	99.42	10.7
13062.37	99.47	10.7
13252.366	99.51	10.6
13445.127	99.55	10.4
13640.69	99.59	10.1
13839.099	99.61	9.7
14040.393	99.62	9.1
14244.615	99.61	8.4
14451.808	99.58	7.6
14662.014	99.54	6.7
14875.278	99.47	5.8
15091.644	99.36	4.7
15311.157	99.23	3.7
15533.863	99.05	2.7
15759.808	98.84	1.9
15989.04	98.59	1.4
16221.606	98.31	1.2
16457.555	98	1.3
16696.935	97.66	1.8
16939.798	97.3	2.8
17186.193	96.93	4.1
17436.172	96.55	5.8
17689.787	96.17	7.8
17947.091	95.8	10.1
18208.137	95.46	12.6
18472.981	95.16	15.3
18741.676	94.91	18.2
19014.28	94.75	21.1
19290.849	94.65	24.1
19571.441	94.64	26.9
19856.114	94.69	29.7
20144.928	94.81	32.2
20437.943	94.96	34.6
20735.22	95.15	36.6
21036.82	95.37	38.4
21342.808	95.59	40
21653.246	95.81	41.3
21968.2	96.04	42.5
22287.735	96.26	43.5
22611.917	96.47	44.3
22940.815	96.67	45
23274.497	96.87	45.6
23613.033	97.08	46.2
23956.492	97.31	46.6
24304.947	97.55	47
24658.471	97.8	47.1
25017.137	98.06	47.1
25381.019	98.32	46.9
25750.195	98.59	46.6
26124.74	98.86	46.1
26504.733	99.14	45.4
26890.253	99.43	44.5
27281.381	99.73	43.4
27678.198	100.04	41.9
28080.786	100.34	40
28489.231	100.63	37.7
28903.616	100.91	35
29324.029	101.18	31.9
29750.557	101.43	28.4
30183.289	101.66	24.5
30622.315	101.88	20.2
31067.726	102.07	15.5
31519.617	102.23	10.3
31978.08	102.35	4.7
32443.212	102.43	-1.2
32915.11	102.46	-7.5
33393.871	102.45	-14
33879.596	102.39	-20.8
34372.386	102.3	-27.7
34872.344	102.17	-34.7
35379.574	102.01	-41.8
35894.182	101.82	-48.9
36416.274	101.6	-56
36945.961	101.36	-63
37483.353	101.1	-69.8
38028.561	100.84	-76.1
38581.699	100.61	-81.5
39142.882	100.44	-85.4
39712.229	100.38	-86.8
