4.9182	55.26	163.6
4.98973	55.29	161.4
5.06231	55.32	158.7
5.13594	55.36	155.6
5.21065	55.4	152.2
5.28644	55.43	148.6
5.36333	55.46	145
5.44134	55.48	141.3
5.52049	55.5	137.7
5.60078	55.5	134.1
5.68225	55.5	130.6
5.7649	55.47	127.2
5.84875	55.43	124
5.93382	55.37	120.9
6.02013	55.27	118
6.1077	55.14	115.1
6.19654	54.98	112.3
6.28667	54.78	109.5
6.37811	54.54	106.8
6.47088	54.26	104
6.565	53.95	101.2
6.66049	53.6	98.4
6.75737	53.22	95.5
6.85566	52.8	92.4
6.95538	52.37	89.2
7.05655	51.91	85.8
7.15919	51.43	82.2
7.26332	50.94	78.2
7.36897	50.45	74
7.47615	49.93	69.3
7.58489	49.39	64.3
7.69522	48.83	59
7.80715	48.22	53.6
7.92071	47.59	48.3
8.03592	46.93	43.2
8.1528	46.25	38.6
8.27139	45.6	34.8
8.3917	45.02	32.2
8.51376	44.6	30.9
8.63759	44.41	31.4
8.76323	44.52	34.1
8.89069	44.94	39.4
9.02001	45.62	47.6
9.15121	46.45	58.4
9.28432	47.35	71.4
9.41936	48.25	85.7
9.55637	49.11	100.5
9.69537	49.93	114.7
9.83639	50.7	127.4
9.97946	51.42	137.8
10.12462	52.1	145.1
10.27188	52.75	149.2
10.42129	53.39	150
10.57287	54	147.8
10.72666	54.57	143.1
10.88268	55.09	136.4
11.04098	55.54	128
11.20157	55.92	118.4
11.3645	56.21	108
11.5298	56.43	97.2
11.69751	56.56	86.1
11.86765	56.63	74.8
12.04027	56.65	63.3
12.2154	56.61	51.7
12.39308	56.54	39.9
12.57334	56.43	28.1
12.75622	56.28	16.2
12.94176	56.09	4.3
13.13001	55.87	-7.6
13.32099	55.59	-19.5
13.51474	55.26	-31.2
13.71132	54.88	-42.7
13.91076	54.46	-53.9
14.11309	54.03	-64.4
14.31837	53.63	-74.1
14.52664	53.31	-82.9
14.73793	53.08	-90.7
14.9523	52.96	-97.7
15.16979	52.93	-104.2
15.39044	52.99	-110.3
15.6143	53.14	-116.5
15.84141	53.36	-122.9
16.07183	53.65	-130
16.3056	54	-137.8
16.54277	54.4	-146.5
16.78339	54.8	-156.2
17.02751	55.13	-166.5
17.27518	55.36	-177.6
17.52646	55.46	170.9
17.78138	55.42	159
18.04002	55.22	147
18.30242	54.89	135.4
18.56863	54.43	124.7
18.83872	53.84	115.6
19.11274	53.12	108.2
19.39074	52.26	102.3
19.67278	51.25	97.8
19.95893	50.11	94.2
20.24924	48.9	91.4
20.54377	47.76	89.1
20.84259	46.84	87.1
21.14575	46.23	85.1
21.45332	45.95	82.9
21.76537	45.93	80.2
22.08195	46.03	76.4
22.40314	46.15	71.1
22.729	46.21	63.6
23.0596	46.13	52.9
23.39501	45.79	37.6
23.7353	45.2	18.2
24.08054	44.6	-2.1
24.4308	44.12	-20.7
24.78615	43.73	-37
25.14667	43.37	-52.4
25.51244	43.03	-67.9
25.88353	42.74	-82.6
26.26001	42.58	-95.1
26.64197	42.55	-105.6
27.02949	42.61	-114.9
27.42264	42.72	-124
27.82151	42.9	-133.2
28.22619	43.11	-141.7
28.63675	43.29	-149.2
29.05328	43.41	-156.2
29.47587	43.49	-163
29.9046	43.51	-168.8
30.33958	43.48	-173.7
30.78088	43.4	-177.8
31.22859	43.3	179.6
31.68282	43.19	178.7
32.14366	43.07	178.9
32.6112	42.96	179.7
33.08554	42.83	-178.9
33.56678	42.65	-177.2
34.05502	42.46	-175.4
34.55036	42.28	-173.2
35.05291	42.09	-170.4
35.56277	41.92	-167.3
36.08004	41.84	-164
36.60484	41.86	-160.5
37.13727	41.98	-157
37.67744	42.19	-153.8
38.22547	42.45	-150.6
38.78147	42.74	-147.6
39.34556	43.06	-144.9
39.91786	43.44	-142.6
40.49848	43.89	-140.9
41.08754	44.41	-139.5
41.68517	45	-138.3
42.2915	45.65	-137.5
42.90664	46.31	-136.9
43.53073	46.96	-136.5
44.1639	47.58	-136.5
44.80628	48.15	-136.6
45.458	48.66	-136.9
46.1192	49.11	-137.2
46.79002	49.52	-137.5
47.4706	49.94	-137.7
48.16108	50.38	-137.9
48.86159	50.85	-138.3
49.5723	51.32	-139.4
50.29335	51.8	-141.2
51.02488	52.26	-143.6
51.76706	52.68	-146.5
52.52003	53.03	-149.8
53.28395	53.31	-153.2
54.05898	53.51	-156.5
54.84529	53.64	-159.6
55.64303	53.72	-162.7
56.45238	53.76	-165.6
57.27349	53.77	-168.3
58.10656	53.77	-170.7
58.95174	53.75	-172.9
59.80921	53.72	-174.9
60.67915	53.65	-176.6
61.56175	53.55	-177.9
62.45719	53.42	-178.9
63.36565	53.27	-179.6
64.28732	53.12	-179.8
65.2224	52.99	-179.7
66.17109	52.89	-179.2
67.13357	52.85	-178.4
68.11005	52.88	-177.5
69.10073	53.01	-176.4
70.10582	53.22	-175.4
71.12554	53.5	-174.5
72.16008	53.82	-173.9
73.20967	54.16	-173.6
74.27453	54.5	-173.7
75.35488	54.82	-174.2
76.45094	55.12	-175.1
77.56295	55.36	-176.3
78.69113	55.55	-177.7
79.83571	55.67	-179.1
80.99695	55.75	179.6
82.17508	55.78	178.3
83.37034	55.76	177.1
84.58299	55.72	176.3
85.81328	55.64	175.9
87.06146	55.54	176
88.3278	55.43	176.6
89.61256	55.33	177.7
90.916	55.25	179.2
92.23841	55.22	-178.9
93.58005	55.25	-176.7
94.9412	55.35	-174.2
96.32215	55.52	-171.4
97.72319	55.79	-168.5
99.14461	56.13	-165.5
100.5867	56.55	-162.6
102.04976	57.02	-159.9
103.53411	57.53	-157.4
105.04005	58.06	-155.3
106.56789	58.6	-153.6
108.11796	59.15	-152.3
109.69057	59.7	-151.3
111.28606	60.27	-150.5
112.90475	60.87	-150
114.54699	61.47	-149.7
116.21311	62.08	-149.6
117.90347	62.67	-149.7
119.61842	63.24	-150
121.35831	63.79	-150.4
123.1235	64.32	-151
124.91438	64.84	-151.8
126.7313	65.36	-152.7
128.57465	65.87	-153.9
130.44481	66.36	-155.4
132.34217	66.82	-157.1
134.26713	67.24	-159
136.22009	67.61	-161.1
138.20146	67.93	-163.4
140.21165	68.22	-165.8
142.25107	68.47	-168.2
144.32016	68.69	-170.6
146.41935	68.89	-172.8
148.54906	69.08	-175
150.70976	69.25	-177.1
152.90188	69.4	-179.1
155.12589	69.53	178.9
157.38225	69.66	177.1
159.67143	69.77	175.4
161.9939	69.87	173.9
164.35016	69.97	172.5
166.74069	70.08	171.3
169.16599	70.19	170.1
171.62656	70.3	168.9
174.12293	70.39	167.8
176.6556	70.47	166.8
179.22512	70.53	165.9
181.83201	70.59	165.2
184.47682	70.64	164.7
187.16009	70.71	164.4
189.8824	70.79	164.3
192.6443	70.9	164.3
195.44638	71.03	164.4
198.28921	71.19	164.5
201.1734	71.37	164.6
204.09953	71.55	164.6
207.06823	71.73	164.6
210.0801	71.9	164.6
213.13579	72.06	164.7
216.23592	72.21	164.8
219.38114	72.35	165.1
222.57212	72.51	165.5
225.8095	72.69	166.1
229.09398	72.91	167
232.42622	73.18	168.1
235.80694	73.53	169.4
239.23683	73.95	170.7
242.71661	74.43	172
246.24701	74.94	173.3
249.82875	75.49	174.6
253.4626	76.05	175.7
257.14929	76.64	176.8
260.88962	77.23	177.6
264.68434	77.82	178.1
268.53427	78.39	178.2
272.44019	78.93	177.9
276.40292	79.44	176.9
280.42329	79.92	175.3
284.50214	80.34	173.2
288.64032	80.7	170.6
292.83869	81.01	167.8
297.09813	81.26	164.8
301.41952	81.45	161.8
305.80377	81.6	158.9
310.25179	81.7	156.1
314.7645	81.77	153.6
319.34286	81.82	151.2
323.98781	81.85	149.1
328.70032	81.87	147.3
333.48138	81.89	145.7
338.33197	81.9	144.3
343.25313	81.91	143.1
348.24586	81.9	142.1
353.31121	81.89	141.4
358.45024	81.89	140.9
363.66402	81.9	140.8
368.95363	81.94	140.9
374.32019	82.02	141.2
379.7648	82.15	141.7
385.28861	82.32	142.3
390.89276	82.55	143
396.57842	82.82	143.6
402.34679	83.15	144.3
408.19906	83.51	144.8
414.13645	83.9	145.3
420.1602	84.3	145.6
426.27158	84.71	145.7
432.47184	85.11	145.6
438.76229	85.5	145.2
445.14423	85.85	144.5
451.619	86.18	143.5
458.18795	86.46	142.2
464.85245	86.7	140.7
471.61388	86.9	139.1
478.47367	87.06	137.5
485.43323	87.2	135.9
492.49401	87.33	134.4
499.6575	87.44	133.2
506.92519	87.55	132.1
514.29859	87.66	131.3
521.77923	87.79	130.8
529.36869	87.95	130.5
537.06853	88.16	130.5
544.88037	88.43	130.7
552.80584	88.77	130.9
560.84659	89.15	131
569.00429	89.55	130.9
577.28065	89.95	130.6
585.67739	90.31	129.9
594.19626	90.65	129.1
602.83904	90.96	128
611.60754	91.24	126.7
620.50358	91.49	125.3
629.52901	91.71	123.7
638.68572	91.91	122
647.97562	92.09	120.2
657.40064	92.25	118.5
666.96275	92.4	116.8
676.66395	92.55	115.3
686.50625	92.71	114
696.49171	92.88	112.7
706.62242	93.07	111.5
716.90048	93.28	110.3
727.32804	93.48	109.1
737.90727	93.68	107.8
748.64037	93.86	106.4
759.5296	94.03	105.1
770.57721	94.18	103.6
781.78552	94.31	102.2
793.15685	94.43	100.8
804.69358	94.55	99.4
816.39812	94.66	98
828.2729	94.76	96.7
840.32041	94.86	95.3
852.54315	94.96	94.1
864.94368	95.06	92.9
877.52457	95.17	91.8
890.28846	95.28	90.8
903.238	95.41	89.9
916.3759	95.54	89
929.7049	95.68	88.1
943.22777	95.83	87.3
956.94733	96.01	86.4
970.86645	96.2	85.5
984.98803	96.4	84.4
999.31501	96.6	83.1
1013.8504	96.8	81.7
1028.5972	96.98	80.2
1043.5585	97.14	78.5
1058.7374	97.27	76.8
1074.1371	97.39	75
1089.7607	97.48	73.3
1105.6117	97.56	71.7
1121.6932	97.63	70.1
1138.0086	97.7	68.5
1154.5613	97.77	66.8
1171.3548	97.82	65.1
1188.3925	97.85	63.5
1205.6781	97.86	62
1223.2151	97.86	60.6
1241.0072	97.86	59.4
1259.058	97.87	58.3
1277.3714	97.89	57.4
1295.9512	97.94	56.5
1314.8013	98	55.5
1333.9255	98.07	54.6
1353.3279	98.14	53.5
1373.0125	98.21	52.5
1392.9834	98.28	51.4
1413.2448	98.36	50.4
1433.801	98.44	49.3
1454.6561	98.51	48.1
1475.8145	98.59	46.9
1497.2807	98.65	45.6
1519.0592	98.71	44.3
1541.1544	98.75	43
1563.571	98.78	41.7
1586.3137	98.8	40.5
1609.3872	98.82	39.3
1632.7962	98.84	38.2
1656.5458	98.86	37.1
1680.6408	98.88	36.1
1705.0863	98.91	35
1729.8874	98.94	34
1755.0491	98.97	33
1780.5769	99.01	32
1806.476	99.04	30.9
1832.7518	99.07	29.9
1859.4098	99.11	28.8
1886.4555	99.14	27.8
1913.8947	99.17	26.7
1941.7329	99.2	25.7
1969.9761	99.24	24.6
1998.63	99.28	23.6
2027.7008	99.32	22.5
2057.1943	99.36	21.3
2087.1169	99.4	20.1
2117.4747	99.44	18.9
2148.2741	99.47	17.7
2179.5215	99.51	16.5
2211.2234	99.55	15.3
2243.3863	99.59	14
2276.0171	99.63	12.7
2309.1226	99.68	11.3
2342.7095	99.73	9.7
2376.785	99.77	8
2411.3562	99.79	6.2
2446.4302	99.79	4.3
2482.0143	99.77	2.4
2518.116	99.71	0.5
2554.7429	99.64	-1.3
2591.9025	99.55	-3.1
2629.6026	99.45	-4.8
2667.851	99.34	-6.4
2706.6558	99.21	-7.9
2746.025	99.06	-9.4
2785.9669	98.9	-10.8
2826.4897	98.73	-12.2
2867.6019	98.54	-13.4
2909.3121	98.33	-14.5
2951.6291	98.12	-15.4
2994.5615	97.91	-16.3
3038.1184	97.71	-17
3082.3088	97.51	-17.6
3127.1421	97.32	-18
3172.6274	97.14	-18.5
3218.7743	96.97	-18.9
3265.5925	96.81	-19.2
3313.0916	96.65	-19.6
3361.2816	96.5	-19.9
3410.1726	96.35	-20.2
3459.7747	96.22	-20.4
3510.0983	96.08	-20.7
3561.1538	95.97	-21
3612.952	95.86	-21.2
3665.5036	95.78	-21.6
3718.8196	95.7	-22
3772.9111	95.62	-22.6
3827.7893	95.53	-23.2
3883.4658	95.44	-23.9
3939.9521	95.32	-24.7
3997.26	95.2	-25.4
4055.4015	95.06	-26.1
4114.3887	94.91	-26.7
4174.2339	94.76	-27.3
4234.9495	94.59	-27.8
4296.5482	94.43	-28.4
4359.043	94.24	-28.9
4422.4467	94.05	-29.3
4486.7727	93.84	-29.6
4552.0343	93.62	-29.8
4618.2452	93.4	-29.8
4685.4191	93.18	-29.8
4753.5701	92.97	-29.7
4822.7123	92.77	-29.5
4892.8603	92.58	-29.3
4964.0286	92.39	-29
5036.2321	92.2	-28.7
5109.4857	92.01	-28.3
5183.8049	91.83	-27.9
5259.2051	91.66	-27.4
5335.702	91.5	-26.9
5413.3116	91.35	-26.5
5492.05	91.21	-26
5571.9337	91.08	-25.5
5652.9794	90.95	-25
5735.2038	90.83	-24.6
5818.6243	90.71	-24.1
5903.2581	90.61	-23.7
5989.123	90.51	-23.3
6076.2368	90.41	-22.9
6164.6177	90.31	-22.6
6254.2841	90.21	-22.4
6345.2548	90.11	-22.1
6437.5486	90	-21.9
6531.1849	89.89	-21.6
6626.1832	89.78	-21.3
6722.5633	89.67	-21.1
6820.3452	89.56	-20.8
6919.5494	89.45	-20.6
7020.1966	89.33	-20.4
7122.3077	89.2	-20.1
7225.904	89.06	-19.9
7331.0072	88.92	-19.5
7437.6392	88.78	-19.1
7545.8221	88.63	-18.6
7655.5786	88.49	-18.1
7766.9316	88.36	-17.6
7879.9042	88.23	-17.1
7994.5201	88.1	-16.6
8110.803	87.97	-16
8228.7774	87.84	-15.5
8348.4677	87.7	-14.9
8469.899	87.57	-14.3
8593.0965	87.43	-13.6
8718.086	87.31	-12.9
8844.8934	87.19	-12.2
8973.5454	87.08	-11.4
9104.0686	86.97	-10.6
9236.4903	86.87	-9.8
9370.8382	86.79	-9
9507.1402	86.71	-8.3
9645.4247	86.64	-7.6
9785.7206	86.57	-7
9928.0572	86.52	-6.4
10072.464	86.47	-5.9
10218.971	86.43	-5.6
10367.61	86.38	-5.4
10518.41	86.33	-5.3
10671.404	86.25	-5.4
10826.623	86.16	-5.5
10984.1	86.06	-5.7
11143.867	85.92	-5.9
11305.959	85.76	-6
11470.408	85.58	-6.1
11637.249	85.38	-6.1
11806.516	85.16	-6.1
11978.246	84.92	-6
12152.474	84.65	-5.9
12329.235	84.35	-5.6
12508.568	84.01	-5.2
12690.51	83.66	-4.4
12875.097	83.29	-3.4
13062.37	82.91	-2
13252.366	82.53	-0.3
13445.127	82.15	1.7
13640.69	81.77	3.9
13839.099	81.39	6.4
14040.393	81.01	9.2
14244.615	80.63	12.3
14451.808	80.28	15.8
14662.014	79.97	19.6
14875.278	79.74	23.8
15091.644	79.63	28.2
15311.157	79.64	32.5
15533.863	79.79	36.6
15759.808	80.03	40.4
15989.04	80.35	43.7
16221.606	80.7	46.6
16457.555	81.07	48.9
16696.935	81.43	50.8
16939.798	81.78	52.1
17186.193	82.1	52.9
17436.172	82.39	53.1
17689.787	82.65	52.7
17947.091	82.87	51.8
18208.137	83.04	50.4
18472.981	83.17	48.6
18741.676	83.27	46.6
19014.28	83.31	44.3
19290.849	83.32	41.9
19571.441	83.28	39.5
19856.114	83.21	37.1
20144.928	83.12	34.6
20437.943	83.01	32.1
20735.22	82.89	29.4
21036.82	82.76	26.5
21342.808	82.62	23.3
21653.246	82.47	19.6
21968.2	82.31	15.5
22287.735	82.13	10.8
22611.917	81.91	5.4
22940.815	81.66	-0.8
23274.497	81.38	-7.6
23613.033	81.07	-15.4
23956.492	80.72	-24.3
24304.947	80.34	-34.6
24658.471	79.92	-46.9
25017.137	79.44	-61.3
25381.019	78.91	-78.3
25750.195	78.31	-98.4
26124.74	77.65	-122.5
26504.733	76.93	-150.6
26890.253	76.16	177.6
27281.381	75.37	143.2
27678.198	74.63	107
28080.786	74.02	69.6
28489.231	73.59	31.7
28903.616	73.4	-6.5
29324.029	73.46	-44.4
29750.557	73.77	-81.8
30183.289	74.26	-118.3
30622.315	74.86	-153.5
31067.726	75.51	173.2
31519.617	76.15	142.3
31978.08	76.76	114.3
32443.212	77.29	89.2
32915.11	77.74	66.5
33393.871	78.13	45.6
33879.596	78.46	25.7
34372.386	78.74	6.4
34872.344	78.95	-12.5
35379.574	79.1	-31.2
35894.182	79.17	-49.6
36416.274	79.18	-67.5
36945.961	79.14	-85
37483.353	79.04	-101.8
38028.561	78.91	-117.3
38581.699	78.75	-130.7
39142.882	78.62	-140.4
39712.229	78.57	-144.1
