4.9182	63.56	0.7
4.98973	63.8	0.9
5.06231	64.07	1.2
5.13594	64.35	1.5
5.21065	64.63	1.8
5.28644	64.89	2.1
5.36333	65.13	2.3
5.44134	65.34	2.4
5.52049	65.53	2.5
5.60078	65.68	2.4
5.68225	65.81	2.2
5.7649	65.91	1.7
5.84875	65.99	0.9
5.93382	66.04	-0.3
6.02013	66.08	-2
6.1077	66.12	-4.2
6.19654	66.14	-6.9
6.28667	66.16	-10
6.37811	66.17	-13.6
6.47088	66.18	-17.5
6.565	66.18	-21.6
6.66049	66.18	-25.9
6.75737	66.18	-30.2
6.85566	66.17	-34.4
6.95538	66.16	-38.6
7.05655	66.14	-42.5
7.15919	66.1	-46.1
7.26332	66.05	-49.4
7.36897	65.97	-52.5
7.47615	65.86	-55.2
7.58489	65.71	-57.7
7.69522	65.51	-60
7.80715	65.28	-62.2
7.92071	65	-64.3
8.03592	64.68	-66.4
8.1528	64.33	-68.6
8.27139	63.96	-70.8
8.3917	63.57	-73.3
8.51376	63.17	-76
8.63759	62.79	-79
8.76323	62.42	-82.3
8.89069	62.08	-86.1
9.02001	61.77	-90.4
9.15121	61.47	-95.3
9.28432	61.2	-100.8
9.41936	60.95	-106.9
9.55637	60.73	-113.7
9.69537	60.56	-121.3
9.83639	60.43	-129.7
9.97946	60.36	-139
10.12462	60.35	-149.3
10.27188	60.43	-161
10.42129	60.59	-174.1
10.57287	60.83	171.2
10.72666	61.15	155.1
10.88268	61.52	137.9
11.04098	61.92	120
11.20157	62.35	101.8
11.3645	62.8	84
11.5298	63.25	66.7
11.69751	63.71	50.4
11.86765	64.18	35
12.04027	64.64	20.5
12.2154	65.08	6.7
12.39308	65.48	-6.5
12.57334	65.81	-19.2
12.75622	66.05	-31.5
12.94176	66.2	-43.6
13.13001	66.22	-55.6
13.32099	66.11	-67.5
13.51474	65.87	-79.2
13.71132	65.48	-90.4
13.91076	64.95	-100.7
14.11309	64.3	-109.6
14.31837	63.54	-116.6
14.52664	62.71	-121.5
14.73793	61.85	-124.1
14.9523	60.95	-124.8
15.16979	60.02	-124.1
15.39044	59.07	-123
15.6143	58.13	-122.6
15.84141	57.25	-123.9
16.07183	56.49	-128.1
16.3056	55.91	-135.9
16.54277	55.54	-147.9
16.78339	55.4	-163.7
17.02751	55.47	177.3
17.27518	55.75	156
17.52646	56.23	133.2
17.78138	56.86	109.3
18.04002	57.57	84.7
18.30242	58.26	59.9
18.56863	58.83	35.3
18.83872	59.23	11.6
19.11274	59.46	-10.9
19.39074	59.53	-32
19.67278	59.46	-51.7
19.95893	59.26	-70.1
20.24924	58.94	-87.4
20.54377	58.46	-103.6
20.84259	57.79	-118.6
21.14575	56.84	-132.4
21.45332	55.48	-144.9
21.76537	53.45	-155.8
22.08195	49.87	-164.7
22.40314	39.52	-170.9
22.729	49.35	-173.5
23.0596	50.84	-170.9
23.39501	49.85	-161
23.7353	43.94	-145.7
24.08054	46.17	-131.6
24.4308	49.02	-121.5
24.78615	50.15	-114.4
25.14667	50.79	-109.4
25.51244	51.19	-105.7
25.88353	51.45	-102.7
26.26001	51.59	-100.9
26.64197	51.63	-100.3
27.02949	51.64	-99.9
27.42264	51.65	-99.3
27.82151	51.64	-98
28.22619	51.57	-96.1
28.63675	51.45	-94.3
29.05328	51.29	-93.2
29.47587	51.07	-92.5
29.9046	50.81	-91.6
30.33958	50.47	-90.4
30.78088	50.08	-88.9
31.22859	49.76	-87.3
31.68282	49.59	-85.6
32.14366	49.53	-83.7
32.6112	49.55	-81.7
33.08554	49.61	-80.1
33.56678	49.7	-78.9
34.05502	49.8	-78.2
34.55036	49.88	-78.8
35.05291	49.91	-81
35.56277	49.92	-83.9
36.08004	49.9	-86.8
36.60484	49.86	-89.7
37.13727	49.81	-92.5
37.67744	49.76	-95.4
38.22547	49.71	-98.4
38.78147	49.64	-101.2
39.34556	49.55	-104
39.91786	49.43	-106.5
40.49848	49.29	-108.8
41.08754	49.14	-110.8
41.68517	48.98	-112.6
42.2915	48.82	-114.1
42.90664	48.7	-115.3
43.53073	48.62	-116.2
44.1639	48.58	-117.1
44.80628	48.59	-118.1
45.458	48.64	-119.3
46.1192	48.71	-120.4
46.79002	48.79	-121.5
47.4706	48.89	-122.5
48.16108	49.05	-123.6
48.86159	49.25	-124.7
49.5723	49.5	-125.9
50.29335	49.77	-127.3
51.02488	50.08	-129.1
51.76706	50.38	-131.2
52.52003	50.66	-133.9
53.28395	50.88	-136.9
54.05898	51.02	-139.9
54.84529	51.09	-142.9
55.64303	51.13	-145.6
56.45238	51.12	-147.8
57.27349	51.1	-149.6
58.10656	51.09	-151.1
58.95174	51.1	-152.4
59.80921	51.14	-153.5
60.67915	51.18	-154.4
61.56175	51.24	-155.2
62.45719	51.29	-156
63.36565	51.35	-156.6
64.28732	51.42	-157.1
65.2224	51.49	-157.4
66.17109	51.58	-157.4
67.13357	51.7	-157.2
68.11005	51.88	-156.8
69.10073	52.14	-156.6
70.10582	52.47	-156.7
71.12554	52.87	-157.1
72.16008	53.3	-158
73.20967	53.71	-159.3
74.27453	54.09	-161.1
75.35488	54.43	-163.1
76.45094	54.71	-165.5
77.56295	54.92	-168.1
78.69113	55.06	-170.6
79.83571	55.14	-173
80.99695	55.18	-175.1
82.17508	55.16	-176.9
83.37034	55.12	-178.4
84.58299	55.04	-179.2
85.81328	54.94	-179.3
87.06146	54.81	-178.8
88.3278	54.67	-177.7
89.61256	54.52	-176.2
90.916	54.39	-174.2
92.23841	54.31	-171.9
93.58005	54.3	-169.3
94.9412	54.36	-166.3
96.32215	54.5	-163
97.72319	54.73	-159.5
99.14461	55.07	-155.7
100.5867	55.51	-152
102.04976	56.03	-148.6
103.53411	56.62	-145.7
105.04005	57.24	-143.4
106.56789	57.87	-141.8
108.11796	58.49	-140.7
109.69057	59.12	-139.8
111.28606	59.76	-139.2
112.90475	60.43	-138.7
114.54699	61.11	-138.3
116.21311	61.79	-137.9
117.90347	62.45	-137.8
119.61842	63.09	-137.9
121.35831	63.7	-138.3
123.1235	64.29	-139
124.91438	64.88	-139.9
126.7313	65.45	-141
128.57465	66.01	-142.5
130.44481	66.54	-144.1
132.34217	67.04	-146
134.26713	67.5	-148.2
136.22009	67.9	-150.5
138.20146	68.25	-152.9
140.21165	68.57	-155.5
142.25107	68.86	-158.1
144.32016	69.11	-160.6
146.41935	69.35	-163
148.54906	69.56	-165.4
150.70976	69.76	-167.7
152.90188	69.94	-169.9
155.12589	70.1	-172.1
157.38225	70.25	-174.1
159.67143	70.38	-175.9
161.9939	70.5	-177.5
164.35016	70.63	-179
166.74069	70.77	179.6
169.16599	70.91	178.3
171.62656	71.04	177
174.12293	71.16	175.8
176.6556	71.26	174.7
179.22512	71.34	173.7
181.83201	71.41	172.9
184.47682	71.49	172.2
187.16009	71.57	171.8
189.8824	71.67	171.4
192.6443	71.79	171.2
195.44638	71.93	171.1
198.28921	72.08	171
201.1734	72.24	170.8
204.09953	72.4	170.6
207.06823	72.56	170.5
210.0801	72.7	170.3
213.13579	72.83	170.3
216.23592	72.96	170.4
219.38114	73.08	170.6
222.57212	73.21	171
225.8095	73.36	171.7
229.09398	73.55	172.6
232.42622	73.8	173.8
235.80694	74.11	175.1
239.23683	74.49	176.5
242.71661	74.93	178
246.24701	75.41	179.4
249.82875	75.93	-179.1
253.4626	76.48	-177.7
257.14929	77.06	-176.4
260.88962	77.66	-175.3
264.68434	78.27	-174.5
268.53427	78.85	-174.1
272.44019	79.41	-174.2
276.40292	79.94	-174.9
280.42329	80.43	-176.1
284.50214	80.88	-177.8
288.64032	81.27	-180
292.83869	81.6	177.6
297.09813	81.89	175
301.41952	82.12	172.3
305.80377	82.31	169.6
310.25179	82.45	167
314.7645	82.56	164.4
319.34286	82.64	162
323.98781	82.7	159.8
328.70032	82.73	157.9
333.48138	82.75	156.1
338.33197	82.76	154.5
343.25313	82.74	153.1
348.24586	82.71	152
353.31121	82.66	151.2
358.45024	82.6	150.9
363.66402	82.57	151
368.95363	82.56	151.5
374.32019	82.61	152.3
379.7648	82.72	153.4
385.28861	82.91	154.7
390.89276	83.16	156.2
396.57842	83.49	157.6
402.34679	83.87	159
408.19906	84.31	160.4
414.13645	84.78	161.6
420.1602	85.28	162.7
426.27158	85.77	163.5
432.47184	86.26	163.9
438.76229	86.73	164
445.14423	87.16	163.6
451.619	87.55	162.8
458.18795	87.9	161.6
464.85245	88.19	160.1
471.61388	88.44	158.4
478.47367	88.66	156.7
485.43323	88.84	155
492.49401	89.01	153.5
499.6575	89.16	152.2
506.92519	89.31	151.2
514.29859	89.48	150.6
521.77923	89.69	150.3
529.36869	89.95	150.4
537.06853	90.3	150.7
544.88037	90.71	151.1
552.80584	91.2	151.5
560.84659	91.72	151.7
569.00429	92.26	151.7
577.28065	92.77	151.3
585.67739	93.24	150.6
594.19626	93.67	149.6
602.83904	94.05	148.2
611.60754	94.38	146.4
620.50358	94.66	144.3
629.52901	94.89	141.9
638.68572	95.08	139.3
647.97562	95.22	136.6
657.40064	95.32	134
666.96275	95.4	131.6
676.66395	95.46	129.6
686.50625	95.53	127.9
696.49171	95.62	126.5
706.62242	95.73	125.2
716.90048	95.87	124
727.32804	96.02	122.8
737.90727	96.17	121.6
748.64037	96.32	120.5
759.5296	96.44	119.3
770.57721	96.55	118.2
781.78552	96.66	117.2
793.15685	96.75	116.2
804.69358	96.86	115.4
816.39812	96.97	114.6
828.2729	97.1	113.8
840.32041	97.25	113.1
852.54315	97.42	112.5
864.94368	97.61	111.8
877.52457	97.83	111.2
890.28846	98.05	110.5
903.238	98.28	109.8
916.3759	98.5	109.1
929.7049	98.72	108.3
943.22777	98.93	107.6
956.94733	99.16	106.9
970.86645	99.41	106.2
984.98803	99.69	105.2
999.31501	99.99	103.9
1013.8504	100.28	102.2
1028.5972	100.54	100.3
1043.5585	100.76	98.2
1058.7374	100.92	95.9
1074.1371	101.03	93.7
1089.7607	101.11	91.7
1105.6117	101.17	90
1121.6932	101.23	88.5
1138.0086	101.32	87.1
1154.5613	101.41	85.5
1171.3548	101.49	83.7
1188.3925	101.55	81.9
1205.6781	101.56	80.1
1223.2151	101.54	78.5
1241.0072	101.51	77.3
1259.058	101.49	76.4
1277.3714	101.51	75.7
1295.9512	101.58	75.1
1314.8013	101.69	74.4
1333.9255	101.8	73.5
1353.3279	101.92	72.5
1373.0125	102.02	71.3
1392.9834	102.12	70.1
1413.2448	102.21	68.9
1433.801	102.31	67.8
1454.6561	102.42	66.6
1475.8145	102.54	65.2
1497.2807	102.63	63.7
1519.0592	102.71	62
1541.1544	102.75	60.3
1563.571	102.76	58.7
1586.3137	102.77	57.2
1609.3872	102.77	55.8
1632.7962	102.76	54.4
1656.5458	102.76	53.2
1680.6408	102.75	52.1
1705.0863	102.75	50.9
1729.8874	102.75	49.9
1755.0491	102.76	48.8
1780.5769	102.76	47.8
1806.476	102.77	46.8
1832.7518	102.78	45.9
1859.4098	102.79	45
1886.4555	102.81	44
1913.8947	102.83	43.1
1941.7329	102.84	42.1
1969.9761	102.86	41.1
1998.63	102.88	40.2
2027.7008	102.91	39.3
2057.1943	102.95	38.3
2087.1169	102.98	37.2
2117.4747	102.99	36.1
2148.2741	102.99	35
2179.5215	102.98	34
2211.2234	102.98	33.1
2243.3863	102.99	32.2
2276.0171	103.01	31.3
2309.1226	103.03	30.4
2342.7095	103.06	29.4
2376.785	103.1	28.4
2411.3562	103.13	27.3
2446.4302	103.15	26.1
2482.0143	103.16	24.8
2518.116	103.16	23.6
2554.7429	103.16	22.3
2591.9025	103.15	21.1
2629.6026	103.13	19.7
2667.851	103.11	18.4
2706.6558	103.07	17
2746.025	103.02	15.7
2785.9669	102.97	14.4
2826.4897	102.9	13
2867.6019	102.81	11.7
2909.3121	102.72	10.4
2951.6291	102.61	9.2
2994.5615	102.49	8
3038.1184	102.37	6.9
3082.3088	102.23	5.9
3127.1421	102.09	5
3172.6274	101.95	4.1
3218.7743	101.8	3.3
3265.5925	101.66	2.6
3313.0916	101.51	2
3361.2816	101.37	1.4
3410.1726	101.23	0.9
3459.7747	101.09	0.3
3510.0983	100.95	-0.1
3561.1538	100.8	-0.6
3612.952	100.66	-1
3665.5036	100.51	-1.3
3718.8196	100.37	-1.5
3772.9111	100.24	-1.7
3827.7893	100.11	-1.9
3883.4658	99.99	-2
3939.9521	99.88	-2.2
3997.26	99.77	-2.4
4055.4015	99.65	-2.5
4114.3887	99.54	-2.7
4174.2339	99.42	-2.8
4234.9495	99.3	-2.8
4296.5482	99.2	-2.9
4359.043	99.09	-2.9
4422.4467	99	-2.9
4486.7727	98.9	-3
4552.0343	98.8	-3
4618.2452	98.71	-3
4685.4191	98.61	-2.9
4753.5701	98.51	-2.9
4822.7123	98.42	-2.8
4892.8603	98.33	-2.6
4964.0286	98.25	-2.5
5036.2321	98.18	-2.4
5109.4857	98.11	-2.3
5183.8049	98.04	-2.2
5259.2051	97.98	-2.1
5335.702	97.92	-2
5413.3116	97.86	-2
5492.05	97.8	-2.1
5571.9337	97.74	-2.1
5652.9794	97.67	-2.2
5735.2038	97.6	-2.2
5818.6243	97.53	-2.2
5903.2581	97.46	-2.3
5989.123	97.38	-2.3
6076.2368	97.31	-2.3
6164.6177	97.22	-2.4
6254.2841	97.14	-2.4
6345.2548	97.05	-2.4
6437.5486	96.96	-2.4
6531.1849	96.86	-2.4
6626.1832	96.77	-2.3
6722.5633	96.69	-2.2
6820.3452	96.61	-2
6919.5494	96.53	-1.9
7020.1966	96.45	-1.9
7122.3077	96.37	-1.8
7225.904	96.28	-1.7
7331.0072	96.2	-1.5
7437.6392	96.12	-1.4
7545.8221	96.04	-1.2
7655.5786	95.96	-1
7766.9316	95.89	-0.9
7879.9042	95.83	-0.7
7994.5201	95.76	-0.6
8110.803	95.69	-0.5
8228.7774	95.61	-0.4
8348.4677	95.54	-0.3
8469.899	95.46	-0.2
8593.0965	95.38	-0.2
8718.086	95.31	-0.1
8844.8934	95.23	-0.1
8973.5454	95.14	-0.1
9104.0686	95.03	0
9236.4903	94.92	0
9370.8382	94.81	0.2
9507.1402	94.68	0.4
9645.4247	94.56	0.7
9785.7206	94.43	1.1
9928.0572	94.31	1.5
10072.464	94.19	2.1
10218.971	94.09	2.6
10367.61	93.99	3.2
10518.41	93.9	3.7
10671.404	93.82	4.2
10826.623	93.75	4.7
10984.1	93.68	5.2
11143.867	93.63	5.5
11305.959	93.57	5.8
11470.408	93.52	6
11637.249	93.46	6.1
11806.516	93.39	6.2
11978.246	93.32	6.2
12152.474	93.24	6.2
12329.235	93.14	6.2
12508.568	93.02	6.1
12690.51	92.89	6.2
12875.097	92.75	6.2
13062.37	92.6	6.4
13252.366	92.44	6.6
13445.127	92.27	6.9
13640.69	92.11	7.3
13839.099	91.96	7.8
14040.393	91.81	8.2
14244.615	91.67	8.7
14451.808	91.54	9.1
14662.014	91.43	9.5
14875.278	91.33	9.8
15091.644	91.24	10
15311.157	91.16	10
15533.863	91.08	9.8
15759.808	90.98	9.4
15989.04	90.87	8.8
16221.606	90.74	8.2
16457.555	90.57	7.4
16696.935	90.37	6.8
16939.798	90.14	6.3
17186.193	89.88	5.9
17436.172	89.59	5.9
17689.787	89.26	6.1
17947.091	88.9	6.7
18208.137	88.51	7.6
18472.981	88.1	9
18741.676	87.67	10.6
19014.28	87.24	12.6
19290.849	86.83	14.7
19571.441	86.46	17
19856.114	86.15	19.4
20144.928	85.9	21.7
20437.943	85.72	24
20735.22	85.6	26.2
21036.82	85.53	28.1
21342.808	85.51	30
21653.246	85.52	31.7
21968.2	85.56	33.3
22287.735	85.64	34.8
22611.917	85.76	36.2
22940.815	85.94	37.4
23274.497	86.15	38.3
23613.033	86.39	38.9
23956.492	86.64	39.1
24304.947	86.89	39
24658.471	87.14	38.6
25017.137	87.38	37.8
25381.019	87.61	36.6
25750.195	87.85	35.1
26124.74	88.07	33
26504.733	88.28	30.5
26890.253	88.49	27.3
27281.381	88.67	23.5
27678.198	88.83	19.1
28080.786	88.96	14.1
28489.231	89.05	8.6
28903.616	89.11	2.6
29324.029	89.13	-3.9
29750.557	89.11	-11
30183.289	89.05	-18.7
30622.315	88.94	-26.9
31067.726	88.79	-35.5
31519.617	88.58	-44.5
31978.08	88.33	-53.7
32443.212	88.03	-63.4
32915.11	87.69	-73.4
33393.871	87.3	-84
33879.596	86.87	-95
34372.386	86.39	-106.8
34872.344	85.86	-119.1
35379.574	85.28	-132
35894.182	84.67	-145.3
36416.274	84.02	-158.6
36945.961	83.38	-171.7
37483.353	82.8	175.7
38028.561	82.29	164.2
38581.699	81.9	154.4
39142.882	81.64	147.3
39712.229	81.54	144.6
