4.9182	65.34	-5.5
4.98973	65.52	-8
5.06231	65.73	-11.2
5.13594	65.95	-14.8
5.21065	66.17	-18.8
5.28644	66.38	-23
5.36333	66.56	-27.4
5.44134	66.72	-32
5.52049	66.85	-36.6
5.60078	66.95	-41.3
5.68225	67.02	-46.1
5.7649	67.05	-50.9
5.84875	67.03	-55.8
5.93382	66.96	-60.8
6.02013	66.84	-66.1
6.1077	66.66	-71.5
6.19654	66.42	-77.1
6.28667	66.12	-82.7
6.37811	65.75	-88.4
6.47088	65.33	-94
6.565	64.83	-99.4
6.66049	64.28	-104.4
6.75737	63.67	-109
6.85566	63.02	-113
6.95538	62.34	-116.2
7.05655	61.67	-118.7
7.15919	61.04	-120.1
7.26332	60.51	-120.4
7.36897	60.13	-119.5
7.47615	59.89	-117.2
7.58489	59.79	-113.7
7.69522	59.8	-109.1
7.80715	59.9	-103.5
7.92071	60.07	-97.4
8.03592	60.27	-91
8.1528	60.48	-84.7
8.27139	60.7	-78.8
8.3917	60.91	-73.7
8.51376	61.11	-69.8
8.63759	61.29	-67.2
8.76323	61.44	-66.2
8.89069	61.58	-67
9.02001	61.71	-69.5
9.15121	61.81	-73.7
9.28432	61.91	-79.4
9.41936	61.98	-86.5
9.55637	62.04	-94.8
9.69537	62.07	-104.1
9.83639	62.08	-114.4
9.97946	62.04	-125.5
10.12462	61.96	-137.2
10.27188	61.82	-149.8
10.42129	61.59	-163.2
10.57287	61.25	-177.5
10.72666	60.8	167.3
10.88268	60.22	151.3
11.04098	59.53	134.7
11.20157	58.73	117.8
11.3645	57.87	100.7
11.5298	57	83.6
11.69751	56.2	66.5
11.86765	55.54	49.6
12.04027	55.03	32.9
12.2154	54.67	16.7
12.39308	54.46	1.6
12.57334	54.38	-11.9
12.75622	54.42	-23.2
12.94176	54.58	-31.7
13.13001	54.83	-37.2
13.32099	55.2	-39.8
13.51474	55.66	-39.8
13.71132	56.22	-38
13.91076	56.85	-35
14.11309	57.54	-31.8
14.31837	58.28	-29.2
14.52664	59.07	-27.8
14.73793	59.9	-28.1
14.9523	60.76	-30.1
15.16979	61.6	-33.8
15.39044	62.39	-38.7
15.6143	63.11	-44.4
15.84141	63.74	-50.6
16.07183	64.28	-56.8
16.3056	64.76	-62.9
16.54277	65.16	-68.8
16.78339	65.52	-74.6
17.02751	65.84	-80.4
17.27518	66.11	-86.2
17.52646	66.35	-92.1
17.78138	66.56	-98
18.04002	66.73	-104
18.30242	66.85	-110
18.56863	66.92	-115.8
18.83872	66.91	-121.4
19.11274	66.82	-126.6
19.39074	66.63	-131.5
19.67278	66.36	-135.7
19.95893	66.03	-139.4
20.24924	65.71	-142.2
20.54377	65.46	-144.1
20.84259	65.29	-145.3
21.14575	65.2	-145.8
21.45332	65.17	-145.9
21.76537	65.18	-145.7
22.08195	65.2	-145.5
22.40314	65.24	-145.4
22.729	65.27	-145.5
23.0596	65.27	-145.9
23.39501	65.25	-147
23.7353	65.21	-148.5
24.08054	65.2	-149.9
24.4308	65.26	-150.8
24.78615	65.37	-151.6
25.14667	65.56	-152.4
25.51244	65.79	-153.1
25.88353	66.04	-153.9
26.26001	66.28	-154.7
26.64197	66.53	-155.5
27.02949	66.76	-156.2
27.42264	66.98	-156.9
27.82151	67.2	-157.7
28.22619	67.42	-158.6
28.63675	67.62	-159.6
29.05328	67.8	-160.7
29.47587	67.99	-161.8
29.9046	68.16	-162.9
30.33958	68.33	-163.9
30.78088	68.5	-165
31.22859	68.67	-165.8
31.68282	68.83	-166.5
32.14366	69.01	-167
32.6112	69.2	-167.5
33.08554	69.42	-167.8
33.56678	69.68	-167.9
34.05502	69.97	-167.8
34.55036	70.3	-167.5
35.05291	70.68	-167.1
35.56277	71.11	-166.6
36.08004	71.58	-166.1
36.60484	72.06	-165.7
37.13727	72.58	-165.3
37.67744	73.12	-165.2
38.22547	73.67	-165.3
38.78147	74.22	-165.6
39.34556	74.74	-166.2
39.91786	75.26	-166.8
40.49848	75.75	-167.6
41.08754	76.23	-168.6
41.68517	76.71	-169.8
42.2915	77.2	-171.2
42.90664	77.68	-172.8
43.53073	78.14	-174.5
44.1639	78.6	-176.4
44.80628	79.05	-178.5
45.458	79.49	179.3
46.1192	79.91	177
46.79002	80.31	174.6
47.4706	80.71	172.1
48.16108	81.11	169.4
48.86159	81.48	166.6
49.5723	81.84	163.7
50.29335	82.17	160.7
51.02488	82.47	157.5
51.76706	82.75	154.2
52.52003	82.98	150.7
53.28395	83.18	147.3
54.05898	83.33	144.1
54.84529	83.45	140.9
55.64303	83.56	137.7
56.45238	83.64	134.6
57.27349	83.71	131.4
58.10656	83.77	128.4
58.95174	83.81	125.5
59.80921	83.83	122.6
60.67915	83.84	120
61.56175	83.84	117.5
62.45719	83.84	115.2
63.36565	83.82	113.1
64.28732	83.81	111.2
65.2224	83.8	109.4
66.17109	83.8	107.8
67.13357	83.83	106.3
68.11005	83.87	104.9
69.10073	83.95	103.6
70.10582	84.07	102.2
71.12554	84.22	100.8
72.16008	84.4	99.2
73.20967	84.58	97.4
74.27453	84.77	95.5
75.35488	84.94	93.2
76.45094	85.1	90.6
77.56295	85.21	87.8
78.69113	85.28	84.8
79.83571	85.3	81.9
80.99695	85.28	79
82.17508	85.21	76.3
83.37034	85.1	73.7
84.58299	84.94	71.3
85.81328	84.75	69.4
87.06146	84.51	68.1
88.3278	84.23	67.3
89.61256	83.9	66.8
90.916	83.55	66.9
92.23841	83.18	67.4
93.58005	82.82	68.3
94.9412	82.46	69.6
96.32215	82.15	71.2
97.72319	81.9	73
99.14461	81.74	75
100.5867	81.69	77.1
102.04976	81.74	79.1
103.53411	81.89	81
105.04005	82.1	82.5
106.56789	82.35	83.8
108.11796	82.62	84.6
109.69057	82.92	85.3
111.28606	83.24	85.7
112.90475	83.59	85.9
114.54699	83.94	85.9
116.21311	84.31	85.7
117.90347	84.67	85.4
119.61842	85.02	84.9
121.35831	85.35	84.1
123.1235	85.67	83.2
124.91438	85.98	82.1
126.7313	86.28	80.8
128.57465	86.58	79.2
130.44481	86.86	77.5
132.34217	87.12	75.5
134.26713	87.36	73.3
136.22009	87.55	70.9
138.20146	87.7	68.5
140.21165	87.82	65.9
142.25107	87.89	63.2
144.32016	87.94	60.7
146.41935	87.96	58.3
148.54906	87.96	56
150.70976	87.94	53.7
152.90188	87.9	51.6
155.12589	87.85	49.5
157.38225	87.76	47.6
159.67143	87.66	45.8
161.9939	87.55	44.2
164.35016	87.42	42.8
166.74069	87.3	41.5
169.16599	87.18	40.2
171.62656	87.07	39.1
174.12293	86.96	37.9
176.6556	86.83	36.9
179.22512	86.71	36
181.83201	86.57	35.3
184.47682	86.43	34.7
187.16009	86.3	34.4
189.8824	86.18	34.1
192.6443	86.07	34
195.44638	85.98	34
198.28921	85.92	34
201.1734	85.87	33.9
204.09953	85.82	33.7
207.06823	85.78	33.4
210.0801	85.74	33.1
213.13579	85.69	32.8
216.23592	85.64	32.5
219.38114	85.58	32.3
222.57212	85.51	32.1
225.8095	85.44	32.1
229.09398	85.36	32.4
232.42622	85.28	33
235.80694	85.23	33.8
239.23683	85.2	34.8
242.71661	85.2	36
246.24701	85.24	37.3
249.82875	85.32	38.7
253.4626	85.46	40.1
257.14929	85.66	41.5
260.88962	85.91	42.8
264.68434	86.21	43.9
268.53427	86.54	44.7
272.44019	86.88	45.1
276.40292	87.21	45.1
280.42329	87.52	44.5
284.50214	87.79	43.3
288.64032	88.03	41.7
292.83869	88.21	39.8
297.09813	88.34	37.7
301.41952	88.42	35.5
305.80377	88.47	33.4
310.25179	88.47	31.4
314.7645	88.45	29.6
319.34286	88.4	27.9
323.98781	88.33	26.4
328.70032	88.25	25.2
333.48138	88.17	24.1
338.33197	88.08	23.2
343.25313	88	22.4
348.24586	87.93	21.7
353.31121	87.86	21.1
358.45024	87.81	20.5
363.66402	87.78	19.9
368.95363	87.75	19.3
374.32019	87.73	18.6
379.7648	87.71	17.8
385.28861	87.68	17
390.89276	87.63	16.2
396.57842	87.56	15.4
402.34679	87.49	14.8
408.19906	87.41	14.4
414.13645	87.32	14
420.1602	87.25	13.8
426.27158	87.17	13.6
432.47184	87.11	13.4
438.76229	87.04	13.2
445.14423	86.98	13.1
451.619	86.92	13
458.18795	86.86	13
464.85245	86.81	13.1
471.61388	86.79	13.3
478.47367	86.78	13.5
485.43323	86.8	13.6
492.49401	86.84	13.5
499.6575	86.86	13.2
506.92519	86.88	12.8
514.29859	86.87	12.4
521.77923	86.85	12
529.36869	86.81	11.7
537.06853	86.76	11.5
544.88037	86.72	11.4
552.80584	86.69	11.3
560.84659	86.66	11.3
569.00429	86.63	11.2
577.28065	86.59	11.2
585.67739	86.54	11.2
594.19626	86.49	11.5
602.83904	86.45	11.9
611.60754	86.43	12.5
620.50358	86.46	13.2
629.52901	86.52	13.9
638.68572	86.62	14.5
647.97562	86.75	15
657.40064	86.9	15.4
666.96275	87.06	15.5
676.66395	87.22	15.5
686.50625	87.37	15.3
696.49171	87.51	15
706.62242	87.64	14.6
716.90048	87.75	14
727.32804	87.85	13.3
737.90727	87.95	12.6
748.64037	88.03	11.8
759.5296	88.11	11
770.57721	88.19	10.1
781.78552	88.27	9.2
793.15685	88.34	8.2
804.69358	88.41	7.2
816.39812	88.48	6.1
828.2729	88.54	5
840.32041	88.59	3.7
852.54315	88.63	2.4
864.94368	88.64	1
877.52457	88.64	-0.5
890.28846	88.62	-2.1
903.238	88.57	-3.6
916.3759	88.5	-5.2
929.7049	88.41	-6.7
943.22777	88.29	-8.1
956.94733	88.14	-9.6
970.86645	87.97	-10.9
984.98803	87.76	-12.1
999.31501	87.53	-13.1
1013.8504	87.27	-13.8
1028.5972	86.99	-14.3
1043.5585	86.7	-14.4
1058.7374	86.42	-14.1
1074.1371	86.15	-13.5
1089.7607	85.9	-12.8
1105.6117	85.66	-11.8
1121.6932	85.44	-10.7
1138.0086	85.24	-9.4
1154.5613	85.06	-7.9
1171.3548	84.93	-6.3
1188.3925	84.85	-4.6
1205.6781	84.84	-2.8
1223.2151	84.88	-1.1
1241.0072	84.98	0.5
1259.058	85.14	1.9
1277.3714	85.34	3
1295.9512	85.56	3.8
1314.8013	85.79	4.3
1333.9255	86.02	4.6
1353.3279	86.24	4.5
1373.0125	86.44	4.1
1392.9834	86.62	3.6
1413.2448	86.78	2.8
1433.801	86.93	1.8
1454.6561	87.05	0.7
1475.8145	87.15	-0.6
1497.2807	87.21	-1.9
1519.0592	87.25	-3.3
1541.1544	87.27	-4.7
1563.571	87.26	-6
1586.3137	87.23	-7.2
1609.3872	87.19	-8.4
1632.7962	87.13	-9.4
1656.5458	87.07	-10.4
1680.6408	87.01	-11.3
1705.0863	86.95	-12.1
1729.8874	86.89	-12.9
1755.0491	86.83	-13.6
1780.5769	86.77	-14.4
1806.476	86.72	-15.1
1832.7518	86.67	-15.8
1859.4098	86.64	-16.5
1886.4555	86.61	-17.3
1913.8947	86.59	-18.2
1941.7329	86.56	-19.2
1969.9761	86.53	-20.2
1998.63	86.5	-21.3
2027.7008	86.47	-22.5
2057.1943	86.43	-23.7
2087.1169	86.39	-25.1
2117.4747	86.34	-26.7
2148.2741	86.28	-28.3
2179.5215	86.2	-30
2211.2234	86.1	-31.8
2243.3863	85.98	-33.7
2276.0171	85.85	-35.6
2309.1226	85.69	-37.6
2342.7095	85.5	-39.6
2376.785	85.29	-41.6
2411.3562	85.05	-43.4
2446.4302	84.78	-45.2
2482.0143	84.48	-46.8
2518.116	84.16	-48.2
2554.7429	83.81	-49.5
2591.9025	83.44	-50.5
2629.6026	83.05	-51.5
2667.851	82.64	-52.2
2706.6558	82.22	-52.9
2746.025	81.8	-53.4
2785.9669	81.38	-53.8
2826.4897	80.97	-54.2
2867.6019	80.58	-54.6
2909.3121	80.21	-55
2951.6291	79.87	-55.6
2994.5615	79.55	-56.3
3038.1184	79.27	-57.3
3082.3088	79.02	-58.7
3127.1421	78.8	-60.5
3172.6274	78.61	-62.9
3218.7743	78.44	-66
3265.5925	78.28	-69.9
3313.0916	78.14	-74.7
3361.2816	78.01	-80.5
3410.1726	77.87	-87.3
3459.7747	77.73	-95.2
3510.0983	77.58	-104.3
3561.1538	77.42	-114.3
3612.952	77.24	-125.4
3665.5036	77.06	-137.2
3718.8196	76.85	-149.6
3772.9111	76.64	-162.5
3827.7893	76.41	-175.6
3883.4658	76.16	171.3
3939.9521	75.92	158.3
3997.26	75.68	145.8
4055.4015	75.45	133.8
4114.3887	75.25	122.4
4174.2339	75.07	111.8
4234.9495	74.91	101.9
4296.5482	74.78	92.9
4359.043	74.65	84.8
4422.4467	74.53	77.5
4486.7727	74.41	71.1
4552.0343	74.28	65.5
4618.2452	74.15	60.4
4685.4191	74.01	56
4753.5701	73.84	52.1
4822.7123	73.65	48.6
4892.8603	73.44	45.6
4964.0286	73.2	43
5036.2321	72.95	40.8
5109.4857	72.69	38.9
5183.8049	72.43	37.1
5259.2051	72.17	35.3
5335.702	71.92	33.5
5413.3116	71.66	31.6
5492.05	71.39	29.5
5571.9337	71.1	27.2
5652.9794	70.81	24.8
5735.2038	70.5	22.1
5818.6243	70.17	19.1
5903.2581	69.82	16
5989.123	69.44	12.7
6076.2368	69.03	9.3
6164.6177	68.59	5.4
6254.2841	68.09	0.7
6345.2548	67.52	-5.3
6437.5486	66.9	-12.7
6531.1849	66.22	-21.9
6626.1832	65.49	-33.3
6722.5633	64.7	-46.6
6820.3452	63.87	-61.4
6919.5494	63.01	-77.2
7020.1966	62.19	-93.8
7122.3077	61.46	-111.1
7225.904	60.87	-129.1
7331.0072	60.39	-147.8
7437.6392	59.97	-166.7
7545.8221	59.57	174.8
7655.5786	59.21	157.3
7766.9316	58.91	141.2
7879.9042	58.67	126.8
7994.5201	58.49	114.3
8110.803	58.32	103.9
8228.7774	58.14	95.2
8348.4677	57.91	88.1
8469.899	57.62	82.2
8593.0965	57.25	77.4
8718.086	56.79	73.5
8844.8934	56.26	70.5
8973.5454	55.73	68.2
9104.0686	55.26	66.2
9236.4903	54.89	64.3
9370.8382	54.63	61.9
9507.1402	54.46	59.1
9645.4247	54.35	55.9
9785.7206	54.29	52.2
9928.0572	54.29	48.2
10072.464	54.31	43.6
10218.971	54.35	38.6
10367.61	54.37	33
10518.41	54.37	27.2
10671.404	54.34	21
10826.623	54.3	14.6
10984.1	54.23	8
11143.867	54.15	1.3
11305.959	54.06	-5.7
11470.408	53.95	-12.9
11637.249	53.82	-20.4
11806.516	53.68	-28.1
11978.246	53.55	-36.2
12152.474	53.43	-44.9
12329.235	53.32	-54.1
12508.568	53.24	-64.1
12690.51	53.17	-74.9
12875.097	53.11	-86.2
13062.37	53.05	-98
13252.366	52.99	-110.3
13445.127	52.88	-123
13640.69	52.73	-136
13839.099	52.52	-149.3
14040.393	52.26	-162.9
14244.615	51.97	-177.1
14451.808	51.64	168
14662.014	51.27	151.8
14875.278	50.86	134.1
15091.644	50.39	114.9
15311.157	49.88	94.1
15533.863	49.35	71.7
15759.808	48.81	47.6
15989.04	48.26	21.8
16221.606	47.71	-6
16457.555	47.17	-36.2
16696.935	46.69	-69
16939.798	46.28	-104.8
17186.193	45.97	-143.4
17436.172	45.75	175.8
17689.787	45.59	133.2
17947.091	45.48	89.5
18208.137	45.39	44.8
18472.981	45.29	-0.7
18741.676	45.15	-46.9
19014.28	44.98	-93.2
19290.849	44.77	-139.2
19571.441	44.55	175.9
19856.114	44.35	132.6
20144.928	44.18	90.8
20437.943	44.02	49.7
20735.22	43.83	8.4
21036.82	43.57	-34.8
21342.808	43.25	-81.6
21653.246	42.88	-133.9
21968.2	42.49	167
22287.735	42.16	100.3
22611.917	41.91	24.5
22940.815	41.79	-62.9
23274.497	41.78	-166.2
23613.033	41.89	68.1
23956.492	42.11	-90.6
24304.947	42.38	62.1
24658.471	42.62	144.8
25017.137	42.8	-170.7
25381.019	42.94	-77.4
25750.195	43.07	94.5
26124.74	43.19	-38.2
26504.733	43.32	-131.8
26890.253	43.48	162.2
27281.381	43.65	115.6
27678.198	43.78	82.8
28080.786	43.88	59.6
28489.231	43.96	43.3
28903.616	44.02	31.7
29324.029	44.07	23.6
29750.557	44.13	17.9
30183.289	44.22	13.8
30622.315	44.35	11
31067.726	44.51	8.9
31519.617	44.68	7.5
31978.08	44.82	6.5
32443.212	44.93	5.8
32915.11	45.01	5.3
33393.871	45.1	5
33879.596	45.2	4.7
34372.386	45.33	4.5
34872.344	45.45	4.4
35379.574	45.57	4.3
35894.182	45.69	4.3
36416.274	45.82	4.2
36945.961	45.95	4.2
37483.353	46.04	4.2
38028.561	46.08	4.2
38581.699	46.09	4.1
39142.882	46.1	4.1
39712.229	46.1	4.1
