4.9182	73.66	167.5
4.98973	73.66	165
5.06231	73.66	161.9
5.13594	73.67	158.5
5.21065	73.67	154.7
5.28644	73.67	150.6
5.36333	73.67	146.4
5.44134	73.66	142
5.52049	73.66	137.4
5.60078	73.65	132.7
5.68225	73.63	127.9
5.7649	73.6	122.9
5.84875	73.56	117.9
5.93382	73.51	112.7
6.02013	73.43	107.4
6.1077	73.32	101.9
6.19654	73.19	96.3
6.28667	73.04	90.5
6.37811	72.85	84.6
6.47088	72.64	78.4
6.565	72.4	72.1
6.66049	72.13	65.6
6.75737	71.84	58.9
6.85566	71.53	52
6.95538	71.21	44.8
7.05655	70.86	37.5
7.15919	70.5	29.8
7.26332	70.14	21.9
7.36897	69.75	13.7
7.47615	69.35	5.2
7.58489	68.93	-3.7
7.69522	68.48	-13
7.80715	67.99	-22.6
7.92071	67.47	-32.7
8.03592	66.91	-43.1
8.1528	66.32	-53.9
8.27139	65.69	-65
8.3917	65.03	-76.6
8.51376	64.35	-88.7
8.63759	63.66	-101.2
8.76323	62.97	-114.3
8.89069	62.28	-128.1
9.02001	61.6	-142.6
9.15121	60.91	-157.6
9.28432	60.21	-172.8
9.41936	59.5	172.4
9.55637	58.77	158.4
9.69537	58.04	145.8
9.83639	57.3	135.3
9.97946	56.57	127.4
10.12462	55.87	122.4
10.27188	55.21	120.7
10.42129	54.59	122.2
10.57287	54.01	126.6
10.72666	53.47	133.3
10.88268	52.99	141.4
11.04098	52.56	149.9
11.20157	52.21	157.6
11.3645	51.95	163.6
11.5298	51.8	166.8
11.69751	51.76	166.5
11.86765	51.86	162.2
12.04027	52.07	153.7
12.2154	52.4	141.3
12.39308	52.8	125.6
12.57334	53.28	107.5
12.75622	53.81	87.6
12.94176	54.37	66.7
13.13001	54.97	45.4
13.32099	55.6	24
13.51474	56.24	2.5
13.71132	56.86	-19.1
13.91076	57.41	-40.7
14.11309	57.89	-62.2
14.31837	58.26	-83.5
14.52664	58.54	-104.5
14.73793	58.72	-125.2
14.9523	58.84	-145.6
15.16979	58.91	-165.7
15.39044	58.97	174.1
15.6143	59.01	153.8
15.84141	59.08	133.1
16.07183	59.17	112
16.3056	59.31	90.3
16.54277	59.5	68.3
16.78339	59.73	46.3
17.02751	59.99	24.9
17.27518	60.28	4.8
17.52646	60.57	-13.8
17.78138	60.88	-30.6
18.04002	61.2	-45.6
18.30242	61.53	-58.8
18.56863	61.87	-70.3
18.83872	62.22	-80
19.11274	62.59	-88.1
19.39074	62.97	-94.8
19.67278	63.36	-100.5
19.95893	63.76	-105.4
20.24924	64.16	-109.9
20.54377	64.57	-114.1
20.84259	64.97	-118.3
21.14575	65.38	-122.4
21.45332	65.76	-126.5
21.76537	66.12	-130.5
22.08195	66.45	-134.3
22.40314	66.74	-138
22.729	66.99	-141.4
23.0596	67.19	-144.4
23.39501	67.34	-146.9
23.7353	67.44	-149.1
24.08054	67.56	-151.6
24.4308	67.69	-154.4
24.78615	67.81	-157.1
25.14667	67.93	-159.6
25.51244	68.05	-162.3
25.88353	68.17	-165.1
26.26001	68.28	-167.6
26.64197	68.37	-169.8
27.02949	68.44	-171.9
27.42264	68.49	-174
27.82151	68.53	-176.1
28.22619	68.55	-178.1
28.63675	68.55	-179.8
29.05328	68.55	178.7
29.47587	68.53	177.4
29.9046	68.52	176.3
30.33958	68.52	175.5
30.78088	68.53	175
31.22859	68.55	174.6
31.68282	68.59	174.6
32.14366	68.65	174.7
32.6112	68.73	174.9
33.08554	68.84	175.3
33.56678	68.98	176
34.05502	69.16	176.8
34.55036	69.41	177.9
35.05291	69.73	179.2
35.56277	70.12	-179.4
36.08004	70.55	-178
36.60484	71.03	-176.7
37.13727	71.56	-175.5
37.67744	72.13	-174.4
38.22547	72.72	-173.6
38.78147	73.31	-173
39.34556	73.89	-172.6
39.91786	74.45	-172.5
40.49848	74.99	-172.6
41.08754	75.51	-172.9
41.68517	76.05	-173.4
42.2915	76.58	-174.2
42.90664	77.1	-175.2
43.53073	77.61	-176.5
44.1639	78.11	-178
44.80628	78.6	-179.7
45.458	79.07	178.4
46.1192	79.52	176.5
46.79002	79.96	174.3
47.4706	80.39	172
48.16108	80.81	169.6
48.86159	81.21	167
49.5723	81.59	164.2
50.29335	81.95	161.3
51.02488	82.28	158.3
51.76706	82.58	155.2
52.52003	82.84	151.9
53.28395	83.05	148.6
54.05898	83.23	145.5
54.84529	83.37	142.4
55.64303	83.5	139.4
56.45238	83.6	136.3
57.27349	83.69	133.2
58.10656	83.77	130.2
58.95174	83.83	127.3
59.80921	83.87	124.5
60.67915	83.9	121.9
61.56175	83.92	119.5
62.45719	83.93	117.2
63.36565	83.93	115.1
64.28732	83.93	113.2
65.2224	83.93	111.4
66.17109	83.94	109.8
67.13357	83.97	108.3
68.11005	84.02	106.9
69.10073	84.1	105.6
70.10582	84.21	104.2
71.12554	84.36	102.8
72.16008	84.53	101.3
73.20967	84.7	99.6
74.27453	84.88	97.6
75.35488	85.04	95.4
76.45094	85.18	92.9
77.56295	85.29	90.1
78.69113	85.34	87.3
79.83571	85.35	84.5
80.99695	85.32	81.9
82.17508	85.24	79.3
83.37034	85.12	77
84.58299	84.96	74.9
85.81328	84.76	73.3
87.06146	84.52	72.3
88.3278	84.25	71.7
89.61256	83.93	71.5
90.916	83.59	71.8
92.23841	83.24	72.5
93.58005	82.9	73.6
94.9412	82.59	75
96.32215	82.31	76.7
97.72319	82.11	78.6
99.14461	82	80.7
100.5867	81.99	82.8
102.04976	82.08	84.8
103.53411	82.25	86.6
105.04005	82.48	88.1
106.56789	82.74	89.3
108.11796	83.02	90.2
109.69057	83.33	90.9
111.28606	83.66	91.3
112.90475	84.02	91.5
114.54699	84.39	91.6
116.21311	84.76	91.6
117.90347	85.14	91.3
119.61842	85.5	90.9
121.35831	85.85	90.2
123.1235	86.18	89.3
124.91438	86.5	88.3
126.7313	86.81	87
128.57465	87.11	85.5
130.44481	87.4	83.7
132.34217	87.67	81.7
134.26713	87.9	79.5
136.22009	88.09	77.2
138.20146	88.24	74.7
140.21165	88.35	72.2
142.25107	88.43	69.6
144.32016	88.47	67.1
146.41935	88.49	64.7
148.54906	88.49	62.5
150.70976	88.46	60.3
152.90188	88.42	58.3
155.12589	88.36	56.3
157.38225	88.27	54.5
159.67143	88.16	52.9
161.9939	88.04	51.4
164.35016	87.92	50.1
166.74069	87.79	49
169.16599	87.67	48
171.62656	87.56	47
174.12293	87.45	46.1
176.6556	87.33	45.4
179.22512	87.21	44.7
181.83201	87.08	44.3
184.47682	86.97	44
187.16009	86.86	43.9
189.8824	86.78	43.9
192.6443	86.72	44
195.44638	86.68	44
198.28921	86.66	44
201.1734	86.66	44
204.09953	86.66	43.8
207.06823	86.66	43.5
210.0801	86.65	43.2
213.13579	86.64	42.9
216.23592	86.61	42.6
219.38114	86.57	42.3
222.57212	86.52	42
225.8095	86.46	42
229.09398	86.39	42.1
232.42622	86.32	42.5
235.80694	86.27	43.1
239.23683	86.23	43.9
242.71661	86.21	44.9
246.24701	86.23	46
249.82875	86.29	47.3
253.4626	86.39	48.6
257.14929	86.56	49.9
260.88962	86.8	51.2
264.68434	87.08	52.3
268.53427	87.39	53.1
272.44019	87.7	53.5
276.40292	88.02	53.5
280.42329	88.31	53.1
284.50214	88.58	52.2
288.64032	88.8	50.9
292.83869	88.98	49.3
297.09813	89.12	47.6
301.41952	89.22	45.8
305.80377	89.28	44
310.25179	89.31	42.3
314.7645	89.31	40.6
319.34286	89.27	39.1
323.98781	89.22	37.8
328.70032	89.16	36.6
333.48138	89.08	35.7
338.33197	89	34.8
343.25313	88.92	34.2
348.24586	88.85	33.6
353.31121	88.78	33.2
358.45024	88.72	32.8
363.66402	88.68	32.5
368.95363	88.65	32.2
374.32019	88.63	31.9
379.7648	88.62	31.6
385.28861	88.6	31.2
390.89276	88.59	30.9
396.57842	88.56	30.5
402.34679	88.54	30.2
408.19906	88.51	30
414.13645	88.48	29.8
420.1602	88.46	29.6
426.27158	88.45	29.5
432.47184	88.44	29.3
438.76229	88.43	29.2
445.14423	88.42	29
451.619	88.41	28.9
458.18795	88.4	28.8
464.85245	88.39	28.8
471.61388	88.39	28.9
478.47367	88.42	28.9
485.43323	88.46	28.9
492.49401	88.5	28.8
499.6575	88.54	28.5
506.92519	88.57	28.1
514.29859	88.57	27.7
521.77923	88.54	27.3
529.36869	88.51	27
537.06853	88.46	26.8
544.88037	88.42	26.8
552.80584	88.38	26.8
560.84659	88.35	26.8
569.00429	88.3	26.8
577.28065	88.24	26.8
585.67739	88.16	27
594.19626	88.07	27.5
602.83904	88	28.3
611.60754	87.96	29.3
620.50358	87.97	30.5
629.52901	88.04	31.8
638.68572	88.17	33
647.97562	88.35	34.1
657.40064	88.55	35
666.96275	88.76	35.6
676.66395	88.98	36.1
686.50625	89.19	36.4
696.49171	89.39	36.5
706.62242	89.58	36.4
716.90048	89.76	36.1
727.32804	89.92	35.6
737.90727	90.07	34.9
748.64037	90.2	34.1
759.5296	90.32	33.1
770.57721	90.43	32.1
781.78552	90.52	31.1
793.15685	90.6	30
804.69358	90.68	29
816.39812	90.74	27.9
828.2729	90.8	26.7
840.32041	90.84	25.5
852.54315	90.87	24.3
864.94368	90.88	23
877.52457	90.87	21.7
890.28846	90.83	20.4
903.238	90.77	19.1
916.3759	90.69	17.9
929.7049	90.59	16.8
943.22777	90.46	15.8
956.94733	90.32	14.9
970.86645	90.15	14.1
984.98803	89.95	13.5
999.31501	89.73	13.1
1013.8504	89.48	12.9
1028.5972	89.22	13.1
1043.5585	88.96	13.6
1058.7374	88.72	14.5
1074.1371	88.5	15.7
1089.7607	88.32	17
1105.6117	88.17	18.5
1121.6932	88.06	20.1
1138.0086	87.99	21.8
1154.5613	87.95	23.6
1171.3548	87.97	25.5
1188.3925	88.05	27.4
1205.6781	88.18	29.2
1223.2151	88.36	30.9
1241.0072	88.58	32.5
1259.058	88.84	33.8
1277.3714	89.12	34.8
1295.9512	89.4	35.4
1314.8013	89.68	35.8
1333.9255	89.95	35.8
1353.3279	90.2	35.5
1373.0125	90.43	35
1392.9834	90.62	34.3
1413.2448	90.79	33.4
1433.801	90.94	32.4
1454.6561	91.06	31.2
1475.8145	91.15	30
1497.2807	91.22	28.8
1519.0592	91.25	27.6
1541.1544	91.27	26.5
1563.571	91.26	25.5
1586.3137	91.24	24.6
1609.3872	91.21	23.8
1632.7962	91.18	23.2
1656.5458	91.15	22.7
1680.6408	91.13	22.3
1705.0863	91.12	21.9
1729.8874	91.12	21.5
1755.0491	91.14	21.1
1780.5769	91.15	20.6
1806.476	91.17	20.1
1832.7518	91.19	19.6
1859.4098	91.21	18.9
1886.4555	91.22	18.2
1913.8947	91.22	17.4
1941.7329	91.2	16.6
1969.9761	91.17	15.8
1998.63	91.13	15
2027.7008	91.08	14.3
2057.1943	91.02	13.6
2087.1169	90.95	12.9
2117.4747	90.88	12.3
2148.2741	90.81	11.8
2179.5215	90.73	11.2
2211.2234	90.66	10.6
2243.3863	90.58	10.1
2276.0171	90.51	9.5
2309.1226	90.44	8.9
2342.7095	90.36	8.3
2376.785	90.27	7.7
2411.3562	90.19	7.1
2446.4302	90.09	6.4
2482.0143	89.99	5.8
2518.116	89.88	5.2
2554.7429	89.76	4.7
2591.9025	89.62	4.2
2629.6026	89.49	3.7
2667.851	89.35	3.4
2706.6558	89.21	3
2746.025	89.09	2.7
2785.9669	88.97	2.4
2826.4897	88.87	2.1
2867.6019	88.78	1.6
2909.3121	88.71	1.1
2951.6291	88.65	0.4
2994.5615	88.6	-0.4
3038.1184	88.55	-1.4
3082.3088	88.5	-2.7
3127.1421	88.45	-4.1
3172.6274	88.4	-5.9
3218.7743	88.34	-7.9
3265.5925	88.26	-10.3
3313.0916	88.16	-13.1
3361.2816	88.02	-16.1
3410.1726	87.83	-19.3
3459.7747	87.59	-22.6
3510.0983	87.31	-25.8
3561.1538	86.97	-28.6
3612.952	86.59	-30.9
3665.5036	86.15	-32.5
3718.8196	85.66	-33.3
3772.9111	85.1	-33.2
3827.7893	84.48	-32.3
3883.4658	83.78	-30.7
3939.9521	82.98	-28.5
3997.26	82.1	-25.7
4055.4015	81.14	-22.3
4114.3887	80.12	-18.4
4174.2339	79.1	-14.1
4234.9495	78.12	-9.6
4296.5482	77.2	-5.1
4359.043	76.39	-0.9
4422.4467	75.69	3.1
4486.7727	75.08	6.5
4552.0343	74.56	9.7
4618.2452	74.08	12.5
4685.4191	73.64	15.4
4753.5701	73.23	18.4
4822.7123	72.83	21.6
4892.8603	72.46	25.2
4964.0286	72.14	29
5036.2321	71.86	33.1
5109.4857	71.63	37
5183.8049	71.45	40.8
5259.2051	71.31	44.3
5335.702	71.2	47.6
5413.3116	71.13	50.6
5492.05	71.1	53.2
5571.9337	71.1	55.4
5652.9794	71.11	57.2
5735.2038	71.14	58.3
5818.6243	71.16	58.8
5903.2581	71.14	58.8
5989.123	71.06	58.3
6076.2368	70.93	57.7
6164.6177	70.73	57.3
6254.2841	70.47	57.1
6345.2548	70.17	56.9
6437.5486	69.85	56.6
6531.1849	69.5	56
6626.1832	69.13	55.1
6722.5633	68.73	53.8
6820.3452	68.3	52.1
6919.5494	67.83	50.1
7020.1966	67.33	47.8
7122.3077	66.81	45.2
7225.904	66.32	42.1
7331.0072	65.86	38.3
7437.6392	65.42	33.7
7545.8221	64.96	28
7655.5786	64.46	21.4
7766.9316	63.88	14.1
7879.9042	63.22	6.1
7994.5201	62.5	-2.3
8110.803	61.73	-10.9
8228.7774	60.93	-19.5
8348.4677	60.12	-27.9
8469.899	59.32	-36.1
8593.0965	58.54	-44.2
8718.086	57.79	-52.1
8844.8934	57.06	-59.7
8973.5454	56.36	-66.6
9104.0686	55.65	-72.6
9236.4903	54.93	-77.5
9370.8382	54.18	-81.7
9507.1402	53.44	-84.9
9645.4247	52.72	-87.3
9785.7206	52.03	-88.9
9928.0572	51.41	-89.6
10072.464	50.87	-89.7
10218.971	50.42	-89.1
10367.61	50.07	-87.9
10518.41	49.85	-86.3
10671.404	49.78	-84.7
10826.623	49.86	-83.4
10984.1	50.04	-82.6
11143.867	50.27	-82.6
11305.959	50.51	-82.9
11470.408	50.77	-83.5
11637.249	51.07	-84.3
11806.516	51.43	-85.3
11978.246	51.87	-86.6
12152.474	52.39	-88.4
12329.235	52.97	-91.1
12508.568	53.57	-95
12690.51	54.16	-100.2
12875.097	54.68	-106.7
13062.37	55.12	-114.6
13252.366	55.46	-124.2
13445.127	55.7	-135.6
13640.69	55.85	-149
13839.099	55.94	-164.4
14040.393	55.97	178.4
14244.615	55.94	159.6
14451.808	55.84	139.9
14662.014	55.67	119.8
14875.278	55.43	99.7
15091.644	55.09	79.6
15311.157	54.65	59.5
15533.863	54.1	39.4
15759.808	53.46	19.6
15989.04	52.77	-0.3
16221.606	52.06	-20.4
16457.555	51.38	-41.1
16696.935	50.79	-62.7
16939.798	50.34	-85
17186.193	50.06	-107.9
17436.172	49.96	-131.4
17689.787	49.98	-155.5
17947.091	50.09	179.7
18208.137	50.23	154.6
18472.981	50.34	129.3
18741.676	50.42	104.1
19014.28	50.47	78.7
19290.849	50.49	53.1
19571.441	50.49	27
19856.114	50.47	-0.1
20144.928	50.4	-29.3
20437.943	50.26	-61.9
20735.22	50.05	-99.7
21036.82	49.76	-144.6
21342.808	49.41	160.8
21653.246	48.99	93.1
21968.2	48.5	7.2
22287.735	47.98	-103.4
22611.917	47.46	112.2
22940.815	46.96	-78.8
23274.497	46.46	27.9
23613.033	45.95	51
23956.492	45.4	-39.5
24304.947	44.85	73.2
24658.471	44.36	-32.3
25017.137	43.93	102.5
25381.019	43.57	22.6
25750.195	43.26	178.3
26124.74	43.02	140.3
26504.733	42.86	-140.5
26890.253	42.79	21.4
27281.381	42.82	-118.3
27678.198	42.97	143.2
28080.786	43.21	73.6
28489.231	43.51	24.6
28903.616	43.84	-10
29324.029	44.19	-34.4
29750.557	44.57	-51.6
30183.289	44.96	-63.8
30622.315	45.32	-72.4
31067.726	45.66	-78.4
31519.617	45.98	-82.7
31978.08	46.26	-85.7
32443.212	46.51	-87.8
32915.11	46.76	-89.3
33393.871	46.99	-90.3
33879.596	47.22	-91.1
34372.386	47.48	-91.6
34872.344	47.78	-92
35379.574	48.09	-92.2
35894.182	48.37	-92.4
36416.274	48.63	-92.6
36945.961	48.83	-92.6
37483.353	48.99	-92.7
38028.561	49.12	-92.7
38581.699	49.22	-92.8
39142.882	49.28	-92.8
39712.229	49.31	-92.8
