" file generated by Xsim4 
"------------------------
"
" FREQ [Hz], MAG [dB], ANGLE [°]
"
1	26.497	-126.96
1.0151	26.497	-126.96
1.03044	26.497	-126.96
1.046	26.497	-126.96
1.0618	26.497	-126.96
1.07783	26.497	-126.96
1.09411	26.497	-126.97
1.11064	26.497	-126.97
1.12741	26.497	-126.97
1.14444	26.497	-126.97
1.16173	26.497	-126.97
1.17927	26.497	-126.97
1.19709	26.497	-126.96
1.21517	26.498	-126.95
1.23352	26.498	-126.94
1.25215	26.499	-126.91
1.27106	26.5	-126.86
1.29026	26.502	-126.78
1.30975	26.506	-126.66
1.32953	26.51	-126.52
1.34961	26.513	-126.41
1.36999	26.515	-126.35
1.39069	26.516	-126.31
1.41169	26.517	-126.29
1.43301	26.517	-126.28
1.45466	26.518	-126.27
1.47663	26.518	-126.27
1.49893	26.518	-126.27
1.52157	26.519	-126.27
1.54455	26.519	-126.28
1.56788	26.52	-126.28
1.59156	26.522	-126.29
1.6156	26.525	-126.31
1.64	26.53	-126.33
1.66477	26.537	-126.36
1.68991	26.543	-126.39
1.71544	26.546	-126.41
1.74135	26.549	-126.42
1.76765	26.55	-126.43
1.79435	26.551	-126.44
1.82145	26.551	-126.44
1.84896	26.552	-126.44
1.87688	26.552	-126.44
1.90523	26.552	-126.43
1.93401	26.552	-126.42
1.96322	26.552	-126.39
1.99287	26.551	-126.37
2.02297	26.551	-126.35
2.05353	26.551	-126.34
2.08454	26.551	-126.33
2.11603	26.551	-126.33
2.14799	26.552	-126.33
2.18043	26.552	-126.33
2.21336	26.553	-126.33
2.24679	26.554	-126.33
2.28072	26.555	-126.32
2.31517	26.558	-126.3
2.35014	26.562	-126.28
2.38564	26.566	-126.26
2.42167	26.569	-126.25
2.45824	26.57	-126.24
2.49537	26.571	-126.24
2.53306	26.572	-126.24
2.57132	26.573	-126.23
2.61016	26.574	-126.23
2.64958	26.576	-126.22
2.6896	26.577	-126.22
2.73022	26.577	-126.22
2.77146	26.578	-126.22
2.81332	26.579	-126.21
2.85581	26.58	-126.21
2.89894	26.581	-126.2
2.94273	26.583	-126.19
2.98717	26.585	-126.18
3.03229	26.586	-126.17
3.07809	26.587	-126.17
3.12458	26.588	-126.17
3.17177	26.589	-126.17
3.21968	26.589	-126.17
3.26831	26.591	-126.17
3.31767	26.592	-126.17
3.36778	26.594	-126.17
3.41865	26.595	-126.17
3.47028	26.597	-126.17
3.52269	26.598	-126.17
3.5759	26.601	-126.17
3.62991	26.605	-126.17
3.68473	26.611	-126.16
3.74039	26.62	-126.16
3.79688	26.635	-126.16
3.85423	26.66	-126.16
3.91244	26.702	-126.16
3.97153	26.77	-126.15
4.03152	26.884	-126.15
4.09241	27.07	-126.15
4.15422	27.371	-126.14
4.21697	27.853	-126.14
4.28066	28.603	-126.14
4.34531	29.726	-126.13
4.41094	31.33	-126.14
4.47756	33.484	-126.16
4.54519	36.199	-126.2
4.61384	39.418	-126.27
4.68353	43.039	-126.38
4.75426	46.954	-126.57
4.82607	51.069	-126.91
4.89896	55.315	-127.48
4.97296	58.779	-128.47
5.04807	60.887	-130.06
5.12431	62.04	-132.21
5.20171	62.753	-134.77
5.28027	63.231	-137.63
5.36002	63.571	-140.71
5.44098	63.824	-143.94
5.52316	64.015	-147.26
5.60658	64.16	-150.63
5.69126	64.266	-154.04
5.77722	64.339	-157.48
5.86448	64.383	-160.94
5.95305	64.402	-164.44
6.04296	64.397	-167.97
6.13424	64.37	-171.53
6.22688	64.324	-175.1
6.32093	64.26	-178.66
6.4164	64.179	177.83
6.51332	64.083	174.41
6.61169	63.973	171.12
6.71155	63.85	168
6.81292	63.717	165.1
6.91582	63.572	162.46
7.02028	63.417	160.09
7.12631	63.25	158.03
7.23394	63.073	156.26
7.3432	62.885	154.77
7.45411	62.684	153.53
7.5667	62.469	152.49
7.68098	62.241	151.62
7.79699	62.002	150.89
7.91476	61.753	150.27
8.0343	61.5	149.73
8.15565	61.25	149.24
8.27883	61.01	148.79
8.40387	60.788	148.36
8.5308	60.59	147.92
8.65964	60.422	147.46
8.79044	60.283	146.97
8.9232	60.173	146.44
9.05798	60.088	145.89
9.19479	60.024	145.34
9.33366	59.979	144.78
9.47464	59.951	144.23
9.61774	59.94	143.7
9.763	59.944	143.2
9.91046	59.962	142.73
10.06014	59.994	142.3
10.21209	60.041	141.92
10.36633	60.105	141.57
10.5229	60.187	141.22
10.68183	60.286	140.85
10.84317	60.398	140.42
11.00694	60.519	139.92
11.17319	60.645	139.29
11.34194	60.774	138.49
11.51325	60.904	137.46
11.68714	61.032	136.11
11.86366	61.155	134.37
12.04285	61.266	132.22
12.22474	61.363	129.63
12.40938	61.443	126.58
12.59681	61.499	123.1
12.78706	61.524	119.16
12.9802	61.51	114.77
13.17625	61.448	109.91
13.37526	61.337	104.51
13.57727	61.176	98.42
13.78234	60.965	91.46
13.9905	60.705	83.39
14.20181	60.401	73.95
14.41631	60.063	62.88
14.63405	59.709	49.96
14.85508	59.368	35.04
15.07945	59.076	18.15
15.3072	58.886	-0.48
15.5384	58.866	-20.48
15.77309	59.06	-41.36
16.01132	59.479	-62.61
16.25315	60.089	-83.85
16.49863	60.819	-104.79
16.74782	61.591	-125.25
17.00078	62.331	-145.14
17.25755	62.99	-164.41
17.5182	63.542	176.89
17.78279	63.979	158.69
18.05138	64.299	140.86
18.32402	64.501	123.2
18.60078	64.581	105.48
18.88172	64.534	87.49
19.16691	64.35	69.06
19.4564	64.019	50.05
19.75026	63.546	30.41
20.04857	62.951	10.15
20.35137	62.261	-10.64
20.65876	61.499	-31.75
20.97078	60.694	-52.87
21.28752	59.884	-73.57
21.60904	59.107	-93.27
21.93541	58.4	-111.29
22.26672	57.815	-126.82
22.60303	57.436	-139.1
22.94442	57.342	-147.46
23.29097	57.563	-151.74
23.64275	58.051	-152.69
23.99984	58.704	-151.79
24.36233	59.431	-150.42
24.73029	60.186	-149.3
25.10381	60.948	-148.61
25.48297	61.702	-148.36
25.86785	62.43	-148.52
26.25856	63.125	-149.04
26.65516	63.784	-149.9
27.05775	64.409	-151.06
27.46642	65.005	-152.52
27.88127	65.571	-154.3
28.30238	66.103	-156.42
28.72985	66.597	-158.87
29.16378	67.052	-161.64
29.60426	67.469	-164.71
30.05139	67.845	-168
30.50528	68.184	-171.45
30.96602	68.488	-174.99
31.43372	68.759	-178.55
31.90849	69	177.87
32.39043	69.214	174.28
32.87964	69.4	170.67
33.37625	69.558	167.03
33.88035	69.686	163.4
34.39207	69.778	159.8
34.91152	69.831	156.31
35.43881	69.844	153.01
35.97407	69.819	150.05
36.51741	69.757	147.55
37.06896	69.665	145.66
37.62884	69.552	144.48
38.19718	69.434	144.13
38.77409	69.328	144.64
39.35973	69.256	145.99
39.95421	69.242	148.08
40.55766	69.309	150.8
41.17023	69.477	154.05
41.79206	69.758	157.76
42.42327	70.159	161.87
43.06402	70.677	166.27
43.71445	71.297	170.86
44.3747	71.995	175.47
45.04492	72.746	179.95
45.72527	73.527	-175.89
46.41589	74.321	-172.23
47.11694	75.112	-169.23
47.82858	75.887	-167.04
48.55097	76.635	-165.78
49.28427	77.343	-165.51
50.02865	78.005	-166.22
50.78426	78.615	-167.8
51.5513	79.17	-170.13
52.32991	79.666	-173.06
53.12029	80.104	-176.43
53.9226	80.487	179.91
54.73703	80.821	176.06
55.56377	81.115	172.08
56.40298	81.374	168.04
57.25488	81.608	164.02
58.11964	81.822	160.09
58.99746	82.019	156.29
59.88854	82.202	152.67
60.79308	82.374	149.28
61.71128	82.54	146.11
62.64335	82.704	143.18
63.5895	82.873	140.44
64.54994	83.049	137.89
65.52488	83.239	135.5
66.51455	83.448	133.25
67.51917	83.68	131.09
68.53896	83.939	128.98
69.57415	84.227	126.87
70.62498	84.544	124.68
71.69168	84.886	122.35
72.77449	85.246	119.83
73.87365	85.613	117.06
74.98942	85.975	114
76.12204	86.321	110.6
77.27177	86.636	106.85
78.43886	86.908	102.78
79.62357	87.129	98.41
80.82619	87.296	93.78
82.04696	87.405	88.9
83.28617	87.457	83.82
84.54411	87.45	78.64
85.82104	87.385	73.5
87.11725	87.257	68.55
88.43305	87.065	64.01
89.76871	86.805	60.11
91.12455	86.476	57.11
92.50087	86.078	55.28
93.89798	85.612	54.8
95.31619	85.083	55.69
96.75582	84.508	57.83
98.21719	83.912	61
99.70063	83.332	65
101.20648	82.809	69.6
102.73508	82.386	74.59
104.28676	82.1	79.77
105.86188	81.974	84.94
107.46078	82.012	89.96
109.08384	82.2	94.73
110.73141	82.518	99.15
112.40387	82.943	103.07
114.10158	83.45	106.36
115.82494	84.013	108.88
117.57433	84.609	110.56
119.35014	85.22	111.42
121.15277	85.837	111.6
122.98262	86.456	111.22
124.84012	87.076	110.38
126.72567	87.691	109.14
128.63969	88.296	107.52
130.58263	88.882	105.52
132.55491	89.434	103.18
134.55699	89.942	100.48
136.5893	90.394	97.43
138.6523	90.788	94.02
140.74647	91.125	90.26
142.87226	91.406	86.22
145.03016	91.634	81.98
147.22066	91.813	77.6
149.44424	91.943	73.16
151.7014	92.023	68.69
153.99265	92.054	64.24
156.31851	92.036	59.87
158.6795	91.973	55.64
161.07615	91.867	51.63
163.509	91.721	47.9
165.97859	91.541	44.47
168.48549	91.334	41.36
171.03024	91.106	38.54
173.61344	90.863	36.03
176.23564	90.612	33.81
178.89746	90.36	31.92
181.59947	90.113	30.33
184.3423	89.876	29.04
187.12655	89.656	28.02
189.95286	89.465	27.23
192.82185	89.312	26.59
195.73418	89.201	26.02
198.69049	89.133	25.42
201.69146	89.103	24.72
204.73775	89.108	23.84
207.83005	89.134	22.76
210.96905	89.17	21.45
214.15547	89.203	19.89
217.39001	89.223	18.11
220.67341	89.22	16.12
224.00639	89.183	14
227.38972	89.105	11.82
230.82415	88.982	9.74
234.31045	88.812	7.94
237.84941	88.598	6.59
241.44182	88.341	5.78
245.08849	88.043	5.55
248.79024	87.713	5.88
252.54789	87.363	6.76
256.3623	87.01	8.15
260.23433	86.676	10
264.16483	86.385	12.25
268.1547	86.167	14.82
272.20483	86.05	17.57
276.31614	86.05	20.36
280.48954	86.17	23.04
284.72597	86.392	25.44
289.02639	86.694	27.44
293.39176	87.049	28.93
297.82307	87.435	29.89
302.3213	87.834	30.3
306.88748	88.232	30.18
311.52262	88.616	29.52
316.22777	88.976	28.34
321.00398	89.301	26.63
325.85233	89.585	24.47
330.77391	89.818	21.9
335.76983	89.997	19.01
340.8412	90.117	15.91
345.98917	90.18	12.72
351.21489	90.185	9.55
356.51954	90.136	6.5
361.90431	90.037	3.68
367.3704	89.894	1.17
372.91906	89.713	-1
378.55152	89.499	-2.82
384.26906	89.26	-4.31
390.07295	89.001	-5.48
395.9645	88.731	-6.36
401.94503	88.454	-6.96
408.0159	88.179	-7.28
414.17845	87.914	-7.32
420.43408	87.671	-7.09
426.7842	87.464	-6.61
433.23023	87.303	-5.93
439.77361	87.197	-5.13
446.41583	87.147	-4.28
453.15836	87.152	-3.45
460.00274	87.205	-2.7
466.95049	87.298	-2.06
474.00317	87.423	-1.55
481.16238	87.573	-1.2
488.42972	87.738	-1.03
495.80682	87.909	-1.07
503.29535	88.077	-1.34
510.89698	88.231	-1.85
518.61342	88.366	-2.61
526.44641	88.477	-3.6
534.3977	88.563	-4.77
542.46909	88.624	-6.05
550.66239	88.66	-7.37
558.97944	88.677	-8.69
567.4221	88.679	-9.96
575.99229	88.67	-11.16
584.69191	88.655	-12.26
593.52293	88.64	-13.27
602.48733	88.628	-14.18
611.58712	88.625	-15
620.82436	88.636	-15.75
630.20111	88.662	-16.48
639.71949	88.704	-17.23
649.38163	88.758	-18.04
659.18971	88.819	-18.93
669.14592	88.881	-19.95
679.25251	88.939	-21.09
689.51174	88.986	-22.35
699.92593	89.018	-23.7
710.49741	89.033	-25.1
721.22856	89.031	-26.52
732.12179	89.014	-27.93
743.17955	88.983	-29.31
754.40432	88.943	-30.64
765.79863	88.896	-31.91
777.36503	88.846	-33.12
789.10613	88.794	-34.27
801.02456	88.741	-35.37
813.12301	88.689	-36.43
825.40419	88.638	-37.45
837.87085	88.588	-38.45
850.52582	88.54	-39.43
863.37191	88.495	-40.4
876.41204	88.452	-41.34
889.64911	88.413	-42.28
903.08612	88.376	-43.22
916.72607	88.342	-44.17
930.57204	88.308	-45.13
944.62713	88.275	-46.09
958.89451	88.241	-47.06
973.37738	88.208	-48.03
988.07899	88.177	-48.99
1003.0027	88.147	-49.92
1018.1517	88.12	-50.83
1033.5296	88.096	-51.73
1049.1397	88.079	-52.64
1064.9856	88.067	-53.57
1081.0709	88.06	-54.52
1097.3991	88.057	-55.51
1113.9739	88.056	-56.53
1130.799	88.056	-57.59
1147.8783	88.055	-58.69
1165.2155	88.053	-59.83
1182.8146	88.049	-60.99
1200.6795	88.044	-62.16
1218.8142	88.038	-63.33
1237.2228	88.034	-64.51
1255.9095	88.033	-65.7
1274.8784	88.036	-66.91
1294.1338	88.042	-68.15
1313.68	88.049	-69.43
1333.5214	88.056	-70.75
1353.6626	88.062	-72.1
1374.1079	88.067	-73.45
1394.862	88.074	-74.8
1415.9296	88.084	-76.14
1437.3154	88.101	-77.5
1459.0242	88.126	-78.89
1481.0609	88.157	-80.34
1503.4304	88.189	-81.86
1526.1378	88.219	-83.45
1549.1882	88.246	-85.08
1572.5866	88.269	-86.74
1596.3385	88.292	-88.42
1620.4492	88.317	-90.14
1644.924	88.343	-91.9
1669.7684	88.368	-93.72
1694.9882	88.388	-95.6
1720.5888	88.403	-97.53
1746.576	88.414	-99.48
1772.9558	88.422	-101.43
1799.734	88.428	-103.39
1826.9167	88.431	-105.4
1854.5099	88.43	-107.44
1882.5199	88.424	-109.49
1910.953	88.415	-111.53
1939.8155	88.406	-113.55
1969.1139	88.396	-115.56
1998.8548	88.382	-117.55
2029.0449	88.364	-119.52
2059.6911	88.342	-121.47
2090.8	88.32	-123.42
2122.3789	88.298	-125.37
2154.4347	88.275	-127.36
2186.9747	88.25	-129.37
2220.0061	88.224	-131.38
2253.5364	88.201	-133.41
2287.5732	88.184	-135.49
2322.1241	88.169	-137.65
2357.1967	88.154	-139.9
2392.7992	88.136	-142.23
2428.9393	88.117	-144.61
2465.6253	88.101	-147.07
2502.8654	88.086	-149.6
2540.668	88.069	-152.23
2579.0415	88.047	-154.94
2617.9946	88.019	-157.7
2657.5361	87.981	-160.5
2697.6747	87.933	-163.33
2738.4196	87.872	-166.18
2779.7799	87.796	-169.02
2821.7649	87.705	-171.82
2864.3841	87.599	-174.56
2907.6469	87.482	-177.2
2951.5632	87.355	-179.73
2996.1427	87.221	177.87
3041.3956	87.083	175.62
3087.332	86.945	173.51
3133.9622	86.813	171.55
3181.2966	86.69	169.72
3229.346	86.58	168.01
3278.1212	86.486	166.4
3327.633	86.409	164.85
3377.8926	86.351	163.33
3428.9113	86.312	161.8
3480.7006	86.29	160.25
3533.2721	86.283	158.64
3586.6376	86.288	156.95
3640.8092	86.301	155.18
3695.7989	86.318	153.3
3751.6192	86.335	151.32
3808.2826	86.346	149.26
3865.8018	86.348	147.14
3924.1898	86.337	144.97
3983.4596	86.31	142.79
4043.6246	86.267	140.63
4104.6984	86.207	138.53
4166.6946	86.13	136.52
4229.6271	86.037	134.61
4293.5102	85.93	132.83
4358.3582	85.812	131.21
4424.1856	85.685	129.75
4491.0072	85.552	128.46
4558.8381	85.418	127.33
4627.6935	85.288	126.38
4697.5888	85.167	125.57
4768.5399	85.059	124.91
4840.5625	84.969	124.38
4913.673	84.902	123.95
4987.8877	84.862	123.62
5063.2233	84.85	123.34
5139.6968	84.864	123.07
5217.3253	84.903	122.79
5296.1263	84.961	122.44
5376.1175	85.035	122.02
5457.3168	85.119	121.51
5539.7426	85.206	120.93
5623.4133	85.295	120.28
5708.3477	85.382	119.58
5794.5649	85.466	118.85
5882.0844	85.549	118.1
5970.9257	85.631	117.33
6061.1088	85.713	116.55
6152.6541	85.795	115.75
6245.582	85.876	114.95
6339.9135	85.956	114.17
6435.6698	86.037	113.41
6532.8723	86.123	112.71
6631.5429	86.216	112.04
6731.7038	86.319	111.4
6833.3776	86.434	110.76
6936.5869	86.558	110.09
7041.3552	86.691	109.37
7147.7058	86.828	108.57
7255.6627	86.966	107.66
7365.2501	87.099	106.67
7476.4928	87.224	105.58
7589.4156	87.337	104.42
7704.0439	87.436	103.2
7820.4036	87.522	101.93
7938.5207	87.593	100.61
8058.4219	87.652	99.26
8180.134	87.699	97.88
8303.6844	87.733	96.5
8429.1009	87.756	95.14
8556.4116	87.766	93.85
8685.6452	87.762	92.65
8816.8307	87.736	91.59
8949.9976	87.68	90.78
9085.1758	87.6	90.27
9222.3957	87.518	89.95
9361.6881	87.451	89.72
9503.0843	87.405	89.53
9646.6162	87.378	89.39
9792.3159	87.369	89.29
9940.2163	87.378	89.21
10090.35	87.403	89.12
10242.752	87.443	89
10397.456	87.495	88.8
10554.496	87.555	88.53
10713.908	87.616	88.18
10875.728	87.672	87.74
11039.992	87.721	87.24
11206.737	87.76	86.7
11376	87.788	86.15
11547.82	87.804	85.62
11722.235	87.811	85.13
11899.284	87.809	84.68
12079.007	87.801	84.28
12261.445	87.789	83.94
12446.639	87.774	83.66
12634.629	87.758	83.44
12825.459	87.743	83.26
13019.171	87.729	83.11
13215.809	87.716	83
13415.417	87.704	82.91
13618.039	87.691	82.86
13823.722	87.677	82.83
14032.512	87.663	82.83
14244.455	87.649	82.86
14459.599	87.637	82.93
14677.993	87.626	83.03
14899.685	87.618	83.18
15124.725	87.613	83.35
15353.165	87.613	83.52
15585.055	87.617	83.68
15820.447	87.625	83.82
16059.394	87.638	83.96
16301.951	87.655	84.08
16548.171	87.678	84.18
16798.11	87.705	84.25
17051.824	87.738	84.29
17309.37	87.776	84.28
17570.805	87.816	84.23
17836.19	87.858	84.14
18105.582	87.898	84.02
18379.044	87.938	83.88
18656.636	87.978	83.71
18938.42	88.021	83.51
19224.461	88.066	83.28
19514.822	88.116	83.03
19809.568	88.168	82.74
20108.766	88.223	82.41
20412.483	88.28	82.04
20720.787	88.338	81.62
21033.748	88.396	81.15
21351.436	88.455	80.64
21673.922	88.512	80.07
22001.278	88.566	79.45
22333.579	88.616	78.79
22670.899	88.66	78.08
23013.314	88.698	77.33
23360.901	88.73	76.56
23713.737	88.758	75.78
24071.903	88.783	74.99
24435.478	88.808	74.19
24804.544	88.834	73.36
25179.185	88.863	72.51
25559.484	88.898	71.61
25945.527	88.94	70.68
26337.401	88.994	69.69
26735.194	89.064	68.63
27138.994	89.152	67.47
27548.894	89.262	66.18
27964.985	89.396	64.72
28387.36	89.553	63.04
28816.114	89.732	61.11
29251.345	89.931	58.87
29693.148	90.146	56.29
30141.625	90.371	53.34
30596.876	90.604	49.98
31059.002	90.839	46.18
31528.109	91.069	41.89
32004.3	91.285	37.09
32487.684	91.48	31.8
32978.369	91.645	26.04
33476.464	91.777	19.85
33982.083	91.875	13.25
34495.339	91.936	6.31
35016.347	91.959	-0.9
35545.224	91.948	-8.28
36082.088	91.902	-15.71
36627.062	91.825	-22.99
37180.267	91.722	-29.92
37741.827	91.599	-36.22
38311.868	91.468	-41.6
38890.52	91.342	-45.83
39477.911	91.231	-48.85
40074.174	91.133	-50.93
40679.443	91.043	-52.39
41293.854	90.957	-53.49
41917.544	90.872	-54.37
42550.655	90.789	-55.12
43193.328	90.704	-55.78
43845.708	90.619	-56.39
44507.941	90.532	-56.97
45180.176	90.444	-57.53
45862.564	90.354	-58.07
46555.259	90.262	-58.6
47258.417	90.168	-59.12
47972.194	90.072	-59.64
48696.753	89.974	-60.16
49432.254	89.873	-60.67
50178.865	89.771	-61.18
50936.752	89.666	-61.69
51706.086	89.558	-62.19
52487.04	89.448	-62.69
53279.789	89.336	-63.2
54084.512	89.221	-63.7
54901.389	89.104	-64.2
55730.604	88.984	-64.7
56572.343	88.862	-65.21
57426.796	88.737	-65.72
58294.153	88.609	-66.23
59174.612	88.478	-66.75
60068.368	88.344	-67.27
60975.624	88.207	-67.8
61896.582	88.067	-68.34
62831.45	87.923	-68.89
63780.438	87.775	-69.46
64743.76	87.623	-70.03
65721.631	87.467	-70.61
66714.272	87.306	-71.21
67721.905	87.141	-71.83
68744.757	86.971	-72.45
69783.058	86.796	-73.09
70837.042	86.617	-73.76
71906.944	86.432	-74.44
72993.006	86.243	-75.14
74095.472	86.048	-75.87
75214.588	85.848	-76.63
76350.608	85.642	-77.42
77503.786	85.43	-78.26
78674.381	85.212	-79.13
79862.656	84.987	-80.05
81068.879	84.754	-81.02
82293.32	84.514	-82.05
83536.255	84.267	-83.13
84797.962	84.011	-84.28
86078.727	83.747	-85.49
87378.835	83.476	-86.77
88698.58	83.199	-88.12
90038.258	82.917	-89.54
91398.17	82.631	-91.04
92778.622	82.346	-92.6
94179.923	82.067	-94.18
95602.39	81.804	-95.74
97046.341	81.574	-97.16
98512.101	81.404	-98.26
100000	81.338	-98.69
