" file generated by Xsim4 
"------------------------
"
" FREQ [Hz], MAG [dB], ANGLE [°]
"
1	21.318	134.07
1.0151	21.318	134.07
1.03044	21.318	134.07
1.046	21.318	134.06
1.0618	21.318	134.06
1.07783	21.318	134.06
1.09411	21.318	134.06
1.11064	21.318	134.06
1.12741	21.318	134.06
1.14444	21.318	134.06
1.16173	21.318	134.06
1.17927	21.318	134.05
1.19709	21.318	134.05
1.21517	21.318	134.05
1.23352	21.318	134.05
1.25215	21.318	134.05
1.27106	21.318	134.05
1.29026	21.318	134.06
1.30975	21.319	134.06
1.32953	21.32	134.07
1.34961	21.32	134.08
1.36999	21.321	134.08
1.39069	21.321	134.08
1.41169	21.321	134.08
1.43301	21.321	134.08
1.45466	21.321	134.08
1.47663	21.321	134.07
1.49893	21.321	134.07
1.52157	21.321	134.07
1.54455	21.321	134.07
1.56788	21.321	134.07
1.59156	21.321	134.06
1.6156	21.321	134.06
1.64	21.321	134.06
1.66477	21.32	134.06
1.68991	21.32	134.06
1.71544	21.32	134.05
1.74135	21.32	134.05
1.76765	21.32	134.05
1.79435	21.32	134.05
1.82145	21.32	134.05
1.84896	21.32	134.04
1.87688	21.32	134.04
1.90523	21.32	134.04
1.93401	21.32	134.04
1.96322	21.32	134.04
1.99287	21.32	134.05
2.02297	21.32	134.05
2.05353	21.32	134.05
2.08454	21.32	134.04
2.11603	21.32	134.04
2.14799	21.32	134.04
2.18043	21.32	134.04
2.21336	21.32	134.04
2.24679	21.32	134.04
2.28072	21.32	134.03
2.31517	21.32	134.03
2.35014	21.32	134.03
2.38564	21.32	134.04
2.42167	21.32	134.04
2.45824	21.32	134.03
2.49537	21.32	134.03
2.53306	21.32	134.03
2.57132	21.32	134.03
2.61016	21.32	134.03
2.64958	21.32	134.03
2.6896	21.32	134.03
2.73022	21.32	134.03
2.77146	21.32	134.03
2.81332	21.32	134.03
2.85581	21.32	134.03
2.89894	21.32	134.03
2.94273	21.32	134.03
2.98717	21.32	134.03
3.03229	21.32	134.03
3.07809	21.32	134.03
3.12458	21.32	134.03
3.17177	21.32	134.02
3.21968	21.32	134.02
3.26831	21.32	134.02
3.31767	21.32	134.02
3.36778	21.321	134.02
3.41865	21.321	134.02
3.47028	21.322	134.02
3.52269	21.323	134.02
3.5759	21.324	134.02
3.62991	21.327	134.02
3.68473	21.332	134.02
3.74039	21.339	134.02
3.79688	21.352	134.01
3.85423	21.374	134.01
3.91244	21.41	134.01
3.97153	21.469	134.01
4.03152	21.567	134.01
4.09241	21.729	134.01
4.15422	21.992	134.01
4.21697	22.414	134.02
4.28066	23.078	134.03
4.34531	24.084	134.05
4.41094	25.541	134.07
4.47756	27.535	134.12
4.54519	30.094	134.2
4.61384	33.179	134.33
4.68353	36.696	134.55
4.75426	40.539	134.92
4.82607	44.605	135.54
4.89896	48.82	136.57
4.97296	52.166	138.36
5.04807	53.991	141.23
5.12431	54.723	144.99
5.20171	54.937	149.26
5.28027	54.876	153.72
5.36002	54.668	158.1
5.44098	54.402	162.18
5.52316	54.146	165.75
5.60658	53.963	168.66
5.69126	53.908	170.77
5.77722	54.018	171.98
5.86448	54.312	172.22
5.95305	54.774	171.45
6.04296	55.368	169.67
6.13424	56.04	166.89
6.22688	56.743	163.19
6.32093	57.436	158.65
6.4164	58.09	153.35
6.51332	58.691	147.42
6.61169	59.229	140.94
6.71155	59.7	134.03
6.81292	60.102	126.78
6.91582	60.434	119.26
7.02028	60.698	111.57
7.12631	60.895	103.74
7.23394	61.027	95.82
7.3432	61.098	87.83
7.45411	61.112	79.78
7.5667	61.074	71.73
7.68098	60.986	63.75
7.79699	60.851	55.98
7.91476	60.675	48.59
8.0343	60.46	41.81
8.15565	60.211	35.85
8.27883	59.931	30.97
8.40387	59.624	27.44
8.5308	59.293	25.51
8.65964	58.94	25.38
8.79044	58.569	27.21
8.9232	58.185	31.09
9.05798	57.792	36.92
9.19479	57.398	44.41
9.33366	57.019	53.12
9.47464	56.677	62.45
9.61774	56.406	71.75
9.763	56.241	80.34
9.91046	56.222	87.59
10.06014	56.375	92.96
10.21209	56.705	96.08
10.36633	57.197	96.77
10.5229	57.813	95.07
10.68183	58.499	91.16
10.84317	59.203	85.32
11.00694	59.882	77.92
11.17319	60.51	69.36
11.34194	61.074	60.03
11.51325	61.569	50.27
11.68714	61.997	40.34
11.86366	62.361	30.43
12.04285	62.666	20.62
12.22474	62.917	10.97
12.40938	63.116	1.5
12.59681	63.263	-7.77
12.78706	63.358	-16.85
12.9802	63.397	-25.73
13.17625	63.378	-34.41
13.37526	63.301	-42.85
13.57727	63.164	-50.99
13.78234	62.968	-58.75
13.9905	62.716	-66.03
14.20181	62.412	-72.74
14.41631	62.059	-78.81
14.63405	61.664	-84.17
14.85508	61.232	-88.82
15.07945	60.774	-92.78
15.3072	60.307	-96.07
15.5384	59.856	-98.72
15.77309	59.452	-100.76
16.01132	59.127	-102.25
16.25315	58.907	-103.25
16.49863	58.809	-103.86
16.74782	58.835	-104.21
17.00078	58.979	-104.45
17.25755	59.229	-104.73
17.5182	59.569	-105.19
17.78279	59.98	-105.93
18.05138	60.445	-107.03
18.32402	60.945	-108.55
18.60078	61.46	-110.53
18.88172	61.973	-113
19.16691	62.471	-115.97
19.4564	62.936	-119.44
19.75026	63.355	-123.37
20.04857	63.714	-127.67
20.35137	64.009	-132.25
20.65876	64.238	-137
20.97078	64.411	-141.81
21.28752	64.534	-146.57
21.60904	64.62	-151.16
21.93541	64.674	-155.46
22.26672	64.703	-159.35
22.60303	64.711	-162.68
22.94442	64.702	-165.36
23.29097	64.68	-167.36
23.64275	64.654	-168.83
23.99984	64.633	-170.03
24.36233	64.626	-171.21
24.73029	64.636	-172.48
25.10381	64.666	-173.88
25.48297	64.715	-175.42
25.86785	64.781	-177.06
26.25856	64.858	-178.79
26.65516	64.944	179.42
27.05775	65.034	177.56
27.46642	65.124	175.62
27.88127	65.21	173.58
28.30238	65.29	171.45
28.72985	65.361	169.23
29.16378	65.421	166.94
29.60426	65.468	164.61
30.05139	65.499	162.27
30.50528	65.511	159.95
30.96602	65.505	157.69
31.43372	65.48	155.51
31.90849	65.436	153.43
32.39043	65.375	151.43
32.87964	65.295	149.54
33.37625	65.196	147.75
33.88035	65.079	146.11
34.39207	64.942	144.63
34.91152	64.786	143.33
35.43881	64.615	142.25
35.97407	64.43	141.42
36.51741	64.235	140.87
37.06896	64.031	140.62
37.62884	63.822	140.7
38.19718	63.61	141.13
38.77409	63.402	141.91
39.35973	63.208	143.04
39.95421	63.039	144.53
40.55766	62.907	146.37
41.17023	62.827	148.56
41.79206	62.816	151.12
42.42327	62.888	154.01
43.06402	63.061	157.18
43.71445	63.342	160.57
44.3747	63.734	164.09
45.04492	64.227	167.64
45.72527	64.81	171.13
46.41589	65.463	174.48
47.11694	66.168	177.62
47.82858	66.903	-179.52
48.55097	67.647	-177.02
49.28427	68.384	-174.96
50.02865	69.099	-173.38
50.78426	69.78	-172.33
51.5513	70.416	-171.82
52.32991	71.001	-171.83
53.12029	71.53	-172.31
53.9226	72.006	-173.19
54.73703	72.436	-174.4
55.56377	72.829	-175.89
56.40298	73.195	-177.58
57.25488	73.541	-179.42
58.11964	73.873	178.66
58.99746	74.196	176.7
59.88854	74.511	174.75
60.79308	74.821	172.87
61.71128	75.13	171.07
62.64335	75.441	169.39
63.5895	75.756	167.82
64.54994	76.079	166.37
65.52488	76.413	165.04
66.51455	76.759	163.79
67.51917	77.121	162.61
68.53896	77.5	161.43
69.57415	77.895	160.2
70.62498	78.3	158.87
71.69168	78.707	157.37
72.77449	79.105	155.68
73.87365	79.483	153.77
74.98942	79.83	151.63
76.12204	80.137	149.28
77.27177	80.399	146.77
78.43886	80.612	144.18
79.62357	80.777	141.59
80.82619	80.898	139.06
82.04696	80.979	136.65
83.28617	81.025	134.42
84.54411	81.043	132.43
85.82104	81.038	130.73
87.11725	81.02	129.34
88.43305	80.998	128.26
89.76871	80.983	127.49
91.12455	80.986	127.04
92.50087	81.018	126.88
93.89798	81.089	127
95.31619	81.208	127.32
96.75582	81.381	127.8
98.21719	81.611	128.36
99.70063	81.897	128.93
101.20648	82.231	129.42
102.73508	82.604	129.76
104.28676	83.007	129.9
105.86188	83.431	129.8
107.46078	83.869	129.46
109.08384	84.317	128.88
110.73141	84.773	128.07
112.40387	85.234	127.02
114.10158	85.696	125.73
115.82494	86.154	124.2
117.57433	86.601	122.44
119.35014	87.033	120.46
121.15277	87.446	118.27
122.98262	87.84	115.85
124.84012	88.212	113.22
126.72567	88.562	110.36
128.63969	88.887	107.26
130.58263	89.181	103.94
132.55491	89.44	100.42
134.55699	89.659	96.73
136.5893	89.836	92.91
138.6523	89.969	89
140.74647	90.059	85.05
142.87226	90.106	81.13
145.03016	90.114	77.3
147.22066	90.084	73.6
149.44424	90.018	70.06
151.7014	89.916	66.71
153.99265	89.782	63.59
156.31851	89.617	60.72
158.6795	89.426	58.13
161.07615	89.215	55.82
163.509	88.989	53.79
165.97859	88.758	52.03
168.48549	88.529	50.49
171.03024	88.309	49.15
173.61344	88.102	47.96
176.23564	87.912	46.89
178.89746	87.741	45.92
181.59947	87.59	45.01
184.3423	87.458	44.12
187.12655	87.341	43.23
189.95286	87.235	42.3
192.82185	87.133	41.33
195.73418	87.031	40.34
198.69049	86.922	39.35
201.69146	86.803	38.39
204.73775	86.671	37.53
207.83005	86.527	36.81
210.96905	86.375	36.32
214.15547	86.221	36.09
217.39001	86.072	36.15
220.67341	85.94	36.5
224.00639	85.837	37.12
227.38972	85.774	37.97
230.82415	85.763	38.99
234.31045	85.808	40.09
237.84941	85.913	41.18
241.44182	86.071	42.19
245.08849	86.27	43.02
248.79024	86.497	43.63
252.54789	86.742	43.97
256.3623	86.992	43.96
260.23433	87.235	43.56
264.16483	87.462	42.75
268.1547	87.663	41.52
272.20483	87.832	39.89
276.31614	87.962	37.91
280.48954	88.049	35.67
284.72597	88.088	33.27
289.02639	88.082	30.82
293.39176	88.031	28.42
297.82307	87.94	26.14
302.3213	87.814	24.04
306.88748	87.658	22.14
311.52262	87.476	20.47
316.22777	87.271	19.03
321.00398	87.045	17.84
325.85233	86.805	16.9
330.77391	86.554	16.21
335.76983	86.3	15.79
340.8412	86.052	15.64
345.98917	85.821	15.75
351.21489	85.616	16.07
356.51954	85.446	16.56
361.90431	85.319	17.12
367.3704	85.233	17.7
372.91906	85.184	18.22
378.55152	85.167	18.65
384.26906	85.173	18.97
390.07295	85.195	19.16
395.9645	85.228	19.22
401.94503	85.266	19.12
408.0159	85.303	18.86
414.17845	85.335	18.43
420.43408	85.353	17.82
426.7842	85.352	17.04
433.23023	85.325	16.13
439.77361	85.268	15.16
446.41583	85.176	14.24
453.15836	85.05	13.48
460.00274	84.893	13.01
466.95049	84.71	12.96
474.00317	84.513	13.43
481.16238	84.316	14.47
488.42972	84.136	16.02
495.80682	83.989	18.01
503.29535	83.888	20.28
510.89698	83.839	22.64
518.61342	83.842	25
526.44641	83.894	27.32
534.3977	83.987	29.6
542.46909	84.117	31.85
550.66239	84.287	34.08
558.97944	84.5	36.23
567.4221	84.753	38.14
575.99229	85.037	39.57
584.69191	85.328	40.36
593.52293	85.593	40.47
602.48733	85.805	39.98
611.58712	85.954	39.12
620.82436	86.048	38.14
630.20111	86.106	37.19
639.71949	86.144	36.35
649.38163	86.177	35.66
659.18971	86.212	35.11
669.14592	86.254	34.67
679.25251	86.302	34.32
689.51174	86.357	34.05
699.92593	86.419	33.87
710.49741	86.49	33.75
721.22856	86.571	33.67
732.12179	86.66	33.6
743.17955	86.76	33.51
754.40432	86.87	33.37
765.79863	86.989	33.17
777.36503	87.117	32.89
789.10613	87.25	32.52
801.02456	87.387	32.05
813.12301	87.522	31.48
825.40419	87.649	30.83
837.87085	87.763	30.1
850.52582	87.859	29.3
863.37191	87.936	28.47
876.41204	87.994	27.62
889.64911	88.035	26.77
903.08612	88.063	25.94
916.72607	88.08	25.11
930.57204	88.087	24.28
944.62713	88.083	23.46
958.89451	88.067	22.66
973.37738	88.037	21.91
988.07899	87.995	21.23
1003.0027	87.944	20.66
1018.1517	87.889	20.21
1033.5296	87.837	19.9
1049.1397	87.795	19.69
1064.9856	87.765	19.55
1081.0709	87.747	19.44
1097.3991	87.738	19.34
1113.9739	87.734	19.26
1130.799	87.737	19.2
1147.8783	87.744	19.17
1165.2155	87.758	19.17
1182.8146	87.781	19.22
1200.6795	87.818	19.29
1218.8142	87.871	19.36
1237.2228	87.939	19.38
1255.9095	88.018	19.33
1274.8784	88.105	19.19
1294.1338	88.193	18.94
1313.68	88.28	18.59
1333.5214	88.361	18.15
1353.6626	88.436	17.63
1374.1079	88.502	17.04
1394.862	88.558	16.41
1415.9296	88.604	15.74
1437.3154	88.639	15.04
1459.0242	88.665	14.31
1481.0609	88.683	13.58
1503.4304	88.693	12.87
1526.1378	88.697	12.17
1549.1882	88.697	11.49
1572.5866	88.693	10.81
1596.3385	88.688	10.16
1620.4492	88.682	9.51
1644.924	88.676	8.87
1669.7684	88.671	8.23
1694.9882	88.668	7.56
1720.5888	88.664	6.87
1746.576	88.66	6.13
1772.9558	88.652	5.33
1799.734	88.639	4.47
1826.9167	88.616	3.55
1854.5099	88.58	2.58
1882.5199	88.53	1.58
1910.953	88.466	0.59
1939.8155	88.387	-0.4
1969.1139	88.292	-1.37
1998.8548	88.177	-2.32
2029.0449	88.033	-3.22
2059.6911	87.856	-4.02
2090.8	87.645	-4.62
2122.3789	87.41	-4.96
2154.4347	87.163	-5.03
2186.9747	86.917	-4.84
2220.0061	86.681	-4.43
2253.5364	86.461	-3.85
2287.5732	86.263	-3.14
2322.1241	86.087	-2.35
2357.1967	85.935	-1.5
2392.7992	85.805	-0.61
2428.9393	85.697	0.3
2465.6253	85.61	1.22
2502.8654	85.542	2.15
2540.668	85.495	3.1
2579.0415	85.468	4.06
2617.9946	85.464	5.02
2657.5361	85.486	5.98
2697.6747	85.535	6.9
2738.4196	85.613	7.78
2779.7799	85.723	8.58
2821.7649	85.863	9.26
2864.3841	86.033	9.78
2907.6469	86.229	10.1
2951.5632	86.445	10.16
2996.1427	86.674	9.91
3041.3956	86.908	9.3
3087.332	87.135	8.29
3133.9622	87.337	6.86
3181.2966	87.5	5.03
3229.346	87.609	2.91
3278.1212	87.658	0.62
3327.633	87.643	-1.68
3377.8926	87.563	-3.8
3428.9113	87.415	-5.56
3480.7006	87.197	-6.78
3533.2721	86.912	-7.32
3586.6376	86.567	-7.08
3640.8092	86.169	-6.06
3695.7989	85.727	-4.29
3751.6192	85.25	-1.86
3808.2826	84.759	1.16
3865.8018	84.283	4.63
3924.1898	83.858	8.43
3983.4596	83.518	12.39
4043.6246	83.289	16.36
4104.6984	83.179	20.18
4166.6946	83.181	23.71
4229.6271	83.276	26.83
4293.5102	83.439	29.48
4358.3582	83.649	31.64
4424.1856	83.885	33.32
4491.0072	84.132	34.58
4558.8381	84.379	35.5
4627.6935	84.622	36.17
4697.5888	84.862	36.69
4768.5399	85.101	37.11
4840.5625	85.344	37.48
4913.673	85.6	37.82
4987.8877	85.874	38.14
5063.2233	86.169	38.38
5139.6968	86.485	38.52
5217.3253	86.817	38.5
5296.1263	87.156	38.26
5376.1175	87.49	37.76
5457.3168	87.804	36.98
5539.7426	88.085	35.9
5623.4133	88.323	34.57
5708.3477	88.514	33.04
5794.5649	88.658	31.37
5882.0844	88.757	29.65
5970.9257	88.816	27.95
6061.1088	88.841	26.33
6152.6541	88.84	24.83
6245.582	88.819	23.46
6339.9135	88.785	22.23
6435.6698	88.742	21.12
6532.8723	88.693	20.11
6631.5429	88.643	19.18
6731.7038	88.594	18.31
6833.3776	88.551	17.48
6936.5869	88.518	16.69
7041.3552	88.498	15.92
7147.7058	88.494	15.1
7255.6627	88.506	14.19
7365.2501	88.531	13.14
7476.4928	88.563	11.91
7589.4156	88.596	10.46
7704.0439	88.621	8.77
7820.4036	88.627	6.87
7938.5207	88.609	4.8
8058.4219	88.564	2.61
8180.134	88.491	0.33
8303.6844	88.393	-2
8429.1009	88.27	-4.37
8556.4116	88.12	-6.73
8685.6452	87.941	-9.07
8816.8307	87.726	-11.29
8949.9976	87.455	-13.27
9085.1758	87.114	-14.8
9222.3957	86.71	-15.71
9361.6881	86.261	-15.86
9503.0843	85.778	-15.19
9646.6162	85.272	-13.76
9792.3159	84.76	-11.71
9940.2163	84.256	-9.21
10090.35	83.771	-6.38
10242.752	83.313	-3.31
10397.456	82.886	0.02
10554.496	82.5	3.63
10713.908	82.171	7.57
10875.728	81.926	11.79
11039.992	81.791	16.17
11206.737	81.783	20.53
11376	81.904	24.68
11547.82	82.146	28.51
11722.235	82.497	32
11899.284	82.94	35.14
12079.007	83.45	37.89
12261.445	83.999	40.2
12446.639	84.556	41.99
12634.629	85.102	43.16
12825.459	85.622	43.58
13019.171	86.098	43.09
13215.809	86.514	41.6
13415.417	86.863	39.11
13618.039	87.144	35.65
13823.722	87.359	31.21
14032.512	87.511	25.77
14244.455	87.597	19.27
14459.599	87.617	11.68
14677.993	87.571	2.93
14899.685	87.459	-7.05
15124.725	87.282	-18.39
15353.165	87.045	-31.23
15585.055	86.755	-45.71
15820.447	86.421	-61.91
16059.394	86.064	-79.78
16301.951	85.701	-99.14
16548.171	85.351	-119.79
16798.11	85.033	-141.5
17051.824	84.775	-164.07
17309.37	84.597	172.63
17570.805	84.497	148.75
17836.19	84.46	124.4
18105.582	84.482	99.68
18379.044	84.553	74.67
18656.636	84.64	49.39
18938.42	84.71	23.84
19224.461	84.749	-2.08
19514.822	84.752	-28.58
19809.568	84.702	-56.04
20108.766	84.586	-84.85
20412.483	84.405	-115.33
20720.787	84.148	-147.58
21033.748	83.798	178.55
21351.436	83.348	143.38
21673.922	82.795	107.29
22001.278	82.131	70.69
22333.579	81.363	33.96
22670.899	80.504	-2.57
23013.314	79.559	-38.57
23360.901	78.553	-73.73
23713.737	77.512	-107.72
24071.903	76.466	-140.32
24435.478	75.46	-171.4
24804.544	74.499	159.13
25179.185	73.595	131.2
25559.484	72.774	104.54
25945.527	72.032	78.82
26337.401	71.353	53.73
26735.194	70.723	29.07
27138.994	70.136	4.73
27548.894	69.581	-19.26
27964.985	69.041	-42.82
28387.36	68.515	-65.85
28816.114	68.013	-88.25
29251.345	67.542	-109.92
29693.148	67.11	-130.81
30141.625	66.726	-150.87
30596.876	66.4	-170.08
31059.002	66.141	171.62
31528.109	65.948	154.25
32004.3	65.811	137.8
32487.684	65.718	122.18
32978.369	65.651	107.24
33476.464	65.594	92.8
33982.083	65.524	78.71
34495.339	65.428	64.87
35016.347	65.297	51.33
35545.224	65.124	38.39
36082.088	64.909	26.59
36627.062	64.654	16.51
37180.267	64.366	8.41
37741.827	64.06	2.2
38311.868	63.766	-2.37
38890.52	63.508	-5.64
39477.911	63.301	-7.9
40074.174	63.138	-9.49
40679.443	63.005	-10.68
41293.854	62.887	-11.63
41917.544	62.778	-12.45
42550.655	62.672	-13.2
43193.328	62.567	-13.92
43845.708	62.462	-14.63
44507.941	62.354	-15.35
45180.176	62.244	-16.08
45862.564	62.131	-16.83
46555.259	62.015	-17.62
47258.417	61.895	-18.43
47972.194	61.771	-19.28
48696.753	61.644	-20.17
49432.254	61.513	-21.09
50178.865	61.378	-22.07
50936.752	61.24	-23.09
51706.086	61.097	-24.15
52487.04	60.952	-25.28
53279.789	60.802	-26.46
54084.512	60.65	-27.71
54901.389	60.494	-29.02
55730.604	60.336	-30.41
56572.343	60.175	-31.87
57426.796	60.012	-33.42
58294.153	59.848	-35.06
59174.612	59.684	-36.79
60068.368	59.52	-38.61
60975.624	59.357	-40.55
61896.582	59.196	-42.59
62831.45	59.04	-44.75
63780.438	58.889	-47.02
64743.76	58.745	-49.42
65721.631	58.61	-51.94
66714.272	58.487	-54.58
67721.905	58.377	-57.35
68744.757	58.283	-60.23
69783.058	58.208	-63.22
70837.042	58.154	-66.32
71906.944	58.122	-69.5
72993.006	58.116	-72.76
74095.472	58.137	-76.08
75214.588	58.187	-79.44
76350.608	58.265	-82.82
77503.786	58.372	-86.2
78674.381	58.508	-89.55
79862.656	58.672	-92.86
81068.879	58.862	-96.11
82293.32	59.077	-99.28
83536.255	59.314	-102.36
84797.962	59.572	-105.33
86078.727	59.846	-108.19
87378.835	60.134	-110.92
88698.58	60.434	-113.52
90038.258	60.74	-115.98
91398.17	61.05	-118.29
92778.622	61.357	-120.43
94179.923	61.654	-122.39
95602.39	61.931	-124.12
97046.341	62.171	-125.55
98512.101	62.347	-126.56
100000	62.415	-126.94
