" file generated by Xsim4 
"------------------------
"
" FREQ [Hz], MAG [dB], ANGLE [°]
"
1	35.627	29.44
1.0151	35.627	29.44
1.03044	35.627	29.43
1.046	35.627	29.43
1.0618	35.627	29.43
1.07783	35.627	29.42
1.09411	35.627	29.42
1.11064	35.627	29.42
1.12741	35.627	29.41
1.14444	35.627	29.41
1.16173	35.627	29.41
1.17927	35.627	29.41
1.19709	35.627	29.41
1.21517	35.627	29.41
1.23352	35.628	29.41
1.25215	35.628	29.43
1.27106	35.63	29.45
1.29026	35.632	29.49
1.30975	35.634	29.55
1.32953	35.638	29.63
1.34961	35.64	29.68
1.36999	35.642	29.71
1.39069	35.643	29.73
1.41169	35.644	29.74
1.43301	35.644	29.74
1.45466	35.644	29.74
1.47663	35.644	29.74
1.49893	35.644	29.74
1.52157	35.644	29.73
1.54455	35.645	29.73
1.56788	35.645	29.72
1.59156	35.645	29.72
1.6156	35.647	29.71
1.64	35.648	29.71
1.66477	35.651	29.7
1.68991	35.653	29.7
1.71544	35.654	29.69
1.74135	35.655	29.69
1.76765	35.655	29.68
1.79435	35.656	29.68
1.82145	35.656	29.67
1.84896	35.656	29.67
1.87688	35.655	29.67
1.90523	35.655	29.67
1.93401	35.654	29.68
1.96322	35.653	29.69
1.99287	35.651	29.71
2.02297	35.65	29.72
2.05353	35.649	29.72
2.08454	35.649	29.72
2.11603	35.649	29.72
2.14799	35.649	29.72
2.18043	35.649	29.72
2.21336	35.649	29.72
2.24679	35.649	29.72
2.28072	35.65	29.73
2.31517	35.651	29.75
2.35014	35.653	29.78
2.38564	35.655	29.81
2.42167	35.657	29.83
2.45824	35.657	29.84
2.49537	35.658	29.84
2.53306	35.658	29.84
2.57132	35.659	29.85
2.61016	35.66	29.85
2.64958	35.661	29.86
2.6896	35.663	29.87
2.73022	35.663	29.87
2.77146	35.664	29.88
2.81332	35.664	29.88
2.85581	35.665	29.88
2.89894	35.666	29.9
2.94273	35.668	29.92
2.98717	35.67	29.94
3.03229	35.671	29.96
3.07809	35.673	29.96
3.12458	35.673	29.97
3.17177	35.674	29.96
3.21968	35.676	29.96
3.26831	35.678	29.96
3.31767	35.682	29.96
3.36778	35.686	29.96
3.41865	35.688	29.95
3.47028	35.69	29.95
3.52269	35.692	29.95
3.5759	35.695	29.96
3.62991	35.699	29.97
3.68473	35.705	29.98
3.74039	35.715	29.98
3.79688	35.73	29.98
3.85423	35.756	29.98
3.91244	35.8	29.99
3.97153	35.87	30
4.03152	35.983	30.01
4.09241	36.167	30.01
4.15422	36.463	30
4.21697	36.936	30
4.28066	37.672	29.99
4.34531	38.778	29.98
4.41094	40.359	29.96
4.47756	42.489	29.92
4.54519	45.181	29.87
4.61384	48.38	29.79
4.68353	51.986	29.65
4.75426	55.89	29.41
4.82607	59.999	28.99
4.89896	64.24	28.27
4.97296	67.686	27
5.04807	69.753	24.98
5.12431	70.847	22.25
5.20171	71.493	19
5.28027	71.901	15.36
5.36002	72.175	11.42
5.44098	72.368	7.25
5.52316	72.506	2.91
5.60658	72.605	-1.58
5.69126	72.672	-6.2
5.77722	72.708	-10.95
5.86448	72.719	-15.8
5.95305	72.704	-20.75
6.04296	72.663	-25.8
6.13424	72.598	-30.95
6.22688	72.507	-36.2
6.32093	72.393	-41.57
6.4164	72.256	-47.06
6.51332	72.099	-52.7
6.61169	71.922	-58.49
6.71155	71.722	-64.47
6.81292	71.499	-70.65
6.91582	71.253	-77.08
7.02028	70.983	-83.77
7.12631	70.687	-90.76
7.23394	70.361	-98.06
7.3432	69.999	-105.71
7.45411	69.595	-113.69
7.5667	69.142	-121.95
7.68098	68.631	-130.36
7.79699	68.055	-138.75
7.91476	67.406	-146.88
8.0343	66.681	-154.48
8.15565	65.881	-161.25
8.27883	65.009	-166.87
8.40387	64.081	-171.02
8.5308	63.121	-173.39
8.65964	62.17	-173.71
8.79044	61.275	-171.78
8.9232	60.489	-167.49
9.05798	59.855	-160.89
9.19479	59.395	-152.24
9.33366	59.109	-141.95
9.47464	58.973	-130.57
9.61774	58.949	-118.71
9.763	58.998	-106.99
9.91046	59.087	-95.94
10.06014	59.193	-85.99
10.21209	59.303	-77.36
10.36633	59.413	-70.14
10.5229	59.529	-64.26
10.68183	59.663	-59.59
10.84317	59.837	-55.99
11.00694	60.071	-53.32
11.17319	60.387	-51.5
11.34194	60.802	-50.45
11.51325	61.323	-50.17
11.68714	61.944	-50.66
11.86366	62.643	-51.93
12.04285	63.381	-53.97
12.22474	64.116	-56.78
12.40938	64.81	-60.31
12.59681	65.435	-64.51
12.78706	65.974	-69.35
12.9802	66.42	-74.76
13.17625	66.776	-80.69
13.37526	67.047	-87.07
13.57727	67.241	-93.84
13.78234	67.365	-100.89
13.9905	67.42	-108.12
14.20181	67.402	-115.37
14.41631	67.305	-122.47
14.63405	67.121	-129.22
14.85508	66.843	-135.41
15.07945	66.466	-140.81
15.3072	65.998	-145.14
15.5384	65.461	-148.1
15.77309	64.893	-149.4
16.01132	64.343	-148.84
16.25315	63.863	-146.41
16.49863	63.499	-142.35
16.74782	63.285	-137.19
17.00078	63.241	-131.65
17.25755	63.373	-126.54
17.5182	63.669	-122.53
17.78279	64.096	-120
18.05138	64.612	-119.05
18.32402	65.163	-119.54
18.60078	65.707	-121.18
18.88172	66.212	-123.67
19.16691	66.665	-126.74
19.4564	67.065	-130.16
19.75026	67.417	-133.78
20.04857	67.731	-137.49
20.35137	68.016	-141.22
20.65876	68.278	-144.92
20.97078	68.521	-148.54
21.28752	68.744	-152.07
21.60904	68.943	-155.47
21.93541	69.115	-158.7
22.26672	69.254	-161.74
22.60303	69.354	-164.56
22.94442	69.411	-167.11
23.29097	69.426	-169.4
23.64275	69.405	-171.5
23.99984	69.364	-173.51
24.36233	69.32	-175.52
24.73029	69.284	-177.52
25.10381	69.258	-179.51
25.48297	69.24	178.51
25.86785	69.23	176.52
26.25856	69.224	174.55
26.65516	69.218	172.64
27.05775	69.206	170.79
27.46642	69.185	169.02
27.88127	69.149	167.34
28.30238	69.098	165.77
28.72985	69.033	164.33
29.16378	68.957	163.07
29.60426	68.871	162.02
30.05139	68.781	161.23
30.50528	68.692	160.74
30.96602	68.61	160.55
31.43372	68.543	160.67
31.90849	68.498	161.08
32.39043	68.483	161.78
32.87964	68.51	162.75
33.37625	68.593	164.01
33.88035	68.742	165.52
34.39207	68.964	167.25
34.91152	69.262	169.14
35.43881	69.631	171.11
35.97407	70.065	173.07
36.51741	70.553	174.93
37.06896	71.086	176.66
37.62884	71.652	178.2
38.19718	72.238	179.51
38.77409	72.829	-179.44
39.35973	73.416	-178.67
39.95421	73.994	-178.19
40.55766	74.564	-178
41.17023	75.128	-178.11
41.79206	75.687	-178.5
42.42327	76.242	-179.18
43.06402	76.791	179.88
43.71445	77.333	178.69
44.3747	77.865	177.28
45.04492	78.386	175.65
45.72527	78.894	173.83
46.41589	79.388	171.83
47.11694	79.868	169.65
47.82858	80.332	167.28
48.55097	80.778	164.73
49.28427	81.203	162.02
50.02865	81.603	159.15
50.78426	81.974	156.14
51.5513	82.312	153
52.32991	82.614	149.77
53.12029	82.881	146.49
53.9226	83.112	143.2
54.73703	83.313	139.93
55.56377	83.488	136.67
56.40298	83.641	133.45
57.25488	83.775	130.27
58.11964	83.893	127.16
58.99746	83.996	124.14
59.88854	84.086	121.23
60.79308	84.163	118.45
61.71128	84.228	115.82
62.64335	84.286	113.33
63.5895	84.341	110.98
64.54994	84.398	108.77
65.52488	84.463	106.69
66.51455	84.541	104.73
67.51917	84.637	102.86
68.53896	84.751	101.03
69.57415	84.887	99.21
70.62498	85.042	97.34
71.69168	85.213	95.37
72.77449	85.392	93.25
73.87365	85.57	90.96
74.98942	85.737	88.47
76.12204	85.883	85.8
77.27177	85.999	82.98
78.43886	86.076	80.08
79.62357	86.113	77.17
80.82619	86.108	74.32
82.04696	86.062	71.6
83.28617	85.975	69.09
84.54411	85.851	66.86
85.82104	85.69	64.98
87.11725	85.495	63.5
88.43305	85.269	62.43
89.76871	85.018	61.79
91.12455	84.752	61.57
92.50087	84.481	61.75
93.89798	84.22	62.27
95.31619	83.985	63.08
96.75582	83.799	64.11
98.21719	83.677	65.31
99.70063	83.628	66.59
101.20648	83.657	67.84
102.73508	83.76	68.98
104.28676	83.928	69.94
105.86188	84.15	70.69
107.46078	84.415	71.2
109.08384	84.712	71.46
110.73141	85.035	71.49
112.40387	85.378	71.3
114.10158	85.736	70.9
115.82494	86.101	70.3
117.57433	86.463	69.5
119.35014	86.814	68.5
121.15277	87.153	67.25
122.98262	87.477	65.76
124.84012	87.787	64.02
126.72567	88.082	62.05
128.63969	88.357	59.85
130.58263	88.608	57.44
132.55491	88.828	54.83
134.55699	89.016	52.02
136.5893	89.167	49.07
138.6523	89.28	46.03
140.74647	89.355	42.94
142.87226	89.394	39.85
145.03016	89.401	36.81
147.22066	89.382	33.85
149.44424	89.335	31
151.7014	89.262	28.25
153.99265	89.166	25.64
156.31851	89.048	23.17
158.6795	88.911	20.87
161.07615	88.758	18.75
163.509	88.595	16.79
165.97859	88.427	14.98
168.48549	88.259	13.32
171.03024	88.089	11.79
173.61344	87.919	10.41
176.23564	87.75	9.15
178.89746	87.584	8.02
181.59947	87.422	7.04
184.3423	87.267	6.19
187.12655	87.124	5.47
189.95286	86.997	4.84
192.82185	86.888	4.25
195.73418	86.797	3.67
198.69049	86.718	3.06
201.69146	86.647	2.41
204.73775	86.581	1.72
207.83005	86.516	0.99
210.96905	86.447	0.25
214.15547	86.372	-0.5
217.39001	86.291	-1.22
220.67341	86.203	-1.89
224.00639	86.108	-2.48
227.38972	86.007	-2.97
230.82415	85.903	-3.3
234.31045	85.804	-3.47
237.84941	85.721	-3.44
241.44182	85.659	-3.24
245.08849	85.624	-2.89
248.79024	85.623	-2.43
252.54789	85.666	-1.91
256.3623	85.756	-1.4
260.23433	85.89	-0.97
264.16483	86.059	-0.7
268.1547	86.252	-0.66
272.20483	86.458	-0.9
276.31614	86.664	-1.46
280.48954	86.86	-2.36
284.72597	87.034	-3.59
289.02639	87.179	-5.11
293.39176	87.29	-6.86
297.82307	87.366	-8.78
302.3213	87.408	-10.81
306.88748	87.418	-12.88
311.52262	87.397	-14.96
316.22777	87.348	-16.98
321.00398	87.275	-18.91
325.85233	87.181	-20.71
330.77391	87.07	-22.37
335.76983	86.945	-23.87
340.8412	86.814	-25.22
345.98917	86.683	-26.44
351.21489	86.557	-27.53
356.51954	86.439	-28.54
361.90431	86.327	-29.48
367.3704	86.223	-30.36
372.91906	86.127	-31.21
378.55152	86.039	-32.03
384.26906	85.959	-32.83
390.07295	85.887	-33.62
395.9645	85.821	-34.42
401.94503	85.761	-35.22
408.0159	85.708	-36.02
414.17845	85.662	-36.84
420.43408	85.622	-37.71
426.7842	85.581	-38.65
433.23023	85.535	-39.63
439.77361	85.479	-40.62
446.41583	85.415	-41.6
453.15836	85.346	-42.53
460.00274	85.277	-43.41
466.95049	85.213	-44.25
474.00317	85.156	-45.07
481.16238	85.107	-45.9
488.42972	85.064	-46.78
495.80682	85.021	-47.71
503.29535	84.973	-48.69
510.89698	84.915	-49.69
518.61342	84.845	-50.68
526.44641	84.767	-51.63
534.3977	84.684	-52.53
542.46909	84.599	-53.37
550.66239	84.512	-54.17
558.97944	84.424	-54.92
567.4221	84.332	-55.61
575.99229	84.237	-56.22
584.69191	84.143	-56.71
593.52293	84.056	-57.04
602.48733	83.987	-57.21
611.58712	83.947	-57.27
620.82436	83.943	-57.25
630.20111	83.977	-57.25
639.71949	84.045	-57.31
649.38163	84.141	-57.47
659.18971	84.257	-57.78
669.14592	84.384	-58.25
679.25251	84.514	-58.9
689.51174	84.642	-59.72
699.92593	84.767	-60.73
710.49741	84.884	-61.93
721.22856	84.991	-63.33
732.12179	85.087	-64.92
743.17955	85.17	-66.68
754.40432	85.24	-68.59
765.79863	85.295	-70.6
777.36503	85.336	-72.69
789.10613	85.366	-74.82
801.02456	85.386	-76.98
813.12301	85.398	-79.17
825.40419	85.402	-81.38
837.87085	85.397	-83.62
850.52582	85.383	-85.9
863.37191	85.358	-88.2
876.41204	85.321	-90.51
889.64911	85.27	-92.82
903.08612	85.205	-95.11
916.72607	85.126	-97.37
930.57204	85.033	-99.57
944.62713	84.928	-101.7
958.89451	84.81	-103.77
973.37738	84.68	-105.76
988.07899	84.54	-107.67
1003.0027	84.392	-109.49
1018.1517	84.241	-111.21
1033.5296	84.088	-112.83
1049.1397	83.939	-114.32
1064.9856	83.8	-115.7
1081.0709	83.675	-116.98
1097.3991	83.571	-118.17
1113.9739	83.49	-119.29
1130.799	83.436	-120.39
1147.8783	83.407	-121.48
1165.2155	83.402	-122.6
1182.8146	83.417	-123.76
1200.6795	83.451	-124.97
1218.8142	83.502	-126.24
1237.2228	83.571	-127.59
1255.9095	83.657	-129.04
1274.8784	83.759	-130.64
1294.1338	83.872	-132.42
1313.68	83.991	-134.39
1333.5214	84.109	-136.55
1353.6626	84.22	-138.88
1374.1079	84.322	-141.36
1394.862	84.416	-143.94
1415.9296	84.5	-146.61
1437.3154	84.576	-149.35
1459.0242	84.646	-152.15
1481.0609	84.707	-155.01
1503.4304	84.758	-157.92
1526.1378	84.799	-160.85
1549.1882	84.831	-163.81
1572.5866	84.855	-166.77
1596.3385	84.874	-169.72
1620.4492	84.887	-172.68
1644.924	84.896	-175.62
1669.7684	84.899	-178.57
1694.9882	84.895	178.47
1720.5888	84.884	175.53
1746.576	84.865	172.61
1772.9558	84.839	169.73
1799.734	84.805	166.9
1826.9167	84.764	164.12
1854.5099	84.717	161.4
1882.5199	84.665	158.77
1910.953	84.61	156.24
1939.8155	84.555	153.8
1969.1139	84.503	151.46
1998.8548	84.455	149.2
2029.0449	84.414	147
2059.6911	84.378	144.84
2090.8	84.346	142.71
2122.3789	84.319	140.61
2154.4347	84.296	138.55
2186.9747	84.279	136.54
2220.0061	84.268	134.56
2253.5364	84.264	132.61
2287.5732	84.266	130.66
2322.1241	84.269	128.7
2357.1967	84.273	126.74
2392.7992	84.273	124.79
2428.9393	84.268	122.85
2465.6253	84.257	120.97
2502.8654	84.244	119.14
2540.668	84.233	117.37
2579.0415	84.225	115.65
2617.9946	84.221	113.96
2657.5361	84.22	112.29
2697.6747	84.22	110.63
2738.4196	84.221	108.98
2779.7799	84.219	107.33
2821.7649	84.214	105.72
2864.3841	84.205	104.14
2907.6469	84.194	102.6
2951.5632	84.183	101.11
2996.1427	84.175	99.66
3041.3956	84.17	98.23
3087.332	84.168	96.81
3133.9622	84.166	95.42
3181.2966	84.165	94.03
3229.346	84.162	92.67
3278.1212	84.158	91.34
3327.633	84.153	90.04
3377.8926	84.147	88.78
3428.9113	84.142	87.57
3480.7006	84.136	86.42
3533.2721	84.132	85.33
3586.6376	84.131	84.3
3640.8092	84.134	83.34
3695.7989	84.142	82.42
3751.6192	84.156	81.54
3808.2826	84.175	80.66
3865.8018	84.201	79.79
3924.1898	84.231	78.88
3983.4596	84.263	77.95
4043.6246	84.295	76.98
4104.6984	84.328	75.98
4166.6946	84.359	74.94
4229.6271	84.389	73.87
4293.5102	84.418	72.78
4358.3582	84.444	71.65
4424.1856	84.466	70.5
4491.0072	84.482	69.34
4558.8381	84.491	68.17
4627.6935	84.49	67.01
4697.5888	84.481	65.87
4768.5399	84.463	64.76
4840.5625	84.44	63.7
4913.673	84.41	62.67
4987.8877	84.376	61.7
5063.2233	84.339	60.75
5139.6968	84.298	59.84
5217.3253	84.255	58.97
5296.1263	84.209	58.14
5376.1175	84.16	57.35
5457.3168	84.109	56.61
5539.7426	84.056	55.91
5623.4133	84.001	55.26
5708.3477	83.944	54.67
5794.5649	83.885	54.12
5882.0844	83.826	53.62
5970.9257	83.767	53.18
6061.1088	83.71	52.8
6152.6541	83.654	52.46
6245.582	83.599	52.19
6339.9135	83.547	51.98
6435.6698	83.499	51.82
6532.8723	83.458	51.73
6631.5429	83.426	51.69
6731.7038	83.405	51.67
6833.3776	83.393	51.67
6936.5869	83.39	51.67
7041.3552	83.395	51.66
7147.7058	83.407	51.65
7255.6627	83.428	51.63
7365.2501	83.457	51.61
7476.4928	83.495	51.59
7589.4156	83.545	51.57
7704.0439	83.606	51.52
7820.4036	83.679	51.43
7938.5207	83.765	51.28
8058.4219	83.863	51.08
8180.134	83.979	50.81
8303.6844	84.115	50.49
8429.1009	84.28	50.1
8556.4116	84.484	49.65
8685.6452	84.738	49.12
8816.8307	84.999	48.49
8949.9976	85.12	47.8
9085.1758	85.03	47.07
9222.3957	84.852	46.32
9361.6881	84.715	45.54
9503.0843	84.632	44.75
9646.6162	84.577	43.96
9792.3159	84.534	43.17
9940.2163	84.491	42.41
10090.35	84.44	41.7
10242.752	84.381	41.06
10397.456	84.316	40.54
10554.496	84.247	40.12
10713.908	84.175	39.82
10875.728	84.104	39.62
11039.992	84.037	39.53
11206.737	83.977	39.53
11376	83.928	39.6
11547.82	83.891	39.73
11722.235	83.869	39.9
11899.284	83.862	40.08
12079.007	83.87	40.26
12261.445	83.893	40.41
12446.639	83.927	40.52
12634.629	83.971	40.56
12825.459	84.024	40.52
13019.171	84.081	40.38
13215.809	84.137	40.12
13415.417	84.19	39.74
13618.039	84.235	39.23
13823.722	84.267	38.6
14032.512	84.282	37.84
14244.455	84.277	37
14459.599	84.252	36.08
14677.993	84.205	35.12
14899.685	84.132	34.12
15124.725	84.031	33.13
15353.165	83.898	32.19
15585.055	83.73	31.37
15820.447	83.528	30.74
16059.394	83.294	30.36
16301.951	83.03	30.27
16548.171	82.739	30.53
16798.11	82.426	31.15
17051.824	82.098	32.14
17309.37	81.761	33.49
17570.805	81.424	35.17
17836.19	81.097	37.14
18105.582	80.793	39.37
18379.044	80.523	41.81
18656.636	80.302	44.41
18938.42	80.138	47.09
19224.461	80.04	49.8
19514.822	80.01	52.48
19809.568	80.044	55.05
20108.766	80.137	57.48
20412.483	80.278	59.72
20720.787	80.457	61.75
21033.748	80.664	63.55
21351.436	80.888	65.14
21673.922	81.123	66.51
22001.278	81.364	67.7
22333.579	81.606	68.71
22670.899	81.848	69.55
23013.314	82.091	70.25
23360.901	82.339	70.83
23713.737	82.594	71.29
24071.903	82.859	71.61
24435.478	83.133	71.78
24804.544	83.416	71.79
25179.185	83.707	71.63
25559.484	84.005	71.28
25945.527	84.309	70.75
26337.401	84.619	69.99
26735.194	84.936	68.99
27138.994	85.257	67.72
27548.894	85.579	66.12
27964.985	85.898	64.16
28387.36	86.211	61.81
28816.114	86.513	59.06
29251.345	86.802	55.9
29693.148	87.073	52.32
30141.625	87.325	48.31
30596.876	87.554	43.89
31059.002	87.755	39.04
31528.109	87.923	33.78
32004.3	88.056	28.13
32487.684	88.15	22.12
32978.369	88.203	15.81
33476.464	88.216	9.23
33982.083	88.188	2.45
34495.339	88.124	-4.47
35016.347	88.025	-11.48
35545.224	87.897	-18.49
36082.088	87.743	-25.43
36627.062	87.569	-32.19
37180.267	87.384	-38.64
37741.827	87.198	-44.6
38311.868	87.028	-49.85
38890.52	86.886	-54.21
39477.911	86.78	-57.63
40074.174	86.707	-60.29
40679.443	86.658	-62.48
41293.854	86.625	-64.42
41917.544	86.604	-66.22
42550.655	86.594	-67.95
43193.328	86.594	-69.64
43845.708	86.602	-71.34
44507.941	86.619	-73.04
45180.176	86.646	-74.75
45862.564	86.681	-76.48
46555.259	86.726	-78.23
47258.417	86.781	-80
47972.194	86.845	-81.77
48696.753	86.92	-83.56
49432.254	87.005	-85.36
50178.865	87.1	-87.16
50936.752	87.206	-88.95
51706.086	87.322	-90.75
52487.04	87.448	-92.53
53279.789	87.585	-94.3
54084.512	87.731	-96.05
54901.389	87.888	-97.78
55730.604	88.054	-99.49
56572.343	88.228	-101.17
57426.796	88.412	-102.82
58294.153	88.604	-104.44
59174.612	88.803	-106.02
60068.368	89.01	-107.57
60975.624	89.224	-109.08
61896.582	89.444	-110.54
62831.45	89.67	-111.97
63780.438	89.902	-113.35
64743.76	90.139	-114.69
65721.631	90.38	-115.99
66714.272	90.625	-117.25
67721.905	90.874	-118.46
68744.757	91.126	-119.63
69783.058	91.382	-120.76
70837.042	91.64	-121.85
71906.944	91.9	-122.9
72993.006	92.163	-123.91
74095.472	92.427	-124.89
75214.588	92.692	-125.82
76350.608	92.959	-126.72
77503.786	93.227	-127.59
78674.381	93.496	-128.42
79862.656	93.765	-129.22
81068.879	94.035	-129.99
82293.32	94.305	-130.73
83536.255	94.575	-131.44
84797.962	94.845	-132.12
86078.727	95.114	-132.77
87378.835	95.383	-133.39
88698.58	95.649	-133.99
90038.258	95.913	-134.57
91398.17	96.172	-135.11
92778.622	96.423	-135.62
94179.923	96.663	-136.09
95602.39	96.884	-136.51
97046.341	97.073	-136.87
98512.101	97.212	-137.12
100000	97.265	-137.22
