" file generated by Xsim4 
"------------------------
"
" FREQ [Hz], MAG [dB], ANGLE [°]
"
1	17.473	9.93
1.0151	17.473	9.93
1.03044	17.473	9.92
1.046	17.473	9.92
1.0618	17.473	9.91
1.07783	17.473	9.91
1.09411	17.473	9.91
1.11064	17.473	9.9
1.12741	17.473	9.9
1.14444	17.473	9.89
1.16173	17.473	9.89
1.17927	17.473	9.88
1.19709	17.473	9.87
1.21517	17.472	9.87
1.23352	17.472	9.86
1.25215	17.472	9.86
1.27106	17.472	9.86
1.29026	17.472	9.85
1.30975	17.472	9.85
1.32953	17.472	9.85
1.34961	17.471	9.85
1.36999	17.471	9.84
1.39069	17.471	9.84
1.41169	17.471	9.83
1.43301	17.471	9.83
1.45466	17.471	9.82
1.47663	17.471	9.81
1.49893	17.471	9.81
1.52157	17.471	9.8
1.54455	17.471	9.79
1.56788	17.471	9.79
1.59156	17.471	9.78
1.6156	17.471	9.78
1.64	17.471	9.77
1.66477	17.47	9.77
1.68991	17.47	9.77
1.71544	17.47	9.76
1.74135	17.47	9.75
1.76765	17.47	9.75
1.79435	17.47	9.74
1.82145	17.47	9.73
1.84896	17.47	9.72
1.87688	17.47	9.72
1.90523	17.47	9.71
1.93401	17.47	9.7
1.96322	17.47	9.7
1.99287	17.471	9.69
2.02297	17.471	9.69
2.05353	17.471	9.68
2.08454	17.471	9.67
2.11603	17.471	9.67
2.14799	17.471	9.66
2.18043	17.471	9.65
2.21336	17.471	9.64
2.24679	17.471	9.63
2.28072	17.471	9.62
2.31517	17.471	9.62
2.35014	17.472	9.62
2.38564	17.472	9.61
2.42167	17.472	9.61
2.45824	17.472	9.6
2.49537	17.473	9.59
2.53306	17.473	9.59
2.57132	17.473	9.58
2.61016	17.473	9.58
2.64958	17.473	9.58
2.6896	17.474	9.58
2.73022	17.474	9.57
2.77146	17.474	9.57
2.81332	17.474	9.56
2.85581	17.474	9.55
2.89894	17.474	9.55
2.94273	17.474	9.55
2.98717	17.473	9.55
3.03229	17.473	9.55
3.07809	17.473	9.54
3.12458	17.473	9.54
3.17177	17.473	9.53
3.21968	17.473	9.52
3.26831	17.473	9.52
3.31767	17.473	9.52
3.36778	17.474	9.52
3.41865	17.474	9.52
3.47028	17.475	9.51
3.52269	17.476	9.51
3.5759	17.478	9.5
3.62991	17.48	9.51
3.68473	17.485	9.51
3.74039	17.494	9.5
3.79688	17.507	9.5
3.85423	17.53	9.49
3.91244	17.569	9.49
3.97153	17.632	9.49
4.03152	17.737	9.49
4.09241	17.909	9.48
4.15422	18.189	9.47
4.21697	18.637	9.46
4.28066	19.339	9.45
4.34531	20.397	9.43
4.41094	21.919	9.39
4.47756	23.986	9.34
4.54519	26.617	9.24
4.61384	29.763	9.09
4.68353	33.329	8.85
4.75426	37.205	8.45
4.82607	41.295	7.77
4.89896	45.525	6.64
4.97296	48.927	4.68
5.04807	50.892	1.53
5.12431	51.836	-2.7
5.20171	52.309	-7.69
5.28027	52.532	-13.21
5.36002	52.615	-19.07
5.44098	52.615	-25.14
5.52316	52.566	-31.32
5.60658	52.486	-37.53
5.69126	52.388	-43.73
5.77722	52.278	-49.86
5.86448	52.16	-55.89
5.95305	52.036	-61.81
6.04296	51.908	-67.63
6.13424	51.777	-73.34
6.22688	51.645	-78.98
6.32093	51.513	-84.58
6.4164	51.38	-90.19
6.51332	51.247	-95.84
6.61169	51.116	-101.6
6.71155	50.988	-107.51
6.81292	50.863	-113.63
6.91582	50.741	-120.02
7.02028	50.625	-126.74
7.12631	50.517	-133.84
7.23394	50.418	-141.39
7.3432	50.33	-149.42
7.45411	50.256	-157.98
7.5667	50.202	-167.07
7.68098	50.174	-176.67
7.79699	50.183	173.26
7.91476	50.239	162.76
8.0343	50.354	151.89
8.15565	50.545	140.74
8.27883	50.826	129.39
8.40387	51.211	117.92
8.5308	51.71	106.39
8.65964	52.321	94.85
8.79044	53.034	83.34
8.9232	53.826	71.88
9.05798	54.667	60.52
9.19479	55.521	49.28
9.33366	56.358	38.23
9.47464	57.155	27.42
9.61774	57.898	16.93
9.763	58.582	6.83
9.91046	59.207	-2.84
10.06014	59.778	-12.04
10.21209	60.303	-20.73
10.36633	60.793	-28.91
10.5229	61.257	-36.57
10.68183	61.704	-43.71
10.84317	62.144	-50.29
11.00694	62.586	-56.3
11.17319	63.037	-61.71
11.34194	63.505	-66.52
11.51325	63.993	-70.72
11.68714	64.505	-74.36
11.86366	65.043	-77.52
12.04285	65.607	-80.31
12.22474	66.191	-82.84
12.40938	66.793	-85.24
12.59681	67.406	-87.65
12.78706	68.026	-90.21
12.9802	68.647	-93.04
13.17625	69.26	-96.3
13.37526	69.853	-100.07
13.57727	70.411	-104.42
13.78234	70.917	-109.33
13.9905	71.355	-114.76
14.20181	71.713	-120.58
14.41631	71.985	-126.66
14.63405	72.172	-132.88
14.85508	72.282	-139.08
15.07945	72.325	-145.14
15.3072	72.313	-150.94
15.5384	72.252	-156.38
15.77309	72.147	-161.36
16.01132	72.003	-165.83
16.25315	71.827	-169.77
16.49863	71.625	-173.21
16.74782	71.404	-176.21
17.00078	71.173	-178.87
17.25755	70.944	178.74
17.5182	70.726	176.56
17.78279	70.524	174.57
18.05138	70.341	172.75
18.32402	70.174	171.15
18.60078	70.019	169.8
18.88172	69.873	168.74
19.16691	69.735	167.96
19.4564	69.606	167.43
19.75026	69.492	167.06
20.04857	69.404	166.78
20.35137	69.35	166.48
20.65876	69.338	166.11
20.97078	69.365	165.65
21.28752	69.426	165.13
21.60904	69.506	164.61
21.93541	69.589	164.2
22.26672	69.66	164
22.60303	69.705	164.12
22.94442	69.715	164.64
23.29097	69.691	165.61
23.64275	69.645	166.99
23.99984	69.603	168.62
24.36233	69.591	170.37
24.73029	69.623	172.15
25.10381	69.707	173.92
25.48297	69.845	175.69
25.86785	70.037	177.44
26.25856	70.28	179.17
26.65516	70.574	-179.15
27.05775	70.914	-177.52
27.46642	71.299	-175.96
27.88127	71.723	-174.48
28.30238	72.177	-173.11
28.72985	72.653	-171.9
29.16378	73.145	-170.83
29.60426	73.645	-169.92
30.05139	74.149	-169.15
30.50528	74.653	-168.52
30.96602	75.156	-168.01
31.43372	75.659	-167.63
31.90849	76.163	-167.36
32.39043	76.671	-167.19
32.87964	77.185	-167.14
33.37625	77.705	-167.21
33.88035	78.23	-167.41
34.39207	78.76	-167.73
34.91152	79.293	-168.16
35.43881	79.827	-168.7
35.97407	80.359	-169.34
36.51741	80.888	-170.08
37.06896	81.414	-170.89
37.62884	81.939	-171.78
38.19718	82.461	-172.76
38.77409	82.978	-173.8
39.35973	83.487	-174.93
39.95421	83.989	-176.13
40.55766	84.486	-177.41
41.17023	84.98	-178.78
41.79206	85.476	179.75
42.42327	85.973	178.17
43.06402	86.471	176.49
43.71445	86.971	174.71
44.3747	87.472	172.81
45.04492	87.973	170.79
45.72527	88.471	168.65
46.41589	88.964	166.36
47.11694	89.449	163.91
47.82858	89.924	161.28
48.55097	90.383	158.45
49.28427	90.82	155.42
50.02865	91.232	152.18
50.78426	91.611	148.74
51.5513	91.954	145.13
52.32991	92.257	141.39
53.12029	92.519	137.56
53.9226	92.738	133.71
54.73703	92.919	129.86
55.56377	93.063	126.04
56.40298	93.175	122.26
57.25488	93.257	118.57
58.11964	93.315	115.01
58.99746	93.35	111.62
59.88854	93.366	108.44
60.79308	93.364	105.49
61.71128	93.347	102.8
62.64335	93.321	100.37
63.5895	93.293	98.18
64.54994	93.272	96.21
65.52488	93.264	94.41
66.51455	93.276	92.76
67.51917	93.317	91.21
68.53896	93.388	89.73
69.57415	93.491	88.26
70.62498	93.626	86.75
71.69168	93.786	85.17
72.77449	93.965	83.45
73.87365	94.152	81.57
74.98942	94.339	79.51
76.12204	94.516	77.26
77.27177	94.675	74.86
78.43886	94.813	72.35
79.62357	94.924	69.77
80.82619	95.009	67.16
82.04696	95.069	64.54
83.28617	95.103	61.94
84.54411	95.113	59.37
85.82104	95.099	56.89
87.11725	95.062	54.51
88.43305	95.006	52.24
89.76871	94.934	50.1
91.12455	94.85	48.1
92.50087	94.762	46.23
93.89798	94.675	44.51
95.31619	94.596	42.92
96.75582	94.531	41.47
98.21719	94.487	40.17
99.70063	94.465	39
101.20648	94.467	37.92
102.73508	94.491	36.92
104.28676	94.533	35.96
105.86188	94.589	34.99
107.46078	94.658	33.98
109.08384	94.738	32.9
110.73141	94.831	31.75
112.40387	94.936	30.52
114.10158	95.054	29.2
115.82494	95.18	27.79
117.57433	95.305	26.29
119.35014	95.421	24.68
121.15277	95.523	22.98
122.98262	95.608	21.2
124.84012	95.675	19.34
126.72567	95.729	17.39
128.63969	95.771	15.36
130.58263	95.805	13.28
132.55491	95.833	11.17
134.55699	95.855	9.08
136.5893	95.868	7.04
138.6523	95.874	5.07
140.74647	95.874	3.14
142.87226	95.873	1.23
145.03016	95.874	-0.67
147.22066	95.878	-2.61
149.44424	95.884	-4.59
151.7014	95.888	-6.61
153.99265	95.885	-8.68
156.31851	95.872	-10.77
158.6795	95.843	-12.89
161.07615	95.798	-15.03
163.509	95.738	-17.19
165.97859	95.663	-19.33
168.48549	95.571	-21.42
171.03024	95.461	-23.44
173.61344	95.334	-25.35
176.23564	95.192	-27.12
178.89746	95.039	-28.69
181.59947	94.88	-30.07
184.3423	94.724	-31.23
187.12655	94.576	-32.21
189.95286	94.442	-33.04
192.82185	94.33	-33.79
195.73418	94.241	-34.52
198.69049	94.17	-35.3
201.69146	94.11	-36.13
204.73775	94.054	-37.02
207.83005	93.998	-37.95
210.96905	93.944	-38.89
214.15547	93.891	-39.82
217.39001	93.842	-40.73
220.67341	93.8	-41.59
224.00639	93.767	-42.42
227.38972	93.743	-43.22
230.82415	93.729	-43.99
234.31045	93.727	-44.75
237.84941	93.738	-45.49
241.44182	93.761	-46.24
245.08849	93.797	-47.02
248.79024	93.844	-47.85
252.54789	93.9	-48.74
256.3623	93.962	-49.72
260.23433	94.028	-50.79
264.16483	94.096	-51.97
268.1547	94.165	-53.26
272.20483	94.232	-54.68
276.31614	94.295	-56.23
280.48954	94.351	-57.9
284.72597	94.395	-59.67
289.02639	94.424	-61.51
293.39176	94.438	-63.4
297.82307	94.438	-65.29
302.3213	94.425	-67.16
306.88748	94.4	-68.99
311.52262	94.364	-70.75
316.22777	94.319	-72.43
321.00398	94.268	-74
325.85233	94.212	-75.44
330.77391	94.157	-76.78
335.76983	94.108	-78
340.8412	94.068	-79.15
345.98917	94.041	-80.25
351.21489	94.029	-81.34
356.51954	94.03	-82.46
361.90431	94.039	-83.61
367.3704	94.054	-84.79
372.91906	94.077	-85.99
378.55152	94.111	-87.22
384.26906	94.156	-88.5
390.07295	94.209	-89.88
395.9645	94.265	-91.37
401.94503	94.32	-92.99
408.0159	94.368	-94.73
414.17845	94.407	-96.58
420.43408	94.437	-98.51
426.7842	94.455	-100.49
433.23023	94.46	-102.51
439.77361	94.45	-104.54
446.41583	94.427	-106.55
453.15836	94.392	-108.51
460.00274	94.349	-110.41
466.95049	94.301	-112.23
474.00317	94.253	-113.96
481.16238	94.206	-115.62
488.42972	94.163	-117.23
495.80682	94.124	-118.8
503.29535	94.091	-120.36
510.89698	94.064	-121.91
518.61342	94.041	-123.46
526.44641	94.022	-125.02
534.3977	94.006	-126.58
542.46909	93.993	-128.17
550.66239	93.983	-129.79
558.97944	93.973	-131.45
567.4221	93.96	-133.14
575.99229	93.944	-134.87
584.69191	93.924	-136.6
593.52293	93.901	-138.34
602.48733	93.877	-140.06
611.58712	93.855	-141.77
620.82436	93.835	-143.46
630.20111	93.82	-145.15
639.71949	93.81	-146.84
649.38163	93.804	-148.56
659.18971	93.801	-150.29
669.14592	93.8	-152.05
679.25251	93.802	-153.84
689.51174	93.809	-155.67
699.92593	93.821	-157.57
710.49741	93.838	-159.59
721.22856	93.839	-161.79
732.12179	93.801	-164.19
743.17955	93.719	-166.64
754.40432	93.607	-168.87
765.79863	93.484	-170.85
777.36503	93.367	-172.69
789.10613	93.259	-174.44
801.02456	93.157	-176.14
813.12301	93.06	-177.78
825.40419	92.968	-179.37
837.87085	92.881	179.09
850.52582	92.801	177.58
863.37191	92.729	176.1
876.41204	92.666	174.64
889.64911	92.611	173.17
903.08612	92.565	171.69
916.72607	92.525	170.15
930.57204	92.487	168.54
944.62713	92.443	166.88
958.89451	92.392	165.18
973.37738	92.331	163.48
988.07899	92.263	161.83
1003.0027	92.191	160.22
1018.1517	92.116	158.68
1033.5296	92.041	157.19
1049.1397	91.97	155.77
1064.9856	91.905	154.4
1081.0709	91.847	153.07
1097.3991	91.796	151.76
1113.9739	91.751	150.48
1130.799	91.714	149.22
1147.8783	91.687	147.98
1165.2155	91.672	146.75
1182.8146	91.67	145.52
1200.6795	91.683	144.25
1218.8142	91.71	142.93
1237.2228	91.749	141.53
1255.9095	91.798	140.05
1274.8784	91.854	138.48
1294.1338	91.916	136.77
1313.68	91.973	134.91
1333.5214	92.012	132.94
1353.6626	92.029	130.93
1374.1079	92.037	128.93
1394.862	92.048	127
1415.9296	92.062	125.08
1437.3154	92.08	123.14
1459.0242	92.098	121.19
1481.0609	92.116	119.24
1503.4304	92.135	117.29
1526.1378	92.157	115.36
1549.1882	92.183	113.43
1572.5866	92.215	111.49
1596.3385	92.252	109.5
1620.4492	92.293	107.46
1644.924	92.337	105.38
1669.7684	92.384	103.24
1694.9882	92.432	101.04
1720.5888	92.481	98.8
1746.576	92.528	96.49
1772.9558	92.574	94.14
1799.734	92.615	91.74
1826.9167	92.654	89.31
1854.5099	92.687	86.84
1882.5199	92.713	84.34
1910.953	92.731	81.82
1939.8155	92.745	79.31
1969.1139	92.759	76.81
1998.8548	92.775	74.29
2029.0449	92.793	71.71
2059.6911	92.811	69.08
2090.8	92.828	66.4
2122.3789	92.844	63.66
2154.4347	92.856	60.84
2186.9747	92.86	57.95
2220.0061	92.853	55
2253.5364	92.831	52
2287.5732	92.792	48.99
2322.1241	92.735	45.99
2357.1967	92.66	43.04
2392.7992	92.57	40.19
2428.9393	92.47	37.47
2465.6253	92.363	34.88
2502.8654	92.256	32.43
2540.668	92.152	30.13
2579.0415	92.057	27.97
2617.9946	91.976	25.94
2657.5361	91.913	24
2697.6747	91.871	22.13
2738.4196	91.853	20.27
2779.7799	91.86	18.4
2821.7649	91.893	16.49
2864.3841	91.949	14.48
2907.6469	92.027	12.34
2951.5632	92.123	9.99
2996.1427	92.235	7.39
3041.3956	92.355	4.43
3087.332	92.478	1.02
3133.9622	92.597	-2.97
3181.2966	92.702	-7.7
3229.346	92.786	-13.35
3278.1212	92.838	-20.15
3327.633	92.851	-28.42
3377.8926	92.815	-38.51
3428.9113	92.72	-50.86
3480.7006	92.557	-65.86
3533.2721	92.323	-83.76
3586.6376	92.025	-104.56
3640.8092	91.694	-127.96
3695.7989	91.379	-153.45
3751.6192	91.124	179.7
3808.2826	90.956	152.33
3865.8018	90.885	125.29
3924.1898	90.905	99.32
3983.4596	90.978	74.94
4043.6246	91.062	52.55
4104.6984	91.135	32.41
4166.6946	91.19	14.74
4229.6271	91.231	-0.3
4293.5102	91.267	-12.7
4358.3582	91.308	-22.66
4424.1856	91.362	-30.53
4491.0072	91.432	-36.73
4558.8381	91.519	-41.68
4627.6935	91.62	-45.69
4697.5888	91.731	-49.04
4768.5399	91.847	-51.95
4840.5625	91.963	-54.57
4913.673	92.075	-57.01
4987.8877	92.181	-59.35
5063.2233	92.28	-61.65
5139.6968	92.369	-63.93
5217.3253	92.447	-66.24
5296.1263	92.509	-68.55
5376.1175	92.554	-70.85
5457.3168	92.581	-73.1
5539.7426	92.596	-75.3
5623.4133	92.601	-77.42
5708.3477	92.598	-79.49
5794.5649	92.589	-81.5
5882.0844	92.574	-83.46
5970.9257	92.554	-85.38
6061.1088	92.53	-87.25
6152.6541	92.5	-89.08
6245.582	92.466	-90.87
6339.9135	92.426	-92.62
6435.6698	92.38	-94.31
6532.8723	92.33	-95.93
6631.5429	92.277	-97.49
6731.7038	92.221	-99
6833.3776	92.163	-100.46
6936.5869	92.101	-101.88
7041.3552	92.035	-103.27
7147.7058	91.962	-104.63
7255.6627	91.883	-105.95
7365.2501	91.795	-107.23
7476.4928	91.698	-108.45
7589.4156	91.593	-109.6
7704.0439	91.48	-110.66
7820.4036	91.359	-111.63
7938.5207	91.231	-112.5
8058.4219	91.096	-113.24
8180.134	90.955	-113.85
8303.6844	90.811	-114.32
8429.1009	90.667	-114.64
8556.4116	90.527	-114.8
8685.6452	90.398	-114.81
8816.8307	90.283	-114.67
8949.9976	90.186	-114.41
9085.1758	90.113	-114.02
9222.3957	90.07	-113.56
9361.6881	90.061	-113.03
9503.0843	90.089	-112.49
9646.6162	90.154	-111.98
9792.3159	90.254	-111.56
9940.2163	90.38	-111.27
10090.35	90.523	-111.16
10242.752	90.674	-111.25
10397.456	90.823	-111.54
10554.496	90.966	-112.01
10713.908	91.1	-112.66
10875.728	91.222	-113.47
11039.992	91.328	-114.45
11206.737	91.414	-115.59
11376	91.479	-116.87
11547.82	91.518	-118.26
11722.235	91.529	-119.72
11899.284	91.51	-121.18
12079.007	91.461	-122.59
12261.445	91.385	-123.89
12446.639	91.286	-125.04
12634.629	91.172	-126.04
12825.459	91.047	-126.87
13019.171	90.915	-127.54
13215.809	90.782	-128.04
13415.417	90.654	-128.4
13618.039	90.533	-128.64
13823.722	90.424	-128.79
14032.512	90.329	-128.9
14244.455	90.249	-128.97
14459.599	90.186	-129.03
14677.993	90.142	-129.12
14899.685	90.119	-129.25
15124.725	90.115	-129.47
15353.165	90.127	-129.81
15585.055	90.151	-130.29
15820.447	90.183	-130.95
16059.394	90.217	-131.78
16301.951	90.249	-132.8
16548.171	90.271	-133.98
16798.11	90.28	-135.33
17051.824	90.274	-136.8
17309.37	90.253	-138.41
17570.805	90.214	-140.11
17836.19	90.156	-141.91
18105.582	90.076	-143.79
18379.044	89.974	-145.73
18656.636	89.846	-147.72
18938.42	89.69	-149.72
19224.461	89.506	-151.7
19514.822	89.292	-153.63
19809.568	89.046	-155.46
20108.766	88.768	-157.14
20412.483	88.46	-158.64
20720.787	88.125	-159.91
21033.748	87.764	-160.91
21351.436	87.382	-161.61
21673.922	86.98	-161.97
22001.278	86.563	-161.95
22333.579	86.138	-161.53
22670.899	85.716	-160.69
23013.314	85.312	-159.46
23360.901	84.946	-157.89
23713.737	84.642	-156.09
24071.903	84.425	-154.24
24435.478	84.313	-152.54
24804.544	84.313	-151.29
25179.185	84.416	-150.78
25559.484	84.6	-151.39
25945.527	84.838	-153.49
26337.401	85.102	-157.55
26735.194	85.368	-164.13
27138.994	85.615	-173.91
27548.894	85.832	172.29
27964.985	86.013	153.5
28387.36	86.154	128.73
28816.114	86.239	97.1
29251.345	86.269	58.35
29693.148	86.264	13.64
30141.625	86.207	-33.61
30596.876	86.083	-78.55
31059.002	85.911	-117.59
31528.109	85.697	-149.49
32004.3	85.437	-174.57
32487.684	85.143	166.24
32978.369	84.82	151.82
33476.464	84.475	141.13
33982.083	84.113	133.28
34495.339	83.74	127.57
35016.347	83.361	123.43
35545.224	82.984	120.44
36082.088	82.618	118.28
36627.062	82.273	116.74
37180.267	81.961	115.63
37741.827	81.691	114.84
38311.868	81.468	114.28
38890.52	81.292	113.88
39477.911	81.158	113.61
40074.174	81.056	113.4
40679.443	80.974	113.25
41293.854	80.904	113.12
41917.544	80.84	113.02
42550.655	80.78	112.93
43193.328	80.723	112.86
43845.708	80.666	112.79
44507.941	80.609	112.74
45180.176	80.551	112.69
45862.564	80.493	112.65
46555.259	80.435	112.62
47258.417	80.375	112.59
47972.194	80.315	112.57
48696.753	80.254	112.56
49432.254	80.191	112.56
50178.865	80.128	112.57
50936.752	80.064	112.58
51706.086	79.998	112.6
52487.04	79.931	112.63
53279.789	79.863	112.67
54084.512	79.794	112.72
54901.389	79.723	112.77
55730.604	79.651	112.83
56572.343	79.578	112.9
57426.796	79.504	112.98
58294.153	79.428	113.07
59174.612	79.351	113.17
60068.368	79.272	113.28
60975.624	79.192	113.4
61896.582	79.11	113.53
62831.45	79.026	113.67
63780.438	78.941	113.82
64743.76	78.855	113.98
65721.631	78.766	114.15
66714.272	78.677	114.34
67721.905	78.585	114.53
68744.757	78.491	114.75
69783.058	78.394	114.97
70837.042	78.296	115.21
71906.944	78.196	115.45
72993.006	78.094	115.72
74095.472	77.991	116
75214.588	77.885	116.3
76350.608	77.776	116.61
77503.786	77.665	116.95
78674.381	77.551	117.3
79862.656	77.435	117.67
81068.879	77.317	118.05
82293.32	77.197	118.46
83536.255	77.074	118.9
84797.962	76.948	119.36
86078.727	76.819	119.84
87378.835	76.688	120.34
88698.58	76.555	120.86
90038.258	76.421	121.41
91398.17	76.287	121.98
92778.622	76.152	122.56
94179.923	76.021	123.14
95602.39	75.898	123.7
97046.341	75.79	124.19
98512.101	75.711	124.57
100000	75.68	124.72
